2026-03-13 07:04:42,365 - INFO - Initializing database connection at: news_articles.db
2026-03-13 07:04:42,366 - INFO - --- Scraper service started (CI Mode: Run Once) ---
2026-03-13 07:04:42,366 - INFO - --- Starting new scraping job (Parallel Mode) ---
2026-03-13 07:04:42,366 - INFO - Creating new robust session with 3 retries on 5xx/connection/read errors.
2026-03-13 07:04:42,367 - INFO - Proxy is DISABLED.
2026-03-13 07:04:42,367 - INFO - Starting scrape for BBC RSS feed: http://feeds.bbci.co.uk/news/world/rss.xml
2026-03-13 07:04:42,367 - INFO - [Times of India] (Thread) requires Selenium. Initializing driver...
2026-03-13 07:04:42,367 - INFO - Initializing headless Selenium Chrome driver (using SeleniumManager)...
2026-03-13 07:04:42,368 - INFO - Starting scrape for The Guardian RSS feed: https://www.theguardian.com/world/rss
2026-03-13 07:04:42,368 - INFO - [The Hindu] (Thread) requires Selenium. Initializing driver...
2026-03-13 07:04:42,368 - INFO - Initializing headless Selenium Chrome driver (using SeleniumManager)...
2026-03-13 07:04:42,368 - INFO - Submitted 4 jobs to thread pool. Waiting up to 300s for completion...
2026-03-13 07:04:42,561 - INFO - Found 45 articles in The Guardian RSS feed. Processing up to 10.
2026-03-13 07:04:42,561 - INFO - [The Guardian] Article: https://www.theguardian.com/us-news/2026/mar/12/trump-immigration-deportations-eswatini
2026-03-13 07:04:42,561 - INFO - [The Guardian] Attempt 1/1: Trying with 'requests_browser' strategy...
2026-03-13 07:04:42,631 - INFO - [The Guardian] Success with 'requests_browser'. Found content (528 words).
2026-03-13 07:04:42,662 - INFO - Duplicate article skipped: Eswatini says it received more ‘third country’ deportees as part of deal with Trump administration | Trump administration | The Guardian from The Guardian
2026-03-13 07:04:42,775 - INFO - Found 35 articles in BBC RSS feed. Processing up to 10.
2026-03-13 07:04:42,775 - INFO - [BBC] Article: https://www.bbc.com/news/articles/c1e9yy84we8o?at_medium=RSS&at_campaign=rss
2026-03-13 07:04:42,775 - INFO - [BBC] Attempt 1/1: Trying with 'requests_browser' strategy...
2026-03-13 07:04:43,196 - INFO - [BBC] Success with 'requests_browser'. Found content (2472 words).
2026-03-13 07:04:43,238 - INFO - Duplicate article skipped: Mission accomplished? The 2003 boast that haunts today's Iran conflict from BBC
2026-03-13 07:04:43,563 - INFO - [The Guardian] Article: https://www.theguardian.com/global-development/2026/mar/12/uk-government-axes-flagship-global-health-project
2026-03-13 07:04:43,563 - INFO - [The Guardian] Attempt 1/1: Trying with 'requests_browser' strategy...
2026-03-13 07:04:43,740 - INFO - [The Guardian] Success with 'requests_browser'. Found content (626 words).
2026-03-13 07:04:43,772 - INFO - Duplicate article skipped: UK government axes flagship global health project | Global development | The Guardian from The Guardian
2026-03-13 07:04:44,619 - INFO - [The Guardian] Article: https://www.theguardian.com/global-development/2026/mar/12/invasive-ai-led-mass-surveillance-in-africa-violating-freedoms-warn-experts
2026-03-13 07:04:44,619 - INFO - [The Guardian] Attempt 1/1: Trying with 'requests_browser' strategy...
2026-03-13 07:04:44,680 - INFO - [BBC] Article: https://www.bbc.com/news/articles/cdxg599655vo?at_medium=RSS&at_campaign=rss
2026-03-13 07:04:44,680 - INFO - [BBC] Attempt 1/1: Trying with 'requests_browser' strategy...
2026-03-13 07:04:44,733 - INFO - [BBC] Success with 'requests_browser'. Found content (596 words).
2026-03-13 07:04:44,784 - INFO - Duplicate article skipped: Iran's new Supreme Leader vows to continue blocking Strait of Hormuz from BBC
2026-03-13 07:04:44,808 - INFO - [The Guardian] Success with 'requests_browser'. Found content (621 words).
2026-03-13 07:04:44,839 - INFO - Duplicate article skipped: ‘Invasive’ AI-led mass surveillance in Africa violating freedoms, warn experts | Global development | The Guardian from The Guardian
2026-03-13 07:04:45,475 - INFO - [BBC] Article: https://www.bbc.com/news/articles/ce3g0vz223no?at_medium=RSS&at_campaign=rss
2026-03-13 07:04:45,475 - INFO - [BBC] Attempt 1/1: Trying with 'requests_browser' strategy...
2026-03-13 07:04:45,537 - INFO - [BBC] Success with 'requests_browser'. Found content (1276 words).
2026-03-13 07:04:45,576 - INFO - Duplicate article skipped: Strait of Hormuz: Sailors stranded on ships due to Iran war from BBC
2026-03-13 07:04:45,962 - INFO - [The Guardian] Article: https://www.theguardian.com/world/2026/mar/11/at-least-17-killed-after-drone-strikes-school-in-sudan
2026-03-13 07:04:45,963 - INFO - [The Guardian] Attempt 1/1: Trying with 'requests_browser' strategy...
2026-03-13 07:04:46,040 - INFO - [The Guardian] Success with 'requests_browser'. Found content (363 words).
2026-03-13 07:04:46,075 - INFO - Duplicate article skipped: At least 17 killed after drone strikes school in Sudan | Sudan | The Guardian from The Guardian
2026-03-13 07:04:46,763 - INFO - [BBC] Article: https://www.bbc.com/news/articles/cdxzzqye9w0o?at_medium=RSS&at_campaign=rss
2026-03-13 07:04:46,763 - INFO - [BBC] Attempt 1/1: Trying with 'requests_browser' strategy...
2026-03-13 07:04:46,817 - INFO - [BBC] Success with 'requests_browser'. Found content (1054 words).
2026-03-13 07:04:46,855 - INFO - Duplicate article skipped: French vote tests polarised electorate with right hoping to win control of Paris from BBC
2026-03-13 07:04:47,513 - INFO - [The Guardian] Article: https://www.theguardian.com/world/2026/mar/11/drone-attack-goma-eastern-democratic-republic-of-the-congo-m23-rebels
2026-03-13 07:04:47,513 - INFO - [The Guardian] Attempt 1/1: Trying with 'requests_browser' strategy...
2026-03-13 07:04:47,703 - INFO - [The Guardian] Success with 'requests_browser'. Found content (551 words).
2026-03-13 07:04:47,742 - INFO - Duplicate article skipped: French aid worker among three killed in drone strike in east DRC, M23 rebels say | Democratic Republic of the Congo | The Guardian from The Guardian
2026-03-13 07:04:47,905 - INFO - [BBC] Article: https://www.bbc.com/news/articles/cm2xrz71zm3o?at_medium=RSS&at_campaign=rss
2026-03-13 07:04:47,905 - INFO - [BBC] Attempt 1/1: Trying with 'requests_browser' strategy...
2026-03-13 07:04:47,953 - INFO - [BBC] Success with 'requests_browser'. Found content (636 words).
2026-03-13 07:04:48,016 - INFO - Duplicate article skipped: Israel drops charges against soldiers accused of abusing Gaza detainee from BBC
2026-03-13 07:04:48,359 - INFO - [The Guardian] Article: https://www.theguardian.com/world/2026/mar/12/two-plasma-donors-die-private-canada-clinics
2026-03-13 07:04:48,359 - INFO - [The Guardian] Attempt 1/1: Trying with 'requests_browser' strategy...
2026-03-13 07:04:48,436 - INFO - [The Guardian] Success with 'requests_browser'. Found content (1291 words).
2026-03-13 07:04:48,466 - INFO - Duplicate article skipped: Two people die after donating plasma at Canadian clinics under federal investigation | Canada | The Guardian from The Guardian
2026-03-13 07:04:49,045 - INFO - [BBC] Article: https://www.bbc.com/news/articles/c743emjmnrro?at_medium=RSS&at_campaign=rss
2026-03-13 07:04:49,045 - INFO - [BBC] Attempt 1/1: Trying with 'requests_browser' strategy...
2026-03-13 07:04:49,088 - INFO - [BBC] Success with 'requests_browser'. Found content (373 words).
2026-03-13 07:04:49,143 - INFO - Saved article: UFC fighters to train FBI agents at Quantico from BBC
2026-03-13 07:04:49,880 - INFO - [The Guardian] Article: https://www.theguardian.com/world/2026/mar/12/quit-fossil-fuels-to-stem-deadly-floods-in-brazils-coffee-heartland-say-scientists
2026-03-13 07:04:49,880 - INFO - [The Guardian] Attempt 1/1: Trying with 'requests_browser' strategy...
2026-03-13 07:04:50,032 - INFO - [The Guardian] Success with 'requests_browser'. Found content (723 words).
2026-03-13 07:04:50,063 - INFO - Duplicate article skipped: Quit fossil fuels to stem deadly floods in Brazil’s coffee heartland, say scientists | Extreme weather | The Guardian from The Guardian
2026-03-13 07:04:50,530 - INFO - [BBC] Article: https://www.bbc.com/news/articles/c8jxnjvjkg7o?at_medium=RSS&at_campaign=rss
2026-03-13 07:04:50,530 - INFO - [BBC] Attempt 1/1: Trying with 'requests_browser' strategy...
2026-03-13 07:04:50,575 - INFO - [BBC] Success with 'requests_browser'. Found content (421 words).
2026-03-13 07:04:50,607 - INFO - Duplicate article skipped: Nepal: Rapper-politician Balendra Shah's party wins Nepal election from BBC
2026-03-13 07:04:51,304 - INFO - [The Guardian] Article: https://www.theguardian.com/world/2026/mar/11/el-salvador-mass-incarceration-crimes-against-humanity-study
2026-03-13 07:04:51,304 - INFO - [The Guardian] Attempt 1/1: Trying with 'requests_browser' strategy...
2026-03-13 07:04:51,695 - INFO - [The Guardian] Success with 'requests_browser'. Found content (594 words).
2026-03-13 07:04:51,728 - INFO - Duplicate article skipped: El Salvador’s mass arrest policy may have led to crimes against humanity, study shows | El Salvador | The Guardian from The Guardian
2026-03-13 07:04:51,998 - INFO - [BBC] Article: https://www.bbc.com/news/articles/cd9g4dpjwgvo?at_medium=RSS&at_campaign=rss
2026-03-13 07:04:51,998 - INFO - [BBC] Attempt 1/1: Trying with 'requests_browser' strategy...
2026-03-13 07:04:52,053 - INFO - [BBC] Success with 'requests_browser'. Found content (650 words).
2026-03-13 07:04:52,087 - INFO - Saved article: King expressed 'concern' over Alberta separatists, say First Nations chiefs after meeting from BBC
2026-03-13 07:04:53,135 - INFO - [The Guardian] Article: https://www.theguardian.com/world/2026/mar/11/argentina-asylum-brasil-elections
2026-03-13 07:04:53,135 - INFO - [The Guardian] Attempt 1/1: Trying with 'requests_browser' strategy...
2026-03-13 07:04:53,296 - INFO - [BBC] Article: https://www.bbc.com/news/articles/c2k8wvzgqk7o?at_medium=RSS&at_campaign=rss
2026-03-13 07:04:53,296 - INFO - [BBC] Attempt 1/1: Trying with 'requests_browser' strategy...
2026-03-13 07:04:53,299 - INFO - [The Guardian] Success with 'requests_browser'. Found content (685 words).
2026-03-13 07:04:53,332 - INFO - Duplicate article skipped: Argentina grants asylum to Brasília rioter in move that may sway Brazil vote | Argentina | The Guardian from The Guardian
2026-03-13 07:04:53,360 - INFO - [BBC] Success with 'requests_browser'. Found content (623 words).
2026-03-13 07:04:53,396 - INFO - Saved article: KPop Demon Hunters to return as Netflix announces sequel from BBC
2026-03-13 07:04:54,053 - INFO - [The Guardian] Article: https://www.theguardian.com/world/2026/mar/11/jose-antonio-kast-pinochet-fan-chile-far-right
2026-03-13 07:04:54,053 - INFO - [The Guardian] Attempt 1/1: Trying with 'requests_browser' strategy...
2026-03-13 07:04:54,215 - INFO - [BBC] Article: https://www.bbc.com/news/articles/cx28zd30078o?at_medium=RSS&at_campaign=rss
2026-03-13 07:04:54,215 - INFO - [BBC] Attempt 1/1: Trying with 'requests_browser' strategy...
2026-03-13 07:04:54,222 - INFO - [The Guardian] Success with 'requests_browser'. Found content (1085 words).
2026-03-13 07:04:54,258 - INFO - Duplicate article skipped: José Antonio Kast, the Pinochet fan about to swerve Chile to the far right | Chile | The Guardian from The Guardian
2026-03-13 07:04:54,286 - INFO - [BBC] Success with 'requests_browser'. Found content (829 words).
2026-03-13 07:04:54,323 - INFO - Saved article: Suspect dead after ramming vehicle into Temple Israel synagogue in Michigan from BBC
2026-03-13 07:04:55,198 - INFO - Selenium driver initialized successfully.
2026-03-13 07:04:55,199 - INFO - Starting scrape for Times of India RSS feed: https://timesofindia.indiatimes.com/rssfeeds/296589292.cms
2026-03-13 07:04:55,199 - INFO - Selenium driver initialized successfully.
2026-03-13 07:04:55,199 - INFO - Starting scrape for The Hindu RSS feed: https://www.thehindu.com/news/national/feeder/default.rss
2026-03-13 07:04:55,374 - INFO - Found 100 articles in The Hindu RSS feed. Processing up to 10.
2026-03-13 07:04:55,374 - INFO - [The Hindu] Article: https://www.thehindu.com/news/national/supreme-court-takes-suo-motu-cognisance-of-illegal-sand-mining-in-national-chambal-sanctuary/article70738307.ece
2026-03-13 07:04:55,374 - INFO - [The Hindu] Attempt 1/1: Trying with 'selenium_browser' strategy...
2026-03-13 07:04:55,495 - INFO - Found 20 articles in Times of India RSS feed. Processing up to 10.
2026-03-13 07:04:55,495 - INFO - [Times of India] Article: https://timesofindia.indiatimes.com/world/middle-east/did-iran-hit-us-warship-abraham-lincoln-what-we-know/articleshow/129538505.cms
2026-03-13 07:04:55,495 - INFO - [Times of India] Attempt 1/1: Trying with 'selenium_browser' strategy...
2026-03-13 07:05:55,383 - ERROR - [The Hindu] Request failed for strategy 'selenium_browser' on URL https://www.thehindu.com/news/national/supreme-court-takes-suo-motu-cognisance-of-illegal-sand-mining-in-national-chambal-sanctuary/article70738307.ece: Message: timeout: Timed out receiving message from renderer: 59.824
  (Session info: chrome=145.0.7632.116)
Stacktrace:
#0 0x55cad8bc2b6a <unknown>
#1 0x55cad85d5a32 <unknown>
#2 0x55cad85bd007 <unknown>
#3 0x55cad85bcc16 <unknown>
#4 0x55cad85ba731 <unknown>
#5 0x55cad85bb0bf <unknown>
#6 0x55cad85ca560 <unknown>
#7 0x55cad85e4707 <unknown>
#8 0x55cad85eb8db <unknown>
#9 0x55cad85bb829 <unknown>
#10 0x55cad85e449c <unknown>
#11 0x55cad86736e1 <unknown>
#12 0x55cad861cc0f <unknown>
#13 0x55cad861d9d1 <unknown>
#14 0x55cad8b876b9 <unknown>
#15 0x55cad8b8a5c1 <unknown>
#16 0x55cad8b73e29 <unknown>
#17 0x55cad8b8b17e <unknown>
#18 0x55cad8b5a4b0 <unknown>
#19 0x55cad8baf578 <unknown>
#20 0x55cad8baf74b <unknown>
#21 0x55cad8bc11a3 <unknown>
#22 0x7facf3c9caa4 <unknown>
#23 0x7facf3d29c6c <unknown>

2026-03-13 07:05:55,383 - ERROR - [The Hindu] All scrape strategies failed for https://www.thehindu.com/news/national/supreme-court-takes-suo-motu-cognisance-of-illegal-sand-mining-in-national-chambal-sanctuary/article70738307.ece. Falling back to RSS description.
2026-03-13 07:05:55,385 - INFO - Saved article: Supreme Court takes suo motu cognisance of illegal sand mining in National Chambal Sanctuary from The Hindu
2026-03-13 07:05:55,502 - ERROR - [Times of India] Request failed for strategy 'selenium_browser' on URL https://timesofindia.indiatimes.com/world/middle-east/did-iran-hit-us-warship-abraham-lincoln-what-we-know/articleshow/129538505.cms: Message: timeout: Timed out receiving message from renderer: 59.762
  (Session info: chrome=145.0.7632.116)
Stacktrace:
#0 0x555bcda46b6a <unknown>
#1 0x555bcd459a32 <unknown>
#2 0x555bcd441007 <unknown>
#3 0x555bcd440c16 <unknown>
#4 0x555bcd43e731 <unknown>
#5 0x555bcd43f0bf <unknown>
#6 0x555bcd44e560 <unknown>
#7 0x555bcd468707 <unknown>
#8 0x555bcd46f8db <unknown>
#9 0x555bcd43f829 <unknown>
#10 0x555bcd46849c <unknown>
#11 0x555bcd4f76e1 <unknown>
#12 0x555bcd4a0c0f <unknown>
#13 0x555bcd4a19d1 <unknown>
#14 0x555bcda0b6b9 <unknown>
#15 0x555bcda0e5c1 <unknown>
#16 0x555bcd9f7e29 <unknown>
#17 0x555bcda0f17e <unknown>
#18 0x555bcd9de4b0 <unknown>
#19 0x555bcda33578 <unknown>
#20 0x555bcda3374b <unknown>
#21 0x555bcda451a3 <unknown>
#22 0x7fbd2b49caa4 <unknown>
#23 0x7fbd2b529c6c <unknown>

2026-03-13 07:05:55,502 - ERROR - [Times of India] All scrape strategies failed for https://timesofindia.indiatimes.com/world/middle-east/did-iran-hit-us-warship-abraham-lincoln-what-we-know/articleshow/129538505.cms. Falling back to RSS description.
2026-03-13 07:05:55,504 - INFO - Saved article: Did Iran hit US warship Abraham Lincoln? What we know from Times of India
2026-03-13 07:05:56,048 - INFO - [The Hindu] Article: https://www.thehindu.com/news/national/tamil-nadu/tn-cm-stalin-seeks-pm-modis-intervention-to-release-pending-jal-jeevan-mission-funds/article70738075.ece
2026-03-13 07:05:56,048 - INFO - [The Hindu] Attempt 1/1: Trying with 'selenium_browser' strategy...
2026-03-13 07:05:56,767 - INFO - [Times of India] Article: https://timesofindia.indiatimes.com/world/us/we-are-totally-destroying-terrorist-regime-trump-issues-watch-what-happens-today-warning/articleshow/129539100.cms
2026-03-13 07:05:56,767 - INFO - [Times of India] Attempt 1/1: Trying with 'selenium_browser' strategy...
2026-03-13 07:05:57,658 - INFO - [The Hindu] Page content loaded.
2026-03-13 07:05:57,747 - INFO - [The Hindu] Success with 'selenium_browser'. Found content (576 words).
2026-03-13 07:05:57,901 - INFO - Saved article: T.N. CM Stalin seeks PM Modi’s intervention to release pending Jal Jeevan Mission funds - The Hindu from The Hindu
2026-03-13 07:05:58,832 - INFO - [The Hindu] Article: https://www.thehindu.com/news/national/kerala/technopark-it-firms-in-kerala-mull-shifting-to-wfh-as-lpg-shortage-hits-food-services/article70738218.ece
2026-03-13 07:05:58,832 - INFO - [The Hindu] Attempt 1/1: Trying with 'selenium_browser' strategy...
2026-03-13 07:06:00,786 - INFO - [The Hindu] Page content loaded.
2026-03-13 07:06:01,169 - INFO - [The Hindu] Success with 'selenium_browser'. Found content (273 words).
2026-03-13 07:06:01,569 - INFO - Saved article: Technopark IT firms in Kerala mull shifting to WFH as LPG shortage hits food services - The Hindu from The Hindu
2026-03-13 07:06:02,290 - INFO - [The Hindu] Article: https://www.thehindu.com/news/national/tamil-nadu/deploying-specialist-doctors-in-phcs-not-illegal-rules-madras-high-court/article70735243.ece
2026-03-13 07:06:02,290 - INFO - [The Hindu] Attempt 1/1: Trying with 'selenium_browser' strategy...
2026-03-13 07:06:04,143 - INFO - [The Hindu] Page content loaded.
2026-03-13 07:06:04,500 - INFO - [The Hindu] Success with 'selenium_browser'. Found content (496 words).
2026-03-13 07:06:04,622 - INFO - Saved article: Deploying specialist doctors in PHCs not illegal, rules Madras High Court - The Hindu from The Hindu
2026-03-13 07:06:05,736 - INFO - [The Hindu] Article: https://www.thehindu.com/news/national/kerala/lpg-cylinder-stolen-from-restaurant-in-kerala-capital-amid-shortage/article70738238.ece
2026-03-13 07:06:05,736 - INFO - [The Hindu] Attempt 1/1: Trying with 'selenium_browser' strategy...
2026-03-13 07:06:07,490 - INFO - [The Hindu] Page content loaded.
2026-03-13 07:06:07,571 - INFO - [The Hindu] Success with 'selenium_browser'. Found content (282 words).
2026-03-13 07:06:07,641 - INFO - Saved article: LPG cylinder stolen from restaurant in Kerala capital amid shortage - The Hindu from The Hindu
2026-03-13 07:06:08,617 - INFO - [The Hindu] Article: https://www.thehindu.com/news/national/madhya-pradesh/madhya-pradesh-official-suspended-after-farmers-video-of-crying-in-mandi-to-sell-crop-goes-viral/article70736090.ece
2026-03-13 07:06:08,617 - INFO - [The Hindu] Attempt 1/1: Trying with 'selenium_browser' strategy...
2026-03-13 07:06:09,515 - INFO - [The Hindu] Page content loaded.
2026-03-13 07:06:09,601 - INFO - [The Hindu] Success with 'selenium_browser'. Found content (388 words).
2026-03-13 07:06:09,673 - INFO - Saved article: Madhya Pradesh: Official suspended after farmer’s video of crying in mandi to sell crop goes viral - The Hindu from The Hindu
2026-03-13 07:06:11,158 - INFO - [The Hindu] Article: https://www.thehindu.com/news/national/kerala/lpg-crisis-shortage-of-commercial-gas-hits-more-sectors-in-keralas-kozhikode-district/article70738174.ece
2026-03-13 07:06:11,159 - INFO - [The Hindu] Attempt 1/1: Trying with 'selenium_browser' strategy...
2026-03-13 07:06:11,908 - INFO - [The Hindu] Page content loaded.
2026-03-13 07:06:11,952 - INFO - [The Hindu] Success with 'selenium_browser'. Found content (381 words).
2026-03-13 07:06:12,015 - INFO - Saved article: LPG crisis: Shortage of commercial gas hits more sectors in Kerala’s Kozhikode district - The Hindu from The Hindu
2026-03-13 07:06:13,259 - INFO - [The Hindu] Article: https://www.thehindu.com/news/national/rajya-sabha-polls-round-up-three-of-eleven-seats-up-for-grabs-to-see-close-fight/article70735156.ece
2026-03-13 07:06:13,259 - INFO - [The Hindu] Attempt 1/1: Trying with 'selenium_browser' strategy...
2026-03-13 07:06:14,173 - INFO - [The Hindu] Page content loaded.
2026-03-13 07:06:14,217 - INFO - [The Hindu] Success with 'selenium_browser'. Found content (856 words).
2026-03-13 07:06:14,296 - INFO - Saved article: Rajya Sabha polls round up: Three of eleven seats up for grabs to see close fight - The Hindu from The Hindu
2026-03-13 07:06:15,700 - INFO - [The Hindu] Article: https://www.thehindu.com/news/national/telangana/86-of-lpg-supply-in-telangana-used-domestically-problems-in-commercial-supply-come-to-our-notice-uttam/article70738135.ece
2026-03-13 07:06:15,700 - INFO - [The Hindu] Attempt 1/1: Trying with 'selenium_browser' strategy...
2026-03-13 07:06:16,544 - INFO - [The Hindu] Page content loaded.
2026-03-13 07:06:16,618 - INFO - [The Hindu] Success with 'selenium_browser'. Found content (266 words).
2026-03-13 07:06:16,713 - INFO - Saved article: 86% of LPG supply in Telangana used domestically; problems in commercial supply come to our notice: Uttam - The Hindu from The Hindu
2026-03-13 07:06:17,461 - INFO - [The Hindu] Article: https://www.thehindu.com/news/national/stronger-air-defence-takeaway-for-india-from-west-asia-conflict-ex-iaf-chief/article70738067.ece
2026-03-13 07:06:17,461 - INFO - [The Hindu] Attempt 1/1: Trying with 'selenium_browser' strategy...
2026-03-13 07:06:18,471 - INFO - [The Hindu] Page content loaded.
2026-03-13 07:06:18,583 - INFO - [The Hindu] Success with 'selenium_browser'. Found content (660 words).
2026-03-13 07:06:18,655 - INFO - Saved article: Stronger air defence takeaway for India from West Asia conflict: Ex IAF chief - The Hindu from The Hindu
2026-03-13 07:06:19,256 - INFO - [The Hindu] (Thread) Finished. Attempting to shut down its Selenium driver.
2026-03-13 07:06:19,367 - INFO - [The Hindu] (Thread) driver.quit() successful.
2026-03-13 07:06:56,776 - ERROR - [Times of India] Request failed for strategy 'selenium_browser' on URL https://timesofindia.indiatimes.com/world/us/we-are-totally-destroying-terrorist-regime-trump-issues-watch-what-happens-today-warning/articleshow/129539100.cms: Message: timeout: Timed out receiving message from renderer: 59.781
  (Session info: chrome=145.0.7632.116)
Stacktrace:
#0 0x555bcda46b6a <unknown>
#1 0x555bcd459a32 <unknown>
#2 0x555bcd441007 <unknown>
#3 0x555bcd440c16 <unknown>
#4 0x555bcd43e731 <unknown>
#5 0x555bcd43f0bf <unknown>
#6 0x555bcd44e560 <unknown>
#7 0x555bcd468707 <unknown>
#8 0x555bcd46f8db <unknown>
#9 0x555bcd43f829 <unknown>
#10 0x555bcd46849c <unknown>
#11 0x555bcd4f76e1 <unknown>
#12 0x555bcd4a0c0f <unknown>
#13 0x555bcd4a19d1 <unknown>
#14 0x555bcda0b6b9 <unknown>
#15 0x555bcda0e5c1 <unknown>
#16 0x555bcd9f7e29 <unknown>
#17 0x555bcda0f17e <unknown>
#18 0x555bcd9de4b0 <unknown>
#19 0x555bcda33578 <unknown>
#20 0x555bcda3374b <unknown>
#21 0x555bcda451a3 <unknown>
#22 0x7fbd2b49caa4 <unknown>
#23 0x7fbd2b529c6c <unknown>

2026-03-13 07:06:56,776 - ERROR - [Times of India] All scrape strategies failed for https://timesofindia.indiatimes.com/world/us/we-are-totally-destroying-terrorist-regime-trump-issues-watch-what-happens-today-warning/articleshow/129539100.cms. Falling back to RSS description.
2026-03-13 07:06:56,777 - INFO - Saved article: 'We are totally destroying terrorist regime': Trump issues 'watch what happens today 'warning from Times of India
2026-03-13 07:06:58,064 - INFO - [Times of India] Article: https://timesofindia.indiatimes.com/world/middle-east/dismantling-hezbollah-idf-bodycam-footage-captures-night-operations-in-lebanon-watch-video/articleshow/129537812.cms
2026-03-13 07:06:58,064 - INFO - [Times of India] Attempt 1/1: Trying with 'selenium_browser' strategy...
2026-03-13 07:07:00,784 - INFO - [Times of India] Page content loaded.
2026-03-13 07:07:00,982 - INFO - [Times of India] Success with 'selenium_browser'. Found content (359 words).
2026-03-13 07:07:01,046 - INFO - Saved article: 'Dismantling Hezbollah': IDF bodycam footage captures night operations in Lebanon - watch video - The Times of India from Times of India
2026-03-13 07:07:02,488 - INFO - [Times of India] Article: https://timesofindia.indiatimes.com/world/middle-east/uae-news-police-crack-down-on-modified-cars-and-bikes-over-loud-explosion-sounds-amid-ongoing-regional-tensions/articleshow/129537903.cms
2026-03-13 07:07:02,488 - INFO - [Times of India] Attempt 1/1: Trying with 'selenium_browser' strategy...
2026-03-13 07:07:03,895 - INFO - [Times of India] Page content loaded.
2026-03-13 07:07:04,044 - INFO - [Times of India] Success with 'selenium_browser'. Found content (501 words).
2026-03-13 07:07:04,096 - INFO - Duplicate article skipped: Uae News: UAE News: Police crack down on modified cars and bikes over loud ‘explosion’ sounds amid ongoing regional tensions | World News - The Times of India from Times of India
2026-03-13 07:07:05,021 - INFO - [Times of India] Article: https://timesofindia.indiatimes.com/world/middle-east/no-life-insurance-netanyahus-stark-warning-to-irans-new-supreme-leader-mojtaba-khamenei-a-puppet-dig/articleshow/129536715.cms
2026-03-13 07:07:05,021 - INFO - [Times of India] Attempt 1/1: Trying with 'selenium_browser' strategy...
2026-03-13 07:07:06,116 - INFO - [Times of India] Page content loaded.
2026-03-13 07:07:06,265 - INFO - [Times of India] Success with 'selenium_browser'. Found content (713 words).
2026-03-13 07:07:06,314 - INFO - Duplicate article skipped: 'No life insurance': Netanyahu's stark warning to Iran's new supreme leader Mojtaba Khamenei & a 'puppet' dig - The Times of India from Times of India
2026-03-13 07:07:07,627 - INFO - [Times of India] Article: https://timesofindia.indiatimes.com/world/middle-east/not-going-to-close-irans-un-envoy-contradicts-mojtaba-khamenei-over-strait-of-hormuz-remarks/articleshow/129535437.cms
2026-03-13 07:07:07,627 - INFO - [Times of India] Attempt 1/1: Trying with 'selenium_browser' strategy...
2026-03-13 07:07:09,098 - INFO - [Times of India] Page content loaded.
2026-03-13 07:07:09,208 - INFO - [Times of India] Success with 'selenium_browser'. Found content (334 words).
2026-03-13 07:07:09,271 - INFO - Duplicate article skipped: ‘Not going to close’: Iran’s UN envoy contradicts Mojtaba Khamenei over Strait of Hormuz remarks - The Times of India from Times of India
2026-03-13 07:07:10,541 - INFO - [Times of India] Article: https://timesofindia.indiatimes.com/world/rest-of-world/acknowledging-the-obvious-russia-reacts-to-us-waiver-on-oil-amid-iran-war/articleshow/129535565.cms
2026-03-13 07:07:10,541 - INFO - [Times of India] Attempt 1/1: Trying with 'selenium_browser' strategy...
2026-03-13 07:07:12,288 - INFO - [Times of India] Page content loaded.
2026-03-13 07:07:12,399 - INFO - [Times of India] Success with 'selenium_browser'. Found content (344 words).
2026-03-13 07:07:12,452 - INFO - Duplicate article skipped: ‘Acknowledging the obvious’: Russia reacts to US waiver on oil amid Iran war - The Times of India from Times of India
2026-03-13 07:07:13,944 - INFO - [Times of India] Article: https://timesofindia.indiatimes.com/science/astronomers-uncover-evidence-of-two-planets-colliding-in-a-distant-solar-system/articleshow/129518843.cms
2026-03-13 07:07:13,944 - INFO - [Times of India] Attempt 1/1: Trying with 'selenium_browser' strategy...
2026-03-13 07:07:15,836 - INFO - [Times of India] Page content loaded.
2026-03-13 07:07:15,931 - INFO - [Times of India] Success with 'selenium_browser'. Found content (581 words).
2026-03-13 07:07:15,987 - INFO - Duplicate article skipped: Astronomers uncover evidence of two planets colliding in a distant solar system | - The Times of India from Times of India
2026-03-13 07:07:17,327 - INFO - [Times of India] Article: https://timesofindia.indiatimes.com/science/most-beautiful-galaxies-ever-captured-by-nasa-telescopes/photostory/129522352.cms
2026-03-13 07:07:17,327 - INFO - [Times of India] Attempt 1/1: Trying with 'selenium_browser' strategy...
2026-03-13 07:07:20,816 - INFO - [Times of India] Page content loaded.
2026-03-13 07:07:20,959 - INFO - [Times of India] Success with 'selenium_browser'. Found content (702 words).
2026-03-13 07:07:21,028 - INFO - Duplicate article skipped: Most beautiful galaxies ever captured by NASA telescopes from Times of India
2026-03-13 07:07:22,334 - INFO - [Times of India] Article: https://timesofindia.indiatimes.com/world/south-asia/pakistan-strikes-afghanistan-again-killing-4-homes-in-kabul-hit-in-attack/articleshow/129534987.cms
2026-03-13 07:07:22,334 - INFO - [Times of India] Attempt 1/1: Trying with 'selenium_browser' strategy...
2026-03-13 07:07:23,936 - INFO - [Times of India] Page content loaded.
2026-03-13 07:07:24,111 - INFO - [Times of India] Success with 'selenium_browser'. Found content (511 words).
2026-03-13 07:07:24,165 - INFO - Duplicate article skipped: Afghanistan Kabul Attack: Pakistan strikes Afghanistan's Kabul; bombs fuel depot of private airline near Kandahar airport - The Times of India from Times of India
2026-03-13 07:07:24,830 - INFO - [Times of India] (Thread) Finished. Attempting to shut down its Selenium driver.
2026-03-13 07:07:24,953 - INFO - [Times of India] (Thread) driver.quit() successful.
2026-03-13 07:07:24,953 - INFO - Shutting down thread pool (wait=False)...
2026-03-13 07:07:24,954 - INFO - Scraped: 10 The Hindu, 3 Times of India, 4 BBC, 0 The Guardian articles. (Total saved: 17)
2026-03-13 07:07:24,954 - INFO - --- Scraping job finished ---
2026-03-13 07:07:24,958 - INFO - --- Scraper service stopped and database connection closed. ---
2026-03-13 07:07:24,958 - INFO - --- Main thread finished. Forcing process exit to kill zombie threads. ---
