2026-03-08 13:01:50,255 - INFO - Initializing database connection at: news_articles.db
2026-03-08 13:01:50,255 - INFO - --- Scraper service started (CI Mode: Run Once) ---
2026-03-08 13:01:50,255 - INFO - --- Starting new scraping job (Parallel Mode) ---
2026-03-08 13:01:50,255 - INFO - Creating new robust session with 3 retries on 5xx/connection/read errors.
2026-03-08 13:01:50,256 - INFO - Proxy is DISABLED.
2026-03-08 13:01:50,256 - INFO - Starting scrape for BBC RSS feed: http://feeds.bbci.co.uk/news/world/rss.xml
2026-03-08 13:01:50,257 - INFO - [Times of India] (Thread) requires Selenium. Initializing driver...
2026-03-08 13:01:50,257 - INFO - Initializing headless Selenium Chrome driver (using SeleniumManager)...
2026-03-08 13:01:50,257 - INFO - Starting scrape for The Guardian RSS feed: https://www.theguardian.com/world/rss
2026-03-08 13:01:50,258 - INFO - [The Hindu] (Thread) requires Selenium. Initializing driver...
2026-03-08 13:01:50,258 - INFO - Initializing headless Selenium Chrome driver (using SeleniumManager)...
2026-03-08 13:01:50,258 - INFO - Submitted 4 jobs to thread pool. Waiting up to 300s for completion...
2026-03-08 13:01:50,416 - INFO - Found 45 articles in The Guardian RSS feed. Processing up to 10.
2026-03-08 13:01:50,416 - INFO - [The Guardian] Article: https://www.theguardian.com/world/2026/mar/07/descendants-of-zimbabwe-resistance-heroes-urge-uk-to-locate-looted-skulls
2026-03-08 13:01:50,416 - INFO - [The Guardian] Attempt 1/1: Trying with 'requests_browser' strategy...
2026-03-08 13:01:50,460 - INFO - [The Guardian] Success with 'requests_browser'. Found content (878 words).
2026-03-08 13:01:50,499 - INFO - Duplicate article skipped: Descendants of Zimbabwe resistance heroes urge UK to locate looted skulls | Zimbabwe | The Guardian from The Guardian
2026-03-08 13:01:50,506 - INFO - Found 25 articles in BBC RSS feed. Processing up to 10.
2026-03-08 13:01:50,506 - INFO - [BBC] Article: https://www.bbc.com/news/articles/cy8l2p2l3v0o?at_medium=RSS&at_campaign=rss
2026-03-08 13:01:50,506 - INFO - [BBC] Attempt 1/1: Trying with 'requests_browser' strategy...
2026-03-08 13:01:50,883 - INFO - [BBC] Success with 'requests_browser'. Found content (1079 words).
2026-03-08 13:01:50,927 - INFO - Duplicate article skipped: Dozens killed as Israeli special forces raid Lebanese village in search of 40-year-old remains from BBC
2026-03-08 13:01:51,465 - INFO - [BBC] Article: https://www.bbc.com/news/articles/cx2r1xldl1ko?at_medium=RSS&at_campaign=rss
2026-03-08 13:01:51,465 - INFO - [BBC] Attempt 1/1: Trying with 'requests_browser' strategy...
2026-03-08 13:01:51,513 - INFO - [BBC] Success with 'requests_browser'. Found content (715 words).
2026-03-08 13:01:51,553 - INFO - Duplicate article skipped: War fuels debate in Cyprus over UK military bases from BBC
2026-03-08 13:01:51,637 - INFO - [The Guardian] Article: https://www.theguardian.com/global-development/2026/mar/06/generic-drugs-weight-loss-semaglutide-ozempic-wegovy-diabetes-obesity-study
2026-03-08 13:01:51,637 - INFO - [The Guardian] Attempt 1/1: Trying with 'requests_browser' strategy...
2026-03-08 13:01:51,672 - INFO - [The Guardian] Success with 'requests_browser'. Found content (612 words).
2026-03-08 13:01:51,706 - INFO - Duplicate article skipped: Weight-loss jab could be made for $3 a month, study finds | Global health | The Guardian from The Guardian
2026-03-08 13:01:52,569 - INFO - [BBC] Article: https://www.bbc.com/news/articles/c5yjegg892lo?at_medium=RSS&at_campaign=rss
2026-03-08 13:01:52,569 - INFO - [BBC] Attempt 1/1: Trying with 'requests_browser' strategy...
2026-03-08 13:01:52,606 - INFO - [BBC] Success with 'requests_browser'. Found content (336 words).
2026-03-08 13:01:52,642 - INFO - Duplicate article skipped: Explosion at US embassy in Oslo may have been terrorism, Norway police say from BBC
2026-03-08 13:01:52,846 - INFO - [The Guardian] Article: https://www.theguardian.com/world/2026/mar/05/three-men-deported-us-eswatini-legal-case-detention
2026-03-08 13:01:52,846 - INFO - [The Guardian] Attempt 1/1: Trying with 'requests_browser' strategy...
2026-03-08 13:01:52,883 - INFO - [The Guardian] Success with 'requests_browser'. Found content (520 words).
2026-03-08 13:01:52,919 - INFO - Duplicate article skipped: Three men deported by US file legal case against Eswatini over detention | Eswatini | The Guardian from The Guardian
2026-03-08 13:01:54,011 - INFO - [BBC] Article: https://www.bbc.com/news/articles/crrxpwzvd5vo?at_medium=RSS&at_campaign=rss
2026-03-08 13:01:54,011 - INFO - [BBC] Attempt 1/1: Trying with 'requests_browser' strategy...
2026-03-08 13:01:54,051 - INFO - [BBC] Success with 'requests_browser'. Found content (506 words).
2026-03-08 13:01:54,091 - INFO - Duplicate article skipped: Boy, 12, among six dead as tornadoes hit Michigan and Oklahoma from BBC
2026-03-08 13:01:54,419 - INFO - [The Guardian] Article: https://www.theguardian.com/world/2026/mar/05/south-africa-president-cyril-ramaphosa-calls-donald-trump-policy-white-afrikaners-racist
2026-03-08 13:01:54,420 - INFO - [The Guardian] Attempt 1/1: Trying with 'requests_browser' strategy...
2026-03-08 13:01:54,452 - INFO - [The Guardian] Success with 'requests_browser'. Found content (410 words).
2026-03-08 13:01:54,487 - INFO - Duplicate article skipped: South Africa’s president calls Trump’s policy to offer refuge to white Afrikaners ‘racist’ | South Africa | The Guardian from The Guardian
2026-03-08 13:01:55,278 - INFO - [BBC] Article: https://www.bbc.com/news/articles/cq6qp458zv1o?at_medium=RSS&at_campaign=rss
2026-03-08 13:01:55,278 - INFO - [BBC] Attempt 1/1: Trying with 'requests_browser' strategy...
2026-03-08 13:01:55,330 - INFO - [BBC] Success with 'requests_browser'. Found content (830 words).
2026-03-08 13:01:55,374 - INFO - Duplicate article skipped: Iran ambassador warns UK to be 'very careful' about involvement in war from BBC
2026-03-08 13:01:55,878 - INFO - [The Guardian] Article: https://www.theguardian.com/sport/2026/mar/05/lewis-hamilton-race-africa-grand-prix-retiring-formula-one-colonial
2026-03-08 13:01:55,878 - INFO - [The Guardian] Attempt 1/1: Trying with 'requests_browser' strategy...
2026-03-08 13:01:56,016 - INFO - [The Guardian] Success with 'requests_browser'. Found content (409 words).
2026-03-08 13:01:56,074 - INFO - Duplicate article skipped: Lewis Hamilton sets sights on racing in an African grand prix before retiring | Lewis Hamilton | The Guardian from The Guardian
2026-03-08 13:01:56,407 - INFO - [BBC] Article: https://www.bbc.com/news/articles/c93w6y0lnd9o?at_medium=RSS&at_campaign=rss
2026-03-08 13:01:56,407 - INFO - [BBC] Attempt 1/1: Trying with 'requests_browser' strategy...
2026-03-08 13:01:56,447 - INFO - [BBC] Success with 'requests_browser'. Found content (490 words).
2026-03-08 13:01:56,483 - INFO - Duplicate article skipped: Rapper-politician Balendra Shah unseats Nepal's ex-PM as he heads for victory from BBC
2026-03-08 13:01:57,218 - INFO - [BBC] Article: https://www.bbc.com/news/articles/cn87pl8e2l5o?at_medium=RSS&at_campaign=rss
2026-03-08 13:01:57,218 - INFO - [BBC] Attempt 1/1: Trying with 'requests_browser' strategy...
2026-03-08 13:01:57,355 - INFO - [BBC] Success with 'requests_browser'. Found content (353 words).
2026-03-08 13:01:57,400 - INFO - Duplicate article skipped: Nairobi floods: At least 23 dead after heavy rains with Kenyan military deployed from BBC
2026-03-08 13:01:57,437 - INFO - [The Guardian] Article: https://www.theguardian.com/world/2026/mar/08/haiti-immigrant-mexico-tapachula
2026-03-08 13:01:57,437 - INFO - [The Guardian] Attempt 1/1: Trying with 'requests_browser' strategy...
2026-03-08 13:01:57,592 - INFO - [The Guardian] Success with 'requests_browser'. Found content (2248 words).
2026-03-08 13:01:57,662 - INFO - Saved article: ‘I am trying to live’: Haitians in Mexico seek community despite broken immigration systems | World news | The Guardian from The Guardian
2026-03-08 13:01:58,202 - INFO - Selenium driver initialized successfully.
2026-03-08 13:01:58,202 - INFO - Starting scrape for Times of India RSS feed: https://timesofindia.indiatimes.com/rssfeeds/296589292.cms
2026-03-08 13:01:58,203 - INFO - Selenium driver initialized successfully.
2026-03-08 13:01:58,203 - INFO - Starting scrape for The Hindu RSS feed: https://www.thehindu.com/news/national/feeder/default.rss
2026-03-08 13:01:58,473 - INFO - Found 20 articles in Times of India RSS feed. Processing up to 10.
2026-03-08 13:01:58,473 - INFO - [Times of India] Article: https://timesofindia.indiatimes.com/world/us/they-stole-our-country-iranian-americans-rally-in-los-angeles-backing-strikes-on-iran-regime-watch-video/articleshow/129270042.cms
2026-03-08 13:01:58,473 - INFO - [Times of India] Attempt 1/1: Trying with 'selenium_browser' strategy...
2026-03-08 13:01:58,641 - INFO - [BBC] Article: https://www.bbc.com/news/articles/c4g55v24wrno?at_medium=RSS&at_campaign=rss
2026-03-08 13:01:58,641 - INFO - [BBC] Attempt 1/1: Trying with 'requests_browser' strategy...
2026-03-08 13:01:58,703 - INFO - Found 100 articles in The Hindu RSS feed. Processing up to 10.
2026-03-08 13:01:58,703 - INFO - [The Hindu] Article: https://www.thehindu.com/news/national/andhra-pradesh/kumbhabhishekam-concludes-on-a-grand-note-at-kanaka-durga-temple-in-vijayawada/article70718748.ece
2026-03-08 13:01:58,704 - INFO - [The Hindu] Attempt 1/1: Trying with 'selenium_browser' strategy...
2026-03-08 13:01:58,716 - INFO - [BBC] Success with 'requests_browser'. Found content (844 words).
2026-03-08 13:01:58,758 - INFO - Duplicate article skipped: Swiss to vote on right-wing push to slash licence fee for public broadcaster from BBC
2026-03-08 13:01:58,919 - INFO - [The Guardian] Article: https://www.theguardian.com/world/2026/mar/08/british-columbia-canada-daylight-saving-time
2026-03-08 13:01:58,919 - INFO - [The Guardian] Attempt 1/1: Trying with 'requests_browser' strategy...
2026-03-08 13:01:58,953 - INFO - [The Guardian] Success with 'requests_browser'. Found content (601 words).
2026-03-08 13:01:59,005 - INFO - Duplicate article skipped: Time for a change: British Columbia decides to keep daylight saving time permanently | Canada | The Guardian from The Guardian
2026-03-08 13:01:59,463 - INFO - [BBC] Article: https://www.bbc.com/news/articles/cn8zd049l08o?at_medium=RSS&at_campaign=rss
2026-03-08 13:01:59,463 - INFO - [BBC] Attempt 1/1: Trying with 'requests_browser' strategy...
2026-03-08 13:01:59,516 - INFO - [BBC] Success with 'requests_browser'. Found content (359 words).
2026-03-08 13:01:59,569 - INFO - Duplicate article skipped: Russian strike on Kharkiv apartment block kills ten from BBC
2026-03-08 13:01:59,884 - INFO - [The Guardian] Article: https://www.theguardian.com/world/2026/mar/07/peru-nightclub-bombing
2026-03-08 13:01:59,884 - INFO - [The Guardian] Attempt 1/1: Trying with 'requests_browser' strategy...
2026-03-08 13:01:59,929 - INFO - [The Guardian] Success with 'requests_browser'. Found content (288 words).
2026-03-08 13:01:59,998 - INFO - Duplicate article skipped: Bombing at nightclub in Peru injures 33 people, including minors | Peru | The Guardian from The Guardian
2026-03-08 13:02:00,160 - INFO - [BBC] Article: https://www.bbc.com/news/articles/c62662gzlp8o?at_medium=RSS&at_campaign=rss
2026-03-08 13:02:00,160 - INFO - [BBC] Attempt 1/1: Trying with 'requests_browser' strategy...
2026-03-08 13:02:00,251 - INFO - [BBC] Success with 'requests_browser'. Found content (882 words).
2026-03-08 13:02:00,344 - INFO - Duplicate article skipped: Armed robots take to the battlefield in Ukraine war from BBC
2026-03-08 13:02:00,955 - INFO - [The Guardian] Article: https://www.theguardian.com/us-news/2026/mar/07/trump-shield-of-americas-summit
2026-03-08 13:02:00,956 - INFO - [The Guardian] Attempt 1/1: Trying with 'requests_browser' strategy...
2026-03-08 13:02:01,008 - INFO - [The Guardian] Success with 'requests_browser'. Found content (714 words).
2026-03-08 13:02:01,082 - INFO - Duplicate article skipped: Trump convenes ‘Shield of Americas’ summit with 12 Latin American leaders | Donald Trump | The Guardian from The Guardian
2026-03-08 13:02:02,445 - INFO - [The Guardian] Article: https://www.theguardian.com/us-news/2026/mar/07/deaf-six-year-old-deported-colombia
2026-03-08 13:02:02,445 - INFO - [The Guardian] Attempt 1/1: Trying with 'requests_browser' strategy...
2026-03-08 13:02:02,574 - INFO - [The Guardian] Success with 'requests_browser'. Found content (766 words).
2026-03-08 13:02:02,751 - INFO - Duplicate article skipped: ICE deports family, including deaf boy who wasn’t given his assistive devices | California | The Guardian from The Guardian
2026-03-08 13:02:04,532 - INFO - [The Hindu] Page content loaded.
2026-03-08 13:02:04,758 - INFO - [The Hindu] Success with 'selenium_browser'. Found content (373 words).
2026-03-08 13:02:05,835 - INFO - Saved article: Kumbhabhishekam concludes on a grand note at Kanaka Durga temple in Vijayawada - The Hindu from The Hindu
2026-03-08 13:02:07,220 - INFO - [The Hindu] Article: https://www.thehindu.com/news/national/andhra-pradesh/jagan-extols-role-women-play-in-building-a-strong-society/article70718755.ece
2026-03-08 13:02:07,220 - INFO - [The Hindu] Attempt 1/1: Trying with 'selenium_browser' strategy...
2026-03-08 13:02:12,566 - INFO - [The Hindu] Page content loaded.
2026-03-08 13:02:12,814 - INFO - [The Hindu] Success with 'selenium_browser'. Found content (141 words).
2026-03-08 13:02:13,238 - INFO - Saved article: Jagan extols role women play in building a strong society - The Hindu from The Hindu
2026-03-08 13:02:14,526 - INFO - [The Hindu] Article: https://www.thehindu.com/news/national/tamil-nadu/scheduled-caste-youth-dies-in-police-custody-in-sivaganga-family-alleges-torture/article70718525.ece
2026-03-08 13:02:14,526 - INFO - [The Hindu] Attempt 1/1: Trying with 'selenium_browser' strategy...
2026-03-08 13:02:17,251 - INFO - [The Hindu] Page content loaded.
2026-03-08 13:02:17,356 - INFO - [The Hindu] Success with 'selenium_browser'. Found content (317 words).
2026-03-08 13:02:17,454 - INFO - Saved article: Scheduled Caste youth dies in police custody in Sivaganga, family alleges torture - The Hindu from The Hindu
2026-03-08 13:02:18,246 - INFO - [The Hindu] Article: https://www.thehindu.com/news/national/himachal-pradesh/himachal-to-bring-law-ensuring-25-reservation-for-women-in-class-iii-recruitment-says-cm-sukhu/article70718820.ece
2026-03-08 13:02:18,246 - INFO - [The Hindu] Attempt 1/1: Trying with 'selenium_browser' strategy...
2026-03-08 13:02:18,909 - INFO - [The Hindu] Page content loaded.
2026-03-08 13:02:19,044 - INFO - [The Hindu] Success with 'selenium_browser'. Found content (340 words).
2026-03-08 13:02:19,145 - INFO - Saved article: Himachal to bring law ensuring 25% reservation for women in Class-III recruitment, says CM Sukhu - The Hindu from The Hindu
2026-03-08 13:02:19,783 - INFO - [The Hindu] Article: https://www.thehindu.com/news/cities/bangalore/suv-catches-fire-after-hit-and-run-accident-in-bengaluru-woman-injured/article70718798.ece
2026-03-08 13:02:19,783 - INFO - [The Hindu] Attempt 1/1: Trying with 'selenium_browser' strategy...
2026-03-08 13:02:22,317 - INFO - [The Hindu] Page content loaded.
2026-03-08 13:02:22,544 - INFO - [The Hindu] Success with 'selenium_browser'. Found content (222 words).
2026-03-08 13:02:22,621 - INFO - Saved article: SUV catches fire after hit-and-run accident in Bengaluru; woman injured - The Hindu from The Hindu
2026-03-08 13:02:23,727 - INFO - [The Hindu] Article: https://www.thehindu.com/news/national/need-to-adopt-holistic-inclusive-approach-towards-womens-issues-pradhan/article70718885.ece
2026-03-08 13:02:23,727 - INFO - [The Hindu] Attempt 1/1: Trying with 'selenium_browser' strategy...
2026-03-08 13:02:25,706 - INFO - [The Hindu] Page content loaded.
2026-03-08 13:02:25,773 - INFO - [The Hindu] Success with 'selenium_browser'. Found content (173 words).
2026-03-08 13:02:25,874 - INFO - Saved article: Need to adopt holistic, inclusive approach towards women's issues: Pradhan - The Hindu from The Hindu
2026-03-08 13:02:26,491 - INFO - [The Hindu] Article: https://www.thehindu.com/news/national/tamil-nadu/ombudsman-appointed-for-redressal-of-grievances-related-to-mgnregs/article70718498.ece
2026-03-08 13:02:26,491 - INFO - [The Hindu] Attempt 1/1: Trying with 'selenium_browser' strategy...
2026-03-08 13:02:27,113 - INFO - [The Hindu] Page content loaded.
2026-03-08 13:02:27,283 - INFO - [The Hindu] Success with 'selenium_browser'. Found content (90 words).
2026-03-08 13:02:27,370 - INFO - Saved article: Ombudsman appointed for redressal of grievances related to MGNREGS - The Hindu from The Hindu
2026-03-08 13:02:28,321 - INFO - [The Hindu] Article: https://www.thehindu.com/news/national/tamil-nadu/cuddalore-collector-holds-meeting-on-poll-preparedness/article70718696.ece
2026-03-08 13:02:28,321 - INFO - [The Hindu] Attempt 1/1: Trying with 'selenium_browser' strategy...
2026-03-08 13:02:30,215 - INFO - [The Hindu] Page content loaded.
2026-03-08 13:02:30,383 - INFO - [The Hindu] Success with 'selenium_browser'. Found content (204 words).
2026-03-08 13:02:30,464 - INFO - Saved article: Cuddalore Collector holds meeting on poll preparedness - The Hindu from The Hindu
2026-03-08 13:02:31,268 - INFO - [The Hindu] Article: https://www.thehindu.com/news/cities/Mangalore/cruise-ship-with-619-passengers-calls-at-new-mangalore-port/article70718704.ece
2026-03-08 13:02:31,268 - INFO - [The Hindu] Attempt 1/1: Trying with 'selenium_browser' strategy...
2026-03-08 13:02:32,806 - INFO - [The Hindu] Page content loaded.
2026-03-08 13:02:32,871 - INFO - [The Hindu] Success with 'selenium_browser'. Found content (86 words).
2026-03-08 13:02:32,937 - INFO - Saved article: Cruise ship with 619 passengers calls at New Mangalore Port - The Hindu from The Hindu
2026-03-08 13:02:34,389 - INFO - [The Hindu] Article: https://www.thehindu.com/news/national/kerala/stone-thrown-at-vande-bharat-near-aluva-in-kerala-rpf-launches-probe/article70718565.ece
2026-03-08 13:02:34,389 - INFO - [The Hindu] Attempt 1/1: Trying with 'selenium_browser' strategy...
2026-03-08 13:02:37,010 - INFO - [The Hindu] Page content loaded.
2026-03-08 13:02:37,222 - INFO - [The Hindu] Success with 'selenium_browser'. Found content (286 words).
2026-03-08 13:02:37,379 - INFO - Saved article: Stone thrown at Vande Bharat near Aluva in Kerala, RPF launches probe - The Hindu from The Hindu
2026-03-08 13:02:38,643 - INFO - [The Hindu] (Thread) Finished. Attempting to shut down its Selenium driver.
2026-03-08 13:02:38,805 - INFO - [The Hindu] (Thread) driver.quit() successful.
2026-03-08 13:02:58,490 - ERROR - [Times of India] Request failed for strategy 'selenium_browser' on URL https://timesofindia.indiatimes.com/world/us/they-stole-our-country-iranian-americans-rally-in-los-angeles-backing-strikes-on-iran-regime-watch-video/articleshow/129270042.cms: Message: timeout: Timed out receiving message from renderer: 59.553
  (Session info: chrome=145.0.7632.116)
Stacktrace:
#0 0x562326a2fb6a <unknown>
#1 0x562326442a32 <unknown>
#2 0x56232642a007 <unknown>
#3 0x562326429c16 <unknown>
#4 0x562326427731 <unknown>
#5 0x5623264280bf <unknown>
#6 0x562326437560 <unknown>
#7 0x562326451707 <unknown>
#8 0x5623264588db <unknown>
#9 0x562326428829 <unknown>
#10 0x56232645149c <unknown>
#11 0x5623264e06e1 <unknown>
#12 0x562326489c0f <unknown>
#13 0x56232648a9d1 <unknown>
#14 0x5623269f46b9 <unknown>
#15 0x5623269f75c1 <unknown>
#16 0x5623269e0e29 <unknown>
#17 0x5623269f817e <unknown>
#18 0x5623269c74b0 <unknown>
#19 0x562326a1c578 <unknown>
#20 0x562326a1c74b <unknown>
#21 0x562326a2e1a3 <unknown>
#22 0x7f4d7649caa4 <unknown>
#23 0x7f4d76529c6c <unknown>

2026-03-08 13:02:58,490 - ERROR - [Times of India] All scrape strategies failed for https://timesofindia.indiatimes.com/world/us/they-stole-our-country-iranian-americans-rally-in-los-angeles-backing-strikes-on-iran-regime-watch-video/articleshow/129270042.cms. Falling back to RSS description.
2026-03-08 13:02:58,492 - INFO - Saved article: ‘They stole our country’: Iranian-Americans rally in Los Angeles backing strikes on Iran regime from Times of India
2026-03-08 13:02:59,586 - INFO - [Times of India] Article: https://timesofindia.indiatimes.com/world/us/man-extradited-from-india-pleads-guilty-to-2005-long-island-crash-says-sorry-to-the-family/articleshow/129269358.cms
2026-03-08 13:02:59,586 - INFO - [Times of India] Attempt 1/1: Trying with 'selenium_browser' strategy...
2026-03-08 13:03:00,698 - INFO - [Times of India] Page content loaded.
2026-03-08 13:03:00,869 - INFO - [Times of India] Success with 'selenium_browser'. Found content (377 words).
2026-03-08 13:03:00,969 - INFO - Saved article: Man extradited from India pleads guilty to 2005 Long Island crash, says 'sorry' to the family - The Times of India from Times of India
2026-03-08 13:03:02,053 - INFO - [Times of India] Article: https://timesofindia.indiatimes.com/world/rest-of-world/mh370-still-missing-latest-search-after-scanning-15000-sq-km-ends-with-no-clues-to-239-people-onboard/articleshow/129265069.cms
2026-03-08 13:03:02,053 - INFO - [Times of India] Attempt 1/1: Trying with 'selenium_browser' strategy...
2026-03-08 13:03:03,317 - INFO - [Times of India] Page content loaded.
2026-03-08 13:03:03,468 - INFO - [Times of India] Success with 'selenium_browser'. Found content (496 words).
2026-03-08 13:03:03,530 - INFO - Saved article: MH370 still missing: Latest search after scanning 15,000 sq km ends with no clues to 239 people onboard - The Times of India from Times of India
2026-03-08 13:03:04,902 - INFO - [Times of India] Article: https://timesofindia.indiatimes.com/world/middle-east/misinterpreted-by-enemy-iran-president-clarifies-remarks-on-gulf-attacks-after-trumps-surrender-claim/articleshow/129263967.cms
2026-03-08 13:03:04,902 - INFO - [Times of India] Attempt 1/1: Trying with 'selenium_browser' strategy...
2026-03-08 13:03:05,912 - INFO - [Times of India] Page content loaded.
2026-03-08 13:03:06,066 - INFO - [Times of India] Success with 'selenium_browser'. Found content (638 words).
2026-03-08 13:03:06,128 - INFO - Duplicate article skipped: ‘Misinterpreted by enemy’: Iran president clarifies remarks on Gulf attacks after Trump’s ‘surrender’ claim - The Times of India from Times of India
2026-03-08 13:03:07,121 - INFO - [Times of India] Article: https://timesofindia.indiatimes.com/world/middle-east/changing-face-of-the-middle-east-netanyahu-thanks-trump-for-strikes-on-iran-claims-control-over-tehran-skies/articleshow/129259141.cms
2026-03-08 13:03:07,121 - INFO - [Times of India] Attempt 1/1: Trying with 'selenium_browser' strategy...
2026-03-08 13:03:07,923 - INFO - [Times of India] Page content loaded.
2026-03-08 13:03:08,066 - INFO - [Times of India] Success with 'selenium_browser'. Found content (911 words).
2026-03-08 13:03:08,125 - INFO - Duplicate article skipped: 'Changing face of the Middle East': Netanyahu thanks Trump for strikes on Iran; claims 'control' over Tehran skies - The Times of India from Times of India
2026-03-08 13:03:08,626 - INFO - [Times of India] Article: https://timesofindia.indiatimes.com/world/middle-east/a-strong-fist-doesnt-mean-strong-reason-china-warns-against-interference-regime-change-in-iran/articleshow/129261928.cms
2026-03-08 13:03:08,626 - INFO - [Times of India] Attempt 1/1: Trying with 'selenium_browser' strategy...
2026-03-08 13:03:09,734 - INFO - [Times of India] Page content loaded.
2026-03-08 13:03:09,881 - INFO - [Times of India] Success with 'selenium_browser'. Found content (484 words).
2026-03-08 13:03:09,940 - INFO - Duplicate article skipped: ‘A strong fist doesn't mean strong reason’: China warns against interference, regime change in Iran - The Times of India from Times of India
2026-03-08 13:03:10,661 - INFO - [Times of India] Article: https://timesofindia.indiatimes.com/world/middle-east/over-52000-indians-fly-home-from-uae-gulf-within-a-week-as-authorities-issue-update-amid-us-iran-conflict/articleshow/129259336.cms
2026-03-08 13:03:10,661 - INFO - [Times of India] Attempt 1/1: Trying with 'selenium_browser' strategy...
2026-03-08 13:03:11,794 - INFO - [Times of India] Page content loaded.
2026-03-08 13:03:11,932 - INFO - [Times of India] Success with 'selenium_browser'. Found content (548 words).
2026-03-08 13:03:11,991 - INFO - Duplicate article skipped: India Gulf Region Flights: Over 52,000 Indians fly home from UAE, Gulf within a week as authorities issue update amid US-Iran conflict | World News - The Times of India from Times of India
2026-03-08 13:03:12,817 - INFO - [Times of India] Article: https://timesofindia.indiatimes.com/world/us/top-10-richest-people-in-the-world-2026-elon-musk-jeff-bezos-and-other-tech-titans-leading-global-wealth/articleshow/129258508.cms
2026-03-08 13:03:12,817 - INFO - [Times of India] Attempt 1/1: Trying with 'selenium_browser' strategy...
2026-03-08 13:03:14,121 - INFO - [Times of India] Page content loaded.
2026-03-08 13:03:14,288 - INFO - [Times of India] Success with 'selenium_browser'. Found content (837 words).
2026-03-08 13:03:14,351 - INFO - Duplicate article skipped: Top 10 richest people in the world 2026: Elon Musk, Jeff Bezos, and other tech titans leading global wealth | World News - The Times of India from Times of India
2026-03-08 13:03:14,895 - INFO - [Times of India] Article: https://timesofindia.indiatimes.com/world/middle-east/us-embassy-in-uae-issues-security-alert-americans-urged-to-consider-leaving-as-consular-services-shut/articleshow/129257179.cms
2026-03-08 13:03:14,895 - INFO - [Times of India] Attempt 1/1: Trying with 'selenium_browser' strategy...
2026-03-08 13:03:15,728 - INFO - [Times of India] Page content loaded.
2026-03-08 13:03:15,900 - INFO - [Times of India] Success with 'selenium_browser'. Found content (743 words).
2026-03-08 13:03:15,956 - INFO - Duplicate article skipped: Us Embassy Uae Security Alert: US embassy in UAE issues security alert: Americans urged to consider leaving as consular services shut | World News - The Times of India from Times of India
2026-03-08 13:03:16,802 - INFO - [Times of India] Article: https://timesofindia.indiatimes.com/world/middle-east/us-israel-iran-war-news-live-udates-middle-east-crisis-conflict-drone-ballistic-missile-attacks-explosions-flights-status-dubai-uae-qatar-tehran-gulf-donald-trump-netanyahu-khamenei/liveblog/129190174.cms
2026-03-08 13:03:16,802 - INFO - [Times of India] Attempt 1/1: Trying with 'selenium_browser' strategy...
2026-03-08 13:03:18,074 - INFO - [Times of India] Page content loaded.
2026-03-08 13:03:18,405 - INFO - [Times of India] Success with 'selenium_browser'. Found content (310 words).
2026-03-08 13:03:18,472 - INFO - Duplicate article skipped: US-Israel-Iran War News Live Updates: 394 killed in Israeli strikes, claims Lebanon; Iran diplomats evacuate Beirut on Russian plane - The Times of India from Times of India
2026-03-08 13:03:19,257 - INFO - [Times of India] (Thread) Finished. Attempting to shut down its Selenium driver.
2026-03-08 13:03:19,552 - INFO - [Times of India] (Thread) driver.quit() successful.
2026-03-08 13:03:19,552 - INFO - Shutting down thread pool (wait=False)...
2026-03-08 13:03:19,552 - INFO - Scraped: 3 Times of India, 10 The Hindu, 1 The Guardian, 0 BBC articles. (Total saved: 14)
2026-03-08 13:03:19,552 - INFO - --- Scraping job finished ---
2026-03-08 13:03:19,558 - INFO - --- Scraper service stopped and database connection closed. ---
2026-03-08 13:03:19,558 - INFO - --- Main thread finished. Forcing process exit to kill zombie threads. ---
