2026-03-09 20:41:36,873 - INFO - Initializing database connection at: news_articles.db
2026-03-09 20:41:36,873 - INFO - --- Scraper service started (CI Mode: Run Once) ---
2026-03-09 20:41:36,873 - INFO - --- Starting new scraping job (Parallel Mode) ---
2026-03-09 20:41:36,873 - INFO - Creating new robust session with 3 retries on 5xx/connection/read errors.
2026-03-09 20:41:36,874 - INFO - Proxy is DISABLED.
2026-03-09 20:41:36,874 - INFO - Starting scrape for BBC RSS feed: http://feeds.bbci.co.uk/news/world/rss.xml
2026-03-09 20:41:36,874 - INFO - [Times of India] (Thread) requires Selenium. Initializing driver...
2026-03-09 20:41:36,874 - INFO - Initializing headless Selenium Chrome driver (using SeleniumManager)...
2026-03-09 20:41:36,875 - INFO - Starting scrape for The Guardian RSS feed: https://www.theguardian.com/world/rss
2026-03-09 20:41:36,878 - INFO - [The Hindu] (Thread) requires Selenium. Initializing driver...
2026-03-09 20:41:36,878 - INFO - Initializing headless Selenium Chrome driver (using SeleniumManager)...
2026-03-09 20:41:36,878 - INFO - Submitted 4 jobs to thread pool. Waiting up to 300s for completion...
2026-03-09 20:41:36,960 - INFO - Found 45 articles in The Guardian RSS feed. Processing up to 10.
2026-03-09 20:41:36,960 - INFO - [The Guardian] Article: https://www.theguardian.com/world/2026/mar/07/descendants-of-zimbabwe-resistance-heroes-urge-uk-to-locate-looted-skulls
2026-03-09 20:41:36,960 - INFO - [The Guardian] Attempt 1/1: Trying with 'requests_browser' strategy...
2026-03-09 20:41:36,988 - INFO - [The Guardian] Success with 'requests_browser'. Found content (878 words).
2026-03-09 20:41:37,027 - INFO - Duplicate article skipped: Descendants of Zimbabwe resistance heroes urge UK to locate looted skulls | Zimbabwe | The Guardian from The Guardian
2026-03-09 20:41:37,036 - INFO - Found 32 articles in BBC RSS feed. Processing up to 10.
2026-03-09 20:41:37,037 - INFO - [BBC] Article: https://www.bbc.com/news/articles/c78xxg05w0zo?at_medium=RSS&at_campaign=rss
2026-03-09 20:41:37,037 - INFO - [BBC] Attempt 1/1: Trying with 'requests_browser' strategy...
2026-03-09 20:41:37,235 - INFO - [BBC] Success with 'requests_browser'. Found content (803 words).
2026-03-09 20:41:37,276 - INFO - Duplicate article skipped: Who is Mojtaba Khamenei, Iran's new supreme leader? from BBC
2026-03-09 20:41:37,820 - INFO - [The Guardian] Article: https://www.theguardian.com/global-development/2026/mar/06/generic-drugs-weight-loss-semaglutide-ozempic-wegovy-diabetes-obesity-study
2026-03-09 20:41:37,821 - INFO - [The Guardian] Attempt 1/1: Trying with 'requests_browser' strategy...
2026-03-09 20:41:37,843 - INFO - [The Guardian] Success with 'requests_browser'. Found content (612 words).
2026-03-09 20:41:37,878 - INFO - Duplicate article skipped: Weight-loss jab could be made for $3 a month, study finds | Global health | The Guardian from The Guardian
2026-03-09 20:41:37,960 - INFO - [BBC] Article: https://www.bbc.com/news/articles/cdr24g1p3vpo?at_medium=RSS&at_campaign=rss
2026-03-09 20:41:37,960 - INFO - [BBC] Attempt 1/1: Trying with 'requests_browser' strategy...
2026-03-09 20:41:37,993 - INFO - [BBC] Success with 'requests_browser'. Found content (347 words).
2026-03-09 20:41:38,029 - INFO - Duplicate article skipped: Georgia school teacher is killed in toilet paper prank gone wrong from BBC
2026-03-09 20:41:38,967 - INFO - [BBC] Article: https://www.bbc.com/news/articles/c79542n0grwo?at_medium=RSS&at_campaign=rss
2026-03-09 20:41:38,968 - INFO - [BBC] Attempt 1/1: Trying with 'requests_browser' strategy...
2026-03-09 20:41:39,012 - INFO - [BBC] Success with 'requests_browser'. Found content (994 words).
2026-03-09 20:41:39,052 - INFO - Duplicate article skipped: G7 to take 'necessary measures' to support energy supplies from BBC
2026-03-09 20:41:39,272 - INFO - [The Guardian] Article: https://www.theguardian.com/world/2026/mar/05/three-men-deported-us-eswatini-legal-case-detention
2026-03-09 20:41:39,272 - INFO - [The Guardian] Attempt 1/1: Trying with 'requests_browser' strategy...
2026-03-09 20:41:39,302 - INFO - [The Guardian] Success with 'requests_browser'. Found content (520 words).
2026-03-09 20:41:39,338 - INFO - Duplicate article skipped: Three men deported by US file legal case against Eswatini over detention | Eswatini | The Guardian from The Guardian
2026-03-09 20:41:39,575 - INFO - [BBC] Article: https://www.bbc.com/news/articles/c93j2l32lzgo?at_medium=RSS&at_campaign=rss
2026-03-09 20:41:39,575 - INFO - [BBC] Attempt 1/1: Trying with 'requests_browser' strategy...
2026-03-09 20:41:39,607 - INFO - [BBC] Success with 'requests_browser'. Found content (550 words).
2026-03-09 20:41:39,640 - INFO - Duplicate article skipped: Hundreds of teenagers report for duty as Croatia reinstates conscription from BBC
2026-03-09 20:41:40,130 - INFO - [The Guardian] Article: https://www.theguardian.com/world/2026/mar/05/south-africa-president-cyril-ramaphosa-calls-donald-trump-policy-white-afrikaners-racist
2026-03-09 20:41:40,130 - INFO - [The Guardian] Attempt 1/1: Trying with 'requests_browser' strategy...
2026-03-09 20:41:40,241 - INFO - [The Guardian] Success with 'requests_browser'. Found content (410 words).
2026-03-09 20:41:40,279 - INFO - Duplicate article skipped: South Africa’s president calls Trump’s policy to offer refuge to white Afrikaners ‘racist’ | South Africa | The Guardian from The Guardian
2026-03-09 20:41:41,100 - INFO - [BBC] Article: https://www.bbc.com/news/articles/cy8lwnyj40eo?at_medium=RSS&at_campaign=rss
2026-03-09 20:41:41,100 - INFO - [BBC] Attempt 1/1: Trying with 'requests_browser' strategy...
2026-03-09 20:41:41,122 - INFO - [BBC] Success with 'requests_browser'. Found content (289 words).
2026-03-09 20:41:41,154 - INFO - Duplicate article skipped: Naveed Akram: Alleged Bondi gunman seeks court order to suppress family's identity from BBC
2026-03-09 20:41:41,220 - INFO - [The Guardian] Article: https://www.theguardian.com/sport/2026/mar/05/lewis-hamilton-race-africa-grand-prix-retiring-formula-one-colonial
2026-03-09 20:41:41,220 - INFO - [The Guardian] Attempt 1/1: Trying with 'requests_browser' strategy...
2026-03-09 20:41:41,244 - INFO - [The Guardian] Success with 'requests_browser'. Found content (409 words).
2026-03-09 20:41:41,278 - INFO - Duplicate article skipped: Lewis Hamilton sets sights on racing in an African grand prix before retiring | Lewis Hamilton | The Guardian from The Guardian
2026-03-09 20:41:41,929 - INFO - [BBC] Article: https://www.bbc.com/news/articles/cnv69zp3z4ro?at_medium=RSS&at_campaign=rss
2026-03-09 20:41:41,929 - INFO - [BBC] Attempt 1/1: Trying with 'requests_browser' strategy...
2026-03-09 20:41:41,959 - INFO - [BBC] Success with 'requests_browser'. Found content (382 words).
2026-03-09 20:41:42,018 - INFO - Duplicate article skipped: Canada's Carney calls three by-elections that could grant him a majority from BBC
2026-03-09 20:41:42,596 - INFO - [The Guardian] Article: https://www.theguardian.com/world/2026/mar/09/canada-ice-shelf-rescue-fishers-ontario
2026-03-09 20:41:42,597 - INFO - [The Guardian] Attempt 1/1: Trying with 'requests_browser' strategy...
2026-03-09 20:41:42,619 - INFO - [The Guardian] Success with 'requests_browser'. Found content (515 words).
2026-03-09 20:41:42,664 - INFO - Saved article: ‘We thought we were doomed’: Canadian fishers in dramatic rescue after ice shelf floats away | Canada | The Guardian from The Guardian
2026-03-09 20:41:42,898 - INFO - [BBC] Article: https://www.bbc.com/news/articles/c1w5yq924j1o?at_medium=RSS&at_campaign=rss
2026-03-09 20:41:42,898 - INFO - [BBC] Attempt 1/1: Trying with 'requests_browser' strategy...
2026-03-09 20:41:42,924 - INFO - [BBC] Success with 'requests_browser'. Found content (294 words).
2026-03-09 20:41:42,956 - INFO - Duplicate article skipped: New Zealand: Bag of cannabis and cash accidentally donated to NZ charity shop from BBC
2026-03-09 20:41:44,064 - INFO - [The Guardian] Article: https://www.theguardian.com/world/2026/mar/09/mexican-cartels-guns-come-from-us-sheinbaum-trump
2026-03-09 20:41:44,064 - INFO - [The Guardian] Attempt 1/1: Trying with 'requests_browser' strategy...
2026-03-09 20:41:44,088 - INFO - [The Guardian] Success with 'requests_browser'. Found content (393 words).
2026-03-09 20:41:44,122 - INFO - Duplicate article skipped: Sheinbaum tells Trump: stop illegal arms trade from the US to Mexico | Mexico | The Guardian from The Guardian
2026-03-09 20:41:44,313 - INFO - [BBC] Article: https://www.bbc.com/news/articles/cjrqg80y57po?at_medium=RSS&at_campaign=rss
2026-03-09 20:41:44,313 - INFO - [BBC] Attempt 1/1: Trying with 'requests_browser' strategy...
2026-03-09 20:41:44,353 - INFO - [BBC] Success with 'requests_browser'. Found content (414 words).
2026-03-09 20:41:44,395 - INFO - Duplicate article skipped: Guinea opposition leader Diallo calls for 'direct resistance' as political parties dissolved from BBC
2026-03-09 20:41:45,121 - INFO - [The Guardian] Article: https://www.theguardian.com/world/2026/mar/08/haiti-immigrant-mexico-tapachula
2026-03-09 20:41:45,121 - INFO - [The Guardian] Attempt 1/1: Trying with 'requests_browser' strategy...
2026-03-09 20:41:45,156 - INFO - [The Guardian] Success with 'requests_browser'. Found content (2248 words).
2026-03-09 20:41:45,198 - INFO - Duplicate article skipped: ‘I am trying to live’: Haitians in Mexico seek community despite broken immigration systems | World news | The Guardian from The Guardian
2026-03-09 20:41:45,835 - INFO - [BBC] Article: https://www.bbc.com/news/articles/ce8wk563473o?at_medium=RSS&at_campaign=rss
2026-03-09 20:41:45,836 - INFO - [BBC] Attempt 1/1: Trying with 'requests_browser' strategy...
2026-03-09 20:41:45,864 - INFO - [BBC] Success with 'requests_browser'. Found content (327 words).
2026-03-09 20:41:45,896 - INFO - Duplicate article skipped: US embassy explosion in Oslo: Police release images of suspect from BBC
2026-03-09 20:41:45,920 - INFO - [The Guardian] Article: https://www.theguardian.com/world/2026/mar/08/british-columbia-canada-daylight-saving-time
2026-03-09 20:41:45,920 - INFO - [The Guardian] Attempt 1/1: Trying with 'requests_browser' strategy...
2026-03-09 20:41:46,031 - INFO - [The Guardian] Success with 'requests_browser'. Found content (601 words).
2026-03-09 20:41:46,066 - INFO - Duplicate article skipped: Time for a change: British Columbia decides to keep daylight saving time permanently | Canada | The Guardian from The Guardian
2026-03-09 20:41:46,626 - INFO - [BBC] Article: https://www.bbc.com/news/articles/cwy8e978xl8o?at_medium=RSS&at_campaign=rss
2026-03-09 20:41:46,626 - INFO - [BBC] Attempt 1/1: Trying with 'requests_browser' strategy...
2026-03-09 20:41:46,672 - INFO - [BBC] Success with 'requests_browser'. Found content (1327 words).
2026-03-09 20:41:46,719 - INFO - Duplicate article skipped: Five Iranian women footballers 'in Australian safe house' after Asian Cup protest from BBC
2026-03-09 20:41:47,158 - INFO - [The Guardian] Article: https://www.theguardian.com/world/2026/mar/07/peru-nightclub-bombing
2026-03-09 20:41:47,159 - INFO - [The Guardian] Attempt 1/1: Trying with 'requests_browser' strategy...
2026-03-09 20:41:47,270 - INFO - [The Guardian] Success with 'requests_browser'. Found content (288 words).
2026-03-09 20:41:47,306 - INFO - Duplicate article skipped: Bombing at nightclub in Peru injures 33 people, including minors | Peru | The Guardian from The Guardian
2026-03-09 20:41:47,343 - INFO - Selenium driver initialized successfully.
2026-03-09 20:41:47,343 - INFO - Starting scrape for Times of India RSS feed: https://timesofindia.indiatimes.com/rssfeeds/296589292.cms
2026-03-09 20:41:47,344 - INFO - Selenium driver initialized successfully.
2026-03-09 20:41:47,344 - INFO - Starting scrape for The Hindu RSS feed: https://www.thehindu.com/news/national/feeder/default.rss
2026-03-09 20:41:47,409 - INFO - Found 20 articles in Times of India RSS feed. Processing up to 10.
2026-03-09 20:41:47,409 - INFO - [Times of India] Article: https://timesofindia.indiatimes.com/world/middle-east/us-israel-iran-war-news-live-udates-middle-east-crisis-conflict-drone-ballistic-missile-attacks-explosions-flights-status-dubai-uae-qatar-tehran-gulf-donald-trump-netanyahu-khamenei/liveblog/129286007.cms
2026-03-09 20:41:47,409 - INFO - [Times of India] Attempt 1/1: Trying with 'selenium_browser' strategy...
2026-03-09 20:41:47,469 - INFO - Found 100 articles in The Hindu RSS feed. Processing up to 10.
2026-03-09 20:41:47,469 - INFO - [The Hindu] Article: https://www.thehindu.com/news/national/assam/three-nda-candidates-elected-unopposed-to-rajya-sabha-from-assam/article70723802.ece
2026-03-09 20:41:47,469 - INFO - [The Hindu] Attempt 1/1: Trying with 'selenium_browser' strategy...
2026-03-09 20:41:52,973 - INFO - [The Hindu] Page content loaded.
2026-03-09 20:41:53,106 - INFO - [The Hindu] Success with 'selenium_browser'. Found content (225 words).
2026-03-09 20:41:53,232 - INFO - Saved article: Three NDA candidates elected unopposed to Rajya Sabha from Assam - The Hindu from The Hindu
2026-03-09 20:41:53,778 - INFO - [The Hindu] Article: https://www.thehindu.com/news/national/india-26-elected-unopposed-to-rajya-sabha-maharashtra-bihar-tamil-nadu/article70723983.ece
2026-03-09 20:41:53,780 - INFO - [The Hindu] Attempt 1/1: Trying with 'selenium_browser' strategy...
2026-03-09 20:41:56,429 - INFO - [The Hindu] Page content loaded.
2026-03-09 20:41:56,578 - INFO - [The Hindu] Success with 'selenium_browser'. Found content (824 words).
2026-03-09 20:41:56,691 - INFO - Saved article: Sharad Pawar, Ramdas Athawale among 26 elected unopposed to Rajya Sabha - The Hindu from The Hindu
2026-03-09 20:41:58,079 - INFO - [The Hindu] Article: https://www.thehindu.com/news/national/gujarat/liquor-worth-42-crore-seized-in-gujarat-over-the-past-two-years/article70723048.ece
2026-03-09 20:41:58,079 - INFO - [The Hindu] Attempt 1/1: Trying with 'selenium_browser' strategy...
2026-03-09 20:42:00,142 - INFO - [The Hindu] Page content loaded.
2026-03-09 20:42:00,300 - INFO - [The Hindu] Success with 'selenium_browser'. Found content (329 words).
2026-03-09 20:42:00,532 - INFO - Saved article: Liquor worth ₹42 crore seized in Gujarat over the past two years - The Hindu from The Hindu
2026-03-09 20:42:01,248 - INFO - [The Hindu] Article: https://www.thehindu.com/news/national/karnataka/child-rights-body-urges-curb-on-sale-of-alcoholic-and-high-sugar-canned-drink-near-schools-colleges/article70722850.ece
2026-03-09 20:42:01,248 - INFO - [The Hindu] Attempt 1/1: Trying with 'selenium_browser' strategy...
2026-03-09 20:42:09,658 - INFO - [The Hindu] Page content loaded.
2026-03-09 20:42:10,111 - INFO - [The Hindu] Success with 'selenium_browser'. Found content (153 words).
2026-03-09 20:42:10,440 - INFO - Saved article: Child rights body urges curb on sale of alcoholic and high sugar canned drink near schools, colleges - The Hindu from The Hindu
2026-03-09 20:42:11,104 - INFO - [The Hindu] Article: https://www.thehindu.com/news/national/karnataka/call-for-deferring-sa-2-exam-in-view-of-ugadi-id-holidays/article70722617.ece
2026-03-09 20:42:11,105 - INFO - [The Hindu] Attempt 1/1: Trying with 'selenium_browser' strategy...
2026-03-09 20:42:12,965 - INFO - [The Hindu] Page content loaded.
2026-03-09 20:42:13,335 - INFO - [The Hindu] Success with 'selenium_browser'. Found content (467 words).
2026-03-09 20:42:13,500 - INFO - Saved article: Call for deferring SA-2 exam in view of Ugadi, Id holidays - The Hindu from The Hindu
2026-03-09 20:42:14,942 - INFO - [The Hindu] Article: https://www.thehindu.com/news/national/karnataka/lokayukta-team-finds-multiple-violations-during-inspection-of-lakes-in-bengaluru/article70722841.ece
2026-03-09 20:42:14,942 - INFO - [The Hindu] Attempt 1/1: Trying with 'selenium_browser' strategy...
2026-03-09 20:42:20,261 - INFO - [The Hindu] Page content loaded.
2026-03-09 20:42:20,416 - INFO - [The Hindu] Success with 'selenium_browser'. Found content (447 words).
2026-03-09 20:42:20,488 - INFO - Saved article: Lokayukta team finds multiple violations during inspection of lakes in Bengaluru - The Hindu from The Hindu
2026-03-09 20:42:21,004 - INFO - [The Hindu] Article: https://www.thehindu.com/opinion/op-ed/a-gradual-fiscal-correction/article70723847.ece
2026-03-09 20:42:21,004 - INFO - [The Hindu] Attempt 1/1: Trying with 'selenium_browser' strategy...
2026-03-09 20:42:21,738 - INFO - [The Hindu] Page content loaded.
2026-03-09 20:42:21,927 - INFO - [The Hindu] Success with 'selenium_browser'. Found content (611 words).
2026-03-09 20:42:22,019 - INFO - Saved article: A gradual fiscal correction - The Hindu from The Hindu
2026-03-09 20:42:22,861 - INFO - [The Hindu] Article: https://www.thehindu.com/news/national/tamil-nadu/srmist-anabond-enter-into-technology-transfer-agreement-for-next-gen-solar-cell-encapsulators/article70723082.ece
2026-03-09 20:42:22,861 - INFO - [The Hindu] Attempt 1/1: Trying with 'selenium_browser' strategy...
2026-03-09 20:42:24,927 - INFO - [The Hindu] Page content loaded.
2026-03-09 20:42:25,114 - INFO - [The Hindu] Success with 'selenium_browser'. Found content (284 words).
2026-03-09 20:42:25,275 - INFO - Saved article: SRMIST, Anabond enter into technology transfer agreement for next-gen solar cell encapsulators - The Hindu from The Hindu
2026-03-09 20:42:26,267 - INFO - [The Hindu] Article: https://www.thehindu.com/opinion/editorial/bitter-milk-on-the-rajamahendravaram-milk-adulteration-case/article70722654.ece
2026-03-09 20:42:26,267 - INFO - [The Hindu] Attempt 1/1: Trying with 'selenium_browser' strategy...
2026-03-09 20:42:26,935 - INFO - [The Hindu] Page content loaded.
2026-03-09 20:42:27,150 - INFO - [The Hindu] Success with 'selenium_browser'. Found content (440 words).
2026-03-09 20:42:27,237 - INFO - Saved article: ​Bitter milk: On the Rajamahendravaram milk adulteration case - The Hindu from The Hindu
2026-03-09 20:42:28,625 - INFO - [The Hindu] Article: https://www.thehindu.com/news/national/pm-modi-speaks-to-nepal-leaders-rabi-lamichhane-balendra-shah/article70723928.ece
2026-03-09 20:42:28,626 - INFO - [The Hindu] Attempt 1/1: Trying with 'selenium_browser' strategy...
2026-03-09 20:42:30,603 - INFO - [The Hindu] Page content loaded.
2026-03-09 20:42:30,764 - INFO - [The Hindu] Success with 'selenium_browser'. Found content (328 words).
2026-03-09 20:42:30,824 - INFO - Duplicate article skipped: PM Modi speaks to Nepal leaders Rabi Lamichhane, Balendra Shah - The Hindu from The Hindu
2026-03-09 20:42:31,642 - INFO - [The Hindu] (Thread) Finished. Attempting to shut down its Selenium driver.
2026-03-09 20:42:31,787 - INFO - [The Hindu] (Thread) driver.quit() successful.
2026-03-09 20:42:47,432 - ERROR - [Times of India] Request failed for strategy 'selenium_browser' on URL https://timesofindia.indiatimes.com/world/middle-east/us-israel-iran-war-news-live-udates-middle-east-crisis-conflict-drone-ballistic-missile-attacks-explosions-flights-status-dubai-uae-qatar-tehran-gulf-donald-trump-netanyahu-khamenei/liveblog/129286007.cms: Message: timeout: Timed out receiving message from renderer: 59.711
  (Session info: chrome=145.0.7632.116)
Stacktrace:
#0 0x556ab0eeeb6a <unknown>
#1 0x556ab0901a32 <unknown>
#2 0x556ab08e9007 <unknown>
#3 0x556ab08e8c16 <unknown>
#4 0x556ab08e6731 <unknown>
#5 0x556ab08e70bf <unknown>
#6 0x556ab08f6560 <unknown>
#7 0x556ab0910707 <unknown>
#8 0x556ab09178db <unknown>
#9 0x556ab08e7829 <unknown>
#10 0x556ab091049c <unknown>
#11 0x556ab099f6e1 <unknown>
#12 0x556ab0948c0f <unknown>
#13 0x556ab09499d1 <unknown>
#14 0x556ab0eb36b9 <unknown>
#15 0x556ab0eb65c1 <unknown>
#16 0x556ab0e9fe29 <unknown>
#17 0x556ab0eb717e <unknown>
#18 0x556ab0e864b0 <unknown>
#19 0x556ab0edb578 <unknown>
#20 0x556ab0edb74b <unknown>
#21 0x556ab0eed1a3 <unknown>
#22 0x7fcf96e9caa4 <unknown>
#23 0x7fcf96f29c6c <unknown>

2026-03-09 20:42:47,433 - ERROR - [Times of India] All scrape strategies failed for https://timesofindia.indiatimes.com/world/middle-east/us-israel-iran-war-news-live-udates-middle-east-crisis-conflict-drone-ballistic-missile-attacks-explosions-flights-status-dubai-uae-qatar-tehran-gulf-donald-trump-netanyahu-khamenei/liveblog/129286007.cms. Falling back to RSS description.
2026-03-09 20:42:47,433 - INFO - Duplicate article skipped: US-Israel-Iran War News Live Updates: Iran fires first wave of missiles at Israel under new Supreme Leader Mojtaba Khamenei from Times of India
2026-03-09 20:42:48,169 - INFO - [Times of India] Article: https://timesofindia.indiatimes.com/world/us/marco-rubio-or-jd-vance-donald-trump-asks-donors-whom-they-prefer-for-president-in-2028-report/articleshow/129351225.cms
2026-03-09 20:42:48,169 - INFO - [Times of India] Attempt 1/1: Trying with 'selenium_browser' strategy...
2026-03-09 20:42:52,405 - INFO - [Times of India] Page content loaded.
2026-03-09 20:42:52,655 - INFO - [Times of India] Success with 'selenium_browser'. Found content (965 words).
2026-03-09 20:42:52,786 - INFO - Saved article: Marco Rubio or JD Vance? Donald Trump asks donors whom they prefer for president in 2028 — report - The Times of India from Times of India
2026-03-09 20:42:54,235 - INFO - [Times of India] Article: https://timesofindia.indiatimes.com/world/us/minnesota-lawmakers-condemn-hinduphobia-and-anti-hindu-bigotry-in-new-law-everything-you-need-to-know/articleshow/129354376.cms
2026-03-09 20:42:54,235 - INFO - [Times of India] Attempt 1/1: Trying with 'selenium_browser' strategy...
2026-03-09 20:42:57,446 - INFO - [Times of India] Page content loaded.
2026-03-09 20:42:57,612 - INFO - [Times of India] Success with 'selenium_browser'. Found content (372 words).
2026-03-09 20:42:57,728 - INFO - Saved article: Minnesota lawmakers condemn Hinduphobia and anti-Hindu bigotry in new law — Everything you need to know - The Times of India from Times of India
2026-03-09 20:42:58,768 - INFO - [Times of India] Article: https://timesofindia.indiatimes.com/world/us/maybe-its-your-values-shri-thanedar-slams-republican-leader-for-saying-muslims-dont-belong-in-american-society/articleshow/129353218.cms
2026-03-09 20:42:58,768 - INFO - [Times of India] Attempt 1/1: Trying with 'selenium_browser' strategy...
2026-03-09 20:42:59,864 - INFO - [Times of India] Page content loaded.
2026-03-09 20:43:00,020 - INFO - [Times of India] Success with 'selenium_browser'. Found content (277 words).
2026-03-09 20:43:00,101 - INFO - Saved article: ‘Maybe it’s your values’: Shri Thanedar slams Republican leader for saying Muslims ‘don’t belong’ in American society - The Times of India from Times of India
2026-03-09 20:43:01,457 - INFO - [Times of India] Article: https://timesofindia.indiatimes.com/world/us/activate-sleeper-cells-outside-what-encrypted-alert-us-says-it-has-intercepted-from-iran/articleshow/129351627.cms
2026-03-09 20:43:01,457 - INFO - [Times of India] Attempt 1/1: Trying with 'selenium_browser' strategy...
2026-03-09 20:43:03,801 - INFO - [Times of India] Page content loaded.
2026-03-09 20:43:04,030 - INFO - [Times of India] Success with 'selenium_browser'. Found content (336 words).
2026-03-09 20:43:04,085 - INFO - Saved article: Activate sleeper cells outside: What encrypted alert US says it has intercepted from Iran - The Times of India from Times of India
2026-03-09 20:43:04,933 - INFO - [Times of India] Article: https://timesofindia.indiatimes.com/etimes/trending/would-you-meditate-in-a-coffin-inside-japans-unusual-wellness-trend/articleshow/129347003.cms
2026-03-09 20:43:04,934 - INFO - [Times of India] Attempt 1/1: Trying with 'selenium_browser' strategy...
2026-03-09 20:43:16,595 - WARNING - [Times of India] Page timed out (10s). No <p> tags found. Proceeding anyway.
2026-03-09 20:43:16,801 - INFO - [Times of India] Success with 'selenium_browser'. Found content (436 words).
2026-03-09 20:43:16,954 - INFO - Saved article: Would you meditate in a coffin? Inside Japan’s unusual wellness trend - The Times of India from Times of India
2026-03-09 20:43:17,877 - INFO - [Times of India] Article: https://timesofindia.indiatimes.com/world/us/watch-accused-in-new-york-city-bomb-plot-flashes-isis-salute-while-in-custody/articleshow/129348503.cms
2026-03-09 20:43:17,877 - INFO - [Times of India] Attempt 1/1: Trying with 'selenium_browser' strategy...
2026-03-09 20:43:18,594 - INFO - [Times of India] Page content loaded.
2026-03-09 20:43:18,730 - INFO - [Times of India] Success with 'selenium_browser'. Found content (381 words).
2026-03-09 20:43:18,791 - INFO - Duplicate article skipped: Watch: Accused in New York City bomb plot flashes ISIS salute while in custody - The Times of India from Times of India
2026-03-09 20:43:19,451 - INFO - [Times of India] Article: https://timesofindia.indiatimes.com/etimes/trending/exorcists-warn-ai-is-a-great-power-that-could-be-exploited-by-satanic-groups/articleshow/129345241.cms
2026-03-09 20:43:19,452 - INFO - [Times of India] Attempt 1/1: Trying with 'selenium_browser' strategy...
2026-03-09 20:43:30,295 - WARNING - [Times of India] Page timed out (10s). No <p> tags found. Proceeding anyway.
2026-03-09 20:43:30,430 - INFO - [Times of India] Success with 'selenium_browser'. Found content (438 words).
2026-03-09 20:43:30,509 - INFO - Duplicate article skipped: Exorcists warn AI is a ‘great power’ that could be exploited by satanic groups - The Times of India from Times of India
2026-03-09 20:43:31,128 - INFO - [Times of India] Article: https://timesofindia.indiatimes.com/world/us/inappropriate-relationship-with-someone-ohio-state-university-president-ted-carters-mysterious-resignation/articleshow/129346477.cms
2026-03-09 20:43:31,128 - INFO - [Times of India] Attempt 1/1: Trying with 'selenium_browser' strategy...
2026-03-09 20:43:31,815 - INFO - [Times of India] Page content loaded.
2026-03-09 20:43:31,994 - INFO - [Times of India] Success with 'selenium_browser'. Found content (304 words).
2026-03-09 20:43:32,047 - INFO - Duplicate article skipped: Ted Carter Resigns: Inappropriate relationship with someone: Ohio State University president Ted Carter's mysterious resignation - The Times of India from Times of India
2026-03-09 20:43:32,828 - INFO - [Times of India] Article: https://timesofindia.indiatimes.com/world/us/terrible-humanitarian-mistake-trump-urges-australia-to-grant-asylum-to-iran-womens-football-team/articleshow/129343180.cms
2026-03-09 20:43:32,829 - INFO - [Times of India] Attempt 1/1: Trying with 'selenium_browser' strategy...
2026-03-09 20:43:34,138 - INFO - [Times of India] Page content loaded.
2026-03-09 20:43:34,287 - INFO - [Times of India] Success with 'selenium_browser'. Found content (317 words).
2026-03-09 20:43:34,343 - INFO - Duplicate article skipped: 'Anthony Albanese is doing a very good job': Donald Trump calls Australian PM, says some Iranian women soccer players are being taken care of - The Times of India from Times of India
2026-03-09 20:43:35,056 - INFO - [Times of India] (Thread) Finished. Attempting to shut down its Selenium driver.
2026-03-09 20:43:35,332 - INFO - [Times of India] (Thread) driver.quit() successful.
2026-03-09 20:43:35,332 - INFO - Shutting down thread pool (wait=False)...
2026-03-09 20:43:35,332 - INFO - Scraped: 0 BBC, 9 The Hindu, 5 Times of India, 1 The Guardian articles. (Total saved: 15)
2026-03-09 20:43:35,332 - INFO - --- Scraping job finished ---
2026-03-09 20:43:35,338 - INFO - --- Scraper service stopped and database connection closed. ---
2026-03-09 20:43:35,338 - INFO - --- Main thread finished. Forcing process exit to kill zombie threads. ---
