2026-03-12 07:05:01,059 - INFO - Initializing database connection at: news_articles.db
2026-03-12 07:05:01,060 - INFO - --- Scraper service started (CI Mode: Run Once) ---
2026-03-12 07:05:01,060 - INFO - --- Starting new scraping job (Parallel Mode) ---
2026-03-12 07:05:01,060 - INFO - Creating new robust session with 3 retries on 5xx/connection/read errors.
2026-03-12 07:05:01,060 - INFO - Proxy is DISABLED.
2026-03-12 07:05:01,061 - INFO - Starting scrape for BBC RSS feed: http://feeds.bbci.co.uk/news/world/rss.xml
2026-03-12 07:05:01,061 - INFO - [Times of India] (Thread) requires Selenium. Initializing driver...
2026-03-12 07:05:01,061 - INFO - Initializing headless Selenium Chrome driver (using SeleniumManager)...
2026-03-12 07:05:01,062 - INFO - Starting scrape for The Guardian RSS feed: https://www.theguardian.com/world/rss
2026-03-12 07:05:01,063 - INFO - [The Hindu] (Thread) requires Selenium. Initializing driver...
2026-03-12 07:05:01,063 - INFO - Initializing headless Selenium Chrome driver (using SeleniumManager)...
2026-03-12 07:05:01,063 - INFO - Submitted 4 jobs to thread pool. Waiting up to 300s for completion...
2026-03-12 07:05:01,161 - INFO - Found 45 articles in The Guardian RSS feed. Processing up to 10.
2026-03-12 07:05:01,161 - INFO - [The Guardian] Article: https://www.theguardian.com/global-development/2026/mar/12/invasive-ai-led-mass-surveillance-in-africa-violating-freedoms-warn-experts
2026-03-12 07:05:01,161 - INFO - [The Guardian] Attempt 1/1: Trying with 'requests_browser' strategy...
2026-03-12 07:05:01,213 - INFO - [The Guardian] Success with 'requests_browser'. Found content (621 words).
2026-03-12 07:05:01,270 - INFO - Saved article: ‘Invasive’ AI-led mass surveillance in Africa violating freedoms, warn experts | Global development | The Guardian from The Guardian
2026-03-12 07:05:01,333 - INFO - Found 33 articles in BBC RSS feed. Processing up to 10.
2026-03-12 07:05:01,334 - INFO - [BBC] Article: https://www.bbc.com/news/articles/c1w5141vx53o?at_medium=RSS&at_campaign=rss
2026-03-12 07:05:01,334 - INFO - [BBC] Attempt 1/1: Trying with 'requests_browser' strategy...
2026-03-12 07:05:01,527 - INFO - [BBC] Success with 'requests_browser'. Found content (424 words).
2026-03-12 07:05:01,566 - INFO - Duplicate article skipped: Oil price jumps despite deal to release record amount of reserves from BBC
2026-03-12 07:05:02,453 - INFO - [The Guardian] Article: https://www.theguardian.com/world/2026/mar/11/at-least-17-killed-after-drone-strikes-school-in-sudan
2026-03-12 07:05:02,453 - INFO - [The Guardian] Attempt 1/1: Trying with 'requests_browser' strategy...
2026-03-12 07:05:02,506 - INFO - [The Guardian] Success with 'requests_browser'. Found content (363 words).
2026-03-12 07:05:02,547 - INFO - Duplicate article skipped: At least 17 killed after drone strikes school in Sudan | Sudan | The Guardian from The Guardian
2026-03-12 07:05:03,047 - INFO - [BBC] Article: https://www.bbc.com/news/articles/cn0znx4xrl9o?at_medium=RSS&at_campaign=rss
2026-03-12 07:05:03,047 - INFO - [BBC] Attempt 1/1: Trying with 'requests_browser' strategy...
2026-03-12 07:05:03,097 - INFO - [BBC] Success with 'requests_browser'. Found content (1619 words).
2026-03-12 07:05:03,142 - INFO - Duplicate article skipped: Jeremy Bowen: Trump has called for an Iran uprising but the lessons from Iraq in 1991 loom large from BBC
2026-03-12 07:05:03,957 - INFO - [The Guardian] Article: https://www.theguardian.com/world/2026/mar/11/drone-attack-goma-eastern-democratic-republic-of-the-congo-m23-rebels
2026-03-12 07:05:03,957 - INFO - [The Guardian] Attempt 1/1: Trying with 'requests_browser' strategy...
2026-03-12 07:05:04,023 - INFO - [BBC] Article: https://www.bbc.com/news/articles/cr4576v66kno?at_medium=RSS&at_campaign=rss
2026-03-12 07:05:04,023 - INFO - [BBC] Attempt 1/1: Trying with 'requests_browser' strategy...
2026-03-12 07:05:04,031 - INFO - [The Guardian] Success with 'requests_browser'. Found content (551 words).
2026-03-12 07:05:04,080 - INFO - Duplicate article skipped: French aid worker among three killed in drone strike in east DRC, M23 rebels say | Democratic Republic of the Congo | The Guardian from The Guardian
2026-03-12 07:05:04,127 - INFO - [BBC] Success with 'requests_browser'. Found content (1807 words).
2026-03-12 07:05:04,176 - INFO - Duplicate article skipped: Epstein used modelling agent to recruit girls, Brazilian women tell BBC from BBC
2026-03-12 07:05:05,094 - INFO - [BBC] Article: https://www.bbc.com/news/articles/c07jr2pe5j9o?at_medium=RSS&at_campaign=rss
2026-03-12 07:05:05,094 - INFO - [BBC] Attempt 1/1: Trying with 'requests_browser' strategy...
2026-03-12 07:05:05,126 - INFO - [BBC] Success with 'requests_browser'. Found content (490 words).
2026-03-12 07:05:05,164 - INFO - Duplicate article skipped: Noma head chef René Redzepi resigns after abuse allegations and protests from BBC
2026-03-12 07:05:05,473 - INFO - [The Guardian] Article: https://www.theguardian.com/world/2026/mar/11/nigerian-soldiers-killed-jihadist-raids-north-east
2026-03-12 07:05:05,473 - INFO - [The Guardian] Attempt 1/1: Trying with 'requests_browser' strategy...
2026-03-12 07:05:05,534 - INFO - [The Guardian] Success with 'requests_browser'. Found content (428 words).
2026-03-12 07:05:05,568 - INFO - Duplicate article skipped: At least 65 Nigerian soldiers killed in jihadist raids in country’s north-east | Nigeria | The Guardian from The Guardian
2026-03-12 07:05:06,094 - INFO - [BBC] Article: https://www.bbc.com/news/articles/crm8rxwyyz8o?at_medium=RSS&at_campaign=rss
2026-03-12 07:05:06,094 - INFO - [BBC] Attempt 1/1: Trying with 'requests_browser' strategy...
2026-03-12 07:05:06,135 - INFO - [BBC] Success with 'requests_browser'. Found content (1054 words).
2026-03-12 07:05:06,183 - INFO - Saved article: War in Ukraine spills into Hungarian election from BBC
2026-03-12 07:05:06,399 - INFO - [The Guardian] Article: https://www.theguardian.com/us-news/2026/mar/11/rfk-vaccine-trials-guinea-bissau
2026-03-12 07:05:06,400 - INFO - [The Guardian] Attempt 1/1: Trying with 'requests_browser' strategy...
2026-03-12 07:05:06,451 - INFO - [The Guardian] Success with 'requests_browser'. Found content (1242 words).
2026-03-12 07:05:06,533 - INFO - Duplicate article skipped: Experts fear ‘unethical’ vaccine trial in Africa is ‘prototype’ for US studies under RFK Jr | US healthcare | The Guardian from The Guardian
2026-03-12 07:05:07,411 - INFO - [BBC] Article: https://www.bbc.com/news/articles/cvg80pedxeyo?at_medium=RSS&at_campaign=rss
2026-03-12 07:05:07,411 - INFO - [BBC] Attempt 1/1: Trying with 'requests_browser' strategy...
2026-03-12 07:05:07,449 - INFO - [BBC] Success with 'requests_browser'. Found content (1088 words).
2026-03-12 07:05:07,495 - INFO - Duplicate article skipped: National People's Congress: China's biggest political meeting is ending - what have we learned? from BBC
2026-03-12 07:05:07,836 - INFO - [The Guardian] Article: https://www.theguardian.com/world/2026/mar/12/quit-fossil-fuels-to-stem-deadly-floods-in-brazils-coffee-heartland-say-scientists
2026-03-12 07:05:07,837 - INFO - [The Guardian] Attempt 1/1: Trying with 'requests_browser' strategy...
2026-03-12 07:05:07,880 - INFO - [The Guardian] Success with 'requests_browser'. Found content (723 words).
2026-03-12 07:05:07,921 - INFO - Duplicate article skipped: Quit fossil fuels to stem deadly floods in Brazil’s coffee heartland, say scientists | Extreme weather | The Guardian from The Guardian
2026-03-12 07:05:08,714 - INFO - [BBC] Article: https://www.bbc.com/news/articles/cly093xxlzzo?at_medium=RSS&at_campaign=rss
2026-03-12 07:05:08,714 - INFO - [BBC] Attempt 1/1: Trying with 'requests_browser' strategy...
2026-03-12 07:05:08,746 - INFO - [BBC] Success with 'requests_browser'. Found content (523 words).
2026-03-12 07:05:08,785 - INFO - Duplicate article skipped: Countries agree to record release of emergency oil reserves as prices surge from BBC
2026-03-12 07:05:09,246 - INFO - Selenium driver initialized successfully.
2026-03-12 07:05:09,246 - INFO - Starting scrape for Times of India RSS feed: https://timesofindia.indiatimes.com/rssfeeds/296589292.cms
2026-03-12 07:05:09,246 - INFO - Selenium driver initialized successfully.
2026-03-12 07:05:09,247 - INFO - Starting scrape for The Hindu RSS feed: https://www.thehindu.com/news/national/feeder/default.rss
2026-03-12 07:05:09,388 - INFO - [The Guardian] Article: https://www.theguardian.com/world/2026/mar/11/el-salvador-mass-incarceration-crimes-against-humanity-study
2026-03-12 07:05:09,388 - INFO - [The Guardian] Attempt 1/1: Trying with 'requests_browser' strategy...
2026-03-12 07:05:09,417 - INFO - Found 20 articles in Times of India RSS feed. Processing up to 10.
2026-03-12 07:05:09,417 - INFO - [Times of India] Article: https://timesofindia.indiatimes.com/world/middle-east/us-israel-iran-war-news-live-udates-middle-east-crisis-conflict-drone-ballistic-missile-attacks-explosions-gulf-countries-dubai-flights-news-status-donald-trump-netanyahu-mojtaba-khamenei/liveblog/129485596.cms
2026-03-12 07:05:09,417 - INFO - [Times of India] Attempt 1/1: Trying with 'selenium_browser' strategy...
2026-03-12 07:05:09,423 - INFO - Found 100 articles in The Hindu RSS feed. Processing up to 10.
2026-03-12 07:05:09,425 - INFO - [The Hindu] Article: https://www.thehindu.com/news/national/tamil-nadu/palaniswami-vijay-slam-dmk-government-over-womens-safety-in-tn/article70733811.ece
2026-03-12 07:05:09,425 - INFO - [The Hindu] Attempt 1/1: Trying with 'selenium_browser' strategy...
2026-03-12 07:05:09,460 - INFO - [The Guardian] Success with 'requests_browser'. Found content (594 words).
2026-03-12 07:05:09,503 - INFO - Duplicate article skipped: El Salvador’s mass arrest policy may have led to crimes against humanity, study shows | El Salvador | The Guardian from The Guardian
2026-03-12 07:05:09,873 - INFO - [BBC] Article: https://www.bbc.com/news/articles/c2k872k980po?at_medium=RSS&at_campaign=rss
2026-03-12 07:05:09,873 - INFO - [BBC] Attempt 1/1: Trying with 'requests_browser' strategy...
2026-03-12 07:05:09,904 - INFO - [BBC] Success with 'requests_browser'. Found content (254 words).
2026-03-12 07:05:09,955 - INFO - Duplicate article skipped: Bodies of two Chinese backpackers found in Australian floodwaters from BBC
2026-03-12 07:05:10,535 - INFO - [The Guardian] Article: https://www.theguardian.com/world/2026/mar/11/argentina-asylum-brasil-elections
2026-03-12 07:05:10,535 - INFO - [The Guardian] Attempt 1/1: Trying with 'requests_browser' strategy...
2026-03-12 07:05:10,602 - INFO - [The Guardian] Success with 'requests_browser'. Found content (685 words).
2026-03-12 07:05:10,670 - INFO - Duplicate article skipped: Argentina grants asylum to Brasília rioter in move that may sway Brazil vote | Argentina | The Guardian from The Guardian
2026-03-12 07:05:11,404 - INFO - [BBC] Article: https://www.bbc.com/news/articles/c1mj1pyrzryo?at_medium=RSS&at_campaign=rss
2026-03-12 07:05:11,404 - INFO - [BBC] Attempt 1/1: Trying with 'requests_browser' strategy...
2026-03-12 07:05:11,578 - INFO - [BBC] Success with 'requests_browser'. Found content (907 words).
2026-03-12 07:05:11,870 - INFO - Duplicate article skipped: 'Even under missiles we carry on living' - how young Iranians are coping with war from BBC
2026-03-12 07:05:12,054 - INFO - [The Guardian] Article: https://www.theguardian.com/world/2026/mar/11/jose-antonio-kast-pinochet-fan-chile-far-right
2026-03-12 07:05:12,054 - INFO - [The Guardian] Attempt 1/1: Trying with 'requests_browser' strategy...
2026-03-12 07:05:12,238 - INFO - [The Guardian] Success with 'requests_browser'. Found content (1085 words).
2026-03-12 07:05:12,360 - INFO - Duplicate article skipped: José Antonio Kast, the Pinochet fan about to swerve Chile to the far right | Chile | The Guardian from The Guardian
2026-03-12 07:05:12,977 - INFO - [BBC] Article: https://www.bbc.com/news/articles/c620vwl97vyo?at_medium=RSS&at_campaign=rss
2026-03-12 07:05:12,977 - INFO - [BBC] Attempt 1/1: Trying with 'requests_browser' strategy...
2026-03-12 07:05:13,091 - INFO - [BBC] Success with 'requests_browser'. Found content (751 words).
2026-03-12 07:05:13,209 - INFO - Duplicate article skipped: EU and UK demand Israel stop surge in West Bank settler violence from BBC
2026-03-12 07:05:13,725 - INFO - [The Guardian] Article: https://www.theguardian.com/world/2026/mar/10/haiti-president-jovenel-moise-trial
2026-03-12 07:05:13,727 - INFO - [The Guardian] Attempt 1/1: Trying with 'requests_browser' strategy...
2026-03-12 07:05:13,804 - INFO - [The Hindu] Page content loaded.
2026-03-12 07:05:13,876 - INFO - [The Guardian] Success with 'requests_browser'. Found content (720 words).
2026-03-12 07:05:13,960 - INFO - Duplicate article skipped: Haiti president’s assassination driven by greed and power, US prosecutors say | Haiti | The Guardian from The Guardian
2026-03-12 07:05:16,172 - INFO - [The Hindu] Success with 'selenium_browser'. Found content (262 words).
2026-03-12 07:05:16,580 - INFO - Saved article: Palaniswami, Vijay slam DMK government over women’s safety in T.N. - The Hindu from The Hindu
2026-03-12 07:05:18,038 - INFO - [The Hindu] Article: https://www.thehindu.com/news/national/kerala/kerala-hc-orders-removal-of-vellappally-natesan-other-sndp-yogam-office-bearers-from-their-posts/article70734048.ece
2026-03-12 07:05:18,038 - INFO - [The Hindu] Attempt 1/1: Trying with 'selenium_browser' strategy...
2026-03-12 07:05:21,285 - INFO - [The Hindu] Page content loaded.
2026-03-12 07:05:21,560 - INFO - [The Hindu] Success with 'selenium_browser'. Found content (109 words).
2026-03-12 07:05:21,952 - INFO - Saved article: Kerala HC orders removal of Vellappally Natesan, other SNDP Yogam office-bearers from their posts - The Hindu from The Hindu
2026-03-12 07:05:22,903 - INFO - [The Hindu] Article: https://www.thehindu.com/news/national/west-bengal/r-n-ravi-takes-oath-as-22nd-governor-of-west-bengal/article70734049.ece
2026-03-12 07:05:22,904 - INFO - [The Hindu] Attempt 1/1: Trying with 'selenium_browser' strategy...
2026-03-12 07:05:27,260 - INFO - [The Hindu] Page content loaded.
2026-03-12 07:05:27,551 - INFO - [The Hindu] Success with 'selenium_browser'. Found content (139 words).
2026-03-12 07:05:27,725 - INFO - Saved article: R N Ravi takes oath as 22nd Governor of West Bengal - The Hindu from The Hindu
2026-03-12 07:05:28,237 - INFO - [The Hindu] Article: https://www.thehindu.com/news/national/bihar/samriddhi-yatra-nitish-kumar-launches-projects-worth-781-crore/article70731231.ece
2026-03-12 07:05:28,238 - INFO - [The Hindu] Attempt 1/1: Trying with 'selenium_browser' strategy...
2026-03-12 07:06:09,460 - ERROR - [Times of India] Request failed for strategy 'selenium_browser' on URL https://timesofindia.indiatimes.com/world/middle-east/us-israel-iran-war-news-live-udates-middle-east-crisis-conflict-drone-ballistic-missile-attacks-explosions-gulf-countries-dubai-flights-news-status-donald-trump-netanyahu-mojtaba-khamenei/liveblog/129485596.cms: Message: timeout: Timed out receiving message from renderer: 59.698
  (Session info: chrome=145.0.7632.116)
Stacktrace:
#0 0x564d0ae7eb6a <unknown>
#1 0x564d0a891a32 <unknown>
#2 0x564d0a879007 <unknown>
#3 0x564d0a878c16 <unknown>
#4 0x564d0a876731 <unknown>
#5 0x564d0a8770bf <unknown>
#6 0x564d0a886560 <unknown>
#7 0x564d0a8a0707 <unknown>
#8 0x564d0a8a78db <unknown>
#9 0x564d0a877829 <unknown>
#10 0x564d0a8a049c <unknown>
#11 0x564d0a92f6e1 <unknown>
#12 0x564d0a8d8c0f <unknown>
#13 0x564d0a8d99d1 <unknown>
#14 0x564d0ae436b9 <unknown>
#15 0x564d0ae465c1 <unknown>
#16 0x564d0ae2fe29 <unknown>
#17 0x564d0ae4717e <unknown>
#18 0x564d0ae164b0 <unknown>
#19 0x564d0ae6b578 <unknown>
#20 0x564d0ae6b74b <unknown>
#21 0x564d0ae7d1a3 <unknown>
#22 0x7f1fe6c9caa4 <unknown>
#23 0x7f1fe6d29c6c <unknown>

2026-03-12 07:06:09,460 - ERROR - [Times of India] All scrape strategies failed for https://timesofindia.indiatimes.com/world/middle-east/us-israel-iran-war-news-live-udates-middle-east-crisis-conflict-drone-ballistic-missile-attacks-explosions-gulf-countries-dubai-flights-news-status-donald-trump-netanyahu-mojtaba-khamenei/liveblog/129485596.cms. Falling back to RSS description.
2026-03-12 07:06:09,461 - INFO - Duplicate article skipped: US-Israel-Iran War News Live Updates: Saudi intercepts drone headed to Shaybah oil field; Israeli strikes 10 Hezbollah targets in Beirut from Times of India
2026-03-12 07:06:10,914 - INFO - [Times of India] Article: https://timesofindia.indiatimes.com/science/scientists-reveal-the-surprising-lunar-site-china-may-target-for-its-2030-moon-landing/articleshow/129493430.cms
2026-03-12 07:06:10,914 - INFO - [Times of India] Attempt 1/1: Trying with 'selenium_browser' strategy...
2026-03-12 07:06:28,263 - ERROR - [The Hindu] Request failed for strategy 'selenium_browser' on URL https://www.thehindu.com/news/national/bihar/samriddhi-yatra-nitish-kumar-launches-projects-worth-781-crore/article70731231.ece: Message: timeout: Timed out receiving message from renderer: 58.508
  (Session info: chrome=145.0.7632.116)
Stacktrace:
#0 0x55e08173ab6a <unknown>
#1 0x55e08114da32 <unknown>
#2 0x55e081135007 <unknown>
#3 0x55e081134c16 <unknown>
#4 0x55e081132731 <unknown>
#5 0x55e0811330bf <unknown>
#6 0x55e081142560 <unknown>
#7 0x55e08115c707 <unknown>
#8 0x55e0811638db <unknown>
#9 0x55e081133829 <unknown>
#10 0x55e08115c49c <unknown>
#11 0x55e0811eb6e1 <unknown>
#12 0x55e081194c0f <unknown>
#13 0x55e0811959d1 <unknown>
#14 0x55e0816ff6b9 <unknown>
#15 0x55e0817025c1 <unknown>
#16 0x55e0816ebe29 <unknown>
#17 0x55e08170317e <unknown>
#18 0x55e0816d24b0 <unknown>
#19 0x55e081727578 <unknown>
#20 0x55e08172774b <unknown>
#21 0x55e0817391a3 <unknown>
#22 0x7fdea589caa4 <unknown>
#23 0x7fdea5929c6c <unknown>

2026-03-12 07:06:28,264 - ERROR - [The Hindu] All scrape strategies failed for https://www.thehindu.com/news/national/bihar/samriddhi-yatra-nitish-kumar-launches-projects-worth-781-crore/article70731231.ece. Falling back to RSS description.
2026-03-12 07:06:28,265 - INFO - Saved article: Samriddhi Yatra: Nitish Kumar launches projects worth ₹781 crore from The Hindu
2026-03-12 07:06:28,821 - INFO - [The Hindu] Article: https://www.thehindu.com/news/cities/Hyderabad/two-students-heading-to-exam-killed-in-shamshabad-hit-and-run-accident/article70733964.ece
2026-03-12 07:06:28,821 - INFO - [The Hindu] Attempt 1/1: Trying with 'selenium_browser' strategy...
2026-03-12 07:06:30,394 - INFO - [The Hindu] Page content loaded.
2026-03-12 07:06:30,500 - INFO - [The Hindu] Success with 'selenium_browser'. Found content (184 words).
2026-03-12 07:06:30,658 - INFO - Saved article: Two students heading to exam killed in Shamshabad hit-and-run accident - The Hindu from The Hindu
2026-03-12 07:06:31,533 - INFO - [The Hindu] Article: https://www.thehindu.com/news/national/opposition-mps-protest-in-parliament-complex-over-shortage-of-commercial-lpg-cylinders/article70733987.ece
2026-03-12 07:06:31,533 - INFO - [The Hindu] Attempt 1/1: Trying with 'selenium_browser' strategy...
2026-03-12 07:07:10,953 - ERROR - [Times of India] Request failed for strategy 'selenium_browser' on URL https://timesofindia.indiatimes.com/science/scientists-reveal-the-surprising-lunar-site-china-may-target-for-its-2030-moon-landing/articleshow/129493430.cms: Message: timeout: Timed out receiving message from renderer: 59.956
  (Session info: chrome=145.0.7632.116)
Stacktrace:
#0 0x564d0ae7eb6a <unknown>
#1 0x564d0a891a32 <unknown>
#2 0x564d0a879007 <unknown>
#3 0x564d0a878c16 <unknown>
#4 0x564d0a876731 <unknown>
#5 0x564d0a8770bf <unknown>
#6 0x564d0a886560 <unknown>
#7 0x564d0a8a0707 <unknown>
#8 0x564d0a8a78db <unknown>
#9 0x564d0a877829 <unknown>
#10 0x564d0a8a049c <unknown>
#11 0x564d0a92f6e1 <unknown>
#12 0x564d0a8d8c0f <unknown>
#13 0x564d0a8d99d1 <unknown>
#14 0x564d0ae436b9 <unknown>
#15 0x564d0ae465c1 <unknown>
#16 0x564d0ae2fe29 <unknown>
#17 0x564d0ae4717e <unknown>
#18 0x564d0ae164b0 <unknown>
#19 0x564d0ae6b578 <unknown>
#20 0x564d0ae6b74b <unknown>
#21 0x564d0ae7d1a3 <unknown>
#22 0x7f1fe6c9caa4 <unknown>
#23 0x7f1fe6d29c6c <unknown>

2026-03-12 07:07:10,954 - ERROR - [Times of India] All scrape strategies failed for https://timesofindia.indiatimes.com/science/scientists-reveal-the-surprising-lunar-site-china-may-target-for-its-2030-moon-landing/articleshow/129493430.cms. Falling back to RSS description.
2026-03-12 07:07:10,958 - INFO - Saved article: Scientists reveal the surprising lunar site China may target for its 2030 moon landing from Times of India
2026-03-12 07:07:12,417 - INFO - [Times of India] Article: https://timesofindia.indiatimes.com/science/nasa-discovers-lake-untersee-in-antarctica/articleshow/129494230.cms
2026-03-12 07:07:12,417 - INFO - [Times of India] Attempt 1/1: Trying with 'selenium_browser' strategy...
2026-03-12 07:07:31,554 - ERROR - [The Hindu] Request failed for strategy 'selenium_browser' on URL https://www.thehindu.com/news/national/opposition-mps-protest-in-parliament-complex-over-shortage-of-commercial-lpg-cylinders/article70733987.ece: Message: timeout: Timed out receiving message from renderer: 59.753
  (Session info: chrome=145.0.7632.116)
Stacktrace:
#0 0x55e08173ab6a <unknown>
#1 0x55e08114da32 <unknown>
#2 0x55e081135007 <unknown>
#3 0x55e081134c16 <unknown>
#4 0x55e081132731 <unknown>
#5 0x55e0811330bf <unknown>
#6 0x55e081142560 <unknown>
#7 0x55e08115c707 <unknown>
#8 0x55e0811638db <unknown>
#9 0x55e081133829 <unknown>
#10 0x55e08115c49c <unknown>
#11 0x55e0811eb6e1 <unknown>
#12 0x55e081194c0f <unknown>
#13 0x55e0811959d1 <unknown>
#14 0x55e0816ff6b9 <unknown>
#15 0x55e0817025c1 <unknown>
#16 0x55e0816ebe29 <unknown>
#17 0x55e08170317e <unknown>
#18 0x55e0816d24b0 <unknown>
#19 0x55e081727578 <unknown>
#20 0x55e08172774b <unknown>
#21 0x55e0817391a3 <unknown>
#22 0x7fdea589caa4 <unknown>
#23 0x7fdea5929c6c <unknown>

2026-03-12 07:07:31,554 - ERROR - [The Hindu] All scrape strategies failed for https://www.thehindu.com/news/national/opposition-mps-protest-in-parliament-complex-over-shortage-of-commercial-lpg-cylinders/article70733987.ece. Falling back to RSS description.
2026-03-12 07:07:31,556 - INFO - Saved article: Opposition MPs protest in Parliament complex over shortage of commercial LPG cylinders from The Hindu
2026-03-12 07:07:32,371 - INFO - [The Hindu] Article: https://www.thehindu.com/news/national/heatwave-in-many-areas-in-western-states-above-normal-temperatures-in-north-imd/article70734010.ece
2026-03-12 07:07:32,371 - INFO - [The Hindu] Attempt 1/1: Trying with 'selenium_browser' strategy...
2026-03-12 07:07:32,928 - INFO - [Times of India] Page content loaded.
2026-03-12 07:07:33,161 - INFO - [Times of India] Success with 'selenium_browser'. Found content (535 words).
2026-03-12 07:07:33,307 - INFO - Saved article: NASA discovers Lake Untersee in Antarctica | - The Times of India from Times of India
2026-03-12 07:07:33,774 - INFO - [The Hindu] Page content loaded.
2026-03-12 07:07:33,840 - INFO - [The Hindu] Success with 'selenium_browser'. Found content (250 words).
2026-03-12 07:07:33,900 - INFO - Saved article: Heatwave in many areas in western States, above normal temperatures in north: IMD - The Hindu from The Hindu
2026-03-12 07:07:34,705 - INFO - [Times of India] Article: https://timesofindia.indiatimes.com/science/why-nasa-doesnt-have-an-emergency-rescue-plan-for-astronauts-in-space/articleshow/129477901.cms
2026-03-12 07:07:34,705 - INFO - [Times of India] Attempt 1/1: Trying with 'selenium_browser' strategy...
2026-03-12 07:07:34,823 - INFO - [The Hindu] Article: https://www.thehindu.com/news/cities/Visakhapatnam/minister-nara-lokesh-meets-capgemini-ceo-urges-to-set-up-it-development-centre-gcc-in-visakhapatnam/article70733927.ece
2026-03-12 07:07:34,823 - INFO - [The Hindu] Attempt 1/1: Trying with 'selenium_browser' strategy...
2026-03-12 07:07:35,653 - INFO - [Times of India] Page content loaded.
2026-03-12 07:07:35,990 - INFO - [Times of India] Success with 'selenium_browser'. Found content (470 words).
2026-03-12 07:07:36,054 - INFO - Saved article: Why NASA doesn’t have an emergency rescue plan for astronauts in space | - The Times of India from Times of India
2026-03-12 07:07:36,906 - INFO - [The Hindu] Page content loaded.
2026-03-12 07:07:37,055 - INFO - [The Hindu] Success with 'selenium_browser'. Found content (402 words).
2026-03-12 07:07:37,236 - INFO - [Times of India] Article: https://timesofindia.indiatimes.com/world/rest-of-world/a-giant-iceberg-twice-the-size-of-london-is-under-threat-of-disappearing/articleshow/129494927.cms
2026-03-12 07:07:37,236 - INFO - [Times of India] Attempt 1/1: Trying with 'selenium_browser' strategy...
2026-03-12 07:07:37,297 - INFO - Saved article: Minister Nara Lokesh meets Capgemini CEO; urges to set up IT development centre, GCC in Visakhapatnam - The Hindu from The Hindu
2026-03-12 07:07:38,555 - INFO - [The Hindu] Article: https://www.thehindu.com/videos/watch-west-asia-crisis-exposes-risks-to-indias-oil-security-and-policy-gaps-the-hindu-editorial/article70733984.ece
2026-03-12 07:07:38,556 - INFO - [The Hindu] Attempt 1/1: Trying with 'selenium_browser' strategy...
2026-03-12 07:07:38,847 - INFO - [Times of India] Page content loaded.
2026-03-12 07:07:38,994 - INFO - [Times of India] Success with 'selenium_browser'. Found content (926 words).
2026-03-12 07:07:39,196 - INFO - Saved article: A giant iceberg twice the size of London is under threat of disappearing | World News - The Times of India from Times of India
2026-03-12 07:07:40,146 - INFO - [Times of India] Article: https://timesofindia.indiatimes.com/world/middle-east/watch-video-shows-huge-blaze-after-blasts-hit-oil-tankers-off-iraqs-basra-coast/articleshow/129489843.cms
2026-03-12 07:07:40,146 - INFO - [Times of India] Attempt 1/1: Trying with 'selenium_browser' strategy...
2026-03-12 07:07:41,010 - INFO - [The Hindu] Page content loaded.
2026-03-12 07:07:41,192 - INFO - [The Hindu] Success with 'selenium_browser'. Found content (137 words).
2026-03-12 07:07:41,314 - INFO - Saved article: Watch: West Asia crisis exposes risks to India’s oil security and policy gaps | The Hindu Editorial - The Hindu from The Hindu
2026-03-12 07:07:41,997 - INFO - [Times of India] Page content loaded.
2026-03-12 07:07:42,176 - INFO - [Times of India] Success with 'selenium_browser'. Found content (381 words).
2026-03-12 07:07:42,243 - INFO - [The Hindu] Article: https://www.thehindu.com/news/national/tamil-nadu/sri-lankan-navy-arrests-two-indian-fishermen-from-rameswaram/article70733910.ece
2026-03-12 07:07:42,248 - INFO - [The Hindu] Attempt 1/1: Trying with 'selenium_browser' strategy...
2026-03-12 07:07:42,276 - INFO - Duplicate article skipped: Watch: Video shows huge blaze after blasts hit oil tankers off Iraq’s Basra coast - The Times of India from Times of India
2026-03-12 07:07:43,042 - INFO - [Times of India] Article: https://timesofindia.indiatimes.com/world/us/iran-sleeper-cells-in-us-what-trump-said-when-asked-how-many-there-could-be/articleshow/129488104.cms
2026-03-12 07:07:43,043 - INFO - [Times of India] Attempt 1/1: Trying with 'selenium_browser' strategy...
2026-03-12 07:07:43,394 - INFO - [The Hindu] Page content loaded.
2026-03-12 07:07:43,698 - INFO - [The Hindu] Success with 'selenium_browser'. Found content (156 words).
2026-03-12 07:07:43,801 - INFO - Saved article: Sri Lanka: Navy arrests two Indian fishermen near Katchatheevu - The Hindu from The Hindu
2026-03-12 07:07:44,887 - INFO - [Times of India] Page content loaded.
2026-03-12 07:07:45,265 - INFO - [The Hindu] (Thread) Finished. Attempting to shut down its Selenium driver.
2026-03-12 07:07:45,549 - INFO - [The Hindu] (Thread) driver.quit() successful.
2026-03-12 07:07:45,609 - INFO - [Times of India] Success with 'selenium_browser'. Found content (437 words).
2026-03-12 07:07:45,671 - INFO - Duplicate article skipped: Iran 'sleeper cells' in US: What Trump said when asked how many there could be - The Times of India from Times of India
2026-03-12 07:07:46,856 - INFO - [Times of India] Article: https://timesofindia.indiatimes.com/world/middle-east/indian-embassy-teams-up-with-jazeera-airways-arranges-travel-relief-for-stranded-nationals-amid-flight-disruptions-across-the-gulf-due-to-iran-vs-us-israel-war/articleshow/129487277.cms
2026-03-12 07:07:46,856 - INFO - [Times of India] Attempt 1/1: Trying with 'selenium_browser' strategy...
2026-03-12 07:07:48,150 - INFO - [Times of India] Page content loaded.
2026-03-12 07:07:48,277 - INFO - [Times of India] Success with 'selenium_browser'. Found content (711 words).
2026-03-12 07:07:48,334 - INFO - Duplicate article skipped: Indian Embassy teams up with Jazeera Airways, arranges travel relief for stranded nationals in Kuwait amid flight disruptions across the Gulf due to Iran vs US-Israel war - The Times of India from Times of India
2026-03-12 07:07:49,267 - INFO - [Times of India] Article: https://timesofindia.indiatimes.com/world/us-streamers/claviculars-daily-looksmaxxing-drg-stack-sparks-alarm-as-doctor-warns-of-serious-health-risks/articleshow/129486785.cms
2026-03-12 07:07:49,267 - INFO - [Times of India] Attempt 1/1: Trying with 'selenium_browser' strategy...
2026-03-12 07:07:49,802 - INFO - [Times of India] Page content loaded.
2026-03-12 07:07:49,910 - INFO - [Times of India] Success with 'selenium_browser'. Found content (387 words).
2026-03-12 07:07:49,966 - INFO - Duplicate article skipped: Clavicular’s daily looksmaxxing dr*g stack sparks alarm as doctor warns of serious health risks - The Times of India from Times of India
2026-03-12 07:07:51,002 - INFO - [Times of India] Article: https://timesofindia.indiatimes.com/world/us-streamers/charlie-was-appointed-candace-owens-erika-kirk-criticism-backfires-as-linda-yaccarino-and-laura-loomer-turn-on-her/articleshow/129486042.cms
2026-03-12 07:07:51,002 - INFO - [Times of India] Attempt 1/1: Trying with 'selenium_browser' strategy...
2026-03-12 07:07:51,714 - INFO - [Times of India] Page content loaded.
2026-03-12 07:07:51,855 - INFO - [Times of India] Success with 'selenium_browser'. Found content (550 words).
2026-03-12 07:07:51,918 - INFO - Duplicate article skipped: “Charlie was appointed”: Candace Owens’ Erika Kirk criticism backfires as Linda Yaccarino and Laura Loomer turn on her - The Times of India from Times of India
2026-03-12 07:07:53,115 - INFO - [Times of India] (Thread) Finished. Attempting to shut down its Selenium driver.
2026-03-12 07:07:53,291 - INFO - [Times of India] (Thread) driver.quit() successful.
2026-03-12 07:07:53,291 - INFO - Shutting down thread pool (wait=False)...
2026-03-12 07:07:53,291 - INFO - Scraped: 4 Times of India, 1 The Guardian, 10 The Hindu, 1 BBC articles. (Total saved: 16)
2026-03-12 07:07:53,292 - INFO - --- Scraping job finished ---
2026-03-12 07:07:53,300 - INFO - --- Scraper service stopped and database connection closed. ---
2026-03-12 07:07:53,300 - INFO - --- Main thread finished. Forcing process exit to kill zombie threads. ---
