2026-03-11 17:00:57,626 - INFO - Initializing database connection at: news_articles.db
2026-03-11 17:00:57,626 - INFO - --- Scraper service started (CI Mode: Run Once) ---
2026-03-11 17:00:57,626 - INFO - --- Starting new scraping job (Parallel Mode) ---
2026-03-11 17:00:57,626 - INFO - Creating new robust session with 3 retries on 5xx/connection/read errors.
2026-03-11 17:00:57,627 - INFO - Proxy is DISABLED.
2026-03-11 17:00:57,628 - INFO - Starting scrape for BBC RSS feed: http://feeds.bbci.co.uk/news/world/rss.xml
2026-03-11 17:00:57,628 - INFO - [Times of India] (Thread) requires Selenium. Initializing driver...
2026-03-11 17:00:57,628 - INFO - Initializing headless Selenium Chrome driver (using SeleniumManager)...
2026-03-11 17:00:57,629 - INFO - Starting scrape for The Guardian RSS feed: https://www.theguardian.com/world/rss
2026-03-11 17:00:57,629 - INFO - [The Hindu] (Thread) requires Selenium. Initializing driver...
2026-03-11 17:00:57,629 - INFO - Submitted 4 jobs to thread pool. Waiting up to 300s for completion...
2026-03-11 17:00:57,630 - INFO - Initializing headless Selenium Chrome driver (using SeleniumManager)...
2026-03-11 17:00:57,753 - INFO - Found 45 articles in The Guardian RSS feed. Processing up to 10.
2026-03-11 17:00:57,754 - INFO - [The Guardian] Article: https://www.theguardian.com/world/2026/mar/11/drone-attack-goma-eastern-democratic-republic-of-the-congo-m23-rebels
2026-03-11 17:00:57,754 - INFO - [The Guardian] Attempt 1/1: Trying with 'requests_browser' strategy...
2026-03-11 17:00:57,822 - INFO - [The Guardian] Success with 'requests_browser'. Found content (551 words).
2026-03-11 17:00:57,899 - INFO - Duplicate article skipped: French aid worker among three killed in drone strike in east DRC, M23 rebels say | Democratic Republic of the Congo | The Guardian from The Guardian
2026-03-11 17:00:57,911 - INFO - Found 35 articles in BBC RSS feed. Processing up to 10.
2026-03-11 17:00:57,911 - INFO - [BBC] Article: https://www.bbc.com/news/articles/cn0znx4xrl9o?at_medium=RSS&at_campaign=rss
2026-03-11 17:00:57,911 - INFO - [BBC] Attempt 1/1: Trying with 'requests_browser' strategy...
2026-03-11 17:00:58,053 - INFO - [BBC] Success with 'requests_browser'. Found content (1619 words).
2026-03-11 17:00:58,135 - INFO - Saved article: Jeremy Bowen: Trump has called for an Iran uprising but the lessons from Iraq in 1991 loom large from BBC
2026-03-11 17:00:58,755 - INFO - [The Guardian] Article: https://www.theguardian.com/world/2026/mar/11/nigerian-soldiers-killed-jihadist-raids-north-east
2026-03-11 17:00:58,755 - INFO - [The Guardian] Attempt 1/1: Trying with 'requests_browser' strategy...
2026-03-11 17:00:58,843 - INFO - Selenium driver initialized successfully.
2026-03-11 17:00:58,844 - INFO - Starting scrape for The Hindu RSS feed: https://www.thehindu.com/news/national/feeder/default.rss
2026-03-11 17:00:58,846 - INFO - [The Guardian] Success with 'requests_browser'. Found content (428 words).
2026-03-11 17:00:58,857 - INFO - Selenium driver initialized successfully.
2026-03-11 17:00:58,862 - INFO - Starting scrape for Times of India RSS feed: https://timesofindia.indiatimes.com/rssfeeds/296589292.cms
2026-03-11 17:00:58,894 - INFO - Duplicate article skipped: At least 65 Nigerian soldiers killed in jihadist raids in country’s north-east | Nigeria | The Guardian from The Guardian
2026-03-11 17:00:58,986 - INFO - Found 100 articles in The Hindu RSS feed. Processing up to 10.
2026-03-11 17:00:58,987 - INFO - [The Hindu] Article: https://www.thehindu.com/news/national/india-must-diversify-energy-sources-as-oil-markets-turn-volatile-says-former-deputy-nsa-pankaj-saran/article70731858.ece
2026-03-11 17:00:58,987 - INFO - [The Hindu] Attempt 1/1: Trying with 'selenium_browser' strategy...
2026-03-11 17:00:59,033 - INFO - Found 20 articles in Times of India RSS feed. Processing up to 10.
2026-03-11 17:00:59,033 - INFO - [Times of India] Article: https://timesofindia.indiatimes.com/world/us-israel-iran-war-news-live-udates-middle-east-crisis-conflict-drone-ballistic-missile-attacks-explosions-gulf-countries-flights-status-donald-trump-netanyahu-khamenei/liveblog/129370636.cms
2026-03-11 17:00:59,033 - INFO - [Times of India] Attempt 1/1: Trying with 'selenium_browser' strategy...
2026-03-11 17:00:59,064 - INFO - [BBC] Article: https://www.bbc.com/news/articles/cly093xxlzzo?at_medium=RSS&at_campaign=rss
2026-03-11 17:00:59,065 - INFO - [BBC] Attempt 1/1: Trying with 'requests_browser' strategy...
2026-03-11 17:00:59,105 - INFO - [BBC] Success with 'requests_browser'. Found content (523 words).
2026-03-11 17:00:59,151 - INFO - Duplicate article skipped: Countries agree to record release of emergency oil reserves as prices surge from BBC
2026-03-11 17:00:59,872 - INFO - [The Guardian] Article: https://www.theguardian.com/us-news/2026/mar/11/rfk-vaccine-trials-guinea-bissau
2026-03-11 17:00:59,872 - INFO - [The Guardian] Attempt 1/1: Trying with 'requests_browser' strategy...
2026-03-11 17:00:59,939 - INFO - [The Guardian] Success with 'requests_browser'. Found content (1242 words).
2026-03-11 17:00:59,988 - INFO - Duplicate article skipped: Experts fear ‘unethical’ vaccine trial in Africa is ‘prototype’ for US studies under RFK Jr | US healthcare | The Guardian from The Guardian
2026-03-11 17:00:59,992 - INFO - [BBC] Article: https://www.bbc.com/news/articles/c1mj1pyrzryo?at_medium=RSS&at_campaign=rss
2026-03-11 17:00:59,992 - INFO - [BBC] Attempt 1/1: Trying with 'requests_browser' strategy...
2026-03-11 17:01:00,053 - INFO - [BBC] Success with 'requests_browser'. Found content (907 words).
2026-03-11 17:01:00,118 - INFO - Saved article: 'Even under missiles we carry on living' - how young Iranians are coping with war from BBC
2026-03-11 17:01:00,935 - INFO - [The Guardian] Article: https://www.theguardian.com/global-development/2026/mar/11/prison-sentences-attacked-gay-men-hope-kenya-lgbtq-community
2026-03-11 17:01:00,936 - INFO - [The Guardian] Attempt 1/1: Trying with 'requests_browser' strategy...
2026-03-11 17:01:00,939 - INFO - [BBC] Article: https://www.bbc.com/news/articles/c620vwl97vyo?at_medium=RSS&at_campaign=rss
2026-03-11 17:01:00,939 - INFO - [BBC] Attempt 1/1: Trying with 'requests_browser' strategy...
2026-03-11 17:01:01,011 - INFO - [BBC] Success with 'requests_browser'. Found content (751 words).
2026-03-11 17:01:01,077 - INFO - [The Guardian] Success with 'requests_browser'. Found content (930 words).
2026-03-11 17:01:01,145 - INFO - Duplicate article skipped: EU and UK demand Israel stop surge in West Bank settler violence from BBC
2026-03-11 17:01:01,225 - INFO - Duplicate article skipped: Prison sentences for pair who attacked gay men hailed as sign of hope for Kenya’s LGBTQ+ community | Global development | The Guardian from The Guardian
2026-03-11 17:01:01,845 - INFO - [BBC] Article: https://www.bbc.com/news/articles/ckg1eqw30l9o?at_medium=RSS&at_campaign=rss
2026-03-11 17:01:01,845 - INFO - [BBC] Attempt 1/1: Trying with 'requests_browser' strategy...
2026-03-11 17:01:01,938 - INFO - [BBC] Success with 'requests_browser'. Found content (394 words).
2026-03-11 17:01:02,310 - INFO - Duplicate article skipped: Ukraine says it has hit Russian 'missile component' plant from BBC
2026-03-11 17:01:02,368 - INFO - [The Guardian] Article: https://www.theguardian.com/travel/2026/mar/10/principe-africa-villagers-to-be-paid-protect-ecosystem-african-galapagos
2026-03-11 17:01:02,368 - INFO - [The Guardian] Attempt 1/1: Trying with 'requests_browser' strategy...
2026-03-11 17:01:02,498 - INFO - [The Guardian] Success with 'requests_browser'. Found content (666 words).
2026-03-11 17:01:02,823 - INFO - Duplicate article skipped: Villagers on Príncipe, the ‘African Galapagos’, to be paid for protecting the ecosystem | Sao Tome and Principe | The Guardian from The Guardian
2026-03-11 17:01:03,554 - INFO - [BBC] Article: https://www.bbc.com/news/articles/cvgj8veg0gno?at_medium=RSS&at_campaign=rss
2026-03-11 17:01:03,554 - INFO - [BBC] Attempt 1/1: Trying with 'requests_browser' strategy...
2026-03-11 17:01:03,690 - INFO - [The Guardian] Article: https://www.theguardian.com/world/2026/mar/11/el-salvador-mass-incarceration-crimes-against-humanity-study
2026-03-11 17:01:03,690 - INFO - [The Guardian] Attempt 1/1: Trying with 'requests_browser' strategy...
2026-03-11 17:01:03,830 - INFO - [BBC] Success with 'requests_browser'. Found content (659 words).
2026-03-11 17:01:04,046 - INFO - Duplicate article skipped: UN aid worker Karine Buisset and two others killed in DR Congo’s M23-held Goma city from BBC
2026-03-11 17:01:04,061 - INFO - [The Guardian] Success with 'requests_browser'. Found content (594 words).
2026-03-11 17:01:04,179 - INFO - Saved article: El Salvador’s mass arrest policy may have led to crimes against humanity, study shows | El Salvador | The Guardian from The Guardian
2026-03-11 17:01:04,756 - INFO - [BBC] Article: https://www.bbc.com/news/articles/c93j2492d0do?at_medium=RSS&at_campaign=rss
2026-03-11 17:01:04,756 - INFO - [BBC] Attempt 1/1: Trying with 'requests_browser' strategy...
2026-03-11 17:01:04,953 - INFO - [BBC] Success with 'requests_browser'. Found content (1069 words).
2026-03-11 17:01:05,180 - INFO - Duplicate article skipped: Member of Iranian football delegation granted Australian asylum changes her mind from BBC
2026-03-11 17:01:05,409 - INFO - [The Guardian] Article: https://www.theguardian.com/world/2026/mar/11/argentina-asylum-brasil-elections
2026-03-11 17:01:05,410 - INFO - [The Guardian] Attempt 1/1: Trying with 'requests_browser' strategy...
2026-03-11 17:01:05,526 - INFO - [The Guardian] Success with 'requests_browser'. Found content (685 words).
2026-03-11 17:01:05,766 - INFO - Duplicate article skipped: Argentina grants asylum to Brasília rioter in move that may sway Brazil vote | Argentina | The Guardian from The Guardian
2026-03-11 17:01:05,912 - INFO - [BBC] Article: https://www.bbc.com/news/articles/c5y4wdlyy9xo?at_medium=RSS&at_campaign=rss
2026-03-11 17:01:05,912 - INFO - [BBC] Attempt 1/1: Trying with 'requests_browser' strategy...
2026-03-11 17:01:05,997 - INFO - [BBC] Success with 'requests_browser'. Found content (329 words).
2026-03-11 17:01:06,073 - INFO - Duplicate article skipped: No evidence Swiss bus fire was terrorism, officials say from BBC
2026-03-11 17:01:06,520 - INFO - [The Guardian] Article: https://www.theguardian.com/world/2026/mar/11/jose-antonio-kast-pinochet-fan-chile-far-right
2026-03-11 17:01:06,520 - INFO - [The Guardian] Attempt 1/1: Trying with 'requests_browser' strategy...
2026-03-11 17:01:06,598 - INFO - [The Guardian] Success with 'requests_browser'. Found content (1085 words).
2026-03-11 17:01:06,663 - INFO - Duplicate article skipped: José Antonio Kast, the Pinochet fan about to swerve Chile to the far right | Chile | The Guardian from The Guardian
2026-03-11 17:01:07,535 - INFO - [BBC] Article: https://www.bbc.com/news/articles/cp32xx35lwwo?at_medium=RSS&at_campaign=rss
2026-03-11 17:01:07,535 - INFO - [BBC] Attempt 1/1: Trying with 'requests_browser' strategy...
2026-03-11 17:01:07,637 - INFO - [The Guardian] Article: https://www.theguardian.com/world/2026/mar/10/haiti-president-jovenel-moise-trial
2026-03-11 17:01:07,637 - INFO - [The Guardian] Attempt 1/1: Trying with 'requests_browser' strategy...
2026-03-11 17:01:07,871 - INFO - [The Guardian] Success with 'requests_browser'. Found content (720 words).
2026-03-11 17:01:08,240 - INFO - [BBC] Success with 'requests_browser'. Found content (1716 words).
2026-03-11 17:01:08,429 - INFO - Duplicate article skipped: Haiti president’s assassination driven by greed and power, US prosecutors say | Haiti | The Guardian from The Guardian
2026-03-11 17:01:08,712 - INFO - Duplicate article skipped: Bellarmine Mugabe in court: What has happened to the family after losing power in Zimbabwe from BBC
2026-03-11 17:01:09,458 - INFO - [The Guardian] Article: https://www.theguardian.com/world/2026/mar/10/shots-fired-canada-consulate-toronto
2026-03-11 17:01:09,458 - INFO - [The Guardian] Attempt 1/1: Trying with 'requests_browser' strategy...
2026-03-11 17:01:09,636 - INFO - [The Guardian] Success with 'requests_browser'. Found content (414 words).
2026-03-11 17:01:09,787 - INFO - Duplicate article skipped: Shots fired at US consulate in Canada in what police call ‘national security incident’ | Toronto | The Guardian from The Guardian
2026-03-11 17:01:09,942 - INFO - [BBC] Article: https://www.bbc.com/news/articles/c1781gr5n9go?at_medium=RSS&at_campaign=rss
2026-03-11 17:01:09,942 - INFO - [BBC] Attempt 1/1: Trying with 'requests_browser' strategy...
2026-03-11 17:01:10,095 - INFO - [BBC] Success with 'requests_browser'. Found content (360 words).
2026-03-11 17:01:10,236 - INFO - Duplicate article skipped: Dresden city centre to be evacuated after WW2 bomb found from BBC
2026-03-11 17:01:29,894 - INFO - [The Hindu] Page content loaded.
2026-03-11 17:01:30,024 - INFO - [The Hindu] Success with 'selenium_browser'. Found content (483 words).
2026-03-11 17:01:30,162 - INFO - Saved article: India must diversify energy sources as oil markets turn volatile, says former Deputy NSA Pankaj Saran - The Hindu from The Hindu
2026-03-11 17:01:31,650 - INFO - [The Hindu] Article: https://www.thehindu.com/news/national/supreme-court-judge-distinguishes-between-active-and-passive-euthanasia/article70732031.ece
2026-03-11 17:01:31,650 - INFO - [The Hindu] Attempt 1/1: Trying with 'selenium_browser' strategy...
2026-03-11 17:01:32,979 - INFO - [The Hindu] Page content loaded.
2026-03-11 17:01:33,284 - INFO - [The Hindu] Success with 'selenium_browser'. Found content (373 words).
2026-03-11 17:01:33,375 - INFO - Saved article: Supreme Court judge distinguishes between active and passive euthanasia - The Hindu from The Hindu
2026-03-11 17:01:34,042 - INFO - [The Hindu] Article: https://www.thehindu.com/news/national/kerala/exclusion-of-kerala-public-works-minister-from-pms-event-stokes-political-controversy/article70732191.ece
2026-03-11 17:01:34,043 - INFO - [The Hindu] Attempt 1/1: Trying with 'selenium_browser' strategy...
2026-03-11 17:01:35,451 - INFO - [The Hindu] Page content loaded.
2026-03-11 17:01:35,545 - INFO - [The Hindu] Success with 'selenium_browser'. Found content (523 words).
2026-03-11 17:01:35,669 - INFO - Saved article: Exclusion of Kerala Public Works Minister from PM’s event stokes political controversy - The Hindu from The Hindu
2026-03-11 17:01:36,695 - INFO - [The Hindu] Article: https://www.thehindu.com/news/national/karnataka/raichur-bandh-call-seeking-internal-quota-for-scs-gets-good-response/article70731698.ece
2026-03-11 17:01:36,695 - INFO - [The Hindu] Attempt 1/1: Trying with 'selenium_browser' strategy...
2026-03-11 17:01:37,439 - INFO - [The Hindu] Page content loaded.
2026-03-11 17:01:37,816 - INFO - [The Hindu] Success with 'selenium_browser'. Found content (539 words).
2026-03-11 17:01:37,976 - INFO - Saved article: Raichur bandh call seeking internal quota for SCs gets good response - The Hindu from The Hindu
2026-03-11 17:01:38,611 - INFO - [The Hindu] Article: https://www.thehindu.com/news/national/new-eps-rules-leave-out-clause-on-higher-pension/article70731399.ece
2026-03-11 17:01:38,611 - INFO - [The Hindu] Attempt 1/1: Trying with 'selenium_browser' strategy...
2026-03-11 17:01:40,130 - INFO - [The Hindu] Page content loaded.
2026-03-11 17:01:40,398 - INFO - [The Hindu] Success with 'selenium_browser'. Found content (471 words).
2026-03-11 17:01:40,484 - INFO - Saved article: New EPS rules leave out clause on higher pension - The Hindu from The Hindu
2026-03-11 17:01:41,778 - INFO - [The Hindu] Article: https://www.thehindu.com/news/national/when-it-comes-to-us-the-most-common-word-used-by-speaker-is-no-says-opposition/article70731600.ece
2026-03-11 17:01:41,778 - INFO - [The Hindu] Attempt 1/1: Trying with 'selenium_browser' strategy...
2026-03-11 17:01:42,911 - INFO - [The Hindu] Page content loaded.
2026-03-11 17:01:43,118 - INFO - [The Hindu] Success with 'selenium_browser'. Found content (271 words).
2026-03-11 17:01:43,248 - INFO - Saved article: When it comes to us, the most common word used by Speaker is ‘no’, says Opposition - The Hindu from The Hindu
2026-03-11 17:01:44,506 - INFO - [The Hindu] Article: https://www.thehindu.com/news/national/opposition-blames-pm-modis-foreign-policy-for-fuel-crisis-in-rural-india/article70731784.ece
2026-03-11 17:01:44,506 - INFO - [The Hindu] Attempt 1/1: Trying with 'selenium_browser' strategy...
2026-03-11 17:01:45,611 - INFO - [The Hindu] Page content loaded.
2026-03-11 17:01:45,835 - INFO - [The Hindu] Success with 'selenium_browser'. Found content (403 words).
2026-03-11 17:01:45,943 - INFO - Saved article: Opposition blames PM Modi’s foreign policy for fuel crisis in rural India - The Hindu from The Hindu
2026-03-11 17:01:46,482 - INFO - [The Hindu] Article: https://www.thehindu.com/news/national/telangana/decades-old-dumping-yard-will-be-shifted-out-of-karimnagar-within-a-year-ponnam-prabhakar/article70732145.ece
2026-03-11 17:01:46,482 - INFO - [The Hindu] Attempt 1/1: Trying with 'selenium_browser' strategy...
2026-03-11 17:01:47,658 - INFO - [The Hindu] Page content loaded.
2026-03-11 17:01:47,945 - INFO - [The Hindu] Success with 'selenium_browser'. Found content (207 words).
2026-03-11 17:01:48,060 - INFO - Saved article: Decades-old dumping yard will be shifted out of Karimnagar within a year: Ponnam Prabhakar - The Hindu from The Hindu
2026-03-11 17:01:49,051 - INFO - [The Hindu] Article: https://www.thehindu.com/news/national/karnataka/private-hostels-start-using-firewood-to-prepare-meals-for-the-students/article70732128.ece
2026-03-11 17:01:49,051 - INFO - [The Hindu] Attempt 1/1: Trying with 'selenium_browser' strategy...
2026-03-11 17:01:50,125 - INFO - [The Hindu] Page content loaded.
2026-03-11 17:01:50,319 - INFO - [The Hindu] Success with 'selenium_browser'. Found content (400 words).
2026-03-11 17:01:50,412 - INFO - Saved article: Private hostels start using firewood to prepare meals for the students - The Hindu from The Hindu
2026-03-11 17:01:51,543 - INFO - [The Hindu] Article: https://www.thehindu.com/news/national/telangana/no-parking-fee-in-stand-alone-cinema-theatres-hc/article70732117.ece
2026-03-11 17:01:51,543 - INFO - [The Hindu] Attempt 1/1: Trying with 'selenium_browser' strategy...
2026-03-11 17:01:53,049 - INFO - [The Hindu] Page content loaded.
2026-03-11 17:01:53,099 - INFO - [The Hindu] Success with 'selenium_browser'. Found content (176 words).
2026-03-11 17:01:53,193 - INFO - Saved article: No parking fee in stand-alone cinema theatres: HC - The Hindu from The Hindu
2026-03-11 17:01:53,816 - INFO - [The Hindu] (Thread) Finished. Attempting to shut down its Selenium driver.
2026-03-11 17:01:53,961 - INFO - [The Hindu] (Thread) driver.quit() successful.
2026-03-11 17:01:59,052 - ERROR - [Times of India] Request failed for strategy 'selenium_browser' on URL https://timesofindia.indiatimes.com/world/us-israel-iran-war-news-live-udates-middle-east-crisis-conflict-drone-ballistic-missile-attacks-explosions-gulf-countries-flights-status-donald-trump-netanyahu-khamenei/liveblog/129370636.cms: Message: timeout: Timed out receiving message from renderer: 59.349
  (Session info: chrome=145.0.7632.116)
Stacktrace:
#0 0x55597f144b6a <unknown>
#1 0x55597eb57a32 <unknown>
#2 0x55597eb3f007 <unknown>
#3 0x55597eb3ec16 <unknown>
#4 0x55597eb3c731 <unknown>
#5 0x55597eb3d0bf <unknown>
#6 0x55597eb4c560 <unknown>
#7 0x55597eb66707 <unknown>
#8 0x55597eb6d8db <unknown>
#9 0x55597eb3d829 <unknown>
#10 0x55597eb6649c <unknown>
#11 0x55597ebf56e1 <unknown>
#12 0x55597eb9ec0f <unknown>
#13 0x55597eb9f9d1 <unknown>
#14 0x55597f1096b9 <unknown>
#15 0x55597f10c5c1 <unknown>
#16 0x55597f0f5e29 <unknown>
#17 0x55597f10d17e <unknown>
#18 0x55597f0dc4b0 <unknown>
#19 0x55597f131578 <unknown>
#20 0x55597f13174b <unknown>
#21 0x55597f1431a3 <unknown>
#22 0x7f6ecd89caa4 <unknown>
#23 0x7f6ecd929c6c <unknown>

2026-03-11 17:01:59,052 - ERROR - [Times of India] All scrape strategies failed for https://timesofindia.indiatimes.com/world/us-israel-iran-war-news-live-udates-middle-east-crisis-conflict-drone-ballistic-missile-attacks-explosions-gulf-countries-flights-status-donald-trump-netanyahu-khamenei/liveblog/129370636.cms. Falling back to RSS description.
2026-03-11 17:01:59,053 - INFO - Duplicate article skipped: US-Israel-Iran War News Live Updates: No need for panic LPG booking; normal delivery cycle for household remains 2.5 days, says Govt from Times of India
2026-03-11 17:01:59,703 - INFO - [Times of India] Article: https://timesofindia.indiatimes.com/world/us/h1b-employer-data-hub-goes-offline-three-years-of-records-missing-from-uscis-website-when-will-it-be-back/articleshow/129471340.cms
2026-03-11 17:01:59,703 - INFO - [Times of India] Attempt 1/1: Trying with 'selenium_browser' strategy...
2026-03-11 17:02:03,831 - INFO - [Times of India] Page content loaded.
2026-03-11 17:02:04,001 - INFO - [Times of India] Success with 'selenium_browser'. Found content (398 words).
2026-03-11 17:02:04,177 - INFO - Saved article: H‑1B employer data hub goes offline, three years of records missing from USCIS website — When will it be back? - The Times of India from Times of India
2026-03-11 17:02:05,212 - INFO - [Times of India] Article: https://timesofindia.indiatimes.com/defence/international/explained-what-is-irans-black-clad-nopo-force-guarding-supreme-leader-mojtaba-khamenei/articleshow/129470543.cms
2026-03-11 17:02:05,212 - INFO - [Times of India] Attempt 1/1: Trying with 'selenium_browser' strategy...
2026-03-11 17:02:07,522 - INFO - [Times of India] Page content loaded.
2026-03-11 17:02:07,572 - INFO - [Times of India] Success with 'selenium_browser'. Found content (484 words).
2026-03-11 17:02:07,596 - INFO - Saved article: Nopo Force: Explained: What is Iran’s black-clad NOPO force guarding Supreme Leader Mojtaba Khamenei? - The Times of India from Times of India
2026-03-11 17:02:09,014 - INFO - [Times of India] Article: https://timesofindia.indiatimes.com/world/us/will-end-any-time-i-want-it-to-end-donald-trump-says-iran-war-could-stop-soon-claims-us-has-little-left-to-target/articleshow/129467219.cms
2026-03-11 17:02:09,014 - INFO - [Times of India] Attempt 1/1: Trying with 'selenium_browser' strategy...
2026-03-11 17:02:10,258 - INFO - [Times of India] Page content loaded.
2026-03-11 17:02:10,420 - INFO - [Times of India] Success with 'selenium_browser'. Found content (591 words).
2026-03-11 17:02:10,504 - INFO - Saved article: Donald Trump Iran War: ‘Will end any time I want it to end’: Donald Trump says Iran war could stop ‘soon’; claims US has little left to target - The Times of India from Times of India
2026-03-11 17:02:11,563 - INFO - [Times of India] Article: https://timesofindia.indiatimes.com/world/us/kristi-noems-rumored-boyfriend-corey-lewandowski-believed-trump-would-pardon-him-he-could-do-whatever-he-wanted/articleshow/129470335.cms
2026-03-11 17:02:11,563 - INFO - [Times of India] Attempt 1/1: Trying with 'selenium_browser' strategy...
2026-03-11 17:02:12,522 - INFO - [Times of India] Page content loaded.
2026-03-11 17:02:12,688 - INFO - [Times of India] Success with 'selenium_browser'. Found content (396 words).
2026-03-11 17:02:12,779 - INFO - Saved article: Kristi Noem's rumored boyfriend Corey Lewandowski believed 'Trump would pardon him', he could do whatever he wanted - The Times of India from Times of India
2026-03-11 17:02:13,291 - INFO - [Times of India] Article: https://timesofindia.indiatimes.com/world/us/billionaire-starbucks-former-ceo-moves-to-florida-after-40-years-in-washington-following-millionaire-tax-retirement-phase/articleshow/129459012.cms
2026-03-11 17:02:13,292 - INFO - [Times of India] Attempt 1/1: Trying with 'selenium_browser' strategy...
2026-03-11 17:02:14,129 - INFO - [Times of India] Page content loaded.
2026-03-11 17:02:14,322 - INFO - [Times of India] Success with 'selenium_browser'. Found content (337 words).
2026-03-11 17:02:14,417 - INFO - Saved article: Billionaire Starbucks former CEO moves to Florida after 40 years in Washington following 'millionaire tax': 'Retirement phase' - The Times of India from Times of India
2026-03-11 17:02:15,204 - INFO - [Times of India] Article: https://timesofindia.indiatimes.com/world/us/cnn-anchor-says-sorry-for-calling-nyc-bomb-incident-an-attack-targeting-mayor-zohran-mamdani/articleshow/129466295.cms
2026-03-11 17:02:15,204 - INFO - [Times of India] Attempt 1/1: Trying with 'selenium_browser' strategy...
2026-03-11 17:02:15,982 - INFO - [Times of India] Page content loaded.
2026-03-11 17:02:16,130 - INFO - [Times of India] Success with 'selenium_browser'. Found content (358 words).
2026-03-11 17:02:16,262 - INFO - Duplicate article skipped: CNN anchor says sorry for calling NYC bomb incident an attack targeting mayor Zohran Mamdani - The Times of India from Times of India
2026-03-11 17:02:17,741 - INFO - [Times of India] Article: https://timesofindia.indiatimes.com/world/us/king-of-the-world-statue-of-trump-and-epstein-in-titanic-pose-appears-near-us-capitol/articleshow/129462247.cms
2026-03-11 17:02:17,741 - INFO - [Times of India] Attempt 1/1: Trying with 'selenium_browser' strategy...
2026-03-11 17:02:18,723 - INFO - [Times of India] Page content loaded.
2026-03-11 17:02:18,885 - INFO - [Times of India] Success with 'selenium_browser'. Found content (348 words).
2026-03-11 17:02:18,981 - INFO - Duplicate article skipped: 'King of the world' statue of Trump and Epstein in Titanic pose appears near US Capitol - The Times of India from Times of India
2026-03-11 17:02:19,967 - INFO - [Times of India] Article: https://timesofindia.indiatimes.com/world/us/people-dont-just-show-up-at-an-ice-facility-major-row-over-sunny-naqvis-detention-in-chicago-woman-called-lying-fraud/articleshow/129464469.cms
2026-03-11 17:02:19,967 - INFO - [Times of India] Attempt 1/1: Trying with 'selenium_browser' strategy...
2026-03-11 17:02:21,289 - INFO - [Times of India] Page content loaded.
2026-03-11 17:02:21,465 - INFO - [Times of India] Success with 'selenium_browser'. Found content (509 words).
2026-03-11 17:02:21,598 - INFO - Duplicate article skipped: 'People don't just show up at an ICE facility': Major row over Sunny Naqvi's 'detention' in Chicago, woman called 'lying fraud' - The Times of India from Times of India
2026-03-11 17:02:22,778 - INFO - [Times of India] Article: https://timesofindia.indiatimes.com/science/the-astronaut-who-returned-to-a-country-that-no-longer-existed-sergei-krikalevs-unbelievable-10-month-mission-in-space/articleshow/129460257.cms
2026-03-11 17:02:22,779 - INFO - [Times of India] Attempt 1/1: Trying with 'selenium_browser' strategy...
2026-03-11 17:02:23,855 - INFO - [Times of India] Page content loaded.
2026-03-11 17:02:24,025 - INFO - [Times of India] Success with 'selenium_browser'. Found content (574 words).
2026-03-11 17:02:24,087 - INFO - Duplicate article skipped: The astronaut who returned to a country that no longer existed: Sergei Krikalev’s unbelievable 10-month mission in space | - The Times of India from Times of India
2026-03-11 17:02:25,371 - INFO - [Times of India] (Thread) Finished. Attempting to shut down its Selenium driver.
2026-03-11 17:02:25,521 - INFO - [Times of India] (Thread) driver.quit() successful.
2026-03-11 17:02:25,521 - INFO - Shutting down thread pool (wait=False)...
2026-03-11 17:02:25,521 - INFO - Scraped: 2 BBC, 5 Times of India, 10 The Hindu, 1 The Guardian articles. (Total saved: 18)
2026-03-11 17:02:25,521 - INFO - --- Scraping job finished ---
2026-03-11 17:02:25,528 - INFO - --- Scraper service stopped and database connection closed. ---
2026-03-11 17:02:25,528 - INFO - --- Main thread finished. Forcing process exit to kill zombie threads. ---
