2026-03-09 22:36:39,595 - INFO - Initializing database connection at: news_articles.db
2026-03-09 22:36:39,596 - INFO - --- Scraper service started (CI Mode: Run Once) ---
2026-03-09 22:36:39,596 - INFO - --- Starting new scraping job (Parallel Mode) ---
2026-03-09 22:36:39,596 - INFO - Creating new robust session with 3 retries on 5xx/connection/read errors.
2026-03-09 22:36:39,597 - INFO - Proxy is DISABLED.
2026-03-09 22:36:39,597 - INFO - Starting scrape for BBC RSS feed: http://feeds.bbci.co.uk/news/world/rss.xml
2026-03-09 22:36:39,597 - INFO - [Times of India] (Thread) requires Selenium. Initializing driver...
2026-03-09 22:36:39,597 - INFO - Initializing headless Selenium Chrome driver (using SeleniumManager)...
2026-03-09 22:36:39,598 - INFO - Starting scrape for The Guardian RSS feed: https://www.theguardian.com/world/rss
2026-03-09 22:36:39,598 - INFO - [The Hindu] (Thread) requires Selenium. Initializing driver...
2026-03-09 22:36:39,598 - INFO - Initializing headless Selenium Chrome driver (using SeleniumManager)...
2026-03-09 22:36:39,598 - INFO - Submitted 4 jobs to thread pool. Waiting up to 300s for completion...
2026-03-09 22:36:39,698 - INFO - Found 45 articles in The Guardian RSS feed. Processing up to 10.
2026-03-09 22:36:39,698 - INFO - [The Guardian] Article: https://www.theguardian.com/world/2026/mar/07/descendants-of-zimbabwe-resistance-heroes-urge-uk-to-locate-looted-skulls
2026-03-09 22:36:39,698 - INFO - [The Guardian] Attempt 1/1: Trying with 'requests_browser' strategy...
2026-03-09 22:36:39,725 - INFO - [The Guardian] Success with 'requests_browser'. Found content (878 words).
2026-03-09 22:36:39,766 - INFO - Duplicate article skipped: Descendants of Zimbabwe resistance heroes urge UK to locate looted skulls | Zimbabwe | The Guardian from The Guardian
2026-03-09 22:36:39,885 - INFO - Found 32 articles in BBC RSS feed. Processing up to 10.
2026-03-09 22:36:39,885 - INFO - [BBC] Article: https://www.bbc.com/news/articles/c78xxg05w0zo?at_medium=RSS&at_campaign=rss
2026-03-09 22:36:39,885 - INFO - [BBC] Attempt 1/1: Trying with 'requests_browser' strategy...
2026-03-09 22:36:40,025 - INFO - [BBC] Success with 'requests_browser'. Found content (803 words).
2026-03-09 22:36:40,068 - INFO - Duplicate article skipped: Who is Mojtaba Khamenei, Iran's new supreme leader? from BBC
2026-03-09 22:36:40,996 - INFO - [BBC] Article: https://www.bbc.com/news/articles/cdr24g1p3vpo?at_medium=RSS&at_campaign=rss
2026-03-09 22:36:40,996 - INFO - [BBC] Attempt 1/1: Trying with 'requests_browser' strategy...
2026-03-09 22:36:41,026 - INFO - [BBC] Success with 'requests_browser'. Found content (347 words).
2026-03-09 22:36:41,063 - INFO - Duplicate article skipped: Georgia school teacher is killed in toilet paper prank gone wrong from BBC
2026-03-09 22:36:41,223 - INFO - [The Guardian] Article: https://www.theguardian.com/global-development/2026/mar/06/generic-drugs-weight-loss-semaglutide-ozempic-wegovy-diabetes-obesity-study
2026-03-09 22:36:41,224 - INFO - [The Guardian] Attempt 1/1: Trying with 'requests_browser' strategy...
2026-03-09 22:36:41,387 - INFO - [The Guardian] Success with 'requests_browser'. Found content (612 words).
2026-03-09 22:36:41,428 - INFO - Duplicate article skipped: Weight-loss jab could be made for $3 a month, study finds | Global health | The Guardian from The Guardian
2026-03-09 22:36:42,265 - INFO - [The Guardian] Article: https://www.theguardian.com/world/2026/mar/05/three-men-deported-us-eswatini-legal-case-detention
2026-03-09 22:36:42,265 - INFO - [The Guardian] Attempt 1/1: Trying with 'requests_browser' strategy...
2026-03-09 22:36:42,289 - INFO - [The Guardian] Success with 'requests_browser'. Found content (520 words).
2026-03-09 22:36:42,326 - INFO - Duplicate article skipped: Three men deported by US file legal case against Eswatini over detention | Eswatini | The Guardian from The Guardian
2026-03-09 22:36:42,552 - INFO - [BBC] Article: https://www.bbc.com/news/articles/c79542n0grwo?at_medium=RSS&at_campaign=rss
2026-03-09 22:36:42,552 - INFO - [BBC] Attempt 1/1: Trying with 'requests_browser' strategy...
2026-03-09 22:36:42,596 - INFO - [BBC] Success with 'requests_browser'. Found content (1010 words).
2026-03-09 22:36:42,640 - INFO - Duplicate article skipped: G7 to take 'necessary measures' to support energy supplies from BBC
2026-03-09 22:36:43,438 - INFO - [The Guardian] Article: https://www.theguardian.com/world/2026/mar/05/south-africa-president-cyril-ramaphosa-calls-donald-trump-policy-white-afrikaners-racist
2026-03-09 22:36:43,438 - INFO - [The Guardian] Attempt 1/1: Trying with 'requests_browser' strategy...
2026-03-09 22:36:43,459 - INFO - [The Guardian] Success with 'requests_browser'. Found content (410 words).
2026-03-09 22:36:43,497 - INFO - Duplicate article skipped: South Africa’s president calls Trump’s policy to offer refuge to white Afrikaners ‘racist’ | South Africa | The Guardian from The Guardian
2026-03-09 22:36:43,593 - INFO - [BBC] Article: https://www.bbc.com/news/articles/c93j2l32lzgo?at_medium=RSS&at_campaign=rss
2026-03-09 22:36:43,593 - INFO - [BBC] Attempt 1/1: Trying with 'requests_browser' strategy...
2026-03-09 22:36:43,621 - INFO - [BBC] Success with 'requests_browser'. Found content (550 words).
2026-03-09 22:36:43,658 - INFO - Duplicate article skipped: Hundreds of teenagers report for duty as Croatia reinstates conscription from BBC
2026-03-09 22:36:44,699 - INFO - [BBC] Article: https://www.bbc.com/news/articles/cy8lwnyj40eo?at_medium=RSS&at_campaign=rss
2026-03-09 22:36:44,699 - INFO - [BBC] Attempt 1/1: Trying with 'requests_browser' strategy...
2026-03-09 22:36:44,721 - INFO - [BBC] Success with 'requests_browser'. Found content (289 words).
2026-03-09 22:36:44,756 - INFO - Duplicate article skipped: Naveed Akram: Alleged Bondi gunman seeks court order to suppress family's identity from BBC
2026-03-09 22:36:44,918 - INFO - [The Guardian] Article: https://www.theguardian.com/sport/2026/mar/05/lewis-hamilton-race-africa-grand-prix-retiring-formula-one-colonial
2026-03-09 22:36:44,918 - INFO - [The Guardian] Attempt 1/1: Trying with 'requests_browser' strategy...
2026-03-09 22:36:45,076 - INFO - [The Guardian] Success with 'requests_browser'. Found content (409 words).
2026-03-09 22:36:45,110 - INFO - Duplicate article skipped: Lewis Hamilton sets sights on racing in an African grand prix before retiring | Lewis Hamilton | The Guardian from The Guardian
2026-03-09 22:36:45,839 - INFO - [The Guardian] Article: https://www.theguardian.com/world/2026/mar/09/canada-ice-shelf-rescue-fishers-ontario
2026-03-09 22:36:45,839 - INFO - [The Guardian] Attempt 1/1: Trying with 'requests_browser' strategy...
2026-03-09 22:36:46,010 - INFO - [The Guardian] Success with 'requests_browser'. Found content (515 words).
2026-03-09 22:36:46,049 - INFO - [BBC] Article: https://www.bbc.com/news/articles/cnv69zp3z4ro?at_medium=RSS&at_campaign=rss
2026-03-09 22:36:46,055 - INFO - [BBC] Attempt 1/1: Trying with 'requests_browser' strategy...
2026-03-09 22:36:46,072 - INFO - Duplicate article skipped: ‘We thought we were doomed’: Canadian fishers in dramatic rescue after ice shelf floats away | Canada | The Guardian from The Guardian
2026-03-09 22:36:46,097 - INFO - [BBC] Success with 'requests_browser'. Found content (382 words).
2026-03-09 22:36:46,136 - INFO - Duplicate article skipped: Canada's Carney calls three by-elections that could grant him a majority from BBC
2026-03-09 22:36:46,605 - INFO - [The Guardian] Article: https://www.theguardian.com/world/2026/mar/09/mexican-cartels-guns-come-from-us-sheinbaum-trump
2026-03-09 22:36:46,605 - INFO - [The Guardian] Attempt 1/1: Trying with 'requests_browser' strategy...
2026-03-09 22:36:46,771 - INFO - [The Guardian] Success with 'requests_browser'. Found content (393 words).
2026-03-09 22:36:46,808 - INFO - Duplicate article skipped: Sheinbaum tells Trump: stop illegal arms trade from the US to Mexico | Mexico | The Guardian from The Guardian
2026-03-09 22:36:46,949 - INFO - [BBC] Article: https://www.bbc.com/news/articles/c1w5yq924j1o?at_medium=RSS&at_campaign=rss
2026-03-09 22:36:46,949 - INFO - [BBC] Attempt 1/1: Trying with 'requests_browser' strategy...
2026-03-09 22:36:46,971 - INFO - [BBC] Success with 'requests_browser'. Found content (294 words).
2026-03-09 22:36:47,004 - INFO - Duplicate article skipped: New Zealand: Bag of cannabis and cash accidentally donated to NZ charity shop from BBC
2026-03-09 22:36:48,248 - INFO - [BBC] Article: https://www.bbc.com/news/articles/cjrqg80y57po?at_medium=RSS&at_campaign=rss
2026-03-09 22:36:48,248 - INFO - [BBC] Attempt 1/1: Trying with 'requests_browser' strategy...
2026-03-09 22:36:48,251 - INFO - [The Guardian] Article: https://www.theguardian.com/world/2026/mar/08/haiti-immigrant-mexico-tapachula
2026-03-09 22:36:48,251 - INFO - [The Guardian] Attempt 1/1: Trying with 'requests_browser' strategy...
2026-03-09 22:36:48,307 - INFO - [The Guardian] Success with 'requests_browser'. Found content (2248 words).
2026-03-09 22:36:48,345 - INFO - [BBC] Success with 'requests_browser'. Found content (414 words).
2026-03-09 22:36:48,369 - INFO - Duplicate article skipped: ‘I am trying to live’: Haitians in Mexico seek community despite broken immigration systems | World news | The Guardian from The Guardian
2026-03-09 22:36:48,408 - INFO - Duplicate article skipped: Guinea opposition leader Diallo calls for 'direct resistance' as political parties dissolved from BBC
2026-03-09 22:36:49,329 - INFO - Selenium driver initialized successfully.
2026-03-09 22:36:49,329 - INFO - Starting scrape for The Hindu RSS feed: https://www.thehindu.com/news/national/feeder/default.rss
2026-03-09 22:36:49,330 - INFO - Selenium driver initialized successfully.
2026-03-09 22:36:49,330 - INFO - Starting scrape for Times of India RSS feed: https://timesofindia.indiatimes.com/rssfeeds/296589292.cms
2026-03-09 22:36:49,348 - INFO - [The Guardian] Article: https://www.theguardian.com/world/2026/mar/08/british-columbia-canada-daylight-saving-time
2026-03-09 22:36:49,348 - INFO - [The Guardian] Attempt 1/1: Trying with 'requests_browser' strategy...
2026-03-09 22:36:49,369 - INFO - [The Guardian] Success with 'requests_browser'. Found content (601 words).
2026-03-09 22:36:49,407 - INFO - Duplicate article skipped: Time for a change: British Columbia decides to keep daylight saving time permanently | Canada | The Guardian from The Guardian
2026-03-09 22:36:49,451 - INFO - Found 100 articles in The Hindu RSS feed. Processing up to 10.
2026-03-09 22:36:49,452 - INFO - [The Hindu] Article: https://www.thehindu.com/news/national/former-agp-leader-jayanta-khaund-joins-congress/article70723472.ece
2026-03-09 22:36:49,452 - INFO - [The Hindu] Attempt 1/1: Trying with 'selenium_browser' strategy...
2026-03-09 22:36:49,461 - INFO - Found 20 articles in Times of India RSS feed. Processing up to 10.
2026-03-09 22:36:49,461 - INFO - [Times of India] Article: https://timesofindia.indiatimes.com/world/middle-east/us-israel-iran-war-news-live-udates-middle-east-crisis-conflict-drone-ballistic-missile-attacks-explosions-flights-status-dubai-uae-qatar-tehran-gulf-donald-trump-netanyahu-khamenei/liveblog/129286007.cms
2026-03-09 22:36:49,461 - INFO - [Times of India] Attempt 1/1: Trying with 'selenium_browser' strategy...
2026-03-09 22:36:49,491 - INFO - [BBC] Article: https://www.bbc.com/news/articles/ce8wk563473o?at_medium=RSS&at_campaign=rss
2026-03-09 22:36:49,491 - INFO - [BBC] Attempt 1/1: Trying with 'requests_browser' strategy...
2026-03-09 22:36:49,524 - INFO - [BBC] Success with 'requests_browser'. Found content (327 words).
2026-03-09 22:36:49,558 - INFO - Duplicate article skipped: US embassy explosion in Oslo: Police release images of suspect from BBC
2026-03-09 22:36:50,227 - INFO - [The Guardian] Article: https://www.theguardian.com/world/2026/mar/07/peru-nightclub-bombing
2026-03-09 22:36:50,227 - INFO - [The Guardian] Attempt 1/1: Trying with 'requests_browser' strategy...
2026-03-09 22:36:50,401 - INFO - [The Guardian] Success with 'requests_browser'. Found content (288 words).
2026-03-09 22:36:50,527 - INFO - Duplicate article skipped: Bombing at nightclub in Peru injures 33 people, including minors | Peru | The Guardian from The Guardian
2026-03-09 22:36:50,717 - INFO - [BBC] Article: https://www.bbc.com/news/articles/cwy8e978xl8o?at_medium=RSS&at_campaign=rss
2026-03-09 22:36:50,718 - INFO - [BBC] Attempt 1/1: Trying with 'requests_browser' strategy...
2026-03-09 22:36:50,797 - INFO - [BBC] Success with 'requests_browser'. Found content (1505 words).
2026-03-09 22:36:50,877 - INFO - Duplicate article skipped: Five Iranian footballers granted Australian visas after anthem protest from BBC
2026-03-09 22:36:57,611 - INFO - [The Hindu] Page content loaded.
2026-03-09 22:36:57,814 - INFO - [The Hindu] Success with 'selenium_browser'. Found content (231 words).
2026-03-09 22:36:58,110 - INFO - Saved article: Former AGP leader Jayanta Khaund joins Congress - The Hindu from The Hindu
2026-03-09 22:36:59,520 - INFO - [The Hindu] Article: https://www.thehindu.com/news/national/haryana/gurugram-wall-collapse-labourers-death-toll/article70723925.ece
2026-03-09 22:36:59,526 - INFO - [The Hindu] Attempt 1/1: Trying with 'selenium_browser' strategy...
2026-03-09 22:37:05,152 - INFO - [The Hindu] Page content loaded.
2026-03-09 22:37:05,803 - INFO - [The Hindu] Success with 'selenium_browser'. Found content (93 words).
2026-03-09 22:37:05,950 - INFO - Saved article: At least seven labourers killed in wall collapse in Gurugram; rescue operations under way - The Hindu from The Hindu
2026-03-09 22:37:07,430 - INFO - [The Hindu] Article: https://www.thehindu.com/news/national/kerala/prime-minister-to-launch-projects-worth-10800-crore-at-kochi-event/article70723929.ece
2026-03-09 22:37:07,430 - INFO - [The Hindu] Attempt 1/1: Trying with 'selenium_browser' strategy...
2026-03-09 22:37:08,355 - INFO - [The Hindu] Page content loaded.
2026-03-09 22:37:08,507 - INFO - [The Hindu] Success with 'selenium_browser'. Found content (315 words).
2026-03-09 22:37:08,630 - INFO - Saved article: Prime Minister to launch projects worth ₹10,800 crore at Kochi event - The Hindu from The Hindu
2026-03-09 22:37:09,180 - INFO - [The Hindu] Article: https://www.thehindu.com/news/national/indians-evacuated-from-doha-amid-west-asia-conflict/article70723948.ece
2026-03-09 22:37:09,181 - INFO - [The Hindu] Attempt 1/1: Trying with 'selenium_browser' strategy...
2026-03-09 22:37:10,908 - INFO - [The Hindu] Page content loaded.
2026-03-09 22:37:11,451 - INFO - [The Hindu] Success with 'selenium_browser'. Found content (415 words).
2026-03-09 22:37:11,642 - INFO - Saved article: West Asia conflict: Nearly 1,000 Indians return from Doha in last three days - The Hindu from The Hindu
2026-03-09 22:37:13,095 - INFO - [The Hindu] Article: https://www.thehindu.com/news/national/assam/three-nda-candidates-elected-unopposed-to-rajya-sabha-from-assam/article70723802.ece
2026-03-09 22:37:13,095 - INFO - [The Hindu] Attempt 1/1: Trying with 'selenium_browser' strategy...
2026-03-09 22:37:17,972 - INFO - [The Hindu] Page content loaded.
2026-03-09 22:37:18,291 - INFO - [The Hindu] Success with 'selenium_browser'. Found content (225 words).
2026-03-09 22:37:18,643 - INFO - Duplicate article skipped: Three NDA candidates elected unopposed to Rajya Sabha from Assam - The Hindu from The Hindu
2026-03-09 22:37:19,704 - INFO - [The Hindu] Article: https://www.thehindu.com/news/national/india-26-elected-unopposed-to-rajya-sabha-maharashtra-bihar-tamil-nadu/article70723983.ece
2026-03-09 22:37:19,704 - INFO - [The Hindu] Attempt 1/1: Trying with 'selenium_browser' strategy...
2026-03-09 22:37:21,248 - INFO - [The Hindu] Page content loaded.
2026-03-09 22:37:21,664 - INFO - [The Hindu] Success with 'selenium_browser'. Found content (824 words).
2026-03-09 22:37:21,805 - INFO - Duplicate article skipped: Sharad Pawar, Ramdas Athawale among 26 elected unopposed to Rajya Sabha - The Hindu from The Hindu
2026-03-09 22:37:22,352 - INFO - [The Hindu] Article: https://www.thehindu.com/news/national/gujarat/liquor-worth-42-crore-seized-in-gujarat-over-the-past-two-years/article70723048.ece
2026-03-09 22:37:22,352 - INFO - [The Hindu] Attempt 1/1: Trying with 'selenium_browser' strategy...
2026-03-09 22:37:25,059 - INFO - [The Hindu] Page content loaded.
2026-03-09 22:37:25,262 - INFO - [The Hindu] Success with 'selenium_browser'. Found content (329 words).
2026-03-09 22:37:25,506 - INFO - Duplicate article skipped: Liquor worth ₹42 crore seized in Gujarat over the past two years - The Hindu from The Hindu
2026-03-09 22:37:26,221 - INFO - [The Hindu] Article: https://www.thehindu.com/news/national/karnataka/child-rights-body-urges-curb-on-sale-of-alcoholic-and-high-sugar-canned-drink-near-schools-colleges/article70722850.ece
2026-03-09 22:37:26,221 - INFO - [The Hindu] Attempt 1/1: Trying with 'selenium_browser' strategy...
2026-03-09 22:37:29,213 - INFO - [The Hindu] Page content loaded.
2026-03-09 22:37:29,459 - INFO - [The Hindu] Success with 'selenium_browser'. Found content (153 words).
2026-03-09 22:37:29,645 - INFO - Duplicate article skipped: Child rights body urges curb on sale of alcoholic and high sugar canned drink near schools, colleges - The Hindu from The Hindu
2026-03-09 22:37:31,144 - INFO - [The Hindu] Article: https://www.thehindu.com/news/national/karnataka/call-for-deferring-sa-2-exam-in-view-of-ugadi-id-holidays/article70722617.ece
2026-03-09 22:37:31,145 - INFO - [The Hindu] Attempt 1/1: Trying with 'selenium_browser' strategy...
2026-03-09 22:37:32,346 - INFO - [The Hindu] Page content loaded.
2026-03-09 22:37:32,725 - INFO - [The Hindu] Success with 'selenium_browser'. Found content (467 words).
2026-03-09 22:37:32,864 - INFO - Duplicate article skipped: Call for deferring SA-2 exam in view of Ugadi, Id holidays - The Hindu from The Hindu
2026-03-09 22:37:34,096 - INFO - [The Hindu] Article: https://www.thehindu.com/news/national/karnataka/lokayukta-team-finds-multiple-violations-during-inspection-of-lakes-in-bengaluru/article70722841.ece
2026-03-09 22:37:34,096 - INFO - [The Hindu] Attempt 1/1: Trying with 'selenium_browser' strategy...
2026-03-09 22:37:35,152 - INFO - [The Hindu] Page content loaded.
2026-03-09 22:37:35,251 - INFO - [The Hindu] Success with 'selenium_browser'. Found content (447 words).
2026-03-09 22:37:35,344 - INFO - Duplicate article skipped: Lokayukta team finds multiple violations during inspection of lakes in Bengaluru - The Hindu from The Hindu
2026-03-09 22:37:36,801 - INFO - [The Hindu] (Thread) Finished. Attempting to shut down its Selenium driver.
2026-03-09 22:37:36,927 - INFO - [The Hindu] (Thread) driver.quit() successful.
2026-03-09 22:37:49,495 - ERROR - [Times of India] Request failed for strategy 'selenium_browser' on URL https://timesofindia.indiatimes.com/world/middle-east/us-israel-iran-war-news-live-udates-middle-east-crisis-conflict-drone-ballistic-missile-attacks-explosions-flights-status-dubai-uae-qatar-tehran-gulf-donald-trump-netanyahu-khamenei/liveblog/129286007.cms: Message: timeout: Timed out receiving message from renderer: 59.724
  (Session info: chrome=145.0.7632.116)
Stacktrace:
#0 0x55d3757ffb6a <unknown>
#1 0x55d375212a32 <unknown>
#2 0x55d3751fa007 <unknown>
#3 0x55d3751f9c16 <unknown>
#4 0x55d3751f7731 <unknown>
#5 0x55d3751f80bf <unknown>
#6 0x55d375207560 <unknown>
#7 0x55d375221707 <unknown>
#8 0x55d3752288db <unknown>
#9 0x55d3751f8829 <unknown>
#10 0x55d37522149c <unknown>
#11 0x55d3752b06e1 <unknown>
#12 0x55d375259c0f <unknown>
#13 0x55d37525a9d1 <unknown>
#14 0x55d3757c46b9 <unknown>
#15 0x55d3757c75c1 <unknown>
#16 0x55d3757b0e29 <unknown>
#17 0x55d3757c817e <unknown>
#18 0x55d3757974b0 <unknown>
#19 0x55d3757ec578 <unknown>
#20 0x55d3757ec74b <unknown>
#21 0x55d3757fe1a3 <unknown>
#22 0x7f17e6e9caa4 <unknown>
#23 0x7f17e6f29c6c <unknown>

2026-03-09 22:37:49,495 - ERROR - [Times of India] All scrape strategies failed for https://timesofindia.indiatimes.com/world/middle-east/us-israel-iran-war-news-live-udates-middle-east-crisis-conflict-drone-ballistic-missile-attacks-explosions-flights-status-dubai-uae-qatar-tehran-gulf-donald-trump-netanyahu-khamenei/liveblog/129286007.cms. Falling back to RSS description.
2026-03-09 22:37:49,496 - INFO - Duplicate article skipped: US-Israel-Iran War News Live Updates: Iran fires first wave of missiles at Israel under new Supreme Leader Mojtaba Khamenei from Times of India
2026-03-09 22:37:50,378 - INFO - [Times of India] Article: https://timesofindia.indiatimes.com/world/us/parents-of-nyc-bomb-suspect-live-in-2-million-5800-square-foot-pennsylvania-home-and-are-naturalised-us-citizens/articleshow/129356457.cms
2026-03-09 22:37:50,378 - INFO - [Times of India] Attempt 1/1: Trying with 'selenium_browser' strategy...
2026-03-09 22:37:55,422 - INFO - [Times of India] Page content loaded.
2026-03-09 22:37:57,152 - INFO - [Times of India] Success with 'selenium_browser'. Found content (305 words).
2026-03-09 22:37:57,303 - INFO - Saved article: Parents of NYC bomb suspect live in $2 million, 5,800-square-foot Pennsylvania home and are naturalised US citizens - The Times of India from Times of India
2026-03-09 22:37:58,124 - INFO - [Times of India] Article: https://timesofindia.indiatimes.com/world/us/new-rule-bans-foreigners-noncitizens-from-small-business-loans-to-take-effect-after-30-days/articleshow/129355574.cms
2026-03-09 22:37:58,125 - INFO - [Times of India] Attempt 1/1: Trying with 'selenium_browser' strategy...
2026-03-09 22:37:59,144 - INFO - [Times of India] Page content loaded.
2026-03-09 22:37:59,255 - INFO - [Times of India] Success with 'selenium_browser'. Found content (329 words).
2026-03-09 22:37:59,362 - INFO - Saved article: New SBA rule bans foreigners, non‑citizens from taking small business loans; takes effect in 30 days - The Times of India from Times of India
2026-03-09 22:38:00,155 - INFO - [Times of India] Article: https://timesofindia.indiatimes.com/world/us/new-form-i-129-for-h-1b-cap-registration-explained-what-changes-as-uscis-seeks-clear-details-from-employers/articleshow/129354778.cms
2026-03-09 22:38:00,155 - INFO - [Times of India] Attempt 1/1: Trying with 'selenium_browser' strategy...
2026-03-09 22:38:01,283 - INFO - [Times of India] Page content loaded.
2026-03-09 22:38:01,446 - INFO - [Times of India] Success with 'selenium_browser'. Found content (314 words).
2026-03-09 22:38:01,506 - INFO - Saved article: New Form I-129 for H-1B cap registration explained: What changes as USCIS seeks clear details from employers - The Times of India from Times of India
2026-03-09 22:38:02,405 - INFO - [Times of India] Article: https://timesofindia.indiatimes.com/world/us/marco-rubio-or-jd-vance-donald-trump-asks-donors-whom-they-prefer-for-president-in-2028-report/articleshow/129351225.cms
2026-03-09 22:38:02,405 - INFO - [Times of India] Attempt 1/1: Trying with 'selenium_browser' strategy...
2026-03-09 22:38:03,748 - INFO - [Times of India] Page content loaded.
2026-03-09 22:38:03,899 - INFO - [Times of India] Success with 'selenium_browser'. Found content (965 words).
2026-03-09 22:38:03,994 - INFO - Duplicate article skipped: Marco Rubio or JD Vance? Donald Trump asks donors whom they prefer for president in 2028 — report - The Times of India from Times of India
2026-03-09 22:38:04,562 - INFO - [Times of India] Article: https://timesofindia.indiatimes.com/world/us/minnesota-lawmakers-condemn-hinduphobia-and-anti-hindu-bigotry-in-new-law-everything-you-need-to-know/articleshow/129354376.cms
2026-03-09 22:38:04,562 - INFO - [Times of India] Attempt 1/1: Trying with 'selenium_browser' strategy...
2026-03-09 22:38:05,476 - INFO - [Times of India] Page content loaded.
2026-03-09 22:38:05,647 - INFO - [Times of India] Success with 'selenium_browser'. Found content (372 words).
2026-03-09 22:38:05,734 - INFO - Duplicate article skipped: Anti-Hindu Bigotry: Minnesota lawmakers condemn Hinduphobia and anti-Hindu bigotry in new law — Everything you need to know - The Times of India from Times of India
2026-03-09 22:38:06,702 - INFO - [Times of India] Article: https://timesofindia.indiatimes.com/world/us/maybe-its-your-values-shri-thanedar-slams-republican-leader-for-saying-muslims-dont-belong-in-american-society/articleshow/129353218.cms
2026-03-09 22:38:06,702 - INFO - [Times of India] Attempt 1/1: Trying with 'selenium_browser' strategy...
2026-03-09 22:38:07,867 - INFO - [Times of India] Page content loaded.
2026-03-09 22:38:08,014 - INFO - [Times of India] Success with 'selenium_browser'. Found content (277 words).
2026-03-09 22:38:08,097 - INFO - Duplicate article skipped: Shri Thanedar: ‘Maybe it’s your values’: Shri Thanedar slams Republican leader for saying Muslims ‘don’t belong’ in American society - The Times of India from Times of India
2026-03-09 22:38:08,848 - INFO - [Times of India] Article: https://timesofindia.indiatimes.com/world/us/activate-sleeper-cells-outside-what-encrypted-alert-us-says-it-has-intercepted-from-iran/articleshow/129351627.cms
2026-03-09 22:38:08,848 - INFO - [Times of India] Attempt 1/1: Trying with 'selenium_browser' strategy...
2026-03-09 22:38:09,863 - INFO - [Times of India] Page content loaded.
2026-03-09 22:38:10,012 - INFO - [Times of India] Success with 'selenium_browser'. Found content (336 words).
2026-03-09 22:38:10,106 - INFO - Duplicate article skipped: Iran Sleeper Cells: Activate sleeper cells outside: What encrypted alert US says it has intercepted from Iran - The Times of India from Times of India
2026-03-09 22:38:10,672 - INFO - [Times of India] Article: https://timesofindia.indiatimes.com/etimes/trending/would-you-meditate-in-a-coffin-inside-japans-unusual-wellness-trend/articleshow/129347003.cms
2026-03-09 22:38:10,672 - INFO - [Times of India] Attempt 1/1: Trying with 'selenium_browser' strategy...
2026-03-09 22:38:12,209 - INFO - [Times of India] Page content loaded.
2026-03-09 22:38:12,302 - INFO - [Times of India] Success with 'selenium_browser'. Found content (436 words).
2026-03-09 22:38:12,375 - INFO - Duplicate article skipped: Would you meditate in a coffin? Inside Japan’s unusual wellness trend - The Times of India from Times of India
2026-03-09 22:38:13,131 - INFO - [Times of India] Article: https://timesofindia.indiatimes.com/world/us/watch-accused-in-new-york-city-bomb-plot-flashes-isis-salute-while-in-custody/articleshow/129348503.cms
2026-03-09 22:38:13,131 - INFO - [Times of India] Attempt 1/1: Trying with 'selenium_browser' strategy...
2026-03-09 22:38:14,233 - INFO - [Times of India] Page content loaded.
2026-03-09 22:38:14,372 - INFO - [Times of India] Success with 'selenium_browser'. Found content (381 words).
2026-03-09 22:38:14,466 - INFO - Duplicate article skipped: Gracie Mansion: Watch: Accused in New York City bomb plot flashes ISIS salute while in custody - The Times of India from Times of India
2026-03-09 22:38:15,865 - INFO - [Times of India] (Thread) Finished. Attempting to shut down its Selenium driver.
2026-03-09 22:38:16,050 - INFO - [Times of India] (Thread) driver.quit() successful.
2026-03-09 22:38:16,050 - INFO - Shutting down thread pool (wait=False)...
2026-03-09 22:38:16,051 - INFO - Scraped: 3 Times of India, 4 The Hindu, 0 The Guardian, 0 BBC articles. (Total saved: 7)
2026-03-09 22:38:16,051 - INFO - --- Scraping job finished ---
2026-03-09 22:38:16,056 - INFO - --- Scraper service stopped and database connection closed. ---
2026-03-09 22:38:16,056 - INFO - --- Main thread finished. Forcing process exit to kill zombie threads. ---
