2026-03-13 10:45:05,638 - INFO - Initializing database connection at: news_articles.db
2026-03-13 10:45:05,638 - INFO - --- Scraper service started (CI Mode: Run Once) ---
2026-03-13 10:45:05,638 - INFO - --- Starting new scraping job (Parallel Mode) ---
2026-03-13 10:45:05,639 - INFO - Creating new robust session with 3 retries on 5xx/connection/read errors.
2026-03-13 10:45:05,639 - INFO - Proxy is DISABLED.
2026-03-13 10:45:05,640 - INFO - Starting scrape for BBC RSS feed: http://feeds.bbci.co.uk/news/world/rss.xml
2026-03-13 10:45:05,640 - INFO - [Times of India] (Thread) requires Selenium. Initializing driver...
2026-03-13 10:45:05,640 - INFO - Initializing headless Selenium Chrome driver (using SeleniumManager)...
2026-03-13 10:45:05,641 - INFO - Starting scrape for The Guardian RSS feed: https://www.theguardian.com/world/rss
2026-03-13 10:45:05,641 - INFO - [The Hindu] (Thread) requires Selenium. Initializing driver...
2026-03-13 10:45:05,641 - INFO - Initializing headless Selenium Chrome driver (using SeleniumManager)...
2026-03-13 10:45:05,642 - INFO - Submitted 4 jobs to thread pool. Waiting up to 300s for completion...
2026-03-13 10:45:05,768 - INFO - Found 45 articles in The Guardian RSS feed. Processing up to 10.
2026-03-13 10:45:05,769 - INFO - [The Guardian] Article: https://www.theguardian.com/us-news/2026/mar/12/trump-immigration-deportations-eswatini
2026-03-13 10:45:05,769 - INFO - [The Guardian] Attempt 1/1: Trying with 'requests_browser' strategy...
2026-03-13 10:45:05,961 - INFO - [The Guardian] Success with 'requests_browser'. Found content (528 words).
2026-03-13 10:45:05,998 - INFO - Duplicate article skipped: Eswatini says it received more ‘third country’ deportees as part of deal with Trump administration | Trump administration | The Guardian from The Guardian
2026-03-13 10:45:06,104 - INFO - Found 36 articles in BBC RSS feed. Processing up to 10.
2026-03-13 10:45:06,105 - INFO - [BBC] Article: https://www.bbc.com/news/articles/cy0dz5ql17vo?at_medium=RSS&at_campaign=rss
2026-03-13 10:45:06,105 - INFO - [BBC] Attempt 1/1: Trying with 'requests_browser' strategy...
2026-03-13 10:45:06,208 - INFO - [BBC] Success with 'requests_browser'. Found content (340 words).
2026-03-13 10:45:06,245 - INFO - Duplicate article skipped: Four crew dead after US refuelling plane crashes in Iraq, military says from BBC
2026-03-13 10:45:06,631 - INFO - [The Guardian] Article: https://www.theguardian.com/global-development/2026/mar/12/uk-government-axes-flagship-global-health-project
2026-03-13 10:45:06,631 - INFO - [The Guardian] Attempt 1/1: Trying with 'requests_browser' strategy...
2026-03-13 10:45:06,684 - INFO - [The Guardian] Success with 'requests_browser'. Found content (626 words).
2026-03-13 10:45:06,720 - INFO - Duplicate article skipped: UK government axes flagship global health project | Global development | The Guardian from The Guardian
2026-03-13 10:45:07,470 - INFO - [BBC] Article: https://www.bbc.com/news/articles/c1e9yy84we8o?at_medium=RSS&at_campaign=rss
2026-03-13 10:45:07,471 - INFO - [BBC] Attempt 1/1: Trying with 'requests_browser' strategy...
2026-03-13 10:45:07,522 - INFO - [BBC] Success with 'requests_browser'. Found content (2472 words).
2026-03-13 10:45:07,569 - INFO - Duplicate article skipped: Mission accomplished? The 2003 boast that haunts today's Iran conflict from BBC
2026-03-13 10:45:07,745 - INFO - [The Guardian] Article: https://www.theguardian.com/global-development/2026/mar/12/invasive-ai-led-mass-surveillance-in-africa-violating-freedoms-warn-experts
2026-03-13 10:45:07,745 - INFO - [The Guardian] Attempt 1/1: Trying with 'requests_browser' strategy...
2026-03-13 10:45:07,805 - INFO - [The Guardian] Success with 'requests_browser'. Found content (621 words).
2026-03-13 10:45:07,857 - INFO - Duplicate article skipped: ‘Invasive’ AI-led mass surveillance in Africa violating freedoms, warn experts | Global development | The Guardian from The Guardian
2026-03-13 10:45:08,515 - INFO - [BBC] Article: https://www.bbc.com/news/articles/ce3g0vz223no?at_medium=RSS&at_campaign=rss
2026-03-13 10:45:08,515 - INFO - [BBC] Attempt 1/1: Trying with 'requests_browser' strategy...
2026-03-13 10:45:08,561 - INFO - [BBC] Success with 'requests_browser'. Found content (1270 words).
2026-03-13 10:45:08,605 - INFO - Duplicate article skipped: Strait of Hormuz: Sailors stranded on ships due to Iran war from BBC
2026-03-13 10:45:09,354 - INFO - [The Guardian] Article: https://www.theguardian.com/world/2026/mar/11/at-least-17-killed-after-drone-strikes-school-in-sudan
2026-03-13 10:45:09,354 - INFO - [The Guardian] Attempt 1/1: Trying with 'requests_browser' strategy...
2026-03-13 10:45:09,503 - INFO - [The Guardian] Success with 'requests_browser'. Found content (363 words).
2026-03-13 10:45:09,544 - INFO - Duplicate article skipped: At least 17 killed after drone strikes school in Sudan | Sudan | The Guardian from The Guardian
2026-03-13 10:45:09,853 - INFO - [BBC] Article: https://www.bbc.com/news/articles/cdxzzqye9w0o?at_medium=RSS&at_campaign=rss
2026-03-13 10:45:09,853 - INFO - [BBC] Attempt 1/1: Trying with 'requests_browser' strategy...
2026-03-13 10:45:09,893 - INFO - [BBC] Success with 'requests_browser'. Found content (1054 words).
2026-03-13 10:45:09,934 - INFO - Duplicate article skipped: French vote tests polarised electorate with right hoping to win control of Paris from BBC
2026-03-13 10:45:10,512 - INFO - [BBC] Article: https://www.bbc.com/news/articles/cd9g4dpjwgvo?at_medium=RSS&at_campaign=rss
2026-03-13 10:45:10,512 - INFO - [BBC] Attempt 1/1: Trying with 'requests_browser' strategy...
2026-03-13 10:45:10,547 - INFO - [BBC] Success with 'requests_browser'. Found content (676 words).
2026-03-13 10:45:10,585 - INFO - Duplicate article skipped: King expressed 'concern' over Alberta separatists, say First Nations chiefs after meeting from BBC
2026-03-13 10:45:11,020 - INFO - [The Guardian] Article: https://www.theguardian.com/world/2026/mar/11/drone-attack-goma-eastern-democratic-republic-of-the-congo-m23-rebels
2026-03-13 10:45:11,020 - INFO - [The Guardian] Attempt 1/1: Trying with 'requests_browser' strategy...
2026-03-13 10:45:11,074 - INFO - [The Guardian] Success with 'requests_browser'. Found content (551 words).
2026-03-13 10:45:11,142 - INFO - Duplicate article skipped: French aid worker among three killed in drone strike in east DRC, M23 rebels say | Democratic Republic of the Congo | The Guardian from The Guardian
2026-03-13 10:45:11,147 - INFO - [BBC] Article: https://www.bbc.com/news/articles/c2k8wvzgqk7o?at_medium=RSS&at_campaign=rss
2026-03-13 10:45:11,148 - INFO - [BBC] Attempt 1/1: Trying with 'requests_browser' strategy...
2026-03-13 10:45:11,180 - INFO - [BBC] Success with 'requests_browser'. Found content (615 words).
2026-03-13 10:45:11,219 - INFO - Duplicate article skipped: KPop Demon Hunters to return as Netflix announces sequel from BBC
2026-03-13 10:45:11,803 - INFO - [The Guardian] Article: https://www.theguardian.com/world/2026/mar/12/two-plasma-donors-die-private-canada-clinics
2026-03-13 10:45:11,803 - INFO - [The Guardian] Attempt 1/1: Trying with 'requests_browser' strategy...
2026-03-13 10:45:11,812 - INFO - [BBC] Article: https://www.bbc.com/news/articles/cm2xrz71zm3o?at_medium=RSS&at_campaign=rss
2026-03-13 10:45:11,812 - INFO - [BBC] Attempt 1/1: Trying with 'requests_browser' strategy...
2026-03-13 10:45:11,850 - INFO - [BBC] Success with 'requests_browser'. Found content (636 words).
2026-03-13 10:45:11,895 - INFO - Duplicate article skipped: Israel drops charges against soldiers accused of abusing Gaza detainee from BBC
2026-03-13 10:45:11,903 - INFO - [The Guardian] Success with 'requests_browser'. Found content (1291 words).
2026-03-13 10:45:11,937 - INFO - Duplicate article skipped: Two people die after donating plasma at Canadian clinics under federal investigation | Canada | The Guardian from The Guardian
2026-03-13 10:45:12,499 - INFO - [BBC] Article: https://www.bbc.com/news/articles/cx28zd30078o?at_medium=RSS&at_campaign=rss
2026-03-13 10:45:12,499 - INFO - [BBC] Attempt 1/1: Trying with 'requests_browser' strategy...
2026-03-13 10:45:12,537 - INFO - [BBC] Success with 'requests_browser'. Found content (888 words).
2026-03-13 10:45:12,592 - INFO - Duplicate article skipped: Suspect dead after ramming vehicle into Temple Israel synagogue in Michigan from BBC
2026-03-13 10:45:13,015 - INFO - [The Guardian] Article: https://www.theguardian.com/world/2026/mar/12/quit-fossil-fuels-to-stem-deadly-floods-in-brazils-coffee-heartland-say-scientists
2026-03-13 10:45:13,015 - INFO - [The Guardian] Attempt 1/1: Trying with 'requests_browser' strategy...
2026-03-13 10:45:13,063 - INFO - [The Guardian] Success with 'requests_browser'. Found content (723 words).
2026-03-13 10:45:13,101 - INFO - Duplicate article skipped: Quit fossil fuels to stem deadly floods in Brazil’s coffee heartland, say scientists | Extreme weather | The Guardian from The Guardian
2026-03-13 10:45:13,567 - INFO - [BBC] Article: https://www.bbc.com/news/articles/c8jxnjvjkg7o?at_medium=RSS&at_campaign=rss
2026-03-13 10:45:13,567 - INFO - [BBC] Attempt 1/1: Trying with 'requests_browser' strategy...
2026-03-13 10:45:13,596 - INFO - [BBC] Success with 'requests_browser'. Found content (421 words).
2026-03-13 10:45:13,633 - INFO - Duplicate article skipped: Nepal: Rapper-politician Balendra Shah's party wins Nepal election from BBC
2026-03-13 10:45:13,786 - INFO - [The Guardian] Article: https://www.theguardian.com/world/2026/mar/11/el-salvador-mass-incarceration-crimes-against-humanity-study
2026-03-13 10:45:13,786 - INFO - [The Guardian] Attempt 1/1: Trying with 'requests_browser' strategy...
2026-03-13 10:45:13,835 - INFO - [The Guardian] Success with 'requests_browser'. Found content (594 words).
2026-03-13 10:45:13,873 - INFO - Duplicate article skipped: El Salvador’s mass arrest policy may have led to crimes against humanity, study shows | El Salvador | The Guardian from The Guardian
2026-03-13 10:45:14,321 - INFO - [BBC] Article: https://www.bbc.com/news/articles/c743emjmnrro?at_medium=RSS&at_campaign=rss
2026-03-13 10:45:14,321 - INFO - [BBC] Attempt 1/1: Trying with 'requests_browser' strategy...
2026-03-13 10:45:14,347 - INFO - [BBC] Success with 'requests_browser'. Found content (340 words).
2026-03-13 10:45:14,388 - INFO - Duplicate article skipped: UFC fighters to train FBI agents at Quantico from BBC
2026-03-13 10:45:14,895 - INFO - [The Guardian] Article: https://www.theguardian.com/world/2026/mar/11/argentina-asylum-brasil-elections
2026-03-13 10:45:14,895 - INFO - [The Guardian] Attempt 1/1: Trying with 'requests_browser' strategy...
2026-03-13 10:45:15,030 - INFO - [The Guardian] Success with 'requests_browser'. Found content (685 words).
2026-03-13 10:45:15,066 - INFO - Duplicate article skipped: Argentina grants asylum to Brasília rioter in move that may sway Brazil vote | Argentina | The Guardian from The Guardian
2026-03-13 10:45:15,297 - INFO - Selenium driver initialized successfully.
2026-03-13 10:45:15,297 - INFO - Starting scrape for Times of India RSS feed: https://timesofindia.indiatimes.com/rssfeeds/296589292.cms
2026-03-13 10:45:15,298 - INFO - Selenium driver initialized successfully.
2026-03-13 10:45:15,298 - INFO - Starting scrape for The Hindu RSS feed: https://www.thehindu.com/news/national/feeder/default.rss
2026-03-13 10:45:15,434 - INFO - Found 100 articles in The Hindu RSS feed. Processing up to 10.
2026-03-13 10:45:15,434 - INFO - [The Hindu] Article: https://www.thehindu.com/news/national/kerala/kochi-corporation-in-kerala-faces-huge-biomedical-waste-backlog-as-incinerator-capacity-is-reduced/article70738890.ece
2026-03-13 10:45:15,434 - INFO - [The Hindu] Attempt 1/1: Trying with 'selenium_browser' strategy...
2026-03-13 10:45:15,467 - INFO - Found 20 articles in Times of India RSS feed. Processing up to 10.
2026-03-13 10:45:15,467 - INFO - [Times of India] Article: https://timesofindia.indiatimes.com/world/us/hormuz-miscalculation-trump-sideswiped-by-irans-closure-of-strait/articleshow/129544248.cms
2026-03-13 10:45:15,467 - INFO - [Times of India] Attempt 1/1: Trying with 'selenium_browser' strategy...
2026-03-13 10:45:15,981 - INFO - [The Guardian] Article: https://www.theguardian.com/world/2026/mar/11/jose-antonio-kast-pinochet-fan-chile-far-right
2026-03-13 10:45:15,981 - INFO - [The Guardian] Attempt 1/1: Trying with 'requests_browser' strategy...
2026-03-13 10:45:16,114 - INFO - [The Guardian] Success with 'requests_browser'. Found content (1085 words).
2026-03-13 10:45:16,161 - INFO - Duplicate article skipped: José Antonio Kast, the Pinochet fan about to swerve Chile to the far right | Chile | The Guardian from The Guardian
2026-03-13 10:45:23,179 - INFO - [The Hindu] Page content loaded.
2026-03-13 10:45:23,602 - INFO - [The Hindu] Success with 'selenium_browser'. Found content (379 words).
2026-03-13 10:45:23,917 - INFO - Saved article: Kochi Corporation in Kerala faces huge biomedical waste backlog as incinerator capacity is reduced - The Hindu from The Hindu
2026-03-13 10:45:24,447 - INFO - [The Hindu] Article: https://www.thehindu.com/news/national/lok-sabha-nirmala-sitharaman-economic-stabilisation-fund-to-help-government-respond-to-global-challenges/article70738852.ece
2026-03-13 10:45:24,448 - INFO - [The Hindu] Attempt 1/1: Trying with 'selenium_browser' strategy...
2026-03-13 10:45:27,034 - INFO - [The Hindu] Page content loaded.
2026-03-13 10:45:27,336 - INFO - [The Hindu] Success with 'selenium_browser'. Found content (349 words).
2026-03-13 10:45:27,677 - INFO - Saved article: Economic Stabilisation Fund to help government respond to global challenges: Sitharaman - The Hindu from The Hindu
2026-03-13 10:45:28,783 - INFO - [The Hindu] Article: https://www.thehindu.com/news/national/pm-narendra-modi-in-assam-kokrajhar-march-13-2026/article70738840.ece
2026-03-13 10:45:28,783 - INFO - [The Hindu] Attempt 1/1: Trying with 'selenium_browser' strategy...
2026-03-13 10:45:37,637 - INFO - [The Hindu] Page content loaded.
2026-03-13 10:45:37,767 - INFO - [The Hindu] Success with 'selenium_browser'. Found content (216 words).
2026-03-13 10:45:37,856 - INFO - Saved article: PM Modi virtually unveils projects worth ₹4,570 crore in Assam's Kokrajhar - The Hindu from The Hindu
2026-03-13 10:45:39,259 - INFO - [The Hindu] Article: https://www.thehindu.com/shorts/mahua-slams-pm-modis-silence-over-lpg-shortage/article70738843.ece
2026-03-13 10:45:39,259 - INFO - [The Hindu] Attempt 1/1: Trying with 'selenium_browser' strategy...
2026-03-13 10:45:50,218 - WARNING - [The Hindu] Page timed out (10s). No <p> tags found. Proceeding anyway.
2026-03-13 10:45:50,379 - WARNING - [The Hindu] FAILED with 'selenium_browser' (content was too short: 50 words).
2026-03-13 10:45:50,379 - ERROR - [The Hindu] All scrape strategies failed for https://www.thehindu.com/shorts/mahua-slams-pm-modis-silence-over-lpg-shortage/article70738843.ece. Falling back to RSS description.
2026-03-13 10:45:50,381 - INFO - Saved article: Mahua slams PM Modi’s silence over LPG shortage from The Hindu
2026-03-13 10:45:50,991 - INFO - [The Hindu] Article: https://www.thehindu.com/news/national/rahul-gandhi-spreading-misinformation-on-energy-issue-says-giriraj-singh/article70738734.ece
2026-03-13 10:45:50,991 - INFO - [The Hindu] Attempt 1/1: Trying with 'selenium_browser' strategy...
2026-03-13 10:45:51,678 - INFO - [The Hindu] Page content loaded.
2026-03-13 10:45:51,780 - INFO - [The Hindu] Success with 'selenium_browser'. Found content (420 words).
2026-03-13 10:45:51,857 - INFO - Saved article: Rahul Gandhi spreading misinformation on energy issue, says Giriraj Singh - The Hindu from The Hindu
2026-03-13 10:45:52,614 - INFO - [The Hindu] Article: https://www.thehindu.com/news/national/eam-jaishankar-irans-araghchi-hold-4th-phone-call-since-start-of-west-asian-conflict/article70738752.ece
2026-03-13 10:45:52,614 - INFO - [The Hindu] Attempt 1/1: Trying with 'selenium_browser' strategy...
2026-03-13 10:46:15,486 - ERROR - [Times of India] Request failed for strategy 'selenium_browser' on URL https://timesofindia.indiatimes.com/world/us/hormuz-miscalculation-trump-sideswiped-by-irans-closure-of-strait/articleshow/129544248.cms: Message: timeout: Timed out receiving message from renderer: 59.939
  (Session info: chrome=145.0.7632.116)
Stacktrace:
#0 0x55c7b0067b6a <unknown>
#1 0x55c7afa7aa32 <unknown>
#2 0x55c7afa62007 <unknown>
#3 0x55c7afa61c16 <unknown>
#4 0x55c7afa5f731 <unknown>
#5 0x55c7afa600bf <unknown>
#6 0x55c7afa6f560 <unknown>
#7 0x55c7afa89707 <unknown>
#8 0x55c7afa908db <unknown>
#9 0x55c7afa60829 <unknown>
#10 0x55c7afa8949c <unknown>
#11 0x55c7afb186e1 <unknown>
#12 0x55c7afac1c0f <unknown>
#13 0x55c7afac29d1 <unknown>
#14 0x55c7b002c6b9 <unknown>
#15 0x55c7b002f5c1 <unknown>
#16 0x55c7b0018e29 <unknown>
#17 0x55c7b003017e <unknown>
#18 0x55c7affff4b0 <unknown>
#19 0x55c7b0054578 <unknown>
#20 0x55c7b005474b <unknown>
#21 0x55c7b00661a3 <unknown>
#22 0x7f9b38c9caa4 <unknown>
#23 0x7f9b38d29c6c <unknown>

2026-03-13 10:46:15,486 - ERROR - [Times of India] All scrape strategies failed for https://timesofindia.indiatimes.com/world/us/hormuz-miscalculation-trump-sideswiped-by-irans-closure-of-strait/articleshow/129544248.cms. Falling back to RSS description.
2026-03-13 10:46:15,489 - INFO - Saved article: Hormuz miscalculation? Trump sideswiped by Iran's closure of Strait from Times of India
2026-03-13 10:46:16,613 - INFO - [Times of India] Article: https://timesofindia.indiatimes.com/world/south-asia/afghanistan-hits-pakistans-kohat-military-fort-in-retaliatory-drone-strikes/articleshow/129545429.cms
2026-03-13 10:46:16,614 - INFO - [Times of India] Attempt 1/1: Trying with 'selenium_browser' strategy...
2026-03-13 10:46:17,521 - INFO - [Times of India] Page content loaded.
2026-03-13 10:46:17,826 - INFO - [Times of India] Success with 'selenium_browser'. Found content (231 words).
2026-03-13 10:46:17,895 - INFO - Saved article: Afghanistan Pakistan Conflict: Afghanistan hits Pakistan's Kohat military fort in retaliatory drone strikes - The Times of India from Times of India
2026-03-13 10:46:18,915 - INFO - [Times of India] Article: https://timesofindia.indiatimes.com/world/rest-of-world/japan-still-haunted-80-fear-another-disaster-15-years-after-the-deadly-2011-earthquake/articleshow/129541972.cms
2026-03-13 10:46:18,915 - INFO - [Times of India] Attempt 1/1: Trying with 'selenium_browser' strategy...
2026-03-13 10:46:19,620 - INFO - [Times of India] Page content loaded.
2026-03-13 10:46:19,777 - INFO - [Times of India] Success with 'selenium_browser'. Found content (793 words).
2026-03-13 10:46:19,864 - INFO - Duplicate article skipped: Japan still haunted: 80% fear another disaster 15 years after the deadly 2011 earthquake | World News - The Times of India from Times of India
2026-03-13 10:46:20,794 - INFO - [Times of India] Article: https://timesofindia.indiatimes.com/world/middle-east/middle-east-conflict-sirens-heard-at-turkeys-us-stationed-incirlik-base-residents-fear-missile-threat/articleshow/129542126.cms
2026-03-13 10:46:20,794 - INFO - [Times of India] Attempt 1/1: Trying with 'selenium_browser' strategy...
2026-03-13 10:46:22,247 - INFO - [Times of India] Page content loaded.
2026-03-13 10:46:22,458 - INFO - [Times of India] Success with 'selenium_browser'. Found content (282 words).
2026-03-13 10:46:22,531 - INFO - Duplicate article skipped: Middle East conflict: Sirens heard at Turkey’s US-stationed Incirlik base, residents fear missile threat - The Times of India from Times of India
2026-03-13 10:46:23,948 - INFO - [Times of India] Article: https://timesofindia.indiatimes.com/world/us/corrupt-dangerous-administration-sole-muslim-woman-on-trumps-religious-committee-resigns-in-protest/articleshow/129540414.cms
2026-03-13 10:46:23,948 - INFO - [Times of India] Attempt 1/1: Trying with 'selenium_browser' strategy...
2026-03-13 10:46:25,449 - INFO - [Times of India] Page content loaded.
2026-03-13 10:46:25,627 - INFO - [Times of India] Success with 'selenium_browser'. Found content (731 words).
2026-03-13 10:46:25,695 - INFO - Duplicate article skipped: 'Corrupt, dangerous administration': Sole Muslim woman on Trump's religious committee resigns in protest | World News - The Times of India from Times of India
2026-03-13 10:46:26,786 - INFO - [Times of India] Article: https://timesofindia.indiatimes.com/world/middle-east/did-iran-hit-us-warship-abraham-lincoln-what-we-know/articleshow/129538505.cms
2026-03-13 10:46:26,786 - INFO - [Times of India] Attempt 1/1: Trying with 'selenium_browser' strategy...
2026-03-13 10:46:27,905 - INFO - [Times of India] Page content loaded.
2026-03-13 10:46:28,120 - INFO - [Times of India] Success with 'selenium_browser'. Found content (527 words).
2026-03-13 10:46:28,188 - INFO - Duplicate article skipped: Us Iran War: Did Iran hit US warship Abraham Lincoln? What we know - The Times of India from Times of India
2026-03-13 10:46:29,185 - INFO - [Times of India] Article: https://timesofindia.indiatimes.com/world/us/we-are-totally-destroying-terrorist-regime-trump-issues-watch-what-happens-today-warning/articleshow/129539100.cms
2026-03-13 10:46:29,185 - INFO - [Times of India] Attempt 1/1: Trying with 'selenium_browser' strategy...
2026-03-13 10:46:30,148 - INFO - [Times of India] Page content loaded.
2026-03-13 10:46:30,295 - INFO - [Times of India] Success with 'selenium_browser'. Found content (373 words).
2026-03-13 10:46:30,402 - INFO - Duplicate article skipped: 'We are totally destroying terrorist regime': Trump issues 'watch what happens today 'warning - The Times of India from Times of India
2026-03-13 10:46:31,866 - INFO - [Times of India] Article: https://timesofindia.indiatimes.com/world/middle-east/dismantling-hezbollah-idf-bodycam-footage-captures-night-operations-in-lebanon-watch-video/articleshow/129537812.cms
2026-03-13 10:46:31,866 - INFO - [Times of India] Attempt 1/1: Trying with 'selenium_browser' strategy...
2026-03-13 10:46:33,657 - INFO - [Times of India] Page content loaded.
2026-03-13 10:46:33,893 - INFO - [Times of India] Success with 'selenium_browser'. Found content (359 words).
2026-03-13 10:46:34,014 - INFO - Duplicate article skipped: 'Dismantling Hezbollah': IDF bodycam footage captures night operations in Lebanon - watch video - The Times of India from Times of India
2026-03-13 10:46:35,208 - INFO - [Times of India] Article: https://timesofindia.indiatimes.com/world/middle-east/uae-news-police-crack-down-on-modified-cars-and-bikes-over-loud-explosion-sounds-amid-ongoing-regional-tensions/articleshow/129537903.cms
2026-03-13 10:46:35,208 - INFO - [Times of India] Attempt 1/1: Trying with 'selenium_browser' strategy...
2026-03-13 10:46:36,226 - INFO - [Times of India] Page content loaded.
2026-03-13 10:46:36,388 - INFO - [Times of India] Success with 'selenium_browser'. Found content (501 words).
2026-03-13 10:46:36,462 - INFO - Duplicate article skipped: Uae News: UAE News: Police crack down on modified cars and bikes over loud ‘explosion’ sounds amid ongoing regional tensions | World News - The Times of India from Times of India
2026-03-13 10:46:37,012 - INFO - [Times of India] Article: https://timesofindia.indiatimes.com/world/middle-east/no-life-insurance-netanyahus-stark-warning-to-irans-new-supreme-leader-mojtaba-khamenei-a-puppet-dig/articleshow/129536715.cms
2026-03-13 10:46:37,012 - INFO - [Times of India] Attempt 1/1: Trying with 'selenium_browser' strategy...
2026-03-13 10:46:38,022 - INFO - [Times of India] Page content loaded.
2026-03-13 10:46:38,179 - INFO - [Times of India] Success with 'selenium_browser'. Found content (713 words).
2026-03-13 10:46:38,248 - INFO - Duplicate article skipped: 'No life insurance': Netanyahu's stark warning to Iran's new supreme leader Mojtaba Khamenei & a 'puppet' dig - The Times of India from Times of India
2026-03-13 10:46:38,844 - INFO - [Times of India] (Thread) Finished. Attempting to shut down its Selenium driver.
2026-03-13 10:46:39,204 - INFO - [Times of India] (Thread) driver.quit() successful.
2026-03-13 10:46:52,635 - ERROR - [The Hindu] Request failed for strategy 'selenium_browser' on URL https://www.thehindu.com/news/national/eam-jaishankar-irans-araghchi-hold-4th-phone-call-since-start-of-west-asian-conflict/article70738752.ece: Message: timeout: Timed out receiving message from renderer: 58.035
  (Session info: chrome=145.0.7632.116)
Stacktrace:
#0 0x55d6d8f95b6a <unknown>
#1 0x55d6d89a8a32 <unknown>
#2 0x55d6d8990007 <unknown>
#3 0x55d6d898fc16 <unknown>
#4 0x55d6d898d731 <unknown>
#5 0x55d6d898e0bf <unknown>
#6 0x55d6d899d560 <unknown>
#7 0x55d6d89b7707 <unknown>
#8 0x55d6d89be8db <unknown>
#9 0x55d6d898e829 <unknown>
#10 0x55d6d89b749c <unknown>
#11 0x55d6d8a466e1 <unknown>
#12 0x55d6d89efc0f <unknown>
#13 0x55d6d89f09d1 <unknown>
#14 0x55d6d8f5a6b9 <unknown>
#15 0x55d6d8f5d5c1 <unknown>
#16 0x55d6d8f46e29 <unknown>
#17 0x55d6d8f5e17e <unknown>
#18 0x55d6d8f2d4b0 <unknown>
#19 0x55d6d8f82578 <unknown>
#20 0x55d6d8f8274b <unknown>
#21 0x55d6d8f941a3 <unknown>
#22 0x7fb662c9caa4 <unknown>
#23 0x7fb662d29c6c <unknown>

2026-03-13 10:46:52,635 - ERROR - [The Hindu] All scrape strategies failed for https://www.thehindu.com/news/national/eam-jaishankar-irans-araghchi-hold-4th-phone-call-since-start-of-west-asian-conflict/article70738752.ece. Falling back to RSS description.
2026-03-13 10:46:52,637 - INFO - Saved article: EAM Jaishankar, Iran’s Araghchi hold 4th phone call since start of West Asian conflict from The Hindu
2026-03-13 10:46:53,977 - INFO - [The Hindu] Article: https://www.thehindu.com/news/national/telangana/is-an-mla-contesting-mp-poll-on-another-partys-b-form-not-defection-asks-harish-rao/article70738615.ece
2026-03-13 10:46:53,977 - INFO - [The Hindu] Attempt 1/1: Trying with 'selenium_browser' strategy...
2026-03-13 10:46:55,211 - INFO - [The Hindu] Page content loaded.
2026-03-13 10:46:55,370 - INFO - [The Hindu] Success with 'selenium_browser'. Found content (342 words).
2026-03-13 10:46:55,451 - INFO - Saved article: Is an MLA contesting MP poll on another party’s B-Form not defection? asks Harish Rao - The Hindu from The Hindu
2026-03-13 10:46:56,360 - INFO - [The Hindu] Article: https://www.thehindu.com/food/features/cooks-prepare-nombu-kanji-thiruvananthapuram-mosques/article70729793.ece
2026-03-13 10:46:56,360 - INFO - [The Hindu] Attempt 1/1: Trying with 'selenium_browser' strategy...
2026-03-13 10:46:58,496 - INFO - [The Hindu] Page content loaded.
2026-03-13 10:46:58,599 - INFO - [The Hindu] Success with 'selenium_browser'. Found content (1248 words).
2026-03-13 10:46:58,716 - INFO - Saved article: Ramzan 2026 : Meet a few chefs who prepare ‘nombu kanji’ at mosques in Thiruvananthapuram - The Hindu from The Hindu
2026-03-13 10:46:59,828 - INFO - [The Hindu] Article: https://www.thehindu.com/news/national/andhra-pradesh/justice-lisa-gill-assumes-charge-as-ap-high-court-judge/article70738547.ece
2026-03-13 10:46:59,828 - INFO - [The Hindu] Attempt 1/1: Trying with 'selenium_browser' strategy...
2026-03-13 10:47:01,082 - INFO - [The Hindu] Page content loaded.
2026-03-13 10:47:01,217 - INFO - [The Hindu] Success with 'selenium_browser'. Found content (192 words).
2026-03-13 10:47:01,310 - INFO - Saved article: Justice Lisa Gill assumes charge as AP High Court Judge - The Hindu from The Hindu
2026-03-13 10:47:02,378 - INFO - [The Hindu] Article: https://www.thehindu.com/news/national/telangana/maintain-police-vigil-at-gas-distribution-centres-and-supply-agencies-telangana-cs/article70738705.ece
2026-03-13 10:47:02,378 - INFO - [The Hindu] Attempt 1/1: Trying with 'selenium_browser' strategy...
2026-03-13 10:48:02,398 - ERROR - [The Hindu] Request failed for strategy 'selenium_browser' on URL https://www.thehindu.com/news/national/telangana/maintain-police-vigil-at-gas-distribution-centres-and-supply-agencies-telangana-cs/article70738705.ece: Message: timeout: Timed out receiving message from renderer: 59.099
  (Session info: chrome=145.0.7632.116)
Stacktrace:
#0 0x55d6d8f95b6a <unknown>
#1 0x55d6d89a8a32 <unknown>
#2 0x55d6d8990007 <unknown>
#3 0x55d6d898fc16 <unknown>
#4 0x55d6d898d731 <unknown>
#5 0x55d6d898e0bf <unknown>
#6 0x55d6d899d560 <unknown>
#7 0x55d6d89b7707 <unknown>
#8 0x55d6d89be8db <unknown>
#9 0x55d6d898e829 <unknown>
#10 0x55d6d89b749c <unknown>
#11 0x55d6d8a466e1 <unknown>
#12 0x55d6d89efc0f <unknown>
#13 0x55d6d89f09d1 <unknown>
#14 0x55d6d8f5a6b9 <unknown>
#15 0x55d6d8f5d5c1 <unknown>
#16 0x55d6d8f46e29 <unknown>
#17 0x55d6d8f5e17e <unknown>
#18 0x55d6d8f2d4b0 <unknown>
#19 0x55d6d8f82578 <unknown>
#20 0x55d6d8f8274b <unknown>
#21 0x55d6d8f941a3 <unknown>
#22 0x7fb662c9caa4 <unknown>
#23 0x7fb662d29c6c <unknown>

2026-03-13 10:48:02,398 - ERROR - [The Hindu] All scrape strategies failed for https://www.thehindu.com/news/national/telangana/maintain-police-vigil-at-gas-distribution-centres-and-supply-agencies-telangana-cs/article70738705.ece. Falling back to RSS description.
2026-03-13 10:48:02,399 - INFO - Saved article: Maintain police vigil at gas distribution centres and supply agencies: Telangana CS from The Hindu
2026-03-13 10:48:02,955 - INFO - [The Hindu] (Thread) Finished. Attempting to shut down its Selenium driver.
2026-03-13 10:48:03,156 - INFO - [The Hindu] (Thread) driver.quit() successful.
2026-03-13 10:48:03,157 - INFO - Shutting down thread pool (wait=False)...
2026-03-13 10:48:03,157 - INFO - Scraped: 2 Times of India, 10 The Hindu, 0 BBC, 0 The Guardian articles. (Total saved: 12)
2026-03-13 10:48:03,157 - INFO - --- Scraping job finished ---
2026-03-13 10:48:03,163 - INFO - --- Scraper service stopped and database connection closed. ---
2026-03-13 10:48:03,163 - INFO - --- Main thread finished. Forcing process exit to kill zombie threads. ---
