2026-03-08 06:53:35,331 - INFO - Initializing database connection at: news_articles.db
2026-03-08 06:53:35,332 - INFO - --- Scraper service started (CI Mode: Run Once) ---
2026-03-08 06:53:35,332 - INFO - --- Starting new scraping job (Parallel Mode) ---
2026-03-08 06:53:35,332 - INFO - Creating new robust session with 3 retries on 5xx/connection/read errors.
2026-03-08 06:53:35,333 - INFO - Proxy is DISABLED.
2026-03-08 06:53:35,333 - INFO - Starting scrape for BBC RSS feed: http://feeds.bbci.co.uk/news/world/rss.xml
2026-03-08 06:53:35,333 - INFO - [Times of India] (Thread) requires Selenium. Initializing driver...
2026-03-08 06:53:35,333 - INFO - Initializing headless Selenium Chrome driver (using SeleniumManager)...
2026-03-08 06:53:35,334 - INFO - Starting scrape for The Guardian RSS feed: https://www.theguardian.com/world/rss
2026-03-08 06:53:35,335 - INFO - [The Hindu] (Thread) requires Selenium. Initializing driver...
2026-03-08 06:53:35,335 - INFO - Initializing headless Selenium Chrome driver (using SeleniumManager)...
2026-03-08 06:53:35,335 - INFO - Submitted 4 jobs to thread pool. Waiting up to 300s for completion...
2026-03-08 06:53:35,462 - INFO - Found 45 articles in The Guardian RSS feed. Processing up to 10.
2026-03-08 06:53:35,463 - INFO - [The Guardian] Article: https://www.theguardian.com/world/2026/mar/07/descendants-of-zimbabwe-resistance-heroes-urge-uk-to-locate-looted-skulls
2026-03-08 06:53:35,463 - INFO - [The Guardian] Attempt 1/1: Trying with 'requests_browser' strategy...
2026-03-08 06:53:35,490 - INFO - [The Guardian] Success with 'requests_browser'. Found content (916 words).
2026-03-08 06:53:35,531 - INFO - Duplicate article skipped: Descendants of Zimbabwe resistance heroes urge UK to locate looted skulls | Zimbabwe | The Guardian from The Guardian
2026-03-08 06:53:35,693 - INFO - Found 25 articles in BBC RSS feed. Processing up to 10.
2026-03-08 06:53:35,694 - INFO - [BBC] Article: https://www.bbc.com/news/articles/cy8l2p2l3v0o?at_medium=RSS&at_campaign=rss
2026-03-08 06:53:35,694 - INFO - [BBC] Attempt 1/1: Trying with 'requests_browser' strategy...
2026-03-08 06:53:35,840 - INFO - [BBC] Success with 'requests_browser'. Found content (1079 words).
2026-03-08 06:53:35,884 - INFO - Duplicate article skipped: Dozens killed as Israeli special forces raid Lebanese village in search of 40-year-old remains from BBC
2026-03-08 06:53:37,008 - INFO - [The Guardian] Article: https://www.theguardian.com/global-development/2026/mar/06/generic-drugs-weight-loss-semaglutide-ozempic-wegovy-diabetes-obesity-study
2026-03-08 06:53:37,009 - INFO - [The Guardian] Attempt 1/1: Trying with 'requests_browser' strategy...
2026-03-08 06:53:37,052 - INFO - [The Guardian] Success with 'requests_browser'. Found content (612 words).
2026-03-08 06:53:37,109 - INFO - Duplicate article skipped: Weight-loss jab could be made for $3 a month, study finds | Global health | The Guardian from The Guardian
2026-03-08 06:53:37,231 - INFO - [BBC] Article: https://www.bbc.com/news/articles/c5yjegg892lo?at_medium=RSS&at_campaign=rss
2026-03-08 06:53:37,231 - INFO - [BBC] Attempt 1/1: Trying with 'requests_browser' strategy...
2026-03-08 06:53:37,254 - INFO - [BBC] Success with 'requests_browser'. Found content (129 words).
2026-03-08 06:53:37,287 - INFO - Saved article: Explosion reported outside US embassy in Oslo, police say from BBC
2026-03-08 06:53:38,572 - INFO - [The Guardian] Article: https://www.theguardian.com/world/2026/mar/05/three-men-deported-us-eswatini-legal-case-detention
2026-03-08 06:53:38,572 - INFO - [The Guardian] Attempt 1/1: Trying with 'requests_browser' strategy...
2026-03-08 06:53:38,595 - INFO - [The Guardian] Success with 'requests_browser'. Found content (520 words).
2026-03-08 06:53:38,601 - INFO - [BBC] Article: https://www.bbc.com/news/articles/crrxpwzvd5vo?at_medium=RSS&at_campaign=rss
2026-03-08 06:53:38,601 - INFO - [BBC] Attempt 1/1: Trying with 'requests_browser' strategy...
2026-03-08 06:53:38,637 - INFO - Duplicate article skipped: Three men deported by US file legal case against Eswatini over detention | Eswatini | The Guardian from The Guardian
2026-03-08 06:53:38,661 - INFO - [BBC] Success with 'requests_browser'. Found content (506 words).
2026-03-08 06:53:38,700 - INFO - Duplicate article skipped: Boy, 12, among six dead as tornadoes hit Michigan and Oklahoma from BBC
2026-03-08 06:53:39,331 - INFO - [BBC] Article: https://www.bbc.com/news/articles/cq6qp458zv1o?at_medium=RSS&at_campaign=rss
2026-03-08 06:53:39,332 - INFO - [BBC] Attempt 1/1: Trying with 'requests_browser' strategy...
2026-03-08 06:53:39,369 - INFO - [BBC] Success with 'requests_browser'. Found content (830 words).
2026-03-08 06:53:39,412 - INFO - Duplicate article skipped: Iran ambassador warns UK to be 'very careful' about involvement in war from BBC
2026-03-08 06:53:39,861 - INFO - [The Guardian] Article: https://www.theguardian.com/world/2026/mar/05/south-africa-president-cyril-ramaphosa-calls-donald-trump-policy-white-afrikaners-racist
2026-03-08 06:53:39,861 - INFO - [The Guardian] Attempt 1/1: Trying with 'requests_browser' strategy...
2026-03-08 06:53:39,886 - INFO - [The Guardian] Success with 'requests_browser'. Found content (410 words).
2026-03-08 06:53:39,920 - INFO - Duplicate article skipped: South Africa’s president calls Trump’s policy to offer refuge to white Afrikaners ‘racist’ | South Africa | The Guardian from The Guardian
2026-03-08 06:53:40,128 - INFO - [BBC] Article: https://www.bbc.com/news/articles/c5y5lqygrn7o?at_medium=RSS&at_campaign=rss
2026-03-08 06:53:40,128 - INFO - [BBC] Attempt 1/1: Trying with 'requests_browser' strategy...
2026-03-08 06:53:40,170 - INFO - [BBC] Success with 'requests_browser'. Found content (1134 words).
2026-03-08 06:53:40,216 - INFO - Duplicate article skipped: We've been speaking to Iranians during one week of war. Here's what they said from BBC
2026-03-08 06:53:40,806 - INFO - [BBC] Article: https://www.bbc.com/news/articles/c93w6y0lnd9o?at_medium=RSS&at_campaign=rss
2026-03-08 06:53:40,806 - INFO - [BBC] Attempt 1/1: Trying with 'requests_browser' strategy...
2026-03-08 06:53:40,834 - INFO - [BBC] Success with 'requests_browser'. Found content (488 words).
2026-03-08 06:53:40,871 - INFO - Duplicate article skipped: Rapper-politician Balendra Shah unseats Nepal's ex-PM as he heads for victory from BBC
2026-03-08 06:53:40,889 - INFO - [The Guardian] Article: https://www.theguardian.com/sport/2026/mar/05/lewis-hamilton-race-africa-grand-prix-retiring-formula-one-colonial
2026-03-08 06:53:40,889 - INFO - [The Guardian] Attempt 1/1: Trying with 'requests_browser' strategy...
2026-03-08 06:53:40,937 - INFO - [The Guardian] Success with 'requests_browser'. Found content (409 words).
2026-03-08 06:53:40,974 - INFO - Duplicate article skipped: Lewis Hamilton sets sights on racing in an African grand prix before retiring | Lewis Hamilton | The Guardian from The Guardian
2026-03-08 06:53:41,491 - INFO - [The Guardian] Article: https://www.theguardian.com/world/2026/mar/07/peru-nightclub-bombing
2026-03-08 06:53:41,491 - INFO - [The Guardian] Attempt 1/1: Trying with 'requests_browser' strategy...
2026-03-08 06:53:41,513 - INFO - [The Guardian] Success with 'requests_browser'. Found content (288 words).
2026-03-08 06:53:41,548 - INFO - Duplicate article skipped: Bombing at nightclub in Peru injures 33 people, including minors | Peru | The Guardian from The Guardian
2026-03-08 06:53:42,163 - INFO - [BBC] Article: https://www.bbc.com/news/articles/cn87pl8e2l5o?at_medium=RSS&at_campaign=rss
2026-03-08 06:53:42,163 - INFO - [BBC] Attempt 1/1: Trying with 'requests_browser' strategy...
2026-03-08 06:53:42,200 - INFO - [BBC] Success with 'requests_browser'. Found content (353 words).
2026-03-08 06:53:42,212 - INFO - [The Guardian] Article: https://www.theguardian.com/us-news/2026/mar/07/trump-shield-of-americas-summit
2026-03-08 06:53:42,218 - INFO - [The Guardian] Attempt 1/1: Trying with 'requests_browser' strategy...
2026-03-08 06:53:42,244 - INFO - Duplicate article skipped: Nairobi floods: At least 23 dead after heavy rains with Kenyan military deployed from BBC
2026-03-08 06:53:42,262 - INFO - [The Guardian] Success with 'requests_browser'. Found content (714 words).
2026-03-08 06:53:42,300 - INFO - Duplicate article skipped: Trump convenes ‘Shield of Americas’ summit with 12 Latin American leaders | Donald Trump | The Guardian from The Guardian
2026-03-08 06:53:43,157 - INFO - [BBC] Article: https://www.bbc.com/news/articles/c4g55v24wrno?at_medium=RSS&at_campaign=rss
2026-03-08 06:53:43,157 - INFO - [BBC] Attempt 1/1: Trying with 'requests_browser' strategy...
2026-03-08 06:53:43,190 - INFO - [BBC] Success with 'requests_browser'. Found content (843 words).
2026-03-08 06:53:43,230 - INFO - Duplicate article skipped: Swiss to vote on right-wing push to slash licence fee for public broadcaster from BBC
2026-03-08 06:53:43,366 - INFO - [The Guardian] Article: https://www.theguardian.com/us-news/2026/mar/07/deaf-six-year-old-deported-colombia
2026-03-08 06:53:43,366 - INFO - [The Guardian] Attempt 1/1: Trying with 'requests_browser' strategy...
2026-03-08 06:53:43,388 - INFO - [The Guardian] Success with 'requests_browser'. Found content (766 words).
2026-03-08 06:53:43,424 - INFO - Duplicate article skipped: ICE deports family, including deaf boy who wasn’t given his assistive devices | California | The Guardian from The Guardian
2026-03-08 06:53:43,809 - INFO - [BBC] Article: https://www.bbc.com/news/articles/cn8zd049l08o?at_medium=RSS&at_campaign=rss
2026-03-08 06:53:43,809 - INFO - [BBC] Attempt 1/1: Trying with 'requests_browser' strategy...
2026-03-08 06:53:43,843 - INFO - [BBC] Success with 'requests_browser'. Found content (359 words).
2026-03-08 06:53:43,890 - INFO - Duplicate article skipped: Russian strike on Kharkiv apartment block kills ten from BBC
2026-03-08 06:53:44,047 - INFO - [The Guardian] Article: https://www.theguardian.com/world/2026/mar/07/an-ideological-guest-list-trump-invites-latin-americas-rightwing-leaders-to-florida-summit
2026-03-08 06:53:44,047 - INFO - [The Guardian] Attempt 1/1: Trying with 'requests_browser' strategy...
2026-03-08 06:53:44,071 - INFO - [The Guardian] Success with 'requests_browser'. Found content (1025 words).
2026-03-08 06:53:44,109 - INFO - Duplicate article skipped: ‘An ideological guest list’: Trump invites Latin America’s rightwing leaders to Florida summit | Americas | The Guardian from The Guardian
2026-03-08 06:53:44,816 - INFO - Selenium driver initialized successfully.
2026-03-08 06:53:44,816 - INFO - Starting scrape for The Hindu RSS feed: https://www.thehindu.com/news/national/feeder/default.rss
2026-03-08 06:53:44,817 - INFO - Selenium driver initialized successfully.
2026-03-08 06:53:44,817 - INFO - Starting scrape for Times of India RSS feed: https://timesofindia.indiatimes.com/rssfeeds/296589292.cms
2026-03-08 06:53:44,925 - INFO - Found 100 articles in The Hindu RSS feed. Processing up to 10.
2026-03-08 06:53:44,925 - INFO - [The Hindu] Article: https://www.thehindu.com/news/cities/Tiruchirapalli/tiruchi-police-announce-traffic-diversions-in-view-of-dmk-state-conference-on-march-9/article70718238.ece
2026-03-08 06:53:44,925 - INFO - [The Hindu] Attempt 1/1: Trying with 'selenium_browser' strategy...
2026-03-08 06:53:44,926 - INFO - Found 20 articles in Times of India RSS feed. Processing up to 10.
2026-03-08 06:53:44,926 - INFO - [Times of India] Article: https://timesofindia.indiatimes.com/world/middle-east/us-israel-iran-war-news-live-udates-middle-east-crisis-conflict-drone-ballistic-missile-attacks-explosions-flights-status-dubai-uae-qatar-tehran-gulf-donald-trump-netanyahu-khamenei/liveblog/129190174.cms
2026-03-08 06:53:44,926 - INFO - [Times of India] Attempt 1/1: Trying with 'selenium_browser' strategy...
2026-03-08 06:53:45,067 - INFO - [BBC] Article: https://www.bbc.com/news/articles/c62662gzlp8o?at_medium=RSS&at_campaign=rss
2026-03-08 06:53:45,067 - INFO - [BBC] Attempt 1/1: Trying with 'requests_browser' strategy...
2026-03-08 06:53:45,104 - INFO - [BBC] Success with 'requests_browser'. Found content (882 words).
2026-03-08 06:53:45,147 - INFO - Duplicate article skipped: Armed robots take to the battlefield in Ukraine war from BBC
2026-03-08 06:53:45,376 - INFO - [The Guardian] Article: https://www.theguardian.com/global-development/2026/mar/06/peruvian-state-responsible-for-mothers-death-in-forced-sterilisation-court-rules
2026-03-08 06:53:45,376 - INFO - [The Guardian] Attempt 1/1: Trying with 'requests_browser' strategy...
2026-03-08 06:53:45,591 - INFO - [The Guardian] Success with 'requests_browser'. Found content (533 words).
2026-03-08 06:53:45,645 - INFO - Duplicate article skipped: Peruvian state responsible for mother’s death in forced sterilisation, court rules | Global development | The Guardian from The Guardian
2026-03-08 06:53:50,653 - INFO - [The Hindu] Page content loaded.
2026-03-08 06:53:50,788 - INFO - [The Hindu] Success with 'selenium_browser'. Found content (115 words).
2026-03-08 06:53:51,000 - INFO - Saved article: Tiruchi Police announce traffic diversions in view of DMK State conference on March 9 - The Hindu from The Hindu
2026-03-08 06:53:51,879 - INFO - [The Hindu] Article: https://www.thehindu.com/news/national/uttar-pradesh/five-year-old-boy-abduction-in-ups-prayagraj/article70718321.ece
2026-03-08 06:53:51,879 - INFO - [The Hindu] Attempt 1/1: Trying with 'selenium_browser' strategy...
2026-03-08 06:53:54,803 - INFO - [The Hindu] Page content loaded.
2026-03-08 06:53:54,997 - INFO - [The Hindu] Success with 'selenium_browser'. Found content (175 words).
2026-03-08 06:53:55,202 - INFO - Saved article: Five-year-old boy abducted in U.P.'s Prayagraj, search on - The Hindu from The Hindu
2026-03-08 06:53:56,670 - INFO - [The Hindu] Article: https://www.thehindu.com/news/national/congress-slams-govt-on-rising-pollution-demands-review-of-national-ambient-air-quality-standards/article70718323.ece
2026-03-08 06:53:56,670 - INFO - [The Hindu] Attempt 1/1: Trying with 'selenium_browser' strategy...
2026-03-08 06:53:59,576 - INFO - [The Hindu] Page content loaded.
2026-03-08 06:53:59,830 - INFO - [The Hindu] Success with 'selenium_browser'. Found content (626 words).
2026-03-08 06:53:59,930 - INFO - Saved article: Congress slams Govt on rising pollution, demands review of National Ambient Air Quality Standards - The Hindu from The Hindu
2026-03-08 06:54:01,279 - INFO - [The Hindu] Article: https://www.thehindu.com/news/national/west-bengal/protocol-lapses-at-president-event-centre-seeks-response-from-west-bengal-government/article70718315.ece
2026-03-08 06:54:01,279 - INFO - [The Hindu] Attempt 1/1: Trying with 'selenium_browser' strategy...
2026-03-08 06:54:02,457 - INFO - [The Hindu] Page content loaded.
2026-03-08 06:54:02,663 - INFO - [The Hindu] Success with 'selenium_browser'. Found content (326 words).
2026-03-08 06:54:02,748 - INFO - Saved article: Protocol lapses at President event: Centre seeks response from West Bengal Government - The Hindu from The Hindu
2026-03-08 06:54:03,606 - INFO - [The Hindu] Article: https://www.thehindu.com/news/national/tamil-nadu/any-disrespect-to-president-murmu-deeply-regrettable-unacceptable-edappadi-palaniswami/article70718120.ece
2026-03-08 06:54:03,606 - INFO - [The Hindu] Attempt 1/1: Trying with 'selenium_browser' strategy...
2026-03-08 06:54:04,524 - INFO - [The Hindu] Page content loaded.
2026-03-08 06:54:04,650 - INFO - [The Hindu] Success with 'selenium_browser'. Found content (212 words).
2026-03-08 06:54:04,779 - INFO - Saved article: AIADMK general secretary Edappadi Palaniswami says 'Any disrespect to President Murmu deeply regrettable, unacceptable' - The Hindu from The Hindu
2026-03-08 06:54:05,362 - INFO - [The Hindu] Article: https://www.thehindu.com/news/national/bihar/nitish-kumars-son-nishant-kumar-joning-jdu-party-bihar-march-8-2026/article70718248.ece
2026-03-08 06:54:05,362 - INFO - [The Hindu] Attempt 1/1: Trying with 'selenium_browser' strategy...
2026-03-08 06:54:06,467 - INFO - [The Hindu] Page content loaded.
2026-03-08 06:54:06,525 - INFO - [The Hindu] Success with 'selenium_browser'. Found content (252 words).
2026-03-08 06:54:06,599 - INFO - Saved article: Nitish Kumar's son Nishant Kumar set to join JD(U) in Patna on March 8 - The Hindu from The Hindu
2026-03-08 06:54:07,986 - INFO - [The Hindu] Article: https://www.thehindu.com/news/national/uttar-pradesh/lapses-at-prez-event-mayawati-urges-respect-for-presidents-office/article70718239.ece
2026-03-08 06:54:07,986 - INFO - [The Hindu] Attempt 1/1: Trying with 'selenium_browser' strategy...
2026-03-08 06:54:09,274 - INFO - [The Hindu] Page content loaded.
2026-03-08 06:54:09,359 - INFO - [The Hindu] Success with 'selenium_browser'. Found content (323 words).
2026-03-08 06:54:09,456 - INFO - Saved article: 'Lapses' at Prez event: Mayawati urges respect for President's office - The Hindu from The Hindu
2026-03-08 06:54:10,471 - INFO - [The Hindu] Article: https://www.thehindu.com/news/international/west-asia-conflict-how-an-indian-in-uae-opened-the-doors-of-his-farm-for-stranded-indians/article70718160.ece
2026-03-08 06:54:10,471 - INFO - [The Hindu] Attempt 1/1: Trying with 'selenium_browser' strategy...
2026-03-08 06:54:11,390 - INFO - [The Hindu] Page content loaded.
2026-03-08 06:54:11,487 - INFO - [The Hindu] Success with 'selenium_browser'. Found content (294 words).
2026-03-08 06:54:11,601 - INFO - Saved article: Iran Israel War:: How an Indian in UAE opened the doors of his farm for stranded Indians - The Hindu from The Hindu
2026-03-08 06:54:12,213 - INFO - [The Hindu] Article: https://www.thehindu.com/news/national/international-womens-day-leaders-messages-droupadi-murmu-pm-modi/article70718121.ece
2026-03-08 06:54:12,213 - INFO - [The Hindu] Attempt 1/1: Trying with 'selenium_browser' strategy...
2026-03-08 06:54:13,443 - INFO - [The Hindu] Page content loaded.
2026-03-08 06:54:13,629 - INFO - [The Hindu] Success with 'selenium_browser'. Found content (316 words).
2026-03-08 06:54:13,739 - INFO - Duplicate article skipped: International Women's Day 2026: Educated, empowered women pillars of progressive nation, says President Droupadi Murmu - The Hindu from The Hindu
2026-03-08 06:54:15,119 - INFO - [The Hindu] Article: https://www.thehindu.com/news/cities/chennai/in-chennai-a-former-commissioners-name-lives-on-in-different-forms/article70718085.ece
2026-03-08 06:54:15,119 - INFO - [The Hindu] Attempt 1/1: Trying with 'selenium_browser' strategy...
2026-03-08 06:54:17,258 - INFO - [The Hindu] Page content loaded.
2026-03-08 06:54:17,327 - INFO - [The Hindu] Success with 'selenium_browser'. Found content (121 words).
2026-03-08 06:54:17,401 - INFO - Duplicate article skipped: Tamil Nadu: In Chennai, a former Commissioner’s name lives on, in different forms - The Hindu from The Hindu
2026-03-08 06:54:18,102 - INFO - [The Hindu] (Thread) Finished. Attempting to shut down its Selenium driver.
2026-03-08 06:54:18,233 - INFO - [The Hindu] (Thread) driver.quit() successful.
2026-03-08 06:54:44,949 - ERROR - [Times of India] Request failed for strategy 'selenium_browser' on URL https://timesofindia.indiatimes.com/world/middle-east/us-israel-iran-war-news-live-udates-middle-east-crisis-conflict-drone-ballistic-missile-attacks-explosions-flights-status-dubai-uae-qatar-tehran-gulf-donald-trump-netanyahu-khamenei/liveblog/129190174.cms: Message: timeout: Timed out receiving message from renderer: 59.781
  (Session info: chrome=145.0.7632.116)
Stacktrace:
#0 0x561a529d4b6a <unknown>
#1 0x561a523e7a32 <unknown>
#2 0x561a523cf007 <unknown>
#3 0x561a523cec16 <unknown>
#4 0x561a523cc731 <unknown>
#5 0x561a523cd0bf <unknown>
#6 0x561a523dc560 <unknown>
#7 0x561a523f6707 <unknown>
#8 0x561a523fd8db <unknown>
#9 0x561a523cd829 <unknown>
#10 0x561a523f649c <unknown>
#11 0x561a524856e1 <unknown>
#12 0x561a5242ec0f <unknown>
#13 0x561a5242f9d1 <unknown>
#14 0x561a529996b9 <unknown>
#15 0x561a5299c5c1 <unknown>
#16 0x561a52985e29 <unknown>
#17 0x561a5299d17e <unknown>
#18 0x561a5296c4b0 <unknown>
#19 0x561a529c1578 <unknown>
#20 0x561a529c174b <unknown>
#21 0x561a529d31a3 <unknown>
#22 0x7f569389caa4 <unknown>
#23 0x7f5693929c6c <unknown>

2026-03-08 06:54:44,950 - ERROR - [Times of India] All scrape strategies failed for https://timesofindia.indiatimes.com/world/middle-east/us-israel-iran-war-news-live-udates-middle-east-crisis-conflict-drone-ballistic-missile-attacks-explosions-flights-status-dubai-uae-qatar-tehran-gulf-donald-trump-netanyahu-khamenei/liveblog/129190174.cms. Falling back to RSS description.
2026-03-08 06:54:44,950 - INFO - Duplicate article skipped: US-Israel-Iran War Live Updates: 'They got caught on wrong side of events': Jaishankar on Iran ship struck by US in Indian Ocean from Times of India
2026-03-08 06:54:46,282 - INFO - [Times of India] Article: https://timesofindia.indiatimes.com/world/south-asia/nepal-elections-results-2026-live-updates-voting-poll-result-balen-shah-rastriya-swatantra-party-win-20-seats-latest-news-updates/liveblog/129192622.cms
2026-03-08 06:54:46,282 - INFO - [Times of India] Attempt 1/1: Trying with 'selenium_browser' strategy...
2026-03-08 06:54:48,829 - INFO - [Times of India] Page content loaded.
2026-03-08 06:54:49,113 - INFO - [Times of India] Success with 'selenium_browser'. Found content (88 words).
2026-03-08 06:54:49,179 - INFO - Duplicate article skipped: Nepal Election Results 2026 Live: Rapper-turned-politician Balen Shah led RSP set to form government after decisive victory - The Times of India from Times of India
2026-03-08 06:54:50,415 - INFO - [Times of India] Article: https://timesofindia.indiatimes.com/world/us/if-you-kill-americans-well-kill-you-us-releases-montage-of-precision-strikes-with-a-blunt-warning/articleshow/129253244.cms
2026-03-08 06:54:50,416 - INFO - [Times of India] Attempt 1/1: Trying with 'selenium_browser' strategy...
2026-03-08 06:54:51,470 - INFO - [Times of India] Page content loaded.
2026-03-08 06:54:51,611 - INFO - [Times of India] Success with 'selenium_browser'. Found content (391 words).
2026-03-08 06:54:51,737 - INFO - Saved article: 'If you kill Americans, we'll kill you': US releases montage of precision strikes with a blunt warning - The Times of India from Times of India
2026-03-08 06:54:52,323 - INFO - [Times of India] Article: https://timesofindia.indiatimes.com/world/middle-east/eid-al-fitr-2026-likely-to-fall-on-march-20-in-uae-say-sharjah-astronomers/articleshow/129255234.cms
2026-03-08 06:54:52,323 - INFO - [Times of India] Attempt 1/1: Trying with 'selenium_browser' strategy...
2026-03-08 06:54:53,385 - INFO - [Times of India] Page content loaded.
2026-03-08 06:54:53,520 - INFO - [Times of India] Success with 'selenium_browser'. Found content (367 words).
2026-03-08 06:54:53,582 - INFO - Saved article: Eid Al Fitr 2026 likely to fall on March 20 in UAE, say Sharjah astronomers | World News - The Times of India from Times of India
2026-03-08 06:54:54,415 - INFO - [Times of India] Article: https://timesofindia.indiatimes.com/world/europe/blast-at-us-embassy-in-oslo-explosion-causes-minor-damage-probe-under-way/articleshow/129253762.cms
2026-03-08 06:54:54,415 - INFO - [Times of India] Attempt 1/1: Trying with 'selenium_browser' strategy...
2026-03-08 06:54:55,505 - INFO - [Times of India] Page content loaded.
2026-03-08 06:54:55,661 - INFO - [Times of India] Success with 'selenium_browser'. Found content (366 words).
2026-03-08 06:54:55,724 - INFO - Saved article: Us Embassy Explosion: Blast at US embassy in Oslo: Explosion causes minor damage; probe under way - The Times of India from Times of India
2026-03-08 06:54:56,576 - INFO - [Times of India] Article: https://timesofindia.indiatimes.com/world/middle-east/up-to-dh200000-fine-two-years-in-jail-uae-cracks-down-on-spreading-rumours-during-regional-crisis/articleshow/129252954.cms
2026-03-08 06:54:56,576 - INFO - [Times of India] Attempt 1/1: Trying with 'selenium_browser' strategy...
2026-03-08 06:54:57,955 - INFO - [Times of India] Page content loaded.
2026-03-08 06:54:58,104 - INFO - [Times of India] Success with 'selenium_browser'. Found content (492 words).
2026-03-08 06:54:58,170 - INFO - Saved article: Up to Dh200,000 fine, two years in jail: UAE cracks down on spreading rumours during regional crisis | World News - The Times of India from Times of India
2026-03-08 06:54:59,162 - INFO - [Times of India] Article: https://timesofindia.indiatimes.com/world/us/not-helping-them-much-trump-downplays-reports-of-russia-sharing-intel-with-iran/articleshow/129248115.cms
2026-03-08 06:54:59,162 - INFO - [Times of India] Attempt 1/1: Trying with 'selenium_browser' strategy...
2026-03-08 06:55:59,192 - ERROR - [Times of India] Request failed for strategy 'selenium_browser' on URL https://timesofindia.indiatimes.com/world/us/not-helping-them-much-trump-downplays-reports-of-russia-sharing-intel-with-iran/articleshow/129248115.cms: Message: timeout: Timed out receiving message from renderer: 59.170
  (Session info: chrome=145.0.7632.116)
Stacktrace:
#0 0x561a529d4b6a <unknown>
#1 0x561a523e7a32 <unknown>
#2 0x561a523cf007 <unknown>
#3 0x561a523cec16 <unknown>
#4 0x561a523cc731 <unknown>
#5 0x561a523cd0bf <unknown>
#6 0x561a523dc560 <unknown>
#7 0x561a523f6707 <unknown>
#8 0x561a523fd8db <unknown>
#9 0x561a523cd829 <unknown>
#10 0x561a523f649c <unknown>
#11 0x561a524856e1 <unknown>
#12 0x561a5242ec0f <unknown>
#13 0x561a5242f9d1 <unknown>
#14 0x561a529996b9 <unknown>
#15 0x561a5299c5c1 <unknown>
#16 0x561a52985e29 <unknown>
#17 0x561a5299d17e <unknown>
#18 0x561a5296c4b0 <unknown>
#19 0x561a529c1578 <unknown>
#20 0x561a529c174b <unknown>
#21 0x561a529d31a3 <unknown>
#22 0x7f569389caa4 <unknown>
#23 0x7f5693929c6c <unknown>

2026-03-08 06:55:59,192 - ERROR - [Times of India] All scrape strategies failed for https://timesofindia.indiatimes.com/world/us/not-helping-them-much-trump-downplays-reports-of-russia-sharing-intel-with-iran/articleshow/129248115.cms. Falling back to RSS description.
2026-03-08 06:55:59,193 - INFO - Duplicate article skipped: 'Not helping them much': Trump downplays reports of Russia sharing intel with Iran from Times of India
2026-03-08 06:56:00,114 - INFO - [Times of India] Article: https://timesofindia.indiatimes.com/world/middle-east/khamenei-gone-but-regime-change-in-iran-unlikely-us-intelligence-warns-report/articleshow/129246814.cms
2026-03-08 06:56:00,114 - INFO - [Times of India] Attempt 1/1: Trying with 'selenium_browser' strategy...
2026-03-08 06:56:02,417 - INFO - [Times of India] Page content loaded.
2026-03-08 06:56:02,550 - INFO - [Times of India] Success with 'selenium_browser'. Found content (1043 words).
2026-03-08 06:56:02,668 - INFO - Duplicate article skipped: Khamenei gone but regime change in Iran 'unlikely', US intelligence warns — report - The Times of India from Times of India
2026-03-08 06:56:03,604 - INFO - [Times of India] Article: https://timesofindia.indiatimes.com/world/middle-east/forgive-us-uae-president-mohamed-bin-zayed-al-nahyan-sends-emotional-message-amid-iran-vs-us-israel-war/articleshow/129245694.cms
2026-03-08 06:56:03,604 - INFO - [Times of India] Attempt 1/1: Trying with 'selenium_browser' strategy...
2026-03-08 06:56:04,692 - INFO - [Times of India] Page content loaded.
2026-03-08 06:56:04,888 - INFO - [Times of India] Success with 'selenium_browser'. Found content (1019 words).
2026-03-08 06:56:04,952 - INFO - Duplicate article skipped: 'Forgive us': UAE President Mohamed bin Zayed Al Nahyan sends emotional message amid Iran vs US-Israel war - The Times of India from Times of India
2026-03-08 06:56:05,574 - INFO - [Times of India] Article: https://timesofindia.indiatimes.com/world/china/china-tells-at-risk-people-to-undergo-cancer-screening/articleshow/129246324.cms
2026-03-08 06:56:05,574 - INFO - [Times of India] Attempt 1/1: Trying with 'selenium_browser' strategy...
2026-03-08 06:56:06,673 - INFO - [Times of India] Page content loaded.
2026-03-08 06:56:06,855 - INFO - [Times of India] Success with 'selenium_browser'. Found content (89 words).
2026-03-08 06:56:06,910 - INFO - Duplicate article skipped: China tells at-risk people to undergo cancer screening - The Times of India from Times of India
2026-03-08 06:56:08,230 - INFO - [Times of India] (Thread) Finished. Attempting to shut down its Selenium driver.
2026-03-08 06:56:08,429 - INFO - [Times of India] (Thread) driver.quit() successful.
2026-03-08 06:56:08,429 - INFO - Shutting down thread pool (wait=False)...
2026-03-08 06:56:08,429 - INFO - Scraped: 8 The Hindu, 0 The Guardian, 1 BBC, 4 Times of India articles. (Total saved: 13)
2026-03-08 06:56:08,429 - INFO - --- Scraping job finished ---
2026-03-08 06:56:08,434 - INFO - --- Scraper service stopped and database connection closed. ---
2026-03-08 06:56:08,434 - INFO - --- Main thread finished. Forcing process exit to kill zombie threads. ---
