2026-03-11 22:33:27,708 - INFO - Initializing database connection at: news_articles.db
2026-03-11 22:33:27,708 - INFO - --- Scraper service started (CI Mode: Run Once) ---
2026-03-11 22:33:27,708 - INFO - --- Starting new scraping job (Parallel Mode) ---
2026-03-11 22:33:27,708 - INFO - Creating new robust session with 3 retries on 5xx/connection/read errors.
2026-03-11 22:33:27,709 - INFO - Proxy is DISABLED.
2026-03-11 22:33:27,709 - INFO - Starting scrape for BBC RSS feed: http://feeds.bbci.co.uk/news/world/rss.xml
2026-03-11 22:33:27,710 - INFO - [Times of India] (Thread) requires Selenium. Initializing driver...
2026-03-11 22:33:27,710 - INFO - Initializing headless Selenium Chrome driver (using SeleniumManager)...
2026-03-11 22:33:27,710 - INFO - Starting scrape for The Guardian RSS feed: https://www.theguardian.com/world/rss
2026-03-11 22:33:27,711 - INFO - [The Hindu] (Thread) requires Selenium. Initializing driver...
2026-03-11 22:33:27,711 - INFO - Initializing headless Selenium Chrome driver (using SeleniumManager)...
2026-03-11 22:33:27,711 - INFO - Submitted 4 jobs to thread pool. Waiting up to 300s for completion...
2026-03-11 22:33:27,854 - INFO - Found 45 articles in The Guardian RSS feed. Processing up to 10.
2026-03-11 22:33:27,854 - INFO - [The Guardian] Article: https://www.theguardian.com/world/2026/mar/11/at-least-17-killed-after-drone-strikes-school-in-sudan
2026-03-11 22:33:27,854 - INFO - [The Guardian] Attempt 1/1: Trying with 'requests_browser' strategy...
2026-03-11 22:33:27,988 - INFO - Found 33 articles in BBC RSS feed. Processing up to 10.
2026-03-11 22:33:27,989 - INFO - [BBC] Article: https://www.bbc.com/news/articles/cn0znx4xrl9o?at_medium=RSS&at_campaign=rss
2026-03-11 22:33:27,989 - INFO - [BBC] Attempt 1/1: Trying with 'requests_browser' strategy...
2026-03-11 22:33:27,996 - INFO - [The Guardian] Success with 'requests_browser'. Found content (363 words).
2026-03-11 22:33:28,038 - INFO - Duplicate article skipped: At least 17 killed after drone strikes school in Sudan | Sudan | The Guardian from The Guardian
2026-03-11 22:33:28,216 - INFO - [BBC] Success with 'requests_browser'. Found content (1619 words).
2026-03-11 22:33:28,260 - INFO - Duplicate article skipped: Jeremy Bowen: Trump has called for an Iran uprising but the lessons from Iraq in 1991 loom large from BBC
2026-03-11 22:33:29,065 - INFO - [BBC] Article: https://www.bbc.com/news/articles/cly093xxlzzo?at_medium=RSS&at_campaign=rss
2026-03-11 22:33:29,065 - INFO - [BBC] Attempt 1/1: Trying with 'requests_browser' strategy...
2026-03-11 22:33:29,106 - INFO - [BBC] Success with 'requests_browser'. Found content (523 words).
2026-03-11 22:33:29,145 - INFO - Duplicate article skipped: Countries agree to record release of emergency oil reserves as prices surge from BBC
2026-03-11 22:33:29,536 - INFO - [The Guardian] Article: https://www.theguardian.com/world/2026/mar/11/drone-attack-goma-eastern-democratic-republic-of-the-congo-m23-rebels
2026-03-11 22:33:29,536 - INFO - [The Guardian] Attempt 1/1: Trying with 'requests_browser' strategy...
2026-03-11 22:33:29,671 - INFO - [The Guardian] Success with 'requests_browser'. Found content (551 words).
2026-03-11 22:33:29,715 - INFO - Duplicate article skipped: French aid worker among three killed in drone strike in east DRC, M23 rebels say | Democratic Republic of the Congo | The Guardian from The Guardian
2026-03-11 22:33:29,927 - INFO - [BBC] Article: https://www.bbc.com/news/articles/c1mj1pyrzryo?at_medium=RSS&at_campaign=rss
2026-03-11 22:33:29,927 - INFO - [BBC] Attempt 1/1: Trying with 'requests_browser' strategy...
2026-03-11 22:33:29,971 - INFO - [BBC] Success with 'requests_browser'. Found content (907 words).
2026-03-11 22:33:30,012 - INFO - Duplicate article skipped: 'Even under missiles we carry on living' - how young Iranians are coping with war from BBC
2026-03-11 22:33:30,893 - INFO - [BBC] Article: https://www.bbc.com/news/articles/c620vwl97vyo?at_medium=RSS&at_campaign=rss
2026-03-11 22:33:30,893 - INFO - [BBC] Attempt 1/1: Trying with 'requests_browser' strategy...
2026-03-11 22:33:30,895 - INFO - [The Guardian] Article: https://www.theguardian.com/world/2026/mar/11/nigerian-soldiers-killed-jihadist-raids-north-east
2026-03-11 22:33:30,895 - INFO - [The Guardian] Attempt 1/1: Trying with 'requests_browser' strategy...
2026-03-11 22:33:30,927 - INFO - [BBC] Success with 'requests_browser'. Found content (751 words).
2026-03-11 22:33:30,966 - INFO - Duplicate article skipped: EU and UK demand Israel stop surge in West Bank settler violence from BBC
2026-03-11 22:33:30,981 - INFO - [The Guardian] Success with 'requests_browser'. Found content (428 words).
2026-03-11 22:33:31,014 - INFO - Duplicate article skipped: At least 65 Nigerian soldiers killed in jihadist raids in country’s north-east | Nigeria | The Guardian from The Guardian
2026-03-11 22:33:31,933 - INFO - [The Guardian] Article: https://www.theguardian.com/us-news/2026/mar/11/rfk-vaccine-trials-guinea-bissau
2026-03-11 22:33:31,933 - INFO - [The Guardian] Attempt 1/1: Trying with 'requests_browser' strategy...
2026-03-11 22:33:31,938 - INFO - [BBC] Article: https://www.bbc.com/news/articles/cx2grl7lrrmo?at_medium=RSS&at_campaign=rss
2026-03-11 22:33:31,938 - INFO - [BBC] Attempt 1/1: Trying with 'requests_browser' strategy...
2026-03-11 22:33:31,968 - INFO - [BBC] Success with 'requests_browser'. Found content (338 words).
2026-03-11 22:33:32,005 - INFO - Duplicate article skipped: Three brothers arrested after explosion at US embassy in Oslo from BBC
2026-03-11 22:33:32,022 - INFO - [The Guardian] Success with 'requests_browser'. Found content (1242 words).
2026-03-11 22:33:32,056 - INFO - Duplicate article skipped: Experts fear ‘unethical’ vaccine trial in Africa is ‘prototype’ for US studies under RFK Jr | US healthcare | The Guardian from The Guardian
2026-03-11 22:33:32,542 - INFO - [BBC] Article: https://www.bbc.com/news/articles/c14m1vzmxz3o?at_medium=RSS&at_campaign=rss
2026-03-11 22:33:32,542 - INFO - [BBC] Attempt 1/1: Trying with 'requests_browser' strategy...
2026-03-11 22:33:32,583 - INFO - [BBC] Success with 'requests_browser'. Found content (427 words).
2026-03-11 22:33:32,668 - INFO - Saved article: South Africa: New US ambassador criticised over racial controversy from BBC
2026-03-11 22:33:32,715 - INFO - [The Guardian] Article: https://www.theguardian.com/global-development/2026/mar/11/prison-sentences-attacked-gay-men-hope-kenya-lgbtq-community
2026-03-11 22:33:32,715 - INFO - [The Guardian] Attempt 1/1: Trying with 'requests_browser' strategy...
2026-03-11 22:33:32,769 - INFO - [The Guardian] Success with 'requests_browser'. Found content (930 words).
2026-03-11 22:33:32,803 - INFO - Duplicate article skipped: Prison sentences for pair who attacked gay men hailed as sign of hope for Kenya’s LGBTQ+ community | Global development | The Guardian from The Guardian
2026-03-11 22:33:33,415 - INFO - [The Guardian] Article: https://www.theguardian.com/world/2026/mar/11/el-salvador-mass-incarceration-crimes-against-humanity-study
2026-03-11 22:33:33,415 - INFO - [The Guardian] Attempt 1/1: Trying with 'requests_browser' strategy...
2026-03-11 22:33:33,488 - INFO - [The Guardian] Success with 'requests_browser'. Found content (594 words).
2026-03-11 22:33:33,520 - INFO - Duplicate article skipped: El Salvador’s mass arrest policy may have led to crimes against humanity, study shows | El Salvador | The Guardian from The Guardian
2026-03-11 22:33:33,530 - INFO - [BBC] Article: https://www.bbc.com/news/articles/cvgj8veg0gno?at_medium=RSS&at_campaign=rss
2026-03-11 22:33:33,530 - INFO - [BBC] Attempt 1/1: Trying with 'requests_browser' strategy...
2026-03-11 22:33:33,572 - INFO - [BBC] Success with 'requests_browser'. Found content (659 words).
2026-03-11 22:33:33,610 - INFO - Duplicate article skipped: UN aid worker Karine Buisset and two others killed in DR Congo’s M23-held Goma city from BBC
2026-03-11 22:33:34,167 - INFO - [BBC] Article: https://www.bbc.com/news/articles/ckg1eqw30l9o?at_medium=RSS&at_campaign=rss
2026-03-11 22:33:34,167 - INFO - [BBC] Attempt 1/1: Trying with 'requests_browser' strategy...
2026-03-11 22:33:34,199 - INFO - [BBC] Success with 'requests_browser'. Found content (394 words).
2026-03-11 22:33:34,234 - INFO - Duplicate article skipped: Ukraine says it has hit Russian 'missile component' plant from BBC
2026-03-11 22:33:34,924 - INFO - [The Guardian] Article: https://www.theguardian.com/world/2026/mar/11/argentina-asylum-brasil-elections
2026-03-11 22:33:34,924 - INFO - [The Guardian] Attempt 1/1: Trying with 'requests_browser' strategy...
2026-03-11 22:33:34,995 - INFO - [The Guardian] Success with 'requests_browser'. Found content (685 words).
2026-03-11 22:33:35,029 - INFO - Duplicate article skipped: Argentina grants asylum to Brasília rioter in move that may sway Brazil vote | Argentina | The Guardian from The Guardian
2026-03-11 22:33:35,076 - INFO - [BBC] Article: https://www.bbc.com/news/articles/c93j2492d0do?at_medium=RSS&at_campaign=rss
2026-03-11 22:33:35,076 - INFO - [BBC] Attempt 1/1: Trying with 'requests_browser' strategy...
2026-03-11 22:33:35,119 - INFO - [BBC] Success with 'requests_browser'. Found content (1069 words).
2026-03-11 22:33:35,158 - INFO - Duplicate article skipped: Member of Iranian football delegation granted Australian asylum changes her mind from BBC
2026-03-11 22:33:35,804 - INFO - [The Guardian] Article: https://www.theguardian.com/world/2026/mar/11/jose-antonio-kast-pinochet-fan-chile-far-right
2026-03-11 22:33:35,804 - INFO - [The Guardian] Attempt 1/1: Trying with 'requests_browser' strategy...
2026-03-11 22:33:35,877 - INFO - [The Guardian] Success with 'requests_browser'. Found content (1085 words).
2026-03-11 22:33:35,915 - INFO - Duplicate article skipped: José Antonio Kast, the Pinochet fan about to swerve Chile to the far right | Chile | The Guardian from The Guardian
2026-03-11 22:33:36,054 - INFO - [BBC] Article: https://www.bbc.com/news/articles/c5y4wdlyy9xo?at_medium=RSS&at_campaign=rss
2026-03-11 22:33:36,054 - INFO - [BBC] Attempt 1/1: Trying with 'requests_browser' strategy...
2026-03-11 22:33:36,088 - INFO - [BBC] Success with 'requests_browser'. Found content (329 words).
2026-03-11 22:33:36,119 - INFO - Duplicate article skipped: No evidence Swiss bus fire was terrorism, officials say from BBC
2026-03-11 22:33:37,200 - INFO - [The Guardian] Article: https://www.theguardian.com/world/2026/mar/10/haiti-president-jovenel-moise-trial
2026-03-11 22:33:37,200 - INFO - [The Guardian] Attempt 1/1: Trying with 'requests_browser' strategy...
2026-03-11 22:33:37,273 - INFO - [The Guardian] Success with 'requests_browser'. Found content (720 words).
2026-03-11 22:33:37,309 - INFO - Duplicate article skipped: Haiti president’s assassination driven by greed and power, US prosecutors say | Haiti | The Guardian from The Guardian
2026-03-11 22:33:38,262 - INFO - [The Guardian] Article: https://www.theguardian.com/world/2026/mar/10/shots-fired-canada-consulate-toronto
2026-03-11 22:33:38,262 - INFO - [The Guardian] Attempt 1/1: Trying with 'requests_browser' strategy...
2026-03-11 22:33:38,406 - INFO - [The Guardian] Success with 'requests_browser'. Found content (414 words).
2026-03-11 22:33:38,442 - INFO - Duplicate article skipped: Shots fired at US consulate in Canada in what police call ‘national security incident’ | Toronto | The Guardian from The Guardian
2026-03-11 22:34:01,174 - INFO - Selenium driver initialized successfully.
2026-03-11 22:34:01,174 - INFO - Starting scrape for The Hindu RSS feed: https://www.thehindu.com/news/national/feeder/default.rss
2026-03-11 22:34:01,175 - INFO - Selenium driver initialized successfully.
2026-03-11 22:34:01,175 - INFO - Starting scrape for Times of India RSS feed: https://timesofindia.indiatimes.com/rssfeeds/296589292.cms
2026-03-11 22:34:01,235 - INFO - Found 20 articles in Times of India RSS feed. Processing up to 10.
2026-03-11 22:34:01,235 - INFO - [Times of India] Article: https://timesofindia.indiatimes.com/world/us-israel-iran-war-news-live-udates-middle-east-crisis-conflict-drone-ballistic-missile-attacks-explosions-gulf-countries-flights-status-donald-trump-netanyahu-khamenei/liveblog/129370636.cms
2026-03-11 22:34:01,235 - INFO - [Times of India] Attempt 1/1: Trying with 'selenium_browser' strategy...
2026-03-11 22:34:01,363 - INFO - Found 100 articles in The Hindu RSS feed. Processing up to 10.
2026-03-11 22:34:01,363 - INFO - [The Hindu] Article: https://www.thehindu.com/news/national/house-panel-pulls-up-line-ministries-for-slow-tardy-progress-in-execution-of-flagship-schemes-for-tribal-villages/article70731661.ece
2026-03-11 22:34:01,363 - INFO - [The Hindu] Attempt 1/1: Trying with 'selenium_browser' strategy...
2026-03-11 22:34:13,510 - INFO - [The Hindu] Page content loaded.
2026-03-11 22:34:13,909 - INFO - [The Hindu] Success with 'selenium_browser'. Found content (459 words).
2026-03-11 22:34:14,107 - INFO - Saved article: House panel pulls up line ministries for ‘slow, tardy’ progress in execution of flagship schemes for tribal villages - The Hindu from The Hindu
2026-03-11 22:34:15,075 - INFO - [The Hindu] Article: https://www.thehindu.com/news/national/haryana/fuel-crisis-supply-chain-disruption-rise-in-cost-of-raw-material-amid-west-asia-conflict-hit-haryana-industry/article70732662.ece
2026-03-11 22:34:15,076 - INFO - [The Hindu] Attempt 1/1: Trying with 'selenium_browser' strategy...
2026-03-11 22:34:19,109 - INFO - [The Hindu] Page content loaded.
2026-03-11 22:34:19,657 - INFO - [The Hindu] Success with 'selenium_browser'. Found content (748 words).
2026-03-11 22:34:19,883 - INFO - Duplicate article skipped: Fuel crisis, supply chain disruption, rise in cost of raw material amid West Asia conflict hit Haryana industry - The Hindu from The Hindu
2026-03-11 22:34:20,396 - INFO - [The Hindu] Article: https://www.thehindu.com/sci-tech/health/cdsco-issues-advisory-to-prevent-misleading-promotion-of-prescription-drugs-for-obesity/article70731923.ece
2026-03-11 22:34:20,397 - INFO - [The Hindu] Attempt 1/1: Trying with 'selenium_browser' strategy...
2026-03-11 22:34:21,476 - INFO - [The Hindu] Page content loaded.
2026-03-11 22:34:21,679 - INFO - [The Hindu] Success with 'selenium_browser'. Found content (244 words).
2026-03-11 22:34:21,773 - INFO - Duplicate article skipped: CDSCO issues advisory to prevent misleading promotion of prescription drugs for obesity - The Hindu from The Hindu
2026-03-11 22:34:22,667 - INFO - [The Hindu] Article: https://www.thehindu.com/business/Industry/reliance-remains-mum-even-as-trump-announces-historic-300-billion-us-refinery-deal/article70732565.ece
2026-03-11 22:34:22,667 - INFO - [The Hindu] Attempt 1/1: Trying with 'selenium_browser' strategy...
2026-03-11 22:34:24,073 - INFO - [The Hindu] Page content loaded.
2026-03-11 22:34:24,159 - INFO - [The Hindu] Success with 'selenium_browser'. Found content (314 words).
2026-03-11 22:34:24,233 - INFO - Saved article: Reliance remains mum even as Trump announces ‘historic’ $300 billion U.S. refinery deal - The Hindu from The Hindu
2026-03-11 22:34:25,449 - INFO - [The Hindu] Article: https://www.thehindu.com/news/national/indian-french-armies-hold-expert-exchange-on-precision-strike-capabilities/article70731961.ece
2026-03-11 22:34:25,450 - INFO - [The Hindu] Attempt 1/1: Trying with 'selenium_browser' strategy...
2026-03-11 22:34:26,275 - INFO - [The Hindu] Page content loaded.
2026-03-11 22:34:26,388 - INFO - [The Hindu] Success with 'selenium_browser'. Found content (175 words).
2026-03-11 22:34:26,486 - INFO - Duplicate article skipped: Indian, French armies hold expert exchange on precision strike capabilities - The Hindu from The Hindu
2026-03-11 22:34:26,998 - INFO - [The Hindu] Article: https://www.thehindu.com/news/cities/Hyderabad/piped-cooking-gas-users-feel-heat-of-lpg-crisis-scramble-to-stock-up/article70732000.ece
2026-03-11 22:34:26,998 - INFO - [The Hindu] Attempt 1/1: Trying with 'selenium_browser' strategy...
2026-03-11 22:34:28,841 - INFO - [The Hindu] Page content loaded.
2026-03-11 22:34:29,381 - INFO - [The Hindu] Success with 'selenium_browser'. Found content (392 words).
2026-03-11 22:34:29,447 - INFO - Duplicate article skipped: Piped cooking gas users feel heat of LPG crisis, scramble to stock up - The Hindu from The Hindu
2026-03-11 22:34:30,532 - INFO - [The Hindu] Article: https://www.thehindu.com/news/national/uttar-pradesh/avimukteshwaranand-saraswati-announces-81-day-march-for-cow-protection/article70732434.ece
2026-03-11 22:34:30,532 - INFO - [The Hindu] Attempt 1/1: Trying with 'selenium_browser' strategy...
2026-03-11 22:34:31,089 - INFO - [The Hindu] Page content loaded.
2026-03-11 22:34:31,139 - INFO - [The Hindu] Success with 'selenium_browser'. Found content (323 words).
2026-03-11 22:34:31,200 - INFO - Duplicate article skipped: Avimukteshwaranand Saraswati announces 81-day march for cow protection - The Hindu from The Hindu
2026-03-11 22:34:31,920 - INFO - [The Hindu] Article: https://www.thehindu.com/news/national/jammu-and-kashmir/farooq-abdullah-jammu-attack-national-conference-police/article70732577.ece
2026-03-11 22:34:31,920 - INFO - [The Hindu] Attempt 1/1: Trying with 'selenium_browser' strategy...
2026-03-11 22:34:33,260 - INFO - [The Hindu] Page content loaded.
2026-03-11 22:34:33,335 - INFO - [The Hindu] Success with 'selenium_browser'. Found content (379 words).
2026-03-11 22:34:33,431 - INFO - Duplicate article skipped: National Conference alleges attempt to kill Farooq Abdullah in Jammu; one detained - The Hindu from The Hindu
2026-03-11 22:34:34,481 - INFO - [The Hindu] Article: https://www.thehindu.com/news/national/maharashtra/maharashtra-fee-fixing-body-faces-graft-probe-after-mla-alleges-40000-crore-scam/article70731233.ece
2026-03-11 22:34:34,481 - INFO - [The Hindu] Attempt 1/1: Trying with 'selenium_browser' strategy...
2026-03-11 22:34:35,241 - INFO - [The Hindu] Page content loaded.
2026-03-11 22:34:35,323 - INFO - [The Hindu] Success with 'selenium_browser'. Found content (305 words).
2026-03-11 22:34:35,431 - INFO - Duplicate article skipped: Maharashtra fee fixing body faces graft probe after MLA alleges ₹40,000-crore scam - The Hindu from The Hindu
2026-03-11 22:34:36,678 - INFO - [The Hindu] Article: https://www.thehindu.com/news/national/tamil-nadu/363-prisoners-write-sslc-examination/article70732632.ece
2026-03-11 22:34:36,678 - INFO - [The Hindu] Attempt 1/1: Trying with 'selenium_browser' strategy...
2026-03-11 22:34:37,771 - INFO - [The Hindu] Page content loaded.
2026-03-11 22:34:37,884 - INFO - [The Hindu] Success with 'selenium_browser'. Found content (234 words).
2026-03-11 22:34:37,975 - INFO - Duplicate article skipped: 363 prisoners write SSLC examination - The Hindu from The Hindu
2026-03-11 22:34:38,538 - INFO - [The Hindu] (Thread) Finished. Attempting to shut down its Selenium driver.
2026-03-11 22:34:38,728 - INFO - [The Hindu] (Thread) driver.quit() successful.
2026-03-11 22:35:01,253 - ERROR - [Times of India] Request failed for strategy 'selenium_browser' on URL https://timesofindia.indiatimes.com/world/us-israel-iran-war-news-live-udates-middle-east-crisis-conflict-drone-ballistic-missile-attacks-explosions-gulf-countries-flights-status-donald-trump-netanyahu-khamenei/liveblog/129370636.cms: Message: timeout: Timed out receiving message from renderer: 59.538
  (Session info: chrome=145.0.7632.116)
Stacktrace:
#0 0x560dd45d5b6a <unknown>
#1 0x560dd3fe8a32 <unknown>
#2 0x560dd3fd0007 <unknown>
#3 0x560dd3fcfc16 <unknown>
#4 0x560dd3fcd731 <unknown>
#5 0x560dd3fce0bf <unknown>
#6 0x560dd3fdd560 <unknown>
#7 0x560dd3ff7707 <unknown>
#8 0x560dd3ffe8db <unknown>
#9 0x560dd3fce829 <unknown>
#10 0x560dd3ff749c <unknown>
#11 0x560dd40866e1 <unknown>
#12 0x560dd402fc0f <unknown>
#13 0x560dd40309d1 <unknown>
#14 0x560dd459a6b9 <unknown>
#15 0x560dd459d5c1 <unknown>
#16 0x560dd4586e29 <unknown>
#17 0x560dd459e17e <unknown>
#18 0x560dd456d4b0 <unknown>
#19 0x560dd45c2578 <unknown>
#20 0x560dd45c274b <unknown>
#21 0x560dd45d41a3 <unknown>
#22 0x7f5b3069caa4 <unknown>
#23 0x7f5b30729c6c <unknown>

2026-03-11 22:35:01,253 - ERROR - [Times of India] All scrape strategies failed for https://timesofindia.indiatimes.com/world/us-israel-iran-war-news-live-udates-middle-east-crisis-conflict-drone-ballistic-missile-attacks-explosions-gulf-countries-flights-status-donald-trump-netanyahu-khamenei/liveblog/129370636.cms. Falling back to RSS description.
2026-03-11 22:35:01,254 - INFO - Duplicate article skipped: US-Israel-Iran War News Live Updates: No need for panic LPG booking; normal delivery cycle for household remains 2.5 days, says Govt from Times of India
2026-03-11 22:35:01,803 - INFO - [Times of India] Article: https://timesofindia.indiatimes.com/world/middle-east/expats-alert-dubai-tightens-housing-rules-shared-apartment-violations-may-cost-dh1-million-fines/articleshow/129480800.cms
2026-03-11 22:35:01,803 - INFO - [Times of India] Attempt 1/1: Trying with 'selenium_browser' strategy...
2026-03-11 22:35:02,682 - INFO - [Times of India] Page content loaded.
2026-03-11 22:35:02,844 - INFO - [Times of India] Success with 'selenium_browser'. Found content (1195 words).
2026-03-11 22:35:02,929 - INFO - Saved article: Expats alert: Dubai tightens housing rules, shared apartment violations may cost Dh1 million fines - The Times of India from Times of India
2026-03-11 22:35:03,969 - INFO - [Times of India] Article: https://timesofindia.indiatimes.com/world/us/ex-doge-engineer-had-access-to-private-information-of-millions-of-americans-claims-whistleblower-wanted-to-sanitize-data/articleshow/129479945.cms
2026-03-11 22:35:03,969 - INFO - [Times of India] Attempt 1/1: Trying with 'selenium_browser' strategy...
2026-03-11 22:35:04,856 - INFO - [Times of India] Page content loaded.
2026-03-11 22:35:04,978 - INFO - [Times of India] Success with 'selenium_browser'. Found content (538 words).
2026-03-11 22:35:05,090 - INFO - Saved article: Ex-DOGE engineer had access to private information of millions of Americans, claims whistleblower: 'Wanted to sanitize data' - The Times of India from Times of India
2026-03-11 22:35:05,720 - INFO - [Times of India] Article: https://timesofindia.indiatimes.com/world/middle-east/indian-traveller-flees-doha-drives-across-desert-to-riyadh-after-chennai-to-barcelona-flight-stranded-amid-iran-vs-us-israel-war/articleshow/129479024.cms
2026-03-11 22:35:05,720 - INFO - [Times of India] Attempt 1/1: Trying with 'selenium_browser' strategy...
2026-03-11 22:35:06,363 - INFO - [Times of India] Page content loaded.
2026-03-11 22:35:06,483 - INFO - [Times of India] Success with 'selenium_browser'. Found content (1103 words).
2026-03-11 22:35:06,550 - INFO - Saved article: Indian traveller flees Doha, drives across desert to Riyadh after Chennai to Barcelona flight stranded amid Iran vs US-Israel war - The Times of India from Times of India
2026-03-11 22:35:07,890 - INFO - [Times of India] Article: https://timesofindia.indiatimes.com/world/us/tried-to-hide-behind-a-keyboard-new-york-man-charged-after-posting-violent-threats-against-donald-trump-ice-agents/articleshow/129479009.cms
2026-03-11 22:35:07,891 - INFO - [Times of India] Attempt 1/1: Trying with 'selenium_browser' strategy...
2026-03-11 22:35:12,306 - INFO - [Times of India] Page content loaded.
2026-03-11 22:35:12,489 - INFO - [Times of India] Success with 'selenium_browser'. Found content (305 words).
2026-03-11 22:35:12,549 - INFO - Saved article: 'Tried to hide behind a keyboard': New York man charged after posting violent threats against Donald Trump, ICE agents - The Times of India from Times of India
2026-03-11 22:35:13,302 - INFO - [Times of India] Article: https://timesofindia.indiatimes.com/world/us/what-a-waste-of-money-pramila-jayapal-gets-trolled-as-she-says-her-parents-spent-all-money-to-send-her-to-us/articleshow/129479377.cms
2026-03-11 22:35:13,303 - INFO - [Times of India] Attempt 1/1: Trying with 'selenium_browser' strategy...
2026-03-11 22:35:14,158 - INFO - [Times of India] Page content loaded.
2026-03-11 22:35:14,317 - INFO - [Times of India] Success with 'selenium_browser'. Found content (355 words).
2026-03-11 22:35:14,386 - INFO - Saved article: 'What a waste of money': Pramila Jayapal gets trolled as she says her parents spent all money to send her to US - The Times of India from Times of India
2026-03-11 22:35:15,681 - INFO - [Times of India] Article: https://timesofindia.indiatimes.com/world/middle-east/elontradess-dubai-rant-goes-viral-amid-iran-vs-us-israel-war-why-crypto-trader-says-he-was-asked-to-get-license-to-post-online-in-the-uae-emirate/articleshow/129476878.cms
2026-03-11 22:35:15,681 - INFO - [Times of India] Attempt 1/1: Trying with 'selenium_browser' strategy...
2026-03-11 22:35:16,740 - INFO - [Times of India] Page content loaded.
2026-03-11 22:35:16,927 - INFO - [Times of India] Success with 'selenium_browser'. Found content (1244 words).
2026-03-11 22:35:16,985 - INFO - Duplicate article skipped: ElonTrades’s Dubai rant goes viral amid Iran vs US-Israel war: Why crypto trader says he was asked to get license to post online in the UAE emirate - The Times of India from Times of India
2026-03-11 22:35:18,029 - INFO - [Times of India] Article: https://timesofindia.indiatimes.com/world/us/hes-in-trouble-trumps-niece-and-sharpest-family-critic-on-the-real-motive-behind-his-iran-war/articleshow/129476203.cms
2026-03-11 22:35:18,029 - INFO - [Times of India] Attempt 1/1: Trying with 'selenium_browser' strategy...
2026-03-11 22:35:18,778 - INFO - [Times of India] Page content loaded.
2026-03-11 22:35:18,940 - INFO - [Times of India] Success with 'selenium_browser'. Found content (2076 words).
2026-03-11 22:35:19,001 - INFO - Duplicate article skipped: ‘He’s in trouble’: Trump’s niece and sharpest family critic on the real motive behind his Iran war | World News - The Times of India from Times of India
2026-03-11 22:35:19,799 - INFO - [Times of India] Article: https://timesofindia.indiatimes.com/world/us-streamers/hasan-piker-ignites-controversy-after-saying-ishowspeed-ignored-his-cuba-flotilla-trip-invite-as-xqc-makes-a-surprising-comparison-on-livestream/articleshow/129475818.cms
2026-03-11 22:35:19,800 - INFO - [Times of India] Attempt 1/1: Trying with 'selenium_browser' strategy...
2026-03-11 22:35:20,405 - INFO - [Times of India] Page content loaded.
2026-03-11 22:35:20,558 - INFO - [Times of India] Success with 'selenium_browser'. Found content (480 words).
2026-03-11 22:35:20,615 - INFO - Duplicate article skipped: Hasan Piker ignites controversy after saying IShowSpeed ignored his Cuba Flotilla trip invite as xQc makes a surprising comparison on livestream - The Times of India from Times of India
2026-03-11 22:35:21,201 - INFO - [Times of India] Article: https://timesofindia.indiatimes.com/world/us-streamers/youtuber-mrbeast-says-hes-likely-given-away-more-than-200-million-in-youtube-videos/articleshow/129477769.cms
2026-03-11 22:35:21,201 - INFO - [Times of India] Attempt 1/1: Trying with 'selenium_browser' strategy...
2026-03-11 22:35:21,960 - INFO - [Times of India] Page content loaded.
2026-03-11 22:35:22,106 - INFO - [Times of India] Success with 'selenium_browser'. Found content (520 words).
2026-03-11 22:35:22,163 - INFO - Duplicate article skipped: Youtuber Mrbeast: YouTuber MrBeast says he’s likely given away more than $200 million in YouTube videos - The Times of India from Times of India
2026-03-11 22:35:23,585 - INFO - [Times of India] (Thread) Finished. Attempting to shut down its Selenium driver.
2026-03-11 22:35:23,888 - INFO - [Times of India] (Thread) driver.quit() successful.
2026-03-11 22:35:23,888 - INFO - Shutting down thread pool (wait=False)...
2026-03-11 22:35:23,888 - INFO - Scraped: 2 The Hindu, 5 Times of India, 0 The Guardian, 1 BBC articles. (Total saved: 8)
2026-03-11 22:35:23,888 - INFO - --- Scraping job finished ---
2026-03-11 22:35:23,896 - INFO - --- Scraper service stopped and database connection closed. ---
2026-03-11 22:35:23,896 - INFO - --- Main thread finished. Forcing process exit to kill zombie threads. ---
