2026-03-09 02:42:39,950 - INFO - Initializing database connection at: news_articles.db
2026-03-09 02:42:39,950 - INFO - --- Scraper service started (CI Mode: Run Once) ---
2026-03-09 02:42:39,950 - INFO - --- Starting new scraping job (Parallel Mode) ---
2026-03-09 02:42:39,950 - INFO - Creating new robust session with 3 retries on 5xx/connection/read errors.
2026-03-09 02:42:39,951 - INFO - Proxy is DISABLED.
2026-03-09 02:42:39,951 - INFO - Starting scrape for BBC RSS feed: http://feeds.bbci.co.uk/news/world/rss.xml
2026-03-09 02:42:39,951 - INFO - [Times of India] (Thread) requires Selenium. Initializing driver...
2026-03-09 02:42:39,951 - INFO - Initializing headless Selenium Chrome driver (using SeleniumManager)...
2026-03-09 02:42:39,952 - INFO - Starting scrape for The Guardian RSS feed: https://www.theguardian.com/world/rss
2026-03-09 02:42:39,953 - INFO - [The Hindu] (Thread) requires Selenium. Initializing driver...
2026-03-09 02:42:39,953 - INFO - Submitted 4 jobs to thread pool. Waiting up to 300s for completion...
2026-03-09 02:42:39,953 - INFO - Initializing headless Selenium Chrome driver (using SeleniumManager)...
2026-03-09 02:42:40,203 - INFO - Found 26 articles in BBC RSS feed. Processing up to 10.
2026-03-09 02:42:40,203 - INFO - [BBC] Article: https://www.bbc.com/news/articles/c78xxg05w0zo?at_medium=RSS&at_campaign=rss
2026-03-09 02:42:40,204 - INFO - [BBC] Attempt 1/1: Trying with 'requests_browser' strategy...
2026-03-09 02:42:40,309 - INFO - Found 45 articles in The Guardian RSS feed. Processing up to 10.
2026-03-09 02:42:40,309 - INFO - [The Guardian] Article: https://www.theguardian.com/world/2026/mar/07/descendants-of-zimbabwe-resistance-heroes-urge-uk-to-locate-looted-skulls
2026-03-09 02:42:40,309 - INFO - [The Guardian] Attempt 1/1: Trying with 'requests_browser' strategy...
2026-03-09 02:42:40,354 - INFO - [The Guardian] Success with 'requests_browser'. Found content (878 words).
2026-03-09 02:42:40,393 - INFO - Duplicate article skipped: Descendants of Zimbabwe resistance heroes urge UK to locate looted skulls | Zimbabwe | The Guardian from The Guardian
2026-03-09 02:42:40,424 - INFO - [BBC] Success with 'requests_browser'. Found content (795 words).
2026-03-09 02:42:40,466 - INFO - Duplicate article skipped: Who is Mojtaba Khamenei, Iran's new supreme leader? from BBC
2026-03-09 02:42:41,639 - INFO - [The Guardian] Article: https://www.theguardian.com/global-development/2026/mar/06/generic-drugs-weight-loss-semaglutide-ozempic-wegovy-diabetes-obesity-study
2026-03-09 02:42:41,640 - INFO - [The Guardian] Attempt 1/1: Trying with 'requests_browser' strategy...
2026-03-09 02:42:41,682 - INFO - [The Guardian] Success with 'requests_browser'. Found content (612 words).
2026-03-09 02:42:41,717 - INFO - Duplicate article skipped: Weight-loss jab could be made for $3 a month, study finds | Global health | The Guardian from The Guardian
2026-03-09 02:42:41,832 - INFO - [BBC] Article: https://www.bbc.com/news/articles/c79542n0grwo?at_medium=RSS&at_campaign=rss
2026-03-09 02:42:41,832 - INFO - [BBC] Attempt 1/1: Trying with 'requests_browser' strategy...
2026-03-09 02:42:41,882 - INFO - [BBC] Success with 'requests_browser'. Found content (587 words).
2026-03-09 02:42:41,944 - INFO - Saved article: Iran war: Oil prices jump above $100 for first time in four years from BBC
2026-03-09 02:42:42,802 - INFO - [BBC] Article: https://www.bbc.com/sport/football/articles/c0rj2kq978qo?at_medium=RSS&at_campaign=rss
2026-03-09 02:42:42,803 - INFO - [BBC] Attempt 1/1: Trying with 'requests_browser' strategy...
2026-03-09 02:42:42,847 - INFO - [BBC] Success with 'requests_browser'. Found content (221 words).
2026-03-09 02:42:42,875 - INFO - [The Guardian] Article: https://www.theguardian.com/world/2026/mar/05/three-men-deported-us-eswatini-legal-case-detention
2026-03-09 02:42:42,875 - INFO - [The Guardian] Attempt 1/1: Trying with 'requests_browser' strategy...
2026-03-09 02:42:42,883 - INFO - Saved article: VAR: Masked fan unplugs monitor in German second division match - BBC Sport from BBC
2026-03-09 02:42:43,025 - INFO - [The Guardian] Success with 'requests_browser'. Found content (520 words).
2026-03-09 02:42:43,065 - INFO - Duplicate article skipped: Three men deported by US file legal case against Eswatini over detention | Eswatini | The Guardian from The Guardian
2026-03-09 02:42:44,380 - INFO - [BBC] Article: https://www.bbc.com/news/articles/crk8rdz5131o?at_medium=RSS&at_campaign=rss
2026-03-09 02:42:44,380 - INFO - [BBC] Attempt 1/1: Trying with 'requests_browser' strategy...
2026-03-09 02:42:44,463 - INFO - [BBC] Success with 'requests_browser'. Found content (1222 words).
2026-03-09 02:42:44,514 - INFO - Saved article: Spain's migrants welcome amnesty: 'It will help us in every way' from BBC
2026-03-09 02:42:44,564 - INFO - [The Guardian] Article: https://www.theguardian.com/world/2026/mar/05/south-africa-president-cyril-ramaphosa-calls-donald-trump-policy-white-afrikaners-racist
2026-03-09 02:42:44,564 - INFO - [The Guardian] Attempt 1/1: Trying with 'requests_browser' strategy...
2026-03-09 02:42:44,599 - INFO - [The Guardian] Success with 'requests_browser'. Found content (410 words).
2026-03-09 02:42:44,650 - INFO - Duplicate article skipped: South Africa’s president calls Trump’s policy to offer refuge to white Afrikaners ‘racist’ | South Africa | The Guardian from The Guardian
2026-03-09 02:42:45,273 - INFO - [The Guardian] Article: https://www.theguardian.com/sport/2026/mar/05/lewis-hamilton-race-africa-grand-prix-retiring-formula-one-colonial
2026-03-09 02:42:45,273 - INFO - [The Guardian] Attempt 1/1: Trying with 'requests_browser' strategy...
2026-03-09 02:42:45,396 - INFO - [The Guardian] Success with 'requests_browser'. Found content (409 words).
2026-03-09 02:42:45,429 - INFO - Duplicate article skipped: Lewis Hamilton sets sights on racing in an African grand prix before retiring | Lewis Hamilton | The Guardian from The Guardian
2026-03-09 02:42:45,933 - INFO - [BBC] Article: https://www.bbc.com/news/articles/c5yjegg892lo?at_medium=RSS&at_campaign=rss
2026-03-09 02:42:45,933 - INFO - [BBC] Attempt 1/1: Trying with 'requests_browser' strategy...
2026-03-09 02:42:45,987 - INFO - [BBC] Success with 'requests_browser'. Found content (352 words).
2026-03-09 02:42:46,025 - INFO - Duplicate article skipped: Explosion at US embassy in Oslo may have been terrorism, Norway police say from BBC
2026-03-09 02:42:46,476 - INFO - [The Guardian] Article: https://www.theguardian.com/world/2026/mar/08/haiti-immigrant-mexico-tapachula
2026-03-09 02:42:46,476 - INFO - [The Guardian] Attempt 1/1: Trying with 'requests_browser' strategy...
2026-03-09 02:42:46,529 - INFO - [The Guardian] Success with 'requests_browser'. Found content (2248 words).
2026-03-09 02:42:46,601 - INFO - Duplicate article skipped: ‘I am trying to live’: Haitians in Mexico seek community despite broken immigration systems | World news | The Guardian from The Guardian
2026-03-09 02:42:46,725 - INFO - [BBC] Article: https://www.bbc.com/news/articles/c93w6y0lnd9o?at_medium=RSS&at_campaign=rss
2026-03-09 02:42:46,725 - INFO - [BBC] Attempt 1/1: Trying with 'requests_browser' strategy...
2026-03-09 02:42:46,771 - INFO - [BBC] Success with 'requests_browser'. Found content (490 words).
2026-03-09 02:42:46,810 - INFO - Duplicate article skipped: Rapper-politician Balendra Shah unseats Nepal's ex-PM as he heads for victory from BBC
2026-03-09 02:42:47,285 - INFO - Selenium driver initialized successfully.
2026-03-09 02:42:47,285 - INFO - Starting scrape for The Hindu RSS feed: https://www.thehindu.com/news/national/feeder/default.rss
2026-03-09 02:42:47,286 - INFO - Selenium driver initialized successfully.
2026-03-09 02:42:47,287 - INFO - Starting scrape for Times of India RSS feed: https://timesofindia.indiatimes.com/rssfeeds/296589292.cms
2026-03-09 02:42:47,450 - INFO - Found 100 articles in The Hindu RSS feed. Processing up to 10.
2026-03-09 02:42:47,450 - INFO - [The Hindu] Article: https://www.thehindu.com/news/cities/Hyderabad/over-1000-join-purple-ride-in-hyderabad-to-promote-womens-preventive-healthcare/article70718420.ece
2026-03-09 02:42:47,450 - INFO - [The Hindu] Attempt 1/1: Trying with 'selenium_browser' strategy...
2026-03-09 02:42:47,573 - INFO - Found 20 articles in Times of India RSS feed. Processing up to 10.
2026-03-09 02:42:47,573 - INFO - [Times of India] Article: https://timesofindia.indiatimes.com/world/middle-east/us-israel-iran-war-news-live-udates-middle-east-crisis-conflict-drone-ballistic-missile-attacks-explosions-flights-status-dubai-uae-qatar-tehran-gulf-donald-trump-netanyahu-khamenei/liveblog/129286007.cms
2026-03-09 02:42:47,573 - INFO - [Times of India] Attempt 1/1: Trying with 'selenium_browser' strategy...
2026-03-09 02:42:47,700 - INFO - [The Guardian] Article: https://www.theguardian.com/world/2026/mar/08/british-columbia-canada-daylight-saving-time
2026-03-09 02:42:47,700 - INFO - [The Guardian] Attempt 1/1: Trying with 'requests_browser' strategy...
2026-03-09 02:42:47,736 - INFO - [The Guardian] Success with 'requests_browser'. Found content (601 words).
2026-03-09 02:42:47,770 - INFO - Duplicate article skipped: Time for a change: British Columbia decides to keep daylight saving time permanently | Canada | The Guardian from The Guardian
2026-03-09 02:42:47,844 - INFO - [BBC] Article: https://www.bbc.com/news/articles/ckg2pm2kvkeo?at_medium=RSS&at_campaign=rss
2026-03-09 02:42:47,844 - INFO - [BBC] Attempt 1/1: Trying with 'requests_browser' strategy...
2026-03-09 02:42:47,896 - INFO - [BBC] Success with 'requests_browser'. Found content (247 words).
2026-03-09 02:42:47,941 - INFO - Saved article: Rihanna's Beverly Hills home hit by gunfire, police say from BBC
2026-03-09 02:42:48,690 - INFO - [The Guardian] Article: https://www.theguardian.com/world/2026/mar/07/peru-nightclub-bombing
2026-03-09 02:42:48,690 - INFO - [The Guardian] Attempt 1/1: Trying with 'requests_browser' strategy...
2026-03-09 02:42:48,833 - INFO - [The Guardian] Success with 'requests_browser'. Found content (288 words).
2026-03-09 02:42:48,892 - INFO - Duplicate article skipped: Bombing at nightclub in Peru injures 33 people, including minors | Peru | The Guardian from The Guardian
2026-03-09 02:42:48,976 - INFO - [BBC] Article: https://www.bbc.com/news/articles/cx2r1xldl1ko?at_medium=RSS&at_campaign=rss
2026-03-09 02:42:48,977 - INFO - [BBC] Attempt 1/1: Trying with 'requests_browser' strategy...
2026-03-09 02:42:49,094 - INFO - [BBC] Success with 'requests_browser'. Found content (715 words).
2026-03-09 02:42:49,168 - INFO - Duplicate article skipped: War fuels debate in Cyprus over UK military bases from BBC
2026-03-09 02:42:50,331 - INFO - [The Guardian] Article: https://www.theguardian.com/us-news/2026/mar/07/trump-shield-of-americas-summit
2026-03-09 02:42:50,332 - INFO - [The Guardian] Attempt 1/1: Trying with 'requests_browser' strategy...
2026-03-09 02:42:50,333 - INFO - [BBC] Article: https://www.bbc.com/news/articles/crrxpwzvd5vo?at_medium=RSS&at_campaign=rss
2026-03-09 02:42:50,340 - INFO - [BBC] Attempt 1/1: Trying with 'requests_browser' strategy...
2026-03-09 02:42:50,478 - INFO - [The Guardian] Success with 'requests_browser'. Found content (714 words).
2026-03-09 02:42:50,535 - INFO - [BBC] Success with 'requests_browser'. Found content (506 words).
2026-03-09 02:42:50,803 - INFO - Duplicate article skipped: Trump convenes ‘Shield of Americas’ summit with 12 Latin American leaders | Donald Trump | The Guardian from The Guardian
2026-03-09 02:42:50,821 - INFO - Duplicate article skipped: Boy, 12, among six dead as tornadoes hit Michigan and Oklahoma from BBC
2026-03-09 02:42:51,580 - INFO - [BBC] Article: https://www.bbc.com/news/articles/c0q32322wq8o?at_medium=RSS&at_campaign=rss
2026-03-09 02:42:51,580 - INFO - [BBC] Attempt 1/1: Trying with 'requests_browser' strategy...
2026-03-09 02:42:51,736 - INFO - [BBC] Success with 'requests_browser'. Found content (321 words).
2026-03-09 02:42:51,817 - INFO - [The Guardian] Article: https://www.theguardian.com/us-news/2026/mar/07/deaf-six-year-old-deported-colombia
2026-03-09 02:42:51,817 - INFO - [The Guardian] Attempt 1/1: Trying with 'requests_browser' strategy...
2026-03-09 02:42:51,926 - INFO - Duplicate article skipped: Swiss reject right-wing plan to cut licence fee for public broadcaster from BBC
2026-03-09 02:42:52,000 - INFO - [The Guardian] Success with 'requests_browser'. Found content (766 words).
2026-03-09 02:42:52,109 - INFO - Duplicate article skipped: ICE deports family, including deaf boy who wasn’t given his assistive devices | California | The Guardian from The Guardian
2026-03-09 02:42:52,528 - INFO - [The Hindu] Page content loaded.
2026-03-09 02:42:52,921 - INFO - [The Hindu] Success with 'selenium_browser'. Found content (123 words).
2026-03-09 02:42:53,172 - INFO - Saved article: Over 1,000 join Purple Ride in Hyderabad to promote women’s preventive healthcare - The Hindu from The Hindu
2026-03-09 02:42:53,712 - INFO - [The Hindu] Article: https://www.thehindu.com/news/national/karnataka/international-womens-day-shakuntala-grants-launched-to-back-women-researchers-and-stem-education/article70719364.ece
2026-03-09 02:42:53,712 - INFO - [The Hindu] Attempt 1/1: Trying with 'selenium_browser' strategy...
2026-03-09 02:42:59,953 - INFO - [The Hindu] Page content loaded.
2026-03-09 02:43:00,182 - INFO - [The Hindu] Success with 'selenium_browser'. Found content (374 words).
2026-03-09 02:43:00,533 - INFO - Saved article: International Women’s Day: Shakuntala Grants launched to back women researchers and STEM education - The Hindu from The Hindu
2026-03-09 02:43:01,735 - INFO - [The Hindu] Article: https://www.thehindu.com/news/national/maharashtra/maharashtra-health-department-rolls-out-hpv-vaccine-for-girls-on-womens-day/article70719816.ece
2026-03-09 02:43:01,735 - INFO - [The Hindu] Attempt 1/1: Trying with 'selenium_browser' strategy...
2026-03-09 02:43:03,914 - INFO - [The Hindu] Page content loaded.
2026-03-09 02:43:04,158 - INFO - [The Hindu] Success with 'selenium_browser'. Found content (349 words).
2026-03-09 02:43:04,279 - INFO - Saved article: Maharashtra Health Department rolls out HPV vaccine for girls on Women’s Day - The Hindu from The Hindu
2026-03-09 02:43:04,866 - INFO - [The Hindu] Article: https://www.thehindu.com/news/national/chhattisgarh/death-behind-bars-in-chhattisgarh/article70716848.ece
2026-03-09 02:43:04,866 - INFO - [The Hindu] Attempt 1/1: Trying with 'selenium_browser' strategy...
2026-03-09 02:43:05,915 - INFO - [The Hindu] Page content loaded.
2026-03-09 02:43:06,114 - INFO - [The Hindu] Success with 'selenium_browser'. Found content (1358 words).
2026-03-09 02:43:06,206 - INFO - Duplicate article skipped: Chhattisgarh: Death behind bars - The Hindu from The Hindu
2026-03-09 02:43:06,998 - INFO - [The Hindu] Article: https://www.thehindu.com/news/national/kerala/pink-protection-project-services-extended-to-late-hours-in-aluva/article70719778.ece
2026-03-09 02:43:06,998 - INFO - [The Hindu] Attempt 1/1: Trying with 'selenium_browser' strategy...
2026-03-09 02:43:08,310 - INFO - [The Hindu] Page content loaded.
2026-03-09 02:43:08,388 - INFO - [The Hindu] Success with 'selenium_browser'. Found content (148 words).
2026-03-09 02:43:08,472 - INFO - Duplicate article skipped: Pink Protection Project services extended to late hours in Aluva - The Hindu from The Hindu
2026-03-09 02:43:09,664 - INFO - [The Hindu] Article: https://www.thehindu.com/news/national/kerala/kscste-to-organise-sparkher-boot-camp-for-women-scientists/article70719682.ece
2026-03-09 02:43:09,664 - INFO - [The Hindu] Attempt 1/1: Trying with 'selenium_browser' strategy...
2026-03-09 02:43:10,959 - INFO - [The Hindu] Page content loaded.
2026-03-09 02:43:11,078 - INFO - [The Hindu] Success with 'selenium_browser'. Found content (342 words).
2026-03-09 02:43:11,167 - INFO - Duplicate article skipped: KSCSTE to organise ‘SparkHer’ boot camp for women scientists - The Hindu from The Hindu
2026-03-09 02:43:12,377 - INFO - [The Hindu] Article: https://www.thehindu.com/news/cities/Hyderabad/use-our-talent-to-strengthen-the-nation-eatala-rajendar-at-paniit-summit/article70719337.ece
2026-03-09 02:43:12,378 - INFO - [The Hindu] Attempt 1/1: Trying with 'selenium_browser' strategy...
2026-03-09 02:43:15,549 - INFO - [The Hindu] Page content loaded.
2026-03-09 02:43:15,707 - INFO - [The Hindu] Success with 'selenium_browser'. Found content (342 words).
2026-03-09 02:43:15,771 - INFO - Duplicate article skipped: Use our talent to strengthen the nation: Eatala Rajendar at PanIIT Summit - The Hindu from The Hindu
2026-03-09 02:43:16,749 - INFO - [The Hindu] Article: https://www.thehindu.com/opinion/op-ed/dmk-congress-seat-sharing-deal-a-successful-but-battered-alliance/article70719897.ece
2026-03-09 02:43:16,749 - INFO - [The Hindu] Attempt 1/1: Trying with 'selenium_browser' strategy...
2026-03-09 02:43:17,576 - INFO - [The Hindu] Page content loaded.
2026-03-09 02:43:17,802 - INFO - [The Hindu] Success with 'selenium_browser'. Found content (720 words).
2026-03-09 02:43:17,883 - INFO - Duplicate article skipped: DMK-Congress seat-sharing deal: A successful but battered alliance - The Hindu from The Hindu
2026-03-09 02:43:18,558 - INFO - [The Hindu] Article: https://www.thehindu.com/news/national/telangana/bal-vivah-mukti-rath-campaign-reaches-over-22-lakh-people-across-telangana/article70719289.ece
2026-03-09 02:43:18,558 - INFO - [The Hindu] Attempt 1/1: Trying with 'selenium_browser' strategy...
2026-03-09 02:43:19,618 - INFO - [The Hindu] Page content loaded.
2026-03-09 02:43:19,859 - INFO - [The Hindu] Success with 'selenium_browser'. Found content (291 words).
2026-03-09 02:43:19,942 - INFO - Duplicate article skipped: Bal Vivah Mukti Rath campaign reaches over 22 lakh people across Telangana - The Hindu from The Hindu
2026-03-09 02:43:20,962 - INFO - [The Hindu] Article: https://www.thehindu.com/news/national/andhra-pradesh/police-cane-cricket-fans-in-vijayawada/article70720025.ece
2026-03-09 02:43:20,962 - INFO - [The Hindu] Attempt 1/1: Trying with 'selenium_browser' strategy...
2026-03-09 02:43:22,164 - INFO - [The Hindu] Page content loaded.
2026-03-09 02:43:22,364 - INFO - [The Hindu] Success with 'selenium_browser'. Found content (81 words).
2026-03-09 02:43:22,445 - INFO - Duplicate article skipped: Police cane cricket fans in Vijayawada - The Hindu from The Hindu
2026-03-09 02:43:23,513 - INFO - [The Hindu] (Thread) Finished. Attempting to shut down its Selenium driver.
2026-03-09 02:43:23,668 - INFO - [The Hindu] (Thread) driver.quit() successful.
2026-03-09 02:43:47,592 - ERROR - [Times of India] Request failed for strategy 'selenium_browser' on URL https://timesofindia.indiatimes.com/world/middle-east/us-israel-iran-war-news-live-udates-middle-east-crisis-conflict-drone-ballistic-missile-attacks-explosions-flights-status-dubai-uae-qatar-tehran-gulf-donald-trump-netanyahu-khamenei/liveblog/129286007.cms: Message: timeout: Timed out receiving message from renderer: 59.381
  (Session info: chrome=145.0.7632.116)
Stacktrace:
#0 0x55815a8a0b6a <unknown>
#1 0x55815a2b3a32 <unknown>
#2 0x55815a29b007 <unknown>
#3 0x55815a29ac16 <unknown>
#4 0x55815a298731 <unknown>
#5 0x55815a2990bf <unknown>
#6 0x55815a2a8560 <unknown>
#7 0x55815a2c2707 <unknown>
#8 0x55815a2c98db <unknown>
#9 0x55815a299829 <unknown>
#10 0x55815a2c249c <unknown>
#11 0x55815a3516e1 <unknown>
#12 0x55815a2fac0f <unknown>
#13 0x55815a2fb9d1 <unknown>
#14 0x55815a8656b9 <unknown>
#15 0x55815a8685c1 <unknown>
#16 0x55815a851e29 <unknown>
#17 0x55815a86917e <unknown>
#18 0x55815a8384b0 <unknown>
#19 0x55815a88d578 <unknown>
#20 0x55815a88d74b <unknown>
#21 0x55815a89f1a3 <unknown>
#22 0x7f8e7e69caa4 <unknown>
#23 0x7f8e7e729c6c <unknown>

2026-03-09 02:43:47,592 - ERROR - [Times of India] All scrape strategies failed for https://timesofindia.indiatimes.com/world/middle-east/us-israel-iran-war-news-live-udates-middle-east-crisis-conflict-drone-ballistic-missile-attacks-explosions-flights-status-dubai-uae-qatar-tehran-gulf-donald-trump-netanyahu-khamenei/liveblog/129286007.cms. Falling back to RSS description.
2026-03-09 02:43:47,595 - INFO - Saved article: US-Israel-Iran War News Live Updates: Iran fires first wave of missiles at Israel under new Supreme Leader Mojtaba Khamenei from Times of India
2026-03-09 02:43:48,903 - INFO - [Times of India] Article: https://timesofindia.indiatimes.com/world/middle-east/salamair-issues-urgent-travel-advisory-after-suspending-flights-to-multiple-destinations-amid-iran-vs-us-israel-war/articleshow/129302454.cms
2026-03-09 02:43:48,903 - INFO - [Times of India] Attempt 1/1: Trying with 'selenium_browser' strategy...
2026-03-09 02:43:49,959 - INFO - [Times of India] Page content loaded.
2026-03-09 02:43:50,188 - INFO - [Times of India] Success with 'selenium_browser'. Found content (692 words).
2026-03-09 02:43:50,259 - INFO - Saved article: SalamAir issues urgent travel advisory after suspending flights to multiple destinations amid Iran vs US-Israel war - The Times of India from Times of India
2026-03-09 02:43:51,472 - INFO - [Times of India] Article: https://timesofindia.indiatimes.com/world/middle-east/uae-to-india-flights-back-on-track-indigo-resumes-operations-shares-latest-update-amid-iran-vs-us-israel-war/articleshow/129300367.cms
2026-03-09 02:43:51,472 - INFO - [Times of India] Attempt 1/1: Trying with 'selenium_browser' strategy...
2026-03-09 02:43:52,710 - INFO - [Times of India] Page content loaded.
2026-03-09 02:43:52,839 - INFO - [Times of India] Success with 'selenium_browser'. Found content (788 words).
2026-03-09 02:43:52,941 - INFO - Saved article: UAE to India flights back on track? IndiGo resumes operations, shares latest update amid Iran vs US-Israel war - The Times of India from Times of India
2026-03-09 02:43:53,609 - INFO - [Times of India] Article: https://timesofindia.indiatimes.com/world/middle-east/air-travel-shock-oman-air-cancels-multiple-flights-across-key-destinations-as-iran-vs-us-israel-war-escalates/articleshow/129297636.cms
2026-03-09 02:43:53,609 - INFO - [Times of India] Attempt 1/1: Trying with 'selenium_browser' strategy...
2026-03-09 02:43:54,554 - INFO - [Times of India] Page content loaded.
2026-03-09 02:43:54,706 - INFO - [Times of India] Success with 'selenium_browser'. Found content (704 words).
2026-03-09 02:43:54,769 - INFO - Saved article: Air travel shock: Oman Air cancels multiple flights across key destinations as Iran vs US-Israel war escalates - The Times of India from Times of India
2026-03-09 02:43:55,968 - INFO - [Times of India] Article: https://timesofindia.indiatimes.com/world/middle-east/dubai-ruler-sheikh-mohammed-bin-rashid-al-maktoum-introduces-tough-new-safety-law-violators-could-face-dh2-million-fines-in-uae-emirate/articleshow/129295088.cms
2026-03-09 02:43:55,968 - INFO - [Times of India] Attempt 1/1: Trying with 'selenium_browser' strategy...
2026-03-09 02:43:56,901 - INFO - [Times of India] Page content loaded.
2026-03-09 02:43:57,063 - INFO - [Times of India] Success with 'selenium_browser'. Found content (1000 words).
2026-03-09 02:43:57,133 - INFO - Saved article: Dubai ruler Sheikh Mohammed bin Rashid Al Maktoum introduces tough new safety law: Violators could face Dh2 million fines in UAE emirate - The Times of India from Times of India
2026-03-09 02:43:57,754 - INFO - [Times of India] Article: https://timesofindia.indiatimes.com/world/middle-east/explained-who-is-mojtaba-khamenei-5-things-to-know-about-rise-of-secretive-son-from-shadow-power-to-irans-new-supreme-leader-after-khameneis-killing/articleshow/129293413.cms
2026-03-09 02:43:57,754 - INFO - [Times of India] Attempt 1/1: Trying with 'selenium_browser' strategy...
2026-03-09 02:43:58,834 - INFO - [Times of India] Page content loaded.
2026-03-09 02:43:59,001 - INFO - [Times of India] Success with 'selenium_browser'. Found content (1150 words).
2026-03-09 02:43:59,077 - INFO - Saved article: Explained: 5 things to know about rise of secretive son, Mojtaba Khamenei, from shadow power to Iran's new supreme leader after Khamenei’s killing - The Times of India from Times of India
2026-03-09 02:44:00,522 - INFO - [Times of India] Article: https://timesofindia.indiatimes.com/world/middle-east/who-is-mojtaba-khamenei-the-new-iranian-supreme-leader-facing-us-and-israel/articleshow/129292991.cms
2026-03-09 02:44:00,522 - INFO - [Times of India] Attempt 1/1: Trying with 'selenium_browser' strategy...
2026-03-09 02:44:01,521 - INFO - [Times of India] Page content loaded.
2026-03-09 02:44:01,709 - INFO - [Times of India] Success with 'selenium_browser'. Found content (626 words).
2026-03-09 02:44:01,784 - INFO - Saved article: Who is Mojtaba Khamenei, the new Iranian Supreme Leader facing US and Israel - The Times of India from Times of India
2026-03-09 02:44:02,630 - INFO - [Times of India] Article: https://timesofindia.indiatimes.com/world/middle-east/uae-issues-high-alert-in-abu-dhabi-as-defence-operations-respond-to-missile-threat-amid-iran-vs-us-israel-war/articleshow/129291308.cms
2026-03-09 02:44:02,630 - INFO - [Times of India] Attempt 1/1: Trying with 'selenium_browser' strategy...
2026-03-09 02:44:03,510 - INFO - [Times of India] Page content loaded.
2026-03-09 02:44:03,638 - INFO - [Times of India] Success with 'selenium_browser'. Found content (475 words).
2026-03-09 02:44:03,692 - INFO - Duplicate article skipped: UAE issues high alert in Abu Dhabi as defence operations respond to missile threat amid Iran vs US-Israel war - The Times of India from Times of India
2026-03-09 02:44:04,568 - INFO - [Times of India] Article: https://timesofindia.indiatimes.com/world/us/historian-reveals-why-epstein-still-haunts-the-royal-family-the-problem-is-british-government-/articleshow/129290490.cms
2026-03-09 02:44:04,568 - INFO - [Times of India] Attempt 1/1: Trying with 'selenium_browser' strategy...
2026-03-09 02:44:05,524 - INFO - [Times of India] Page content loaded.
2026-03-09 02:44:05,674 - INFO - [Times of India] Success with 'selenium_browser'. Found content (534 words).
2026-03-09 02:44:05,730 - INFO - Duplicate article skipped: Historian reveals why Epstein still haunts the royal family: 'The problem is British government...' - The Times of India from Times of India
2026-03-09 02:44:06,448 - INFO - [Times of India] Article: https://timesofindia.indiatimes.com/world/us/lindsey-graham-says-we-are-going-to-blow-the-hell-out-of-iran-cuba-will-be-next/articleshow/129289920.cms
2026-03-09 02:44:06,448 - INFO - [Times of India] Attempt 1/1: Trying with 'selenium_browser' strategy...
2026-03-09 02:44:07,273 - INFO - [Times of India] Page content loaded.
2026-03-09 02:44:07,411 - INFO - [Times of India] Success with 'selenium_browser'. Found content (411 words).
2026-03-09 02:44:07,472 - INFO - Duplicate article skipped: Lindsey Graham says, 'we are going to blow the hell' out of Iran, Cuba will be next - The Times of India from Times of India
2026-03-09 02:44:08,148 - INFO - [Times of India] (Thread) Finished. Attempting to shut down its Selenium driver.
2026-03-09 02:44:08,451 - INFO - [Times of India] (Thread) driver.quit() successful.
2026-03-09 02:44:08,452 - INFO - Shutting down thread pool (wait=False)...
2026-03-09 02:44:08,452 - INFO - Scraped: 4 BBC, 3 The Hindu, 0 The Guardian, 7 Times of India articles. (Total saved: 14)
2026-03-09 02:44:08,452 - INFO - --- Scraping job finished ---
2026-03-09 02:44:08,459 - INFO - --- Scraper service stopped and database connection closed. ---
2026-03-09 02:44:08,459 - INFO - --- Main thread finished. Forcing process exit to kill zombie threads. ---
