2026-03-08 14:32:22,327 - INFO - Initializing database connection at: news_articles.db
2026-03-08 14:32:22,328 - INFO - --- Scraper service started (CI Mode: Run Once) ---
2026-03-08 14:32:22,328 - INFO - --- Starting new scraping job (Parallel Mode) ---
2026-03-08 14:32:22,328 - INFO - Creating new robust session with 3 retries on 5xx/connection/read errors.
2026-03-08 14:32:22,329 - INFO - Proxy is DISABLED.
2026-03-08 14:32:22,329 - INFO - Starting scrape for BBC RSS feed: http://feeds.bbci.co.uk/news/world/rss.xml
2026-03-08 14:32:22,329 - INFO - [Times of India] (Thread) requires Selenium. Initializing driver...
2026-03-08 14:32:22,329 - INFO - Initializing headless Selenium Chrome driver (using SeleniumManager)...
2026-03-08 14:32:22,330 - INFO - Starting scrape for The Guardian RSS feed: https://www.theguardian.com/world/rss
2026-03-08 14:32:22,330 - INFO - [The Hindu] (Thread) requires Selenium. Initializing driver...
2026-03-08 14:32:22,330 - INFO - Initializing headless Selenium Chrome driver (using SeleniumManager)...
2026-03-08 14:32:22,330 - INFO - Submitted 4 jobs to thread pool. Waiting up to 300s for completion...
2026-03-08 14:32:22,487 - INFO - Found 45 articles in The Guardian RSS feed. Processing up to 10.
2026-03-08 14:32:22,487 - INFO - [The Guardian] Article: https://www.theguardian.com/world/2026/mar/07/descendants-of-zimbabwe-resistance-heroes-urge-uk-to-locate-looted-skulls
2026-03-08 14:32:22,487 - INFO - [The Guardian] Attempt 1/1: Trying with 'requests_browser' strategy...
2026-03-08 14:32:22,516 - INFO - [The Guardian] Success with 'requests_browser'. Found content (878 words).
2026-03-08 14:32:22,565 - INFO - Duplicate article skipped: Descendants of Zimbabwe resistance heroes urge UK to locate looted skulls | Zimbabwe | The Guardian from The Guardian
2026-03-08 14:32:22,594 - INFO - Found 25 articles in BBC RSS feed. Processing up to 10.
2026-03-08 14:32:22,594 - INFO - [BBC] Article: https://www.bbc.com/news/articles/cx2r1xldl1ko?at_medium=RSS&at_campaign=rss
2026-03-08 14:32:22,594 - INFO - [BBC] Attempt 1/1: Trying with 'requests_browser' strategy...
2026-03-08 14:32:22,985 - INFO - [BBC] Success with 'requests_browser'. Found content (715 words).
2026-03-08 14:32:23,027 - INFO - Duplicate article skipped: War fuels debate in Cyprus over UK military bases from BBC
2026-03-08 14:32:23,662 - INFO - [BBC] Article: https://www.bbc.com/news/articles/c5yjegg892lo?at_medium=RSS&at_campaign=rss
2026-03-08 14:32:23,662 - INFO - [BBC] Attempt 1/1: Trying with 'requests_browser' strategy...
2026-03-08 14:32:23,697 - INFO - [BBC] Success with 'requests_browser'. Found content (336 words).
2026-03-08 14:32:23,734 - INFO - Duplicate article skipped: Explosion at US embassy in Oslo may have been terrorism, Norway police say from BBC
2026-03-08 14:32:23,828 - INFO - [The Guardian] Article: https://www.theguardian.com/global-development/2026/mar/06/generic-drugs-weight-loss-semaglutide-ozempic-wegovy-diabetes-obesity-study
2026-03-08 14:32:23,828 - INFO - [The Guardian] Attempt 1/1: Trying with 'requests_browser' strategy...
2026-03-08 14:32:23,850 - INFO - [The Guardian] Success with 'requests_browser'. Found content (612 words).
2026-03-08 14:32:23,886 - INFO - Duplicate article skipped: Weight-loss jab could be made for $3 a month, study finds | Global health | The Guardian from The Guardian
2026-03-08 14:32:24,691 - INFO - [The Guardian] Article: https://www.theguardian.com/world/2026/mar/05/three-men-deported-us-eswatini-legal-case-detention
2026-03-08 14:32:24,691 - INFO - [The Guardian] Attempt 1/1: Trying with 'requests_browser' strategy...
2026-03-08 14:32:24,717 - INFO - [The Guardian] Success with 'requests_browser'. Found content (520 words).
2026-03-08 14:32:24,754 - INFO - Duplicate article skipped: Three men deported by US file legal case against Eswatini over detention | Eswatini | The Guardian from The Guardian
2026-03-08 14:32:24,954 - INFO - [BBC] Article: https://www.bbc.com/news/articles/crrxpwzvd5vo?at_medium=RSS&at_campaign=rss
2026-03-08 14:32:24,954 - INFO - [BBC] Attempt 1/1: Trying with 'requests_browser' strategy...
2026-03-08 14:32:24,984 - INFO - [BBC] Success with 'requests_browser'. Found content (506 words).
2026-03-08 14:32:25,025 - INFO - Duplicate article skipped: Boy, 12, among six dead as tornadoes hit Michigan and Oklahoma from BBC
2026-03-08 14:32:25,726 - INFO - [The Guardian] Article: https://www.theguardian.com/world/2026/mar/05/south-africa-president-cyril-ramaphosa-calls-donald-trump-policy-white-afrikaners-racist
2026-03-08 14:32:25,726 - INFO - [The Guardian] Attempt 1/1: Trying with 'requests_browser' strategy...
2026-03-08 14:32:25,749 - INFO - [The Guardian] Success with 'requests_browser'. Found content (410 words).
2026-03-08 14:32:25,786 - INFO - Duplicate article skipped: South Africa’s president calls Trump’s policy to offer refuge to white Afrikaners ‘racist’ | South Africa | The Guardian from The Guardian
2026-03-08 14:32:25,847 - INFO - [BBC] Article: https://www.bbc.com/news/articles/c0q32322wq8o?at_medium=RSS&at_campaign=rss
2026-03-08 14:32:25,847 - INFO - [BBC] Attempt 1/1: Trying with 'requests_browser' strategy...
2026-03-08 14:32:25,875 - INFO - [BBC] Success with 'requests_browser'. Found content (331 words).
2026-03-08 14:32:25,929 - INFO - Saved article: Swiss reject right-wing plan to cut licence fee for public broadcaster from BBC
2026-03-08 14:32:26,621 - INFO - [BBC] Article: https://www.bbc.com/news/articles/c93w6y0lnd9o?at_medium=RSS&at_campaign=rss
2026-03-08 14:32:26,621 - INFO - [BBC] Attempt 1/1: Trying with 'requests_browser' strategy...
2026-03-08 14:32:26,656 - INFO - [BBC] Success with 'requests_browser'. Found content (490 words).
2026-03-08 14:32:26,699 - INFO - Duplicate article skipped: Rapper-politician Balendra Shah unseats Nepal's ex-PM as he heads for victory from BBC
2026-03-08 14:32:26,784 - INFO - [The Guardian] Article: https://www.theguardian.com/sport/2026/mar/05/lewis-hamilton-race-africa-grand-prix-retiring-formula-one-colonial
2026-03-08 14:32:26,784 - INFO - [The Guardian] Attempt 1/1: Trying with 'requests_browser' strategy...
2026-03-08 14:32:26,807 - INFO - [The Guardian] Success with 'requests_browser'. Found content (409 words).
2026-03-08 14:32:26,851 - INFO - Duplicate article skipped: Lewis Hamilton sets sights on racing in an African grand prix before retiring | Lewis Hamilton | The Guardian from The Guardian
2026-03-08 14:32:27,595 - INFO - [The Guardian] Article: https://www.theguardian.com/world/2026/mar/08/haiti-immigrant-mexico-tapachula
2026-03-08 14:32:27,595 - INFO - [The Guardian] Attempt 1/1: Trying with 'requests_browser' strategy...
2026-03-08 14:32:27,629 - INFO - [The Guardian] Success with 'requests_browser'. Found content (2248 words).
2026-03-08 14:32:27,699 - INFO - Duplicate article skipped: ‘I am trying to live’: Haitians in Mexico seek community despite broken immigration systems | World news | The Guardian from The Guardian
2026-03-08 14:32:28,082 - INFO - [BBC] Article: https://www.bbc.com/news/articles/cy8l2p2l3v0o?at_medium=RSS&at_campaign=rss
2026-03-08 14:32:28,082 - INFO - [BBC] Attempt 1/1: Trying with 'requests_browser' strategy...
2026-03-08 14:32:28,131 - INFO - [BBC] Success with 'requests_browser'. Found content (1079 words).
2026-03-08 14:32:28,176 - INFO - Duplicate article skipped: Dozens killed as Israeli special forces raid Lebanese village in search of 40-year-old remains from BBC
2026-03-08 14:32:28,464 - INFO - [The Guardian] Article: https://www.theguardian.com/world/2026/mar/08/british-columbia-canada-daylight-saving-time
2026-03-08 14:32:28,464 - INFO - [The Guardian] Attempt 1/1: Trying with 'requests_browser' strategy...
2026-03-08 14:32:28,486 - INFO - [The Guardian] Success with 'requests_browser'. Found content (601 words).
2026-03-08 14:32:28,525 - INFO - Duplicate article skipped: Time for a change: British Columbia decides to keep daylight saving time permanently | Canada | The Guardian from The Guardian
2026-03-08 14:32:28,881 - INFO - [BBC] Article: https://www.bbc.com/news/articles/cn87pl8e2l5o?at_medium=RSS&at_campaign=rss
2026-03-08 14:32:28,882 - INFO - [BBC] Attempt 1/1: Trying with 'requests_browser' strategy...
2026-03-08 14:32:28,914 - INFO - [BBC] Success with 'requests_browser'. Found content (353 words).
2026-03-08 14:32:28,957 - INFO - Duplicate article skipped: Nairobi floods: At least 23 dead after heavy rains with Kenyan military deployed from BBC
2026-03-08 14:32:29,073 - INFO - Selenium driver initialized successfully.
2026-03-08 14:32:29,073 - INFO - Starting scrape for The Hindu RSS feed: https://www.thehindu.com/news/national/feeder/default.rss
2026-03-08 14:32:29,074 - INFO - Selenium driver initialized successfully.
2026-03-08 14:32:29,074 - INFO - Starting scrape for Times of India RSS feed: https://timesofindia.indiatimes.com/rssfeeds/296589292.cms
2026-03-08 14:32:29,242 - INFO - Found 20 articles in Times of India RSS feed. Processing up to 10.
2026-03-08 14:32:29,243 - INFO - [Times of India] Article: https://timesofindia.indiatimes.com/world/us/row-over-indian-student-on-f1-visa-flashing-gun-in-viral-video-he-must-be-deported/articleshow/129272542.cms
2026-03-08 14:32:29,243 - INFO - [Times of India] Attempt 1/1: Trying with 'selenium_browser' strategy...
2026-03-08 14:32:29,270 - INFO - [The Guardian] Article: https://www.theguardian.com/world/2026/mar/07/peru-nightclub-bombing
2026-03-08 14:32:29,270 - INFO - [The Guardian] Attempt 1/1: Trying with 'requests_browser' strategy...
2026-03-08 14:32:29,283 - INFO - Found 100 articles in The Hindu RSS feed. Processing up to 10.
2026-03-08 14:32:29,284 - INFO - [The Hindu] Article: https://www.thehindu.com/news/national/kerala/iuml-protests-move-to-allot-thrikkarippur-seat-to-kerala-congress/article70718698.ece
2026-03-08 14:32:29,284 - INFO - [The Hindu] Attempt 1/1: Trying with 'selenium_browser' strategy...
2026-03-08 14:32:29,304 - INFO - [The Guardian] Success with 'requests_browser'. Found content (288 words).
2026-03-08 14:32:29,342 - INFO - Duplicate article skipped: Bombing at nightclub in Peru injures 33 people, including minors | Peru | The Guardian from The Guardian
2026-03-08 14:32:30,312 - INFO - [BBC] Article: https://www.bbc.com/news/articles/cq6qp458zv1o?at_medium=RSS&at_campaign=rss
2026-03-08 14:32:30,312 - INFO - [BBC] Attempt 1/1: Trying with 'requests_browser' strategy...
2026-03-08 14:32:30,391 - INFO - [BBC] Success with 'requests_browser'. Found content (830 words).
2026-03-08 14:32:30,493 - INFO - Duplicate article skipped: Iran ambassador warns UK to be 'very careful' about involvement in war from BBC
2026-03-08 14:32:30,756 - INFO - [The Guardian] Article: https://www.theguardian.com/us-news/2026/mar/07/trump-shield-of-americas-summit
2026-03-08 14:32:30,756 - INFO - [The Guardian] Attempt 1/1: Trying with 'requests_browser' strategy...
2026-03-08 14:32:30,827 - INFO - [The Guardian] Success with 'requests_browser'. Found content (714 words).
2026-03-08 14:32:30,963 - INFO - Duplicate article skipped: Trump convenes ‘Shield of Americas’ summit with 12 Latin American leaders | Donald Trump | The Guardian from The Guardian
2026-03-08 14:32:31,840 - INFO - [The Guardian] Article: https://www.theguardian.com/us-news/2026/mar/07/deaf-six-year-old-deported-colombia
2026-03-08 14:32:31,840 - INFO - [The Guardian] Attempt 1/1: Trying with 'requests_browser' strategy...
2026-03-08 14:32:31,931 - INFO - [The Guardian] Success with 'requests_browser'. Found content (766 words).
2026-03-08 14:32:31,956 - INFO - [BBC] Article: https://www.bbc.com/news/articles/cn8zd049l08o?at_medium=RSS&at_campaign=rss
2026-03-08 14:32:31,956 - INFO - [BBC] Attempt 1/1: Trying with 'requests_browser' strategy...
2026-03-08 14:32:32,130 - INFO - Duplicate article skipped: ICE deports family, including deaf boy who wasn’t given his assistive devices | California | The Guardian from The Guardian
2026-03-08 14:32:32,179 - INFO - [BBC] Success with 'requests_browser'. Found content (359 words).
2026-03-08 14:32:32,277 - INFO - Duplicate article skipped: Russian strike on Kharkiv apartment block kills ten from BBC
2026-03-08 14:32:33,422 - INFO - [BBC] Article: https://www.bbc.com/news/articles/c62662gzlp8o?at_medium=RSS&at_campaign=rss
2026-03-08 14:32:33,422 - INFO - [BBC] Attempt 1/1: Trying with 'requests_browser' strategy...
2026-03-08 14:32:33,543 - INFO - [BBC] Success with 'requests_browser'. Found content (882 words).
2026-03-08 14:32:33,590 - INFO - [The Hindu] Page content loaded.
2026-03-08 14:32:33,758 - INFO - Duplicate article skipped: Armed robots take to the battlefield in Ukraine war from BBC
2026-03-08 14:32:33,836 - INFO - [The Hindu] Success with 'selenium_browser'. Found content (167 words).
2026-03-08 14:32:34,069 - INFO - Saved article: IUML protests move to allot Thrikkarippur seat to Kerala Congress - The Hindu from The Hindu
2026-03-08 14:32:35,063 - INFO - [The Hindu] Article: https://www.thehindu.com/news/national/karnataka/minister-has-assured-that-ksic-filature-factory-at-t-narsipura-will-not-be-shut-says-pramoda-devi/article70719171.ece
2026-03-08 14:32:35,063 - INFO - [The Hindu] Attempt 1/1: Trying with 'selenium_browser' strategy...
2026-03-08 14:32:43,471 - INFO - [The Hindu] Page content loaded.
2026-03-08 14:32:43,711 - INFO - [The Hindu] Success with 'selenium_browser'. Found content (545 words).
2026-03-08 14:32:43,997 - INFO - Saved article: Minister has assured that KSIC filature factory at T. Narsipura will not be shut, says Pramoda Devi - The Hindu from The Hindu
2026-03-08 14:32:44,606 - INFO - [The Hindu] Article: https://www.thehindu.com/news/national/karnataka/man-arrested-for-setting-partner-and-her-parents-on-fire/article70719006.ece
2026-03-08 14:32:44,607 - INFO - [The Hindu] Attempt 1/1: Trying with 'selenium_browser' strategy...
2026-03-08 14:32:45,456 - INFO - [The Hindu] Page content loaded.
2026-03-08 14:32:45,623 - INFO - [The Hindu] Success with 'selenium_browser'. Found content (303 words).
2026-03-08 14:32:45,713 - INFO - Saved article: Man arrested for setting partner and her parents on fire - The Hindu from The Hindu
2026-03-08 14:32:46,335 - INFO - [The Hindu] Article: https://www.thehindu.com/news/national/karnataka/india-earned-great-respect-by-remaining-neutral-between-global-powers-says-kharge/article70718997.ece
2026-03-08 14:32:46,335 - INFO - [The Hindu] Attempt 1/1: Trying with 'selenium_browser' strategy...
2026-03-08 14:32:47,135 - INFO - [The Hindu] Page content loaded.
2026-03-08 14:32:47,286 - INFO - [The Hindu] Success with 'selenium_browser'. Found content (628 words).
2026-03-08 14:32:47,376 - INFO - Saved article: India earned great respect by remaining neutral between global powers, says Kharge - The Hindu from The Hindu
2026-03-08 14:32:48,429 - INFO - [The Hindu] Article: https://www.thehindu.com/news/national/kerala/keralas-diaspora-engagement-in-higher-education-draws-interest-from-sri-lanka/article70719221.ece
2026-03-08 14:32:48,429 - INFO - [The Hindu] Attempt 1/1: Trying with 'selenium_browser' strategy...
2026-03-08 14:32:49,476 - INFO - [The Hindu] Page content loaded.
2026-03-08 14:32:49,684 - INFO - [The Hindu] Success with 'selenium_browser'. Found content (385 words).
2026-03-08 14:32:49,788 - INFO - Saved article: Kerala’s diaspora engagement in higher education draws interest from Sri Lanka - The Hindu from The Hindu
2026-03-08 14:32:51,282 - INFO - [The Hindu] Article: https://www.thehindu.com/news/national/kerala/sgous-oppam-project-for-2026-takes-off/article70719168.ece
2026-03-08 14:32:51,282 - INFO - [The Hindu] Attempt 1/1: Trying with 'selenium_browser' strategy...
2026-03-08 14:32:52,376 - INFO - [The Hindu] Page content loaded.
2026-03-08 14:32:52,534 - INFO - [The Hindu] Success with 'selenium_browser'. Found content (342 words).
2026-03-08 14:32:52,635 - INFO - Saved article: SGOU’s Oppam project for 2026 takes off - The Hindu from The Hindu
2026-03-08 14:32:53,323 - INFO - [The Hindu] Article: https://www.thehindu.com/news/national/karnataka/karnataka-budget-2026-27-share-of-central-funds-decreasing-by-the-year-adds-to-fiscal-pressure/article70716326.ece
2026-03-08 14:32:53,323 - INFO - [The Hindu] Attempt 1/1: Trying with 'selenium_browser' strategy...
2026-03-08 14:32:54,460 - INFO - [The Hindu] Page content loaded.
2026-03-08 14:32:54,573 - INFO - [The Hindu] Success with 'selenium_browser'. Found content (705 words).
2026-03-08 14:32:54,665 - INFO - Saved article: Karnataka Budget 2026-27: Share of Central funds decreasing by the year adds to fiscal pressure - The Hindu from The Hindu
2026-03-08 14:32:56,017 - INFO - [The Hindu] Article: https://www.thehindu.com/news/national/kerala/police-book-manjeri-mlas-son-for-attacking-shop-owner/article70719259.ece
2026-03-08 14:32:56,017 - INFO - [The Hindu] Attempt 1/1: Trying with 'selenium_browser' strategy...
2026-03-08 14:32:58,112 - INFO - [The Hindu] Page content loaded.
2026-03-08 14:32:58,187 - INFO - [The Hindu] Success with 'selenium_browser'. Found content (105 words).
2026-03-08 14:32:58,261 - INFO - Saved article: Police book Manjeri MLA’s son for attacking shop owner - The Hindu from The Hindu
2026-03-08 14:32:59,159 - INFO - [The Hindu] Article: https://www.thehindu.com/news/national/karnataka/st-quota-valmiki-nayakas-likely-to-move-against-reduction-in-reservation-from-7-to-3/article70718708.ece
2026-03-08 14:32:59,159 - INFO - [The Hindu] Attempt 1/1: Trying with 'selenium_browser' strategy...
2026-03-08 14:32:59,772 - INFO - [The Hindu] Page content loaded.
2026-03-08 14:32:59,817 - INFO - [The Hindu] Success with 'selenium_browser'. Found content (824 words).
2026-03-08 14:32:59,897 - INFO - Saved article: ST quota: Valmiki/ Nayakas likely to move against reduction in reservation from 7% to 3% - The Hindu from The Hindu
2026-03-08 14:33:01,250 - INFO - [The Hindu] Article: https://www.thehindu.com/news/national/andhra-pradesh/cpim-demands-package-for-polavaram-displaced-judicial-probe-into-irregularities/article70718835.ece
2026-03-08 14:33:01,250 - INFO - [The Hindu] Attempt 1/1: Trying with 'selenium_browser' strategy...
2026-03-08 14:33:02,642 - INFO - [The Hindu] Page content loaded.
2026-03-08 14:33:02,778 - INFO - [The Hindu] Success with 'selenium_browser'. Found content (314 words).
2026-03-08 14:33:02,899 - INFO - Saved article: CPI(M) demands package for Polavaram displaced, judicial probe into irregularities - The Hindu from The Hindu
2026-03-08 14:33:03,580 - INFO - [The Hindu] (Thread) Finished. Attempting to shut down its Selenium driver.
2026-03-08 14:33:03,713 - INFO - [The Hindu] (Thread) driver.quit() successful.
2026-03-08 14:33:29,261 - ERROR - [Times of India] Request failed for strategy 'selenium_browser' on URL https://timesofindia.indiatimes.com/world/us/row-over-indian-student-on-f1-visa-flashing-gun-in-viral-video-he-must-be-deported/articleshow/129272542.cms: Message: timeout: Timed out receiving message from renderer: 59.912
  (Session info: chrome=145.0.7632.116)
Stacktrace:
#0 0x561dafff2b6a <unknown>
#1 0x561dafa05a32 <unknown>
#2 0x561daf9ed007 <unknown>
#3 0x561daf9ecc16 <unknown>
#4 0x561daf9ea731 <unknown>
#5 0x561daf9eb0bf <unknown>
#6 0x561daf9fa560 <unknown>
#7 0x561dafa14707 <unknown>
#8 0x561dafa1b8db <unknown>
#9 0x561daf9eb829 <unknown>
#10 0x561dafa1449c <unknown>
#11 0x561dafaa36e1 <unknown>
#12 0x561dafa4cc0f <unknown>
#13 0x561dafa4d9d1 <unknown>
#14 0x561daffb76b9 <unknown>
#15 0x561daffba5c1 <unknown>
#16 0x561daffa3e29 <unknown>
#17 0x561daffbb17e <unknown>
#18 0x561daff8a4b0 <unknown>
#19 0x561daffdf578 <unknown>
#20 0x561daffdf74b <unknown>
#21 0x561dafff11a3 <unknown>
#22 0x7f63c7a9caa4 <unknown>
#23 0x7f63c7b29c6c <unknown>

2026-03-08 14:33:29,261 - ERROR - [Times of India] All scrape strategies failed for https://timesofindia.indiatimes.com/world/us/row-over-indian-student-on-f1-visa-flashing-gun-in-viral-video-he-must-be-deported/articleshow/129272542.cms. Falling back to RSS description.
2026-03-08 14:33:29,263 - INFO - Saved article: Row over Indian student on F‑1 visa flashing gun in viral video: 'He must be deported' from Times of India
2026-03-08 14:33:30,467 - INFO - [Times of India] Article: https://timesofindia.indiatimes.com/etimes/trending/meet-anjali-sardana-indian-entrepreneur-who-built-100-million-startup-after-studying-in-us/articleshow/129267439.cms
2026-03-08 14:33:30,467 - INFO - [Times of India] Attempt 1/1: Trying with 'selenium_browser' strategy...
2026-03-08 14:33:44,421 - WARNING - [Times of India] Page timed out (10s). No <p> tags found. Proceeding anyway.
2026-03-08 14:33:44,564 - INFO - [Times of India] Success with 'selenium_browser'. Found content (394 words).
2026-03-08 14:33:44,647 - INFO - Saved article: Meet Anjali Sardana: Indian entrepreneur who built $100 million startup after studying in US - The Times of India from Times of India
2026-03-08 14:33:45,968 - INFO - [Times of India] Article: https://timesofindia.indiatimes.com/world/us/they-stole-our-country-iranian-americans-rally-in-los-angeles-backing-strikes-on-iran-regime-watch-video/articleshow/129270042.cms
2026-03-08 14:33:45,968 - INFO - [Times of India] Attempt 1/1: Trying with 'selenium_browser' strategy...
2026-03-08 14:33:48,164 - INFO - [Times of India] Page content loaded.
2026-03-08 14:33:48,355 - INFO - [Times of India] Success with 'selenium_browser'. Found content (561 words).
2026-03-08 14:33:48,429 - INFO - Duplicate article skipped: ‘They stole our country’: Iranian-Americans rally in Los Angeles backing strikes on Iran regime - The Times of India from Times of India
2026-03-08 14:33:49,345 - INFO - [Times of India] Article: https://timesofindia.indiatimes.com/world/us/man-extradited-from-india-pleads-guilty-to-2005-long-island-crash-says-sorry-to-the-family/articleshow/129269358.cms
2026-03-08 14:33:49,345 - INFO - [Times of India] Attempt 1/1: Trying with 'selenium_browser' strategy...
2026-03-08 14:33:49,986 - INFO - [Times of India] Page content loaded.
2026-03-08 14:33:50,110 - INFO - [Times of India] Success with 'selenium_browser'. Found content (388 words).
2026-03-08 14:33:50,166 - INFO - Duplicate article skipped: Man extradited from India pleads guilty to 2005 Long Island crash, says 'sorry' to the family - The Times of India from Times of India
2026-03-08 14:33:50,901 - INFO - [Times of India] Article: https://timesofindia.indiatimes.com/world/rest-of-world/mh370-still-missing-latest-search-after-scanning-15000-sq-km-ends-with-no-clues-to-239-people-onboard/articleshow/129265069.cms
2026-03-08 14:33:50,901 - INFO - [Times of India] Attempt 1/1: Trying with 'selenium_browser' strategy...
2026-03-08 14:34:50,917 - ERROR - [Times of India] Request failed for strategy 'selenium_browser' on URL https://timesofindia.indiatimes.com/world/rest-of-world/mh370-still-missing-latest-search-after-scanning-15000-sq-km-ends-with-no-clues-to-239-people-onboard/articleshow/129265069.cms: Message: timeout: Timed out receiving message from renderer: 59.717
  (Session info: chrome=145.0.7632.116)
Stacktrace:
#0 0x561dafff2b6a <unknown>
#1 0x561dafa05a32 <unknown>
#2 0x561daf9ed007 <unknown>
#3 0x561daf9ecc16 <unknown>
#4 0x561daf9ea731 <unknown>
#5 0x561daf9eb0bf <unknown>
#6 0x561daf9fa560 <unknown>
#7 0x561dafa14707 <unknown>
#8 0x561dafa1b8db <unknown>
#9 0x561daf9eb829 <unknown>
#10 0x561dafa1449c <unknown>
#11 0x561dafaa36e1 <unknown>
#12 0x561dafa4cc0f <unknown>
#13 0x561dafa4d9d1 <unknown>
#14 0x561daffb76b9 <unknown>
#15 0x561daffba5c1 <unknown>
#16 0x561daffa3e29 <unknown>
#17 0x561daffbb17e <unknown>
#18 0x561daff8a4b0 <unknown>
#19 0x561daffdf578 <unknown>
#20 0x561daffdf74b <unknown>
#21 0x561dafff11a3 <unknown>
#22 0x7f63c7a9caa4 <unknown>
#23 0x7f63c7b29c6c <unknown>

2026-03-08 14:34:50,917 - ERROR - [Times of India] All scrape strategies failed for https://timesofindia.indiatimes.com/world/rest-of-world/mh370-still-missing-latest-search-after-scanning-15000-sq-km-ends-with-no-clues-to-239-people-onboard/articleshow/129265069.cms. Falling back to RSS description.
2026-03-08 14:34:50,917 - INFO - Duplicate article skipped: MH370 still missing: Latest search after scanning 15,000 sq km ends with no clues to 239 people onboard from Times of India
2026-03-08 14:34:52,088 - INFO - [Times of India] Article: https://timesofindia.indiatimes.com/world/middle-east/misinterpreted-by-enemy-iran-president-clarifies-remarks-on-gulf-attacks-after-trumps-surrender-claim/articleshow/129263967.cms
2026-03-08 14:34:52,089 - INFO - [Times of India] Attempt 1/1: Trying with 'selenium_browser' strategy...
2026-03-08 14:35:52,109 - ERROR - [Times of India] Request failed for strategy 'selenium_browser' on URL https://timesofindia.indiatimes.com/world/middle-east/misinterpreted-by-enemy-iran-president-clarifies-remarks-on-gulf-attacks-after-trumps-surrender-claim/articleshow/129263967.cms: Message: timeout: Timed out receiving message from renderer: 60.000
  (Session info: chrome=145.0.7632.116)
Stacktrace:
#0 0x561dafff2b6a <unknown>
#1 0x561dafa05a32 <unknown>
#2 0x561daf9ed007 <unknown>
#3 0x561daf9ecc16 <unknown>
#4 0x561daf9ea731 <unknown>
#5 0x561daf9eb0bf <unknown>
#6 0x561daf9fa560 <unknown>
#7 0x561dafa14707 <unknown>
#8 0x561dafa1b8db <unknown>
#9 0x561daf9eb829 <unknown>
#10 0x561dafa1449c <unknown>
#11 0x561dafaa322b <unknown>
#12 0x561dafa4cc0f <unknown>
#13 0x561dafa4d9d1 <unknown>
#14 0x561daffb76b9 <unknown>
#15 0x561daffba5c1 <unknown>
#16 0x561daffa3e29 <unknown>
#17 0x561daffbb17e <unknown>
#18 0x561daff8a4b0 <unknown>
#19 0x561daffdf578 <unknown>
#20 0x561daffdf74b <unknown>
#21 0x561dafff11a3 <unknown>
#22 0x7f63c7a9caa4 <unknown>
#23 0x7f63c7b29c6c <unknown>

2026-03-08 14:35:52,109 - ERROR - [Times of India] All scrape strategies failed for https://timesofindia.indiatimes.com/world/middle-east/misinterpreted-by-enemy-iran-president-clarifies-remarks-on-gulf-attacks-after-trumps-surrender-claim/articleshow/129263967.cms. Falling back to RSS description.
2026-03-08 14:35:52,110 - INFO - Duplicate article skipped: ‘Misinterpreted by enemy’: Iran president clarifies remarks on Gulf attacks after Trump’s ‘surrender’ claim from Times of India
2026-03-08 14:35:53,497 - INFO - [Times of India] Article: https://timesofindia.indiatimes.com/world/middle-east/changing-face-of-the-middle-east-netanyahu-thanks-trump-for-strikes-on-iran-claims-control-over-tehran-skies/articleshow/129259141.cms
2026-03-08 14:35:53,497 - INFO - [Times of India] Attempt 1/1: Trying with 'selenium_browser' strategy...
2026-03-08 14:36:53,513 - ERROR - [Times of India] Request failed for strategy 'selenium_browser' on URL https://timesofindia.indiatimes.com/world/middle-east/changing-face-of-the-middle-east-netanyahu-thanks-trump-for-strikes-on-iran-claims-control-over-tehran-skies/articleshow/129259141.cms: Message: timeout: Timed out receiving message from renderer: 60.000
  (Session info: chrome=145.0.7632.116)
Stacktrace:
#0 0x561dafff2b6a <unknown>
#1 0x561dafa05a32 <unknown>
#2 0x561daf9ed007 <unknown>
#3 0x561daf9ecc16 <unknown>
#4 0x561daf9ea731 <unknown>
#5 0x561daf9eb0bf <unknown>
#6 0x561daf9fa560 <unknown>
#7 0x561dafa14707 <unknown>
#8 0x561dafa1b8db <unknown>
#9 0x561daf9eb829 <unknown>
#10 0x561dafa1449c <unknown>
#11 0x561dafaa322b <unknown>
#12 0x561dafa4cc0f <unknown>
#13 0x561dafa4d9d1 <unknown>
#14 0x561daffb76b9 <unknown>
#15 0x561daffba5c1 <unknown>
#16 0x561daffa3e29 <unknown>
#17 0x561daffbb17e <unknown>
#18 0x561daff8a4b0 <unknown>
#19 0x561daffdf578 <unknown>
#20 0x561daffdf74b <unknown>
#21 0x561dafff11a3 <unknown>
#22 0x7f63c7a9caa4 <unknown>
#23 0x7f63c7b29c6c <unknown>

2026-03-08 14:36:53,513 - ERROR - [Times of India] All scrape strategies failed for https://timesofindia.indiatimes.com/world/middle-east/changing-face-of-the-middle-east-netanyahu-thanks-trump-for-strikes-on-iran-claims-control-over-tehran-skies/articleshow/129259141.cms. Falling back to RSS description.
2026-03-08 14:36:53,514 - INFO - Duplicate article skipped: 'Changing face of the Middle East': Netanyahu thanks Trump for strikes on Iran; claims 'control' over Tehran skies from Times of India
2026-03-08 14:36:54,440 - INFO - [Times of India] Article: https://timesofindia.indiatimes.com/world/middle-east/a-strong-fist-doesnt-mean-strong-reason-china-warns-against-interference-regime-change-in-iran/articleshow/129261928.cms
2026-03-08 14:36:54,440 - INFO - [Times of India] Attempt 1/1: Trying with 'selenium_browser' strategy...
2026-03-08 14:37:10,376 - ERROR - [Times of India] Request failed for strategy 'selenium_browser' on URL https://timesofindia.indiatimes.com/world/middle-east/a-strong-fist-doesnt-mean-strong-reason-china-warns-against-interference-regime-change-in-iran/articleshow/129261928.cms: Message: tab crashed
  (Session info: chrome=145.0.7632.116)

2026-03-08 14:37:10,376 - ERROR - [Times of India] All scrape strategies failed for https://timesofindia.indiatimes.com/world/middle-east/a-strong-fist-doesnt-mean-strong-reason-china-warns-against-interference-regime-change-in-iran/articleshow/129261928.cms. Falling back to RSS description.
2026-03-08 14:37:10,380 - INFO - Duplicate article skipped: ‘A strong fist doesn't mean strong reason’: China warns against interference, regime change in Iran from Times of India
2026-03-08 14:37:11,781 - INFO - [Times of India] Article: https://timesofindia.indiatimes.com/world/middle-east/over-52000-indians-fly-home-from-uae-gulf-within-a-week-as-authorities-issue-update-amid-us-iran-conflict/articleshow/129259336.cms
2026-03-08 14:37:11,781 - INFO - [Times of India] Attempt 1/1: Trying with 'selenium_browser' strategy...
2026-03-08 14:37:11,783 - ERROR - [Times of India] Request failed for strategy 'selenium_browser' on URL https://timesofindia.indiatimes.com/world/middle-east/over-52000-indians-fly-home-from-uae-gulf-within-a-week-as-authorities-issue-update-amid-us-iran-conflict/articleshow/129259336.cms: Message: tab crashed
  (Session info: chrome=145.0.7632.116)

2026-03-08 14:37:11,783 - ERROR - [Times of India] All scrape strategies failed for https://timesofindia.indiatimes.com/world/middle-east/over-52000-indians-fly-home-from-uae-gulf-within-a-week-as-authorities-issue-update-amid-us-iran-conflict/articleshow/129259336.cms. Falling back to RSS description.
2026-03-08 14:37:11,783 - INFO - Duplicate article skipped: Over 52,000 Indians fly home from UAE, Gulf within a week as authorities issue update amid US-Iran conflict from Times of India
2026-03-08 14:37:12,912 - INFO - [Times of India] Article: https://timesofindia.indiatimes.com/world/us/top-10-richest-people-in-the-world-2026-elon-musk-jeff-bezos-and-other-tech-titans-leading-global-wealth/articleshow/129258508.cms
2026-03-08 14:37:12,912 - INFO - [Times of India] Attempt 1/1: Trying with 'selenium_browser' strategy...
2026-03-08 14:37:12,913 - ERROR - [Times of India] Request failed for strategy 'selenium_browser' on URL https://timesofindia.indiatimes.com/world/us/top-10-richest-people-in-the-world-2026-elon-musk-jeff-bezos-and-other-tech-titans-leading-global-wealth/articleshow/129258508.cms: Message: tab crashed
  (Session info: chrome=145.0.7632.116)

2026-03-08 14:37:12,913 - ERROR - [Times of India] All scrape strategies failed for https://timesofindia.indiatimes.com/world/us/top-10-richest-people-in-the-world-2026-elon-musk-jeff-bezos-and-other-tech-titans-leading-global-wealth/articleshow/129258508.cms. Falling back to RSS description.
2026-03-08 14:37:12,914 - INFO - Duplicate article skipped: Top 10 richest people in the world 2026: Elon Musk, Jeff Bezos, and other tech titans leading global wealth from Times of India
2026-03-08 14:37:14,120 - INFO - [Times of India] (Thread) Finished. Attempting to shut down its Selenium driver.
2026-03-08 14:37:14,266 - INFO - [Times of India] (Thread) driver.quit() successful.
2026-03-08 14:37:14,266 - INFO - Shutting down thread pool (wait=False)...
2026-03-08 14:37:14,266 - INFO - Scraped: 1 BBC, 0 The Guardian, 2 Times of India, 10 The Hindu articles. (Total saved: 13)
2026-03-08 14:37:14,267 - INFO - --- Scraping job finished ---
2026-03-08 14:37:14,272 - INFO - --- Scraper service stopped and database connection closed. ---
2026-03-08 14:37:14,272 - INFO - --- Main thread finished. Forcing process exit to kill zombie threads. ---
