2026-03-13 13:13:16,748 - INFO - Initializing database connection at: news_articles.db
2026-03-13 13:13:16,749 - INFO - --- Scraper service started (CI Mode: Run Once) ---
2026-03-13 13:13:16,749 - INFO - --- Starting new scraping job (Parallel Mode) ---
2026-03-13 13:13:16,749 - INFO - Creating new robust session with 3 retries on 5xx/connection/read errors.
2026-03-13 13:13:16,750 - INFO - Proxy is DISABLED.
2026-03-13 13:13:16,750 - INFO - Starting scrape for BBC RSS feed: http://feeds.bbci.co.uk/news/world/rss.xml
2026-03-13 13:13:16,751 - INFO - [Times of India] (Thread) requires Selenium. Initializing driver...
2026-03-13 13:13:16,751 - INFO - Initializing headless Selenium Chrome driver (using SeleniumManager)...
2026-03-13 13:13:16,752 - INFO - Starting scrape for The Guardian RSS feed: https://www.theguardian.com/world/rss
2026-03-13 13:13:16,752 - INFO - [The Hindu] (Thread) requires Selenium. Initializing driver...
2026-03-13 13:13:16,752 - INFO - Submitted 4 jobs to thread pool. Waiting up to 300s for completion...
2026-03-13 13:13:16,752 - INFO - Initializing headless Selenium Chrome driver (using SeleniumManager)...
2026-03-13 13:13:16,830 - INFO - Found 36 articles in BBC RSS feed. Processing up to 10.
2026-03-13 13:13:16,830 - INFO - [BBC] Article: https://www.bbc.com/news/articles/cy0dz5ql17vo?at_medium=RSS&at_campaign=rss
2026-03-13 13:13:16,830 - INFO - [BBC] Attempt 1/1: Trying with 'requests_browser' strategy...
2026-03-13 13:13:16,871 - INFO - Found 45 articles in The Guardian RSS feed. Processing up to 10.
2026-03-13 13:13:16,871 - INFO - [The Guardian] Article: https://www.theguardian.com/us-news/2026/mar/12/trump-immigration-deportations-eswatini
2026-03-13 13:13:16,871 - INFO - [The Guardian] Attempt 1/1: Trying with 'requests_browser' strategy...
2026-03-13 13:13:16,932 - INFO - [The Guardian] Success with 'requests_browser'. Found content (528 words).
2026-03-13 13:13:16,971 - INFO - Duplicate article skipped: Eswatini says it received more ‘third country’ deportees as part of deal with Trump administration | Trump administration | The Guardian from The Guardian
2026-03-13 13:13:17,051 - INFO - [BBC] Success with 'requests_browser'. Found content (595 words).
2026-03-13 13:13:17,091 - INFO - Duplicate article skipped: Four crew members killed after US refuelling plane crashes in Iraq from BBC
2026-03-13 13:13:18,330 - INFO - [The Guardian] Article: https://www.theguardian.com/global-development/2026/mar/12/uk-government-axes-flagship-global-health-project
2026-03-13 13:13:18,330 - INFO - [The Guardian] Attempt 1/1: Trying with 'requests_browser' strategy...
2026-03-13 13:13:18,409 - INFO - [BBC] Article: https://www.bbc.com/news/articles/ce3g0vz223no?at_medium=RSS&at_campaign=rss
2026-03-13 13:13:18,409 - INFO - [BBC] Attempt 1/1: Trying with 'requests_browser' strategy...
2026-03-13 13:13:18,462 - INFO - [BBC] Success with 'requests_browser'. Found content (1270 words).
2026-03-13 13:13:18,512 - INFO - Duplicate article skipped: Strait of Hormuz: Sailors stranded on ships due to Iran war from BBC
2026-03-13 13:13:18,516 - INFO - [The Guardian] Success with 'requests_browser'. Found content (626 words).
2026-03-13 13:13:18,552 - INFO - Duplicate article skipped: UK government axes flagship global health project | Global development | The Guardian from The Guardian
2026-03-13 13:13:19,016 - INFO - [BBC] Article: https://www.bbc.com/news/articles/c363lk4xk07o?at_medium=RSS&at_campaign=rss
2026-03-13 13:13:19,016 - INFO - [BBC] Attempt 1/1: Trying with 'requests_browser' strategy...
2026-03-13 13:13:19,044 - INFO - [BBC] Success with 'requests_browser'. Found content (284 words).
2026-03-13 13:13:19,101 - INFO - Saved article: Iris Dena: Bodies of 84 Iranian sailors killed in US attack to be repatriated from BBC
2026-03-13 13:13:19,153 - INFO - [The Guardian] Article: https://www.theguardian.com/global-development/2026/mar/12/invasive-ai-led-mass-surveillance-in-africa-violating-freedoms-warn-experts
2026-03-13 13:13:19,153 - INFO - [The Guardian] Attempt 1/1: Trying with 'requests_browser' strategy...
2026-03-13 13:13:19,201 - INFO - [The Guardian] Success with 'requests_browser'. Found content (621 words).
2026-03-13 13:13:19,234 - INFO - Duplicate article skipped: ‘Invasive’ AI-led mass surveillance in Africa violating freedoms, warn experts | Global development | The Guardian from The Guardian
2026-03-13 13:13:20,205 - INFO - [BBC] Article: https://www.bbc.com/news/articles/cdxzzqye9w0o?at_medium=RSS&at_campaign=rss
2026-03-13 13:13:20,205 - INFO - [BBC] Attempt 1/1: Trying with 'requests_browser' strategy...
2026-03-13 13:13:20,236 - INFO - [The Guardian] Article: https://www.theguardian.com/world/2026/mar/11/at-least-17-killed-after-drone-strikes-school-in-sudan
2026-03-13 13:13:20,236 - INFO - [The Guardian] Attempt 1/1: Trying with 'requests_browser' strategy...
2026-03-13 13:13:20,244 - INFO - [BBC] Success with 'requests_browser'. Found content (1054 words).
2026-03-13 13:13:20,286 - INFO - Duplicate article skipped: French vote tests polarised electorate with right hoping to win control of Paris from BBC
2026-03-13 13:13:20,367 - INFO - [The Guardian] Success with 'requests_browser'. Found content (363 words).
2026-03-13 13:13:20,409 - INFO - Duplicate article skipped: At least 17 killed after drone strikes school in Sudan | Sudan | The Guardian from The Guardian
2026-03-13 13:13:21,580 - INFO - [BBC] Article: https://www.bbc.com/news/articles/c2k8wvzgqk7o?at_medium=RSS&at_campaign=rss
2026-03-13 13:13:21,580 - INFO - [BBC] Attempt 1/1: Trying with 'requests_browser' strategy...
2026-03-13 13:13:21,615 - INFO - [BBC] Success with 'requests_browser'. Found content (615 words).
2026-03-13 13:13:21,655 - INFO - Duplicate article skipped: KPop Demon Hunters to return as Netflix announces sequel from BBC
2026-03-13 13:13:21,680 - INFO - [The Guardian] Article: https://www.theguardian.com/world/2026/mar/11/drone-attack-goma-eastern-democratic-republic-of-the-congo-m23-rebels
2026-03-13 13:13:21,681 - INFO - [The Guardian] Attempt 1/1: Trying with 'requests_browser' strategy...
2026-03-13 13:13:21,732 - INFO - [The Guardian] Success with 'requests_browser'. Found content (551 words).
2026-03-13 13:13:21,802 - INFO - Duplicate article skipped: French aid worker among three killed in drone strike in east DRC, M23 rebels say | Democratic Republic of the Congo | The Guardian from The Guardian
2026-03-13 13:13:22,326 - INFO - [The Guardian] Article: https://www.theguardian.com/world/2026/mar/13/cuba-us-talks-miguel-diaz-canel-trump
2026-03-13 13:13:22,326 - INFO - [The Guardian] Attempt 1/1: Trying with 'requests_browser' strategy...
2026-03-13 13:13:22,419 - INFO - [BBC] Article: https://www.bbc.com/news/articles/cd9g4dpjwgvo?at_medium=RSS&at_campaign=rss
2026-03-13 13:13:22,419 - INFO - [BBC] Attempt 1/1: Trying with 'requests_browser' strategy...
2026-03-13 13:13:22,457 - INFO - [BBC] Success with 'requests_browser'. Found content (676 words).
2026-03-13 13:13:22,497 - INFO - Duplicate article skipped: King expressed 'concern' over Alberta separatists, say First Nations chiefs after meeting from BBC
2026-03-13 13:13:22,516 - INFO - [The Guardian] Success with 'requests_browser'. Found content (456 words).
2026-03-13 13:13:22,551 - INFO - Saved article: Cuban president confirms talks with Trump officials amid US blockade | Cuba | The Guardian from The Guardian
2026-03-13 13:13:23,763 - INFO - [BBC] Article: https://www.bbc.com/news/articles/cm2xrz71zm3o?at_medium=RSS&at_campaign=rss
2026-03-13 13:13:23,764 - INFO - [BBC] Attempt 1/1: Trying with 'requests_browser' strategy...
2026-03-13 13:13:23,796 - INFO - [BBC] Success with 'requests_browser'. Found content (636 words).
2026-03-13 13:13:23,835 - INFO - Duplicate article skipped: Israel drops charges against soldiers accused of abusing Gaza detainee from BBC
2026-03-13 13:13:23,891 - INFO - [The Guardian] Article: https://www.theguardian.com/us-news/ng-interactive/2026/mar/13/honduras-family-immigration-deportation
2026-03-13 13:13:23,891 - INFO - [The Guardian] Attempt 1/1: Trying with 'requests_browser' strategy...
2026-03-13 13:13:23,950 - INFO - [The Guardian] Success with 'requests_browser'. Found content (2669 words).
2026-03-13 13:13:23,987 - INFO - Saved article: One family’s harrowing escape to the US – and the Trump government’s relentless efforts to deport them back | US immigration | The Guardian from The Guardian
2026-03-13 13:13:24,808 - INFO - [BBC] Article: https://www.bbc.com/news/articles/c0436qkegdqo?at_medium=RSS&at_campaign=rss
2026-03-13 13:13:24,808 - INFO - [BBC] Attempt 1/1: Trying with 'requests_browser' strategy...
2026-03-13 13:13:24,840 - INFO - [BBC] Success with 'requests_browser'. Found content (573 words).
2026-03-13 13:13:24,878 - INFO - Saved article: Supreme Court: India top court rejects menstrual leave petition saying 'no-one will hire women' from BBC
2026-03-13 13:13:25,465 - INFO - [The Guardian] Article: https://www.theguardian.com/world/2026/mar/12/two-plasma-donors-die-private-canada-clinics
2026-03-13 13:13:25,465 - INFO - [The Guardian] Attempt 1/1: Trying with 'requests_browser' strategy...
2026-03-13 13:13:25,523 - INFO - [The Guardian] Success with 'requests_browser'. Found content (1291 words).
2026-03-13 13:13:25,556 - INFO - Duplicate article skipped: Two people die after donating plasma at Canadian clinics under federal investigation | Canada | The Guardian from The Guardian
2026-03-13 13:13:26,105 - INFO - [BBC] Article: https://www.bbc.com/news/articles/cx28zd30078o?at_medium=RSS&at_campaign=rss
2026-03-13 13:13:26,105 - INFO - [BBC] Attempt 1/1: Trying with 'requests_browser' strategy...
2026-03-13 13:13:26,149 - INFO - [BBC] Success with 'requests_browser'. Found content (888 words).
2026-03-13 13:13:26,189 - INFO - Duplicate article skipped: Suspect dead after ramming vehicle into Temple Israel synagogue in Michigan from BBC
2026-03-13 13:13:26,408 - INFO - [The Guardian] Article: https://www.theguardian.com/world/2026/mar/12/quit-fossil-fuels-to-stem-deadly-floods-in-brazils-coffee-heartland-say-scientists
2026-03-13 13:13:26,408 - INFO - [The Guardian] Attempt 1/1: Trying with 'requests_browser' strategy...
2026-03-13 13:13:26,459 - INFO - [The Guardian] Success with 'requests_browser'. Found content (723 words).
2026-03-13 13:13:26,501 - INFO - Duplicate article skipped: Quit fossil fuels to stem deadly floods in Brazil’s coffee heartland, say scientists | Extreme weather | The Guardian from The Guardian
2026-03-13 13:13:26,971 - INFO - [BBC] Article: https://www.bbc.com/news/articles/c743emjmnrro?at_medium=RSS&at_campaign=rss
2026-03-13 13:13:26,971 - INFO - [BBC] Attempt 1/1: Trying with 'requests_browser' strategy...
2026-03-13 13:13:26,999 - INFO - [BBC] Success with 'requests_browser'. Found content (340 words).
2026-03-13 13:13:27,037 - INFO - Duplicate article skipped: UFC fighters to train FBI agents at Quantico from BBC
2026-03-13 13:13:27,401 - INFO - Selenium driver initialized successfully.
2026-03-13 13:13:27,401 - INFO - Selenium driver initialized successfully.
2026-03-13 13:13:27,401 - INFO - Starting scrape for The Hindu RSS feed: https://www.thehindu.com/news/national/feeder/default.rss
2026-03-13 13:13:27,401 - INFO - Starting scrape for Times of India RSS feed: https://timesofindia.indiatimes.com/rssfeeds/296589292.cms
2026-03-13 13:13:27,540 - INFO - Found 20 articles in Times of India RSS feed. Processing up to 10.
2026-03-13 13:13:27,540 - INFO - [Times of India] Article: https://timesofindia.indiatimes.com/world/us/the-president-wants-you-right-away-treasury-secretary-scott-bessent-pulled-from-live-broadcast-viewers-say-his-voice-was-shaken-watch/articleshow/129552498.cms
2026-03-13 13:13:27,540 - INFO - [Times of India] Attempt 1/1: Trying with 'selenium_browser' strategy...
2026-03-13 13:13:27,589 - INFO - Found 100 articles in The Hindu RSS feed. Processing up to 10.
2026-03-13 13:13:27,589 - INFO - [The Hindu] Article: https://www.thehindu.com/news/cities/Hyderabad/381-domestic-lpg-cylinders-seized-233-cases-booked-in-raids-on-commercial-establishments-in-hyderabad/article70739533.ece
2026-03-13 13:13:27,589 - INFO - [The Hindu] Attempt 1/1: Trying with 'selenium_browser' strategy...
2026-03-13 13:13:27,796 - INFO - [The Guardian] Article: https://www.theguardian.com/world/2026/mar/11/el-salvador-mass-incarceration-crimes-against-humanity-study
2026-03-13 13:13:27,796 - INFO - [The Guardian] Attempt 1/1: Trying with 'requests_browser' strategy...
2026-03-13 13:13:27,859 - INFO - [The Guardian] Success with 'requests_browser'. Found content (594 words).
2026-03-13 13:13:27,911 - INFO - Duplicate article skipped: El Salvador’s mass arrest policy may have led to crimes against humanity, study shows | El Salvador | The Guardian from The Guardian
2026-03-13 13:13:34,095 - INFO - [The Hindu] Page content loaded.
2026-03-13 13:13:34,268 - WARNING - [The Hindu] FAILED with 'selenium_browser' (content was too short: 74 words).
2026-03-13 13:13:34,268 - ERROR - [The Hindu] All scrape strategies failed for https://www.thehindu.com/news/cities/Hyderabad/381-domestic-lpg-cylinders-seized-233-cases-booked-in-raids-on-commercial-establishments-in-hyderabad/article70739533.ece. Falling back to RSS description.
2026-03-13 13:13:34,376 - INFO - Saved article: 381 domestic LPG cylinders seized, 233 cases booked in raids on commercial establishments in Hyderabad from The Hindu
2026-03-13 13:13:35,055 - INFO - [The Hindu] Article: https://www.thehindu.com/news/national/karnataka/airports-in-tier-ii-cities-are-not-financially-viable-after-end-of-udan-scheme-karnataka-minister-mb-patil/article70739274.ece
2026-03-13 13:13:35,055 - INFO - [The Hindu] Attempt 1/1: Trying with 'selenium_browser' strategy...
2026-03-13 13:13:44,704 - INFO - [The Hindu] Page content loaded.
2026-03-13 13:13:44,822 - INFO - [The Hindu] Success with 'selenium_browser'. Found content (572 words).
2026-03-13 13:13:44,915 - INFO - Saved article: Airports in Tier-II cities are not financially viable after end of UDAN scheme: Karnataka Minister M.B. Patil - The Hindu from The Hindu
2026-03-13 13:13:45,977 - INFO - [The Hindu] Article: https://www.thehindu.com/news/national/tamil-nadu/normalcy-returns-at-fuel-outlets-in-thanjavur-district/article70739000.ece
2026-03-13 13:13:45,977 - INFO - [The Hindu] Attempt 1/1: Trying with 'selenium_browser' strategy...
2026-03-13 13:13:51,282 - INFO - [The Hindu] Page content loaded.
2026-03-13 13:13:51,593 - INFO - [The Hindu] Success with 'selenium_browser'. Found content (163 words).
2026-03-13 13:13:51,882 - INFO - Saved article: Normalcy returns at fuel outlets in Thanjavur district - The Hindu from The Hindu
2026-03-13 13:13:52,555 - INFO - [The Hindu] Article: https://www.thehindu.com/news/national/tamil-nadu/governor-arlekar-appoints-vijayaram-as-state-information-commissioner/article70739369.ece
2026-03-13 13:13:52,555 - INFO - [The Hindu] Attempt 1/1: Trying with 'selenium_browser' strategy...
2026-03-13 13:13:53,434 - INFO - [The Hindu] Page content loaded.
2026-03-13 13:13:53,772 - INFO - [The Hindu] Success with 'selenium_browser'. Found content (114 words).
2026-03-13 13:13:53,879 - INFO - Saved article: Governor Arlekar appoints Vijayaram as State Information Commissioner - The Hindu from The Hindu
2026-03-13 13:13:54,469 - INFO - [The Hindu] Article: https://www.thehindu.com/news/national/make-counsellors-mandatory-in-schools-to-help-children-who-suffered-sexual-offences-murty/article70739375.ece
2026-03-13 13:13:54,469 - INFO - [The Hindu] Attempt 1/1: Trying with 'selenium_browser' strategy...
2026-03-13 13:14:00,199 - INFO - [The Hindu] Page content loaded.
2026-03-13 13:14:00,263 - INFO - [The Hindu] Success with 'selenium_browser'. Found content (602 words).
2026-03-13 13:14:00,330 - INFO - Saved article: Make counsellors mandatory in schools to help children who suffered sexual offences: Murty - The Hindu from The Hindu
2026-03-13 13:14:01,474 - INFO - [The Hindu] Article: https://www.thehindu.com/news/cities/bangalore/lpg-crisis-bengaluru-police-launch-drive-against-illegal-hoarding-and-marketing-of-cylinders/article70739243.ece
2026-03-13 13:14:01,475 - INFO - [The Hindu] Attempt 1/1: Trying with 'selenium_browser' strategy...
2026-03-13 13:14:03,635 - INFO - [The Hindu] Page content loaded.
2026-03-13 13:14:03,702 - INFO - [The Hindu] Success with 'selenium_browser'. Found content (233 words).
2026-03-13 13:14:03,769 - INFO - Saved article: LPG crisis: Bengaluru police launch drive against illegal hoarding and marketing of cylinders - The Hindu from The Hindu
2026-03-13 13:14:04,704 - INFO - [The Hindu] Article: https://www.thehindu.com/news/national/jammu-and-kashmir/consignment-dropped-by-pakistani-drone-recovered-near-ib-in-jammu/article70739354.ece
2026-03-13 13:14:04,704 - INFO - [The Hindu] Attempt 1/1: Trying with 'selenium_browser' strategy...
2026-03-13 13:14:06,444 - INFO - [The Hindu] Page content loaded.
2026-03-13 13:14:08,209 - INFO - [The Hindu] Success with 'selenium_browser'. Found content (188 words).
2026-03-13 13:14:08,405 - INFO - Saved article: Consignment dropped by Pakistani drone recovered near IB in Jammu - The Hindu from The Hindu
2026-03-13 13:14:09,313 - INFO - [The Hindu] Article: https://www.thehindu.com/news/national/tamil-nadu/dmk-alliance-to-stage-state-wide-demonstration-against-centre-on-march-15/article70739172.ece
2026-03-13 13:14:09,313 - INFO - [The Hindu] Attempt 1/1: Trying with 'selenium_browser' strategy...
2026-03-13 13:14:10,489 - INFO - [The Hindu] Page content loaded.
2026-03-13 13:14:10,654 - INFO - [The Hindu] Success with 'selenium_browser'. Found content (261 words).
2026-03-13 13:14:10,789 - INFO - Saved article: DMK alliance to stage State-wide demonstration against Centre on March 15 - The Hindu from The Hindu
2026-03-13 13:14:11,736 - INFO - [The Hindu] Article: https://www.thehindu.com/news/national/kerala/cpim-turns-the-page-on-party-veteran-g-sudhakaran/article70739169.ece
2026-03-13 13:14:11,736 - INFO - [The Hindu] Attempt 1/1: Trying with 'selenium_browser' strategy...
2026-03-13 13:14:14,474 - INFO - [The Hindu] Page content loaded.
2026-03-13 13:14:14,544 - INFO - [The Hindu] Success with 'selenium_browser'. Found content (461 words).
2026-03-13 13:14:14,684 - INFO - Saved article: CPI(M) turns the page on party veteran G. Sudhakaran - The Hindu from The Hindu
2026-03-13 13:14:15,615 - INFO - [The Hindu] Article: https://www.thehindu.com/videos/watch-explained-what-is-euthanasia/article70739343.ece
2026-03-13 13:14:15,615 - INFO - [The Hindu] Attempt 1/1: Trying with 'selenium_browser' strategy...
2026-03-13 13:14:18,066 - INFO - [The Hindu] Page content loaded.
2026-03-13 13:14:18,270 - INFO - [The Hindu] Success with 'selenium_browser'. Found content (172 words).
2026-03-13 13:14:18,349 - INFO - Saved article: Watch: Explained: What is Euthanasia? - The Hindu from The Hindu
2026-03-13 13:14:19,420 - INFO - [The Hindu] (Thread) Finished. Attempting to shut down its Selenium driver.
2026-03-13 13:14:19,554 - INFO - [The Hindu] (Thread) driver.quit() successful.
2026-03-13 13:14:27,562 - ERROR - [Times of India] Request failed for strategy 'selenium_browser' on URL https://timesofindia.indiatimes.com/world/us/the-president-wants-you-right-away-treasury-secretary-scott-bessent-pulled-from-live-broadcast-viewers-say-his-voice-was-shaken-watch/articleshow/129552498.cms: Message: timeout: Timed out receiving message from renderer: 59.851
  (Session info: chrome=145.0.7632.159)
Stacktrace:
#0 0x56224f116b6a <unknown>
#1 0x56224eb29a32 <unknown>
#2 0x56224eb11007 <unknown>
#3 0x56224eb10c16 <unknown>
#4 0x56224eb0e731 <unknown>
#5 0x56224eb0f0bf <unknown>
#6 0x56224eb1e560 <unknown>
#7 0x56224eb38707 <unknown>
#8 0x56224eb3f8db <unknown>
#9 0x56224eb0f829 <unknown>
#10 0x56224eb3849c <unknown>
#11 0x56224ebc76e1 <unknown>
#12 0x56224eb70c0f <unknown>
#13 0x56224eb719d1 <unknown>
#14 0x56224f0db6b9 <unknown>
#15 0x56224f0de5c1 <unknown>
#16 0x56224f0c7e29 <unknown>
#17 0x56224f0df17e <unknown>
#18 0x56224f0ae4b0 <unknown>
#19 0x56224f103578 <unknown>
#20 0x56224f10374b <unknown>
#21 0x56224f1151a3 <unknown>
#22 0x7fe2fc49caa4 <unknown>
#23 0x7fe2fc529c6c <unknown>

2026-03-13 13:14:27,562 - ERROR - [Times of India] All scrape strategies failed for https://timesofindia.indiatimes.com/world/us/the-president-wants-you-right-away-treasury-secretary-scott-bessent-pulled-from-live-broadcast-viewers-say-his-voice-was-shaken-watch/articleshow/129552498.cms. Falling back to RSS description.
2026-03-13 13:14:27,564 - INFO - Saved article: ‘The president wants you right away’: Treasury Secretary Scott Bessent pulled from live broadcast; viewers say his voice was ‘shaken’ — watch from Times of India
2026-03-13 13:14:28,247 - INFO - [Times of India] Article: https://timesofindia.indiatimes.com/world/us/michigan-synagogue-shooter-ayman-mohamad-ghazali-shared-pictures-of-relatives-killed-in-israeli-strikes-before-carrying-out-attack/articleshow/129552424.cms
2026-03-13 13:14:28,247 - INFO - [Times of India] Attempt 1/1: Trying with 'selenium_browser' strategy...
2026-03-13 13:14:30,063 - INFO - [Times of India] Page content loaded.
2026-03-13 13:14:30,236 - INFO - [Times of India] Success with 'selenium_browser'. Found content (324 words).
2026-03-13 13:14:30,321 - INFO - Saved article: Michigan synagogue shooter Ayman Mohamad Ghazali shared pictures of relatives killed in Israeli strikes before carrying out attack - The Times of India from Times of India
2026-03-13 13:14:31,506 - INFO - [Times of India] Article: https://timesofindia.indiatimes.com/etimes/trending/temples-tilaks-and-trolls-how-hinduphobia-threatens-the-american-dream-for-indian-americans/articleshow/129543803.cms
2026-03-13 13:14:31,506 - INFO - [Times of India] Attempt 1/1: Trying with 'selenium_browser' strategy...
2026-03-13 13:14:44,159 - WARNING - [Times of India] Page timed out (10s). No <p> tags found. Proceeding anyway.
2026-03-13 13:14:44,306 - INFO - [Times of India] Success with 'selenium_browser'. Found content (1651 words).
2026-03-13 13:14:44,431 - INFO - Saved article: Temples, tilaks and trolls: How Hinduphobia threatens the American Dream for Indian-Americans | - The Times of India from Times of India
2026-03-13 13:14:45,274 - INFO - [Times of India] Article: https://timesofindia.indiatimes.com/world/middle-east/iran-war-enters-day-14-as-conflict-completes-two-weeks-what-we-know-so-far-tehran-explosions-israel-strikes-us-aircraft-crash/articleshow/129550155.cms
2026-03-13 13:14:45,274 - INFO - [Times of India] Attempt 1/1: Trying with 'selenium_browser' strategy...
2026-03-13 13:14:46,387 - INFO - [Times of India] Page content loaded.
2026-03-13 13:14:46,524 - INFO - [Times of India] Success with 'selenium_browser'. Found content (1441 words).
2026-03-13 13:14:46,593 - INFO - Saved article: Iran war enters Day 14: As conflict completes two weeks, what we know so far - Tehran explosions, Israel strikes, US aircraft crash - The Times of India from Times of India
2026-03-13 13:14:47,482 - INFO - [Times of India] Article: https://timesofindia.indiatimes.com/world/us-streamers/candace-owens-faces-outrage-after-releasing-unseen-charlie-kirk-assassination-footage-pure-unfiltered-evil/articleshow/129538194.cms
2026-03-13 13:14:47,482 - INFO - [Times of India] Attempt 1/1: Trying with 'selenium_browser' strategy...
2026-03-13 13:14:48,948 - INFO - [Times of India] Page content loaded.
2026-03-13 13:14:49,073 - INFO - [Times of India] Success with 'selenium_browser'. Found content (474 words).
2026-03-13 13:14:49,154 - INFO - Saved article: Candace Owens faces outrage after releasing unseen Charlie Kirk assassination footage :“Pure unfiltered evil” - The Times of India from Times of India
2026-03-13 13:14:50,139 - INFO - [Times of India] Article: https://timesofindia.indiatimes.com/world/us/about-to-surrender-trump-makes-big-claim-on-iran-says-us-got-rid-of-a-cancer-threatening-us-all/articleshow/129547678.cms
2026-03-13 13:14:50,139 - INFO - [Times of India] Attempt 1/1: Trying with 'selenium_browser' strategy...
2026-03-13 13:14:51,941 - INFO - [Times of India] Page content loaded.
2026-03-13 13:14:52,078 - INFO - [Times of India] Success with 'selenium_browser'. Found content (285 words).
2026-03-13 13:14:52,145 - INFO - Saved article: Donald Trump: 'About to surrender': Trump makes big claim on Iran, says US 'got rid of a cancer threatening us all' - The Times of India from Times of India
2026-03-13 13:14:53,346 - INFO - [Times of India] Article: https://timesofindia.indiatimes.com/world/us/hormuz-miscalculation-trump-sideswiped-by-irans-closure-of-strait/articleshow/129544248.cms
2026-03-13 13:14:53,346 - INFO - [Times of India] Attempt 1/1: Trying with 'selenium_browser' strategy...
2026-03-13 13:14:54,768 - INFO - [Times of India] Page content loaded.
2026-03-13 13:14:54,925 - INFO - [Times of India] Success with 'selenium_browser'. Found content (1039 words).
2026-03-13 13:14:54,994 - INFO - Duplicate article skipped: Hormuz miscalculation? Trump sideswiped by Iran's closure of Strait - The Times of India from Times of India
2026-03-13 13:14:56,318 - INFO - [Times of India] Article: https://timesofindia.indiatimes.com/world/south-asia/afghanistan-hits-pakistans-kohat-military-fort-in-retaliatory-drone-strikes/articleshow/129545429.cms
2026-03-13 13:14:56,318 - INFO - [Times of India] Attempt 1/1: Trying with 'selenium_browser' strategy...
2026-03-13 13:14:57,906 - INFO - [Times of India] Page content loaded.
2026-03-13 13:14:58,020 - INFO - [Times of India] Success with 'selenium_browser'. Found content (231 words).
2026-03-13 13:14:58,078 - INFO - Duplicate article skipped: Afghanistan Pakistan Conflict: Afghanistan hits Pakistan's Kohat military fort in retaliatory drone strikes - The Times of India from Times of India
2026-03-13 13:14:58,985 - INFO - [Times of India] Article: https://timesofindia.indiatimes.com/world/rest-of-world/japan-still-haunted-80-fear-another-disaster-15-years-after-the-deadly-2011-earthquake/articleshow/129541972.cms
2026-03-13 13:14:58,985 - INFO - [Times of India] Attempt 1/1: Trying with 'selenium_browser' strategy...
2026-03-13 13:14:59,965 - INFO - [Times of India] Page content loaded.
2026-03-13 13:15:00,132 - INFO - [Times of India] Success with 'selenium_browser'. Found content (793 words).
2026-03-13 13:15:00,193 - INFO - Duplicate article skipped: Japan still haunted: 80% fear another disaster 15 years after the deadly 2011 earthquake | World News - The Times of India from Times of India
2026-03-13 13:15:01,440 - INFO - [Times of India] Article: https://timesofindia.indiatimes.com/world/middle-east/middle-east-conflict-sirens-heard-at-turkeys-us-stationed-incirlik-base-residents-fear-missile-threat/articleshow/129542126.cms
2026-03-13 13:15:01,440 - INFO - [Times of India] Attempt 1/1: Trying with 'selenium_browser' strategy...
2026-03-13 13:15:03,563 - INFO - [Times of India] Page content loaded.
2026-03-13 13:15:03,709 - INFO - [Times of India] Success with 'selenium_browser'. Found content (282 words).
2026-03-13 13:15:03,766 - INFO - Duplicate article skipped: Middle East conflict: Sirens heard at Turkey’s US-stationed Incirlik base, residents fear missile threat - The Times of India from Times of India
2026-03-13 13:15:04,511 - INFO - [Times of India] (Thread) Finished. Attempting to shut down its Selenium driver.
2026-03-13 13:15:04,805 - INFO - [Times of India] (Thread) driver.quit() successful.
2026-03-13 13:15:04,805 - INFO - Shutting down thread pool (wait=False)...
2026-03-13 13:15:04,805 - INFO - Scraped: 2 The Guardian, 2 BBC, 6 Times of India, 10 The Hindu articles. (Total saved: 20)
2026-03-13 13:15:04,805 - INFO - --- Scraping job finished ---
2026-03-13 13:15:04,813 - INFO - --- Scraper service stopped and database connection closed. ---
2026-03-13 13:15:04,813 - INFO - --- Main thread finished. Forcing process exit to kill zombie threads. ---
