2026-03-13 02:36:30,412 - INFO - Initializing database connection at: news_articles.db
2026-03-13 02:36:30,412 - INFO - --- Scraper service started (CI Mode: Run Once) ---
2026-03-13 02:36:30,412 - INFO - --- Starting new scraping job (Parallel Mode) ---
2026-03-13 02:36:30,413 - INFO - Creating new robust session with 3 retries on 5xx/connection/read errors.
2026-03-13 02:36:30,413 - INFO - Proxy is DISABLED.
2026-03-13 02:36:30,414 - INFO - Starting scrape for BBC RSS feed: http://feeds.bbci.co.uk/news/world/rss.xml
2026-03-13 02:36:30,414 - INFO - [Times of India] (Thread) requires Selenium. Initializing driver...
2026-03-13 02:36:30,414 - INFO - Initializing headless Selenium Chrome driver (using SeleniumManager)...
2026-03-13 02:36:30,415 - INFO - Starting scrape for The Guardian RSS feed: https://www.theguardian.com/world/rss
2026-03-13 02:36:30,416 - INFO - [The Hindu] (Thread) requires Selenium. Initializing driver...
2026-03-13 02:36:30,417 - INFO - Initializing headless Selenium Chrome driver (using SeleniumManager)...
2026-03-13 02:36:30,418 - INFO - Submitted 4 jobs to thread pool. Waiting up to 300s for completion...
2026-03-13 02:36:30,669 - INFO - Found 34 articles in BBC RSS feed. Processing up to 10.
2026-03-13 02:36:30,669 - INFO - [BBC] Article: https://www.bbc.com/news/articles/c1e9yy84we8o?at_medium=RSS&at_campaign=rss
2026-03-13 02:36:30,669 - INFO - [BBC] Attempt 1/1: Trying with 'requests_browser' strategy...
2026-03-13 02:36:30,712 - INFO - Found 45 articles in The Guardian RSS feed. Processing up to 10.
2026-03-13 02:36:30,713 - INFO - [The Guardian] Article: https://www.theguardian.com/us-news/2026/mar/12/trump-immigration-deportations-eswatini
2026-03-13 02:36:30,713 - INFO - [The Guardian] Attempt 1/1: Trying with 'requests_browser' strategy...
2026-03-13 02:36:30,780 - INFO - [The Guardian] Success with 'requests_browser'. Found content (528 words).
2026-03-13 02:36:30,818 - INFO - Duplicate article skipped: Eswatini says it received more ‘third country’ deportees as part of deal with Trump administration | Trump administration | The Guardian from The Guardian
2026-03-13 02:36:30,863 - INFO - [BBC] Success with 'requests_browser'. Found content (2472 words).
2026-03-13 02:36:30,941 - INFO - Saved article: Mission accomplished? The 2003 boast that haunts today's Iran conflict from BBC
2026-03-13 02:36:31,807 - INFO - [BBC] Article: https://www.bbc.com/news/articles/cdxg599655vo?at_medium=RSS&at_campaign=rss
2026-03-13 02:36:31,807 - INFO - [BBC] Attempt 1/1: Trying with 'requests_browser' strategy...
2026-03-13 02:36:31,841 - INFO - [BBC] Success with 'requests_browser'. Found content (596 words).
2026-03-13 02:36:31,848 - INFO - [The Guardian] Article: https://www.theguardian.com/global-development/2026/mar/12/uk-government-axes-flagship-global-health-project
2026-03-13 02:36:31,848 - INFO - [The Guardian] Attempt 1/1: Trying with 'requests_browser' strategy...
2026-03-13 02:36:31,882 - INFO - Duplicate article skipped: Iran's new Supreme Leader vows to continue blocking Strait of Hormuz from BBC
2026-03-13 02:36:31,920 - INFO - [The Guardian] Success with 'requests_browser'. Found content (626 words).
2026-03-13 02:36:31,956 - INFO - Duplicate article skipped: UK government axes flagship global health project | Global development | The Guardian from The Guardian
2026-03-13 02:36:32,695 - INFO - [BBC] Article: https://www.bbc.com/news/articles/cdxzzqye9w0o?at_medium=RSS&at_campaign=rss
2026-03-13 02:36:32,695 - INFO - [BBC] Attempt 1/1: Trying with 'requests_browser' strategy...
2026-03-13 02:36:32,734 - INFO - [BBC] Success with 'requests_browser'. Found content (1054 words).
2026-03-13 02:36:32,777 - INFO - Saved article: French vote tests polarised electorate with right hoping to win control of Paris from BBC
2026-03-13 02:36:32,982 - INFO - [The Guardian] Article: https://www.theguardian.com/global-development/2026/mar/12/invasive-ai-led-mass-surveillance-in-africa-violating-freedoms-warn-experts
2026-03-13 02:36:32,982 - INFO - [The Guardian] Attempt 1/1: Trying with 'requests_browser' strategy...
2026-03-13 02:36:33,171 - INFO - [The Guardian] Success with 'requests_browser'. Found content (621 words).
2026-03-13 02:36:33,205 - INFO - Duplicate article skipped: ‘Invasive’ AI-led mass surveillance in Africa violating freedoms, warn experts | Global development | The Guardian from The Guardian
2026-03-13 02:36:34,046 - INFO - [BBC] Article: https://www.bbc.com/news/articles/cy8lzn2ejpjo?at_medium=RSS&at_campaign=rss
2026-03-13 02:36:34,046 - INFO - [BBC] Attempt 1/1: Trying with 'requests_browser' strategy...
2026-03-13 02:36:34,129 - INFO - [BBC] Success with 'requests_browser'. Found content (518 words).
2026-03-13 02:36:34,172 - INFO - Duplicate article skipped: Emirati minister tells BBC Iran must end strikes on Gulf from BBC
2026-03-13 02:36:34,439 - INFO - [The Guardian] Article: https://www.theguardian.com/world/2026/mar/11/at-least-17-killed-after-drone-strikes-school-in-sudan
2026-03-13 02:36:34,439 - INFO - [The Guardian] Attempt 1/1: Trying with 'requests_browser' strategy...
2026-03-13 02:36:34,644 - INFO - [The Guardian] Success with 'requests_browser'. Found content (363 words).
2026-03-13 02:36:34,688 - INFO - Duplicate article skipped: At least 17 killed after drone strikes school in Sudan | Sudan | The Guardian from The Guardian
2026-03-13 02:36:34,886 - INFO - [BBC] Article: https://www.bbc.com/news/articles/c8jxnjvjkg7o?at_medium=RSS&at_campaign=rss
2026-03-13 02:36:34,886 - INFO - [BBC] Attempt 1/1: Trying with 'requests_browser' strategy...
2026-03-13 02:36:34,916 - INFO - [BBC] Success with 'requests_browser'. Found content (421 words).
2026-03-13 02:36:34,953 - INFO - Duplicate article skipped: Nepal: Rapper-politician Balendra Shah's party wins Nepal election from BBC
2026-03-13 02:36:36,161 - INFO - [The Guardian] Article: https://www.theguardian.com/world/2026/mar/11/drone-attack-goma-eastern-democratic-republic-of-the-congo-m23-rebels
2026-03-13 02:36:36,161 - INFO - [The Guardian] Attempt 1/1: Trying with 'requests_browser' strategy...
2026-03-13 02:36:36,232 - INFO - [The Guardian] Success with 'requests_browser'. Found content (551 words).
2026-03-13 02:36:36,302 - INFO - Duplicate article skipped: French aid worker among three killed in drone strike in east DRC, M23 rebels say | Democratic Republic of the Congo | The Guardian from The Guardian
2026-03-13 02:36:36,338 - INFO - [BBC] Article: https://www.bbc.com/news/articles/cm2xrz71zm3o?at_medium=RSS&at_campaign=rss
2026-03-13 02:36:36,338 - INFO - [BBC] Attempt 1/1: Trying with 'requests_browser' strategy...
2026-03-13 02:36:36,393 - INFO - [BBC] Success with 'requests_browser'. Found content (636 words).
2026-03-13 02:36:36,431 - INFO - Duplicate article skipped: Israel drops charges against soldiers accused of abusing Gaza detainee from BBC
2026-03-13 02:36:36,946 - INFO - [BBC] Article: https://www.bbc.com/news/articles/ce3g0vz223no?at_medium=RSS&at_campaign=rss
2026-03-13 02:36:36,946 - INFO - [BBC] Attempt 1/1: Trying with 'requests_browser' strategy...
2026-03-13 02:36:36,990 - INFO - [BBC] Success with 'requests_browser'. Found content (1288 words).
2026-03-13 02:36:37,039 - INFO - Saved article: Strait of Hormuz: Sailors stranded on ships due to Iran war from BBC
2026-03-13 02:36:37,475 - INFO - [The Guardian] Article: https://www.theguardian.com/world/2026/mar/12/two-plasma-donors-die-private-canada-clinics
2026-03-13 02:36:37,475 - INFO - [The Guardian] Attempt 1/1: Trying with 'requests_browser' strategy...
2026-03-13 02:36:37,540 - INFO - [The Guardian] Success with 'requests_browser'. Found content (1291 words).
2026-03-13 02:36:37,576 - INFO - Duplicate article skipped: Two people die after donating plasma at Canadian clinics under federal investigation | Canada | The Guardian from The Guardian
2026-03-13 02:36:37,711 - INFO - Selenium driver initialized successfully.
2026-03-13 02:36:37,711 - INFO - Starting scrape for Times of India RSS feed: https://timesofindia.indiatimes.com/rssfeeds/296589292.cms
2026-03-13 02:36:37,712 - INFO - Selenium driver initialized successfully.
2026-03-13 02:36:37,712 - INFO - Starting scrape for The Hindu RSS feed: https://www.thehindu.com/news/national/feeder/default.rss
2026-03-13 02:36:37,814 - INFO - Found 20 articles in Times of India RSS feed. Processing up to 10.
2026-03-13 02:36:37,815 - INFO - [Times of India] Article: https://timesofindia.indiatimes.com/world/middle-east/us-israel-iran-war-news-live-udates-middle-east-crisis-conflict-drone-ballistic-missile-attacks-explosions-gulf-countries-dubai-flights-news-status-donald-trump-netanyahu-mojtaba-khamenei/liveblog/129485596.cms
2026-03-13 02:36:37,815 - INFO - [Times of India] Attempt 1/1: Trying with 'selenium_browser' strategy...
2026-03-13 02:36:37,834 - INFO - Found 100 articles in The Hindu RSS feed. Processing up to 10.
2026-03-13 02:36:37,834 - INFO - [The Hindu] Article: https://www.thehindu.com/sci-tech/science/iiit-hyderabad-vineet-gandhi-app-turns-impaired-speech-into-clear-speech-near-real-time/article70732314.ece
2026-03-13 02:36:37,834 - INFO - [The Hindu] Attempt 1/1: Trying with 'selenium_browser' strategy...
2026-03-13 02:36:38,333 - INFO - [BBC] Article: https://www.bbc.com/news/articles/cpqw0jgn5xgo?at_medium=RSS&at_campaign=rss
2026-03-13 02:36:38,333 - INFO - [BBC] Attempt 1/1: Trying with 'requests_browser' strategy...
2026-03-13 02:36:38,382 - INFO - [BBC] Success with 'requests_browser'. Found content (595 words).
2026-03-13 02:36:38,433 - INFO - Duplicate article skipped: France's ghost car scandal that allowed one million illegal vehicles onto the roads from BBC
2026-03-13 02:36:38,689 - INFO - [The Guardian] Article: https://www.theguardian.com/world/2026/mar/12/quit-fossil-fuels-to-stem-deadly-floods-in-brazils-coffee-heartland-say-scientists
2026-03-13 02:36:38,689 - INFO - [The Guardian] Attempt 1/1: Trying with 'requests_browser' strategy...
2026-03-13 02:36:38,863 - INFO - [The Guardian] Success with 'requests_browser'. Found content (723 words).
2026-03-13 02:36:38,938 - INFO - Duplicate article skipped: Quit fossil fuels to stem deadly floods in Brazil’s coffee heartland, say scientists | Extreme weather | The Guardian from The Guardian
2026-03-13 02:36:39,695 - INFO - [BBC] Article: https://www.bbc.com/news/articles/c5y4e3pzvl0o?at_medium=RSS&at_campaign=rss
2026-03-13 02:36:39,695 - INFO - [BBC] Attempt 1/1: Trying with 'requests_browser' strategy...
2026-03-13 02:36:39,822 - INFO - [BBC] Success with 'requests_browser'. Found content (339 words).
2026-03-13 02:36:39,912 - INFO - Duplicate article skipped: Parents accused of hiding daughter's HIV infection and neglect from BBC
2026-03-13 02:36:40,343 - INFO - [The Guardian] Article: https://www.theguardian.com/world/2026/mar/11/el-salvador-mass-incarceration-crimes-against-humanity-study
2026-03-13 02:36:40,343 - INFO - [The Guardian] Attempt 1/1: Trying with 'requests_browser' strategy...
2026-03-13 02:36:40,475 - INFO - [The Guardian] Success with 'requests_browser'. Found content (594 words).
2026-03-13 02:36:40,626 - INFO - Duplicate article skipped: El Salvador’s mass arrest policy may have led to crimes against humanity, study shows | El Salvador | The Guardian from The Guardian
2026-03-13 02:36:40,648 - INFO - [BBC] Article: https://www.bbc.com/news/articles/cp9meeek051o?at_medium=RSS&at_campaign=rss
2026-03-13 02:36:40,648 - INFO - [BBC] Attempt 1/1: Trying with 'requests_browser' strategy...
2026-03-13 02:36:40,793 - INFO - [BBC] Success with 'requests_browser'. Found content (786 words).
2026-03-13 02:36:40,977 - INFO - Duplicate article skipped: China approves 'ethnic unity' law requiring minorities to learn Mandarin from BBC
2026-03-13 02:36:41,861 - INFO - [The Guardian] Article: https://www.theguardian.com/world/2026/mar/11/argentina-asylum-brasil-elections
2026-03-13 02:36:41,861 - INFO - [The Guardian] Attempt 1/1: Trying with 'requests_browser' strategy...
2026-03-13 02:36:42,030 - INFO - [The Guardian] Success with 'requests_browser'. Found content (685 words).
2026-03-13 02:36:42,279 - INFO - Duplicate article skipped: Argentina grants asylum to Brasília rioter in move that may sway Brazil vote | Argentina | The Guardian from The Guardian
2026-03-13 02:36:43,287 - INFO - [The Guardian] Article: https://www.theguardian.com/world/2026/mar/11/jose-antonio-kast-pinochet-fan-chile-far-right
2026-03-13 02:36:43,288 - INFO - [The Guardian] Attempt 1/1: Trying with 'requests_browser' strategy...
2026-03-13 02:36:43,543 - INFO - [The Guardian] Success with 'requests_browser'. Found content (1085 words).
2026-03-13 02:36:43,632 - INFO - Duplicate article skipped: José Antonio Kast, the Pinochet fan about to swerve Chile to the far right | Chile | The Guardian from The Guardian
2026-03-13 02:36:46,082 - INFO - [The Hindu] Page content loaded.
2026-03-13 02:36:46,352 - INFO - [The Hindu] Success with 'selenium_browser'. Found content (1215 words).
2026-03-13 02:36:46,604 - INFO - Saved article: India-made app turns impaired speech into clear speech in near-realtime - The Hindu from The Hindu
2026-03-13 02:36:47,746 - INFO - [The Hindu] Article: https://www.thehindu.com/news/national/rajasthan/cii-rajasthan-annual-session-held-with-call-to-promote-entrepreneurship-among-youth/article70735481.ece
2026-03-13 02:36:47,746 - INFO - [The Hindu] Attempt 1/1: Trying with 'selenium_browser' strategy...
2026-03-13 02:37:37,833 - ERROR - [Times of India] Request failed for strategy 'selenium_browser' on URL https://timesofindia.indiatimes.com/world/middle-east/us-israel-iran-war-news-live-udates-middle-east-crisis-conflict-drone-ballistic-missile-attacks-explosions-gulf-countries-dubai-flights-news-status-donald-trump-netanyahu-mojtaba-khamenei/liveblog/129485596.cms: Message: timeout: Timed out receiving message from renderer: 59.622
  (Session info: chrome=145.0.7632.116)
Stacktrace:
#0 0x5606f5de1b6a <unknown>
#1 0x5606f57f4a32 <unknown>
#2 0x5606f57dc007 <unknown>
#3 0x5606f57dbc16 <unknown>
#4 0x5606f57d9731 <unknown>
#5 0x5606f57da0bf <unknown>
#6 0x5606f57e9560 <unknown>
#7 0x5606f5803707 <unknown>
#8 0x5606f580a8db <unknown>
#9 0x5606f57da829 <unknown>
#10 0x5606f580349c <unknown>
#11 0x5606f58926e1 <unknown>
#12 0x5606f583bc0f <unknown>
#13 0x5606f583c9d1 <unknown>
#14 0x5606f5da66b9 <unknown>
#15 0x5606f5da95c1 <unknown>
#16 0x5606f5d92e29 <unknown>
#17 0x5606f5daa17e <unknown>
#18 0x5606f5d794b0 <unknown>
#19 0x5606f5dce578 <unknown>
#20 0x5606f5dce74b <unknown>
#21 0x5606f5de01a3 <unknown>
#22 0x7f9b4ec9caa4 <unknown>
#23 0x7f9b4ed29c6c <unknown>

2026-03-13 02:37:37,833 - ERROR - [Times of India] All scrape strategies failed for https://timesofindia.indiatimes.com/world/middle-east/us-israel-iran-war-news-live-udates-middle-east-crisis-conflict-drone-ballistic-missile-attacks-explosions-gulf-countries-dubai-flights-news-status-donald-trump-netanyahu-mojtaba-khamenei/liveblog/129485596.cms. Falling back to RSS description.
2026-03-13 02:37:37,834 - INFO - Duplicate article skipped: US-Israel-Iran War News Live Updates: Saudi intercepts drone headed to Shaybah oil field; Israeli strikes 10 Hezbollah targets in Beirut from Times of India
2026-03-13 02:37:38,569 - INFO - [Times of India] Article: https://timesofindia.indiatimes.com/world/us/pentagon-to-congress-in-first-6-days-of-war-us-spent-over-11-3-billion/articleshow/129531896.cms
2026-03-13 02:37:38,570 - INFO - [Times of India] Attempt 1/1: Trying with 'selenium_browser' strategy...
2026-03-13 02:37:39,943 - INFO - [Times of India] Page content loaded.
2026-03-13 02:37:40,287 - INFO - [Times of India] Success with 'selenium_browser'. Found content (366 words).
2026-03-13 02:37:40,381 - INFO - Saved article: Pentagon to Congress: In first 6 days of war, US spent over $11.3 billion - The Times of India from Times of India
2026-03-13 02:37:41,598 - INFO - [Times of India] Article: https://timesofindia.indiatimes.com/world/middle-east/uae-news-schools-shocked-as-icse-and-isc-board-exams-cancelled-across-the-emirates-amid-iran-vs-us-israel-war/articleshow/129531346.cms
2026-03-13 02:37:41,598 - INFO - [Times of India] Attempt 1/1: Trying with 'selenium_browser' strategy...
2026-03-13 02:37:43,223 - INFO - [Times of India] Page content loaded.
2026-03-13 02:37:43,398 - INFO - [Times of India] Success with 'selenium_browser'. Found content (860 words).
2026-03-13 02:37:43,472 - INFO - Saved article: UAE news: Schools shocked as ICSE and ISC board exams cancelled across the emirates amid Iran vs US-Israel war - The Times of India from Times of India
2026-03-13 02:37:44,905 - INFO - [Times of India] Article: https://timesofindia.indiatimes.com/world/middle-east/uae-news-no-new-permit-needed-special-entry-rule-for-residents-with-expired-visas-amid-iran-vs-us-israel-war/articleshow/129529948.cms
2026-03-13 02:37:44,905 - INFO - [Times of India] Attempt 1/1: Trying with 'selenium_browser' strategy...
2026-03-13 02:37:46,642 - INFO - [Times of India] Page content loaded.
2026-03-13 02:37:46,802 - INFO - [Times of India] Success with 'selenium_browser'. Found content (892 words).
2026-03-13 02:37:46,863 - INFO - Saved article: UAE news: No new permit needed, special entry rule for residents with expired visas amid Iran vs US-Israel war - The Times of India from Times of India
2026-03-13 02:37:47,780 - ERROR - [The Hindu] Request failed for strategy 'selenium_browser' on URL https://www.thehindu.com/news/national/rajasthan/cii-rajasthan-annual-session-held-with-call-to-promote-entrepreneurship-among-youth/article70735481.ece: Message: timeout: Timed out receiving message from renderer: 59.555
  (Session info: chrome=145.0.7632.116)
Stacktrace:
#0 0x55d7e105eb6a <unknown>
#1 0x55d7e0a71a32 <unknown>
#2 0x55d7e0a59007 <unknown>
#3 0x55d7e0a58c16 <unknown>
#4 0x55d7e0a56731 <unknown>
#5 0x55d7e0a570bf <unknown>
#6 0x55d7e0a66560 <unknown>
#7 0x55d7e0a80707 <unknown>
#8 0x55d7e0a878db <unknown>
#9 0x55d7e0a57829 <unknown>
#10 0x55d7e0a8049c <unknown>
#11 0x55d7e0b0f6e1 <unknown>
#12 0x55d7e0ab8c0f <unknown>
#13 0x55d7e0ab99d1 <unknown>
#14 0x55d7e10236b9 <unknown>
#15 0x55d7e10265c1 <unknown>
#16 0x55d7e100fe29 <unknown>
#17 0x55d7e102717e <unknown>
#18 0x55d7e0ff64b0 <unknown>
#19 0x55d7e104b578 <unknown>
#20 0x55d7e104b74b <unknown>
#21 0x55d7e105d1a3 <unknown>
#22 0x7f1fa669caa4 <unknown>
#23 0x7f1fa6729c6c <unknown>

2026-03-13 02:37:47,780 - ERROR - [The Hindu] All scrape strategies failed for https://www.thehindu.com/news/national/rajasthan/cii-rajasthan-annual-session-held-with-call-to-promote-entrepreneurship-among-youth/article70735481.ece. Falling back to RSS description.
2026-03-13 02:37:47,782 - INFO - Saved article: CII-Rajasthan annual session held with call to promote entrepreneurship among youth from The Hindu
2026-03-13 02:37:48,180 - INFO - [Times of India] Article: https://timesofindia.indiatimes.com/world/middle-east/bahrain-news-drone-strike-sparks-fire-at-airport-fuel-tanks-during-iran-vs-usisrael-war/articleshow/129529636.cms
2026-03-13 02:37:48,180 - INFO - [Times of India] Attempt 1/1: Trying with 'selenium_browser' strategy...
2026-03-13 02:37:49,049 - INFO - [The Hindu] Article: https://www.thehindu.com/news/national/karnataka/cost-escalation-and-delays-haunt-bengaluru-metro-project/article70733703.ece
2026-03-13 02:37:49,049 - INFO - [The Hindu] Attempt 1/1: Trying with 'selenium_browser' strategy...
2026-03-13 02:37:49,292 - INFO - [Times of India] Page content loaded.
2026-03-13 02:37:49,663 - INFO - [Times of India] Success with 'selenium_browser'. Found content (961 words).
2026-03-13 02:37:49,850 - INFO - Saved article: Bahrain news: Drone strike sparks fire at airport fuel tanks during Iran vs US–Israel war - The Times of India from Times of India
2026-03-13 02:37:50,558 - INFO - [Times of India] Article: https://timesofindia.indiatimes.com/world/middle-east/dubai-news-missile-debris-hits-sheikh-zayed-road-building-after-uae-intercepts-10-ballistic-missiles-amid-iran-vs-us-israel-war/articleshow/129527449.cms
2026-03-13 02:37:50,559 - INFO - [Times of India] Attempt 1/1: Trying with 'selenium_browser' strategy...
2026-03-13 02:37:52,895 - INFO - [Times of India] Page content loaded.
2026-03-13 02:37:53,071 - INFO - [Times of India] Success with 'selenium_browser'. Found content (1028 words).
2026-03-13 02:37:53,152 - INFO - Saved article: Dubai news: Missile debris hits Sheikh Zayed Road building after UAE intercepts 10 ballistic missiles amid Iran vs US-Israel war - The Times of India from Times of India
2026-03-13 02:37:54,495 - INFO - [Times of India] Article: https://timesofindia.indiatimes.com/world/middle-east/middle-east-news-hsbc-makes-bold-gcc-prediction-as-iran-vs-us-israel-war-rattles-markets-and-oil-prices-surge/articleshow/129523716.cms
2026-03-13 02:37:54,495 - INFO - [Times of India] Attempt 1/1: Trying with 'selenium_browser' strategy...
2026-03-13 02:37:56,052 - INFO - [Times of India] Page content loaded.
2026-03-13 02:37:56,228 - INFO - [Times of India] Success with 'selenium_browser'. Found content (1092 words).
2026-03-13 02:37:56,292 - INFO - Saved article: Middle East news: HSBC makes bold GCC prediction as Iran vs US-Israel war rattles markets and oil prices surge - The Times of India from Times of India
2026-03-13 02:37:57,157 - INFO - [Times of India] Article: https://timesofindia.indiatimes.com/world/us/who-was-old-dominion-university-shooter-mohamed-jalloh-an-isis-supporter-released-from-prison-in-2024/articleshow/129524408.cms
2026-03-13 02:37:57,157 - INFO - [Times of India] Attempt 1/1: Trying with 'selenium_browser' strategy...
2026-03-13 02:37:58,398 - INFO - [Times of India] Page content loaded.
2026-03-13 02:37:58,566 - INFO - [Times of India] Success with 'selenium_browser'. Found content (380 words).
2026-03-13 02:37:58,645 - INFO - Duplicate article skipped: Who was Old Dominion University shooter Mohamed Jalloh? An ISIS supporter, released from prison in 2024 - The Times of India from Times of India
2026-03-13 02:37:59,571 - INFO - [Times of India] Article: https://timesofindia.indiatimes.com/world/middle-east/uae-news-hotels-refuse-to-raise-prices-for-stranded-tourists-as-flights-cancelled-across-the-emirates-amid-iran-vs-us-israel-war/articleshow/129523235.cms
2026-03-13 02:37:59,572 - INFO - [Times of India] Attempt 1/1: Trying with 'selenium_browser' strategy...
2026-03-13 02:38:01,574 - INFO - [Times of India] Page content loaded.
2026-03-13 02:38:01,737 - INFO - [Times of India] Success with 'selenium_browser'. Found content (876 words).
2026-03-13 02:38:01,808 - INFO - Duplicate article skipped: UAE news: Hotels refuse to raise prices for stranded tourists as flights cancelled across the emirates amid Iran vs US-Israel war - The Times of India from Times of India
2026-03-13 02:38:02,725 - INFO - [Times of India] Article: https://timesofindia.indiatimes.com/world/us/are-you-scared-youll-get-deported-two-indian-origin-men-clash-on-social-media-over-h-1b-one-of-them-is-texas-gop-chairman/articleshow/129523221.cms
2026-03-13 02:38:02,725 - INFO - [Times of India] Attempt 1/1: Trying with 'selenium_browser' strategy...
2026-03-13 02:38:04,204 - INFO - [Times of India] Page content loaded.
2026-03-13 02:38:04,336 - INFO - [Times of India] Success with 'selenium_browser'. Found content (394 words).
2026-03-13 02:38:04,402 - INFO - Duplicate article skipped: 'Are you scared you'll get deported': Two Indian-origin men clash on social media over H-1B. One of them is Texas GOP chairman - The Times of India from Times of India
2026-03-13 02:38:05,157 - INFO - [Times of India] (Thread) Finished. Attempting to shut down its Selenium driver.
2026-03-13 02:38:05,420 - INFO - [Times of India] (Thread) driver.quit() successful.
2026-03-13 02:38:49,068 - ERROR - [The Hindu] Request failed for strategy 'selenium_browser' on URL https://www.thehindu.com/news/national/karnataka/cost-escalation-and-delays-haunt-bengaluru-metro-project/article70733703.ece: Message: timeout: Timed out receiving message from renderer: 59.931
  (Session info: chrome=145.0.7632.116)
Stacktrace:
#0 0x55d7e105eb6a <unknown>
#1 0x55d7e0a71a32 <unknown>
#2 0x55d7e0a59007 <unknown>
#3 0x55d7e0a58c16 <unknown>
#4 0x55d7e0a56731 <unknown>
#5 0x55d7e0a570bf <unknown>
#6 0x55d7e0a66560 <unknown>
#7 0x55d7e0a80707 <unknown>
#8 0x55d7e0a878db <unknown>
#9 0x55d7e0a57829 <unknown>
#10 0x55d7e0a8049c <unknown>
#11 0x55d7e0b0f6e1 <unknown>
#12 0x55d7e0ab8c0f <unknown>
#13 0x55d7e0ab99d1 <unknown>
#14 0x55d7e10236b9 <unknown>
#15 0x55d7e10265c1 <unknown>
#16 0x55d7e100fe29 <unknown>
#17 0x55d7e102717e <unknown>
#18 0x55d7e0ff64b0 <unknown>
#19 0x55d7e104b578 <unknown>
#20 0x55d7e104b74b <unknown>
#21 0x55d7e105d1a3 <unknown>
#22 0x7f1fa669caa4 <unknown>
#23 0x7f1fa6729c6c <unknown>

2026-03-13 02:38:49,068 - ERROR - [The Hindu] All scrape strategies failed for https://www.thehindu.com/news/national/karnataka/cost-escalation-and-delays-haunt-bengaluru-metro-project/article70733703.ece. Falling back to RSS description.
2026-03-13 02:38:49,070 - INFO - Saved article: Cost escalation and delays haunt Bengaluru Metro project from The Hindu
2026-03-13 02:38:50,220 - INFO - [The Hindu] Article: https://www.thehindu.com/news/national/punjab/rumours-being-spread-about-lpg-shortage-says-punjab-cm-mann/article70735742.ece
2026-03-13 02:38:50,220 - INFO - [The Hindu] Attempt 1/1: Trying with 'selenium_browser' strategy...
2026-03-13 02:39:09,249 - INFO - [The Hindu] Page content loaded.
2026-03-13 02:39:09,339 - INFO - [The Hindu] Success with 'selenium_browser'. Found content (339 words).
2026-03-13 02:39:09,483 - INFO - Saved article: Rumours being spread about LPG shortage, says Punjab CM Mann - The Hindu from The Hindu
2026-03-13 02:39:10,087 - INFO - [The Hindu] Article: https://www.thehindu.com/news/national/west-bengal/wb-bjp-leaders-meet-pm-ahead-of-mega-brigade-rally-in-kolkata/article70736324.ece
2026-03-13 02:39:10,087 - INFO - [The Hindu] Attempt 1/1: Trying with 'selenium_browser' strategy...
2026-03-13 02:40:06,309 - INFO - [The Hindu] Page content loaded.
2026-03-13 02:40:06,525 - INFO - [The Hindu] Success with 'selenium_browser'. Found content (365 words).
2026-03-13 02:40:06,631 - INFO - Saved article: WB BJP leaders meet PM ahead of mega Brigade Rally in Kolkata - The Hindu from The Hindu
2026-03-13 02:40:07,533 - INFO - [The Hindu] Article: https://www.thehindu.com/news/national/uttar-pradesh/akhilesh-yadav-meets-avimukteshwaranand-saraswati-vows-to-put-an-end-to-fake-saints/article70736014.ece
2026-03-13 02:40:07,533 - INFO - [The Hindu] Attempt 1/1: Trying with 'selenium_browser' strategy...
2026-03-13 02:41:07,553 - ERROR - [The Hindu] Request failed for strategy 'selenium_browser' on URL https://www.thehindu.com/news/national/uttar-pradesh/akhilesh-yadav-meets-avimukteshwaranand-saraswati-vows-to-put-an-end-to-fake-saints/article70736014.ece: Message: timeout: Timed out receiving message from renderer: 59.959
  (Session info: chrome=145.0.7632.116)
Stacktrace:
#0 0x55d7e105eb6a <unknown>
#1 0x55d7e0a71a32 <unknown>
#2 0x55d7e0a59007 <unknown>
#3 0x55d7e0a58c16 <unknown>
#4 0x55d7e0a56731 <unknown>
#5 0x55d7e0a570bf <unknown>
#6 0x55d7e0a66560 <unknown>
#7 0x55d7e0a80707 <unknown>
#8 0x55d7e0a878db <unknown>
#9 0x55d7e0a57829 <unknown>
#10 0x55d7e0a8049c <unknown>
#11 0x55d7e0b0f6e1 <unknown>
#12 0x55d7e0ab8c0f <unknown>
#13 0x55d7e0ab99d1 <unknown>
#14 0x55d7e10236b9 <unknown>
#15 0x55d7e10265c1 <unknown>
#16 0x55d7e100fe29 <unknown>
#17 0x55d7e102717e <unknown>
#18 0x55d7e0ff64b0 <unknown>
#19 0x55d7e104b578 <unknown>
#20 0x55d7e104b74b <unknown>
#21 0x55d7e105d1a3 <unknown>
#22 0x7f1fa669caa4 <unknown>
#23 0x7f1fa6729c6c <unknown>

2026-03-13 02:41:07,553 - ERROR - [The Hindu] All scrape strategies failed for https://www.thehindu.com/news/national/uttar-pradesh/akhilesh-yadav-meets-avimukteshwaranand-saraswati-vows-to-put-an-end-to-fake-saints/article70736014.ece. Falling back to RSS description.
2026-03-13 02:41:07,555 - INFO - Saved article: Akhilesh Yadav meets Avimukteshwaranand Saraswati, vows to put an end to ‘fake saints’ from The Hindu
2026-03-13 02:41:08,229 - INFO - [The Hindu] Article: https://www.thehindu.com/books/book-review-appetite-goa-stories-poems-shivranjana-rathore-tino-de-sa/article70725928.ece
2026-03-13 02:41:08,229 - INFO - [The Hindu] Attempt 1/1: Trying with 'selenium_browser' strategy...
2026-03-13 02:41:28,264 - INFO - [The Hindu] Page content loaded.
2026-03-13 02:41:28,648 - INFO - [The Hindu] Success with 'selenium_browser'. Found content (776 words).
2026-03-13 02:41:28,803 - INFO - Saved article: Goa, desired and disputed: Review of Appetite, an anthology of stories, essays and poems - The Hindu from The Hindu
2026-03-13 02:41:29,521 - INFO - [The Hindu] Article: https://www.thehindu.com/news/national/jammu-and-kashmir/srinagar-court-issues-non-bailable-warrantagainst-farooq-abdullah-in-jk-cricketscam/article70735892.ece
2026-03-13 02:41:29,521 - INFO - [The Hindu] Attempt 1/1: Trying with 'selenium_browser' strategy...
2026-03-13 02:41:30,419 - CRITICAL - --- TIMEOUT: 1 scrape jobs did not complete in 300s. ---
2026-03-13 02:41:30,419 - ERROR - A thread has timed out and will be abandoned.
2026-03-13 02:41:30,419 - INFO - Shutting down thread pool (wait=False)...
2026-03-13 02:41:30,419 - INFO - Scraped: 3 BBC, 6 Times of India, 0 The Guardian, 1 Timed_Out_Jobs articles. (Total saved: 9)
2026-03-13 02:41:30,419 - INFO - --- Scraping job finished ---
2026-03-13 02:41:30,420 - INFO - --- Scraper service stopped and database connection closed. ---
2026-03-13 02:41:30,420 - INFO - --- Main thread finished. Forcing process exit to kill zombie threads. ---
