2026-03-12 19:03:29,487 - INFO - Initializing database connection at: news_articles.db
2026-03-12 19:03:29,487 - INFO - --- Scraper service started (CI Mode: Run Once) ---
2026-03-12 19:03:29,487 - INFO - --- Starting new scraping job (Parallel Mode) ---
2026-03-12 19:03:29,487 - INFO - Creating new robust session with 3 retries on 5xx/connection/read errors.
2026-03-12 19:03:29,488 - INFO - Proxy is DISABLED.
2026-03-12 19:03:29,488 - INFO - Starting scrape for BBC RSS feed: http://feeds.bbci.co.uk/news/world/rss.xml
2026-03-12 19:03:29,488 - INFO - [Times of India] (Thread) requires Selenium. Initializing driver...
2026-03-12 19:03:29,488 - INFO - Initializing headless Selenium Chrome driver (using SeleniumManager)...
2026-03-12 19:03:29,489 - INFO - Starting scrape for The Guardian RSS feed: https://www.theguardian.com/world/rss
2026-03-12 19:03:29,489 - INFO - [The Hindu] (Thread) requires Selenium. Initializing driver...
2026-03-12 19:03:29,489 - INFO - Initializing headless Selenium Chrome driver (using SeleniumManager)...
2026-03-12 19:03:29,489 - INFO - Submitted 4 jobs to thread pool. Waiting up to 300s for completion...
2026-03-12 19:03:29,717 - INFO - Found 45 articles in The Guardian RSS feed. Processing up to 10.
2026-03-12 19:03:29,718 - INFO - [The Guardian] Article: https://www.theguardian.com/global-development/2026/mar/12/uk-government-axes-flagship-global-health-project
2026-03-12 19:03:29,718 - INFO - [The Guardian] Attempt 1/1: Trying with 'requests_browser' strategy...
2026-03-12 19:03:29,913 - INFO - [The Guardian] Success with 'requests_browser'. Found content (626 words).
2026-03-12 19:03:29,949 - INFO - Duplicate article skipped: UK government axes flagship global health project | Global development | The Guardian from The Guardian
2026-03-12 19:03:30,154 - INFO - Found 29 articles in BBC RSS feed. Processing up to 10.
2026-03-12 19:03:30,154 - INFO - [BBC] Article: https://www.bbc.com/news/articles/c3094g50rnvo?at_medium=RSS&at_campaign=rss
2026-03-12 19:03:30,154 - INFO - [BBC] Attempt 1/1: Trying with 'requests_browser' strategy...
2026-03-12 19:03:30,413 - INFO - [BBC] Success with 'requests_browser'. Found content (1205 words).
2026-03-12 19:03:30,456 - INFO - Duplicate article skipped: Iran war: Doubts creep in for Iranians who had supported war from BBC
2026-03-12 19:03:31,069 - INFO - [The Guardian] Article: https://www.theguardian.com/global-development/2026/mar/12/invasive-ai-led-mass-surveillance-in-africa-violating-freedoms-warn-experts
2026-03-12 19:03:31,069 - INFO - [The Guardian] Attempt 1/1: Trying with 'requests_browser' strategy...
2026-03-12 19:03:31,208 - INFO - [The Guardian] Success with 'requests_browser'. Found content (621 words).
2026-03-12 19:03:31,257 - INFO - Duplicate article skipped: ‘Invasive’ AI-led mass surveillance in Africa violating freedoms, warn experts | Global development | The Guardian from The Guardian
2026-03-12 19:03:31,515 - INFO - [BBC] Article: https://www.bbc.com/news/articles/c8jxnjvjkg7o?at_medium=RSS&at_campaign=rss
2026-03-12 19:03:31,515 - INFO - [BBC] Attempt 1/1: Trying with 'requests_browser' strategy...
2026-03-12 19:03:31,565 - INFO - [BBC] Success with 'requests_browser'. Found content (421 words).
2026-03-12 19:03:31,619 - INFO - Saved article: Nepal: Rapper-politician Balendra Shah's party wins Nepal election from BBC
2026-03-12 19:03:31,755 - INFO - Selenium driver initialized successfully.
2026-03-12 19:03:31,755 - INFO - Starting scrape for Times of India RSS feed: https://timesofindia.indiatimes.com/rssfeeds/296589292.cms
2026-03-12 19:03:31,758 - INFO - Selenium driver initialized successfully.
2026-03-12 19:03:31,758 - INFO - Starting scrape for The Hindu RSS feed: https://www.thehindu.com/news/national/feeder/default.rss
2026-03-12 19:03:31,959 - INFO - Found 100 articles in The Hindu RSS feed. Processing up to 10.
2026-03-12 19:03:31,959 - INFO - [The Hindu] Article: https://www.thehindu.com/news/national/tamil-nadu/society-cannot-claim-to-be-civilised-if-women-and-children-are-unsafe-says-kamal-haasan/article70735789.ece
2026-03-12 19:03:31,959 - INFO - [The Hindu] Attempt 1/1: Trying with 'selenium_browser' strategy...
2026-03-12 19:03:31,977 - INFO - Found 20 articles in Times of India RSS feed. Processing up to 10.
2026-03-12 19:03:31,978 - INFO - [Times of India] Article: https://timesofindia.indiatimes.com/world/middle-east/us-israel-iran-war-news-live-udates-middle-east-crisis-conflict-drone-ballistic-missile-attacks-explosions-gulf-countries-dubai-flights-news-status-donald-trump-netanyahu-mojtaba-khamenei/liveblog/129485596.cms
2026-03-12 19:03:31,978 - INFO - [Times of India] Attempt 1/1: Trying with 'selenium_browser' strategy...
2026-03-12 19:03:32,213 - INFO - [The Guardian] Article: https://www.theguardian.com/world/2026/mar/11/at-least-17-killed-after-drone-strikes-school-in-sudan
2026-03-12 19:03:32,213 - INFO - [The Guardian] Attempt 1/1: Trying with 'requests_browser' strategy...
2026-03-12 19:03:32,317 - INFO - [The Guardian] Success with 'requests_browser'. Found content (363 words).
2026-03-12 19:03:32,405 - INFO - Duplicate article skipped: At least 17 killed after drone strikes school in Sudan | Sudan | The Guardian from The Guardian
2026-03-12 19:03:33,062 - INFO - [BBC] Article: https://www.bbc.com/news/articles/cp9meeek051o?at_medium=RSS&at_campaign=rss
2026-03-12 19:03:33,062 - INFO - [BBC] Attempt 1/1: Trying with 'requests_browser' strategy...
2026-03-12 19:03:33,130 - INFO - [BBC] Success with 'requests_browser'. Found content (786 words).
2026-03-12 19:03:33,201 - INFO - Duplicate article skipped: China approves 'ethnic unity' law requiring minorities to learn Mandarin from BBC
2026-03-12 19:03:33,868 - INFO - [The Guardian] Article: https://www.theguardian.com/world/2026/mar/11/drone-attack-goma-eastern-democratic-republic-of-the-congo-m23-rebels
2026-03-12 19:03:33,868 - INFO - [The Guardian] Attempt 1/1: Trying with 'requests_browser' strategy...
2026-03-12 19:03:33,943 - INFO - [The Guardian] Success with 'requests_browser'. Found content (551 words).
2026-03-12 19:03:34,066 - INFO - Duplicate article skipped: French aid worker among three killed in drone strike in east DRC, M23 rebels say | Democratic Republic of the Congo | The Guardian from The Guardian
2026-03-12 19:03:34,307 - INFO - [BBC] Article: https://www.bbc.com/news/articles/cr4576v66kno?at_medium=RSS&at_campaign=rss
2026-03-12 19:03:34,307 - INFO - [BBC] Attempt 1/1: Trying with 'requests_browser' strategy...
2026-03-12 19:03:34,541 - INFO - [BBC] Success with 'requests_browser'. Found content (1807 words).
2026-03-12 19:03:34,703 - INFO - Duplicate article skipped: Epstein used modelling agent to recruit girls, Brazilian women tell BBC from BBC
2026-03-12 19:03:35,018 - INFO - [The Guardian] Article: https://www.theguardian.com/world/2026/mar/11/nigerian-soldiers-killed-jihadist-raids-north-east
2026-03-12 19:03:35,018 - INFO - [The Guardian] Attempt 1/1: Trying with 'requests_browser' strategy...
2026-03-12 19:03:35,192 - INFO - [The Guardian] Success with 'requests_browser'. Found content (428 words).
2026-03-12 19:03:35,388 - INFO - Duplicate article skipped: At least 65 Nigerian soldiers killed in jihadist raids in country’s north-east | Nigeria | The Guardian from The Guardian
2026-03-12 19:03:35,567 - INFO - [BBC] Article: https://www.bbc.com/news/articles/c0j5lx75vg3o?at_medium=RSS&at_campaign=rss
2026-03-12 19:03:35,571 - INFO - [BBC] Attempt 1/1: Trying with 'requests_browser' strategy...
2026-03-12 19:03:35,761 - INFO - [BBC] Success with 'requests_browser'. Found content (410 words).
2026-03-12 19:03:35,887 - INFO - Duplicate article skipped: Nineteen jailed over Moscow's deadly Crocus City Concert hall attack from BBC
2026-03-12 19:03:36,594 - INFO - [The Guardian] Article: https://www.theguardian.com/world/2026/mar/12/two-plasma-donors-die-private-canada-clinics
2026-03-12 19:03:36,599 - INFO - [The Guardian] Attempt 1/1: Trying with 'requests_browser' strategy...
2026-03-12 19:03:36,784 - INFO - [The Guardian] Success with 'requests_browser'. Found content (1291 words).
2026-03-12 19:03:37,000 - INFO - Duplicate article skipped: Two plasma donors die at private Canadian clinics under federal investigation | Canada | The Guardian from The Guardian
2026-03-12 19:03:37,372 - INFO - [BBC] Article: https://www.bbc.com/news/articles/c07jr2pe5j9o?at_medium=RSS&at_campaign=rss
2026-03-12 19:03:37,372 - INFO - [BBC] Attempt 1/1: Trying with 'requests_browser' strategy...
2026-03-12 19:03:37,528 - INFO - [BBC] Success with 'requests_browser'. Found content (490 words).
2026-03-12 19:03:37,580 - INFO - [The Guardian] Article: https://www.theguardian.com/world/2026/mar/12/quit-fossil-fuels-to-stem-deadly-floods-in-brazils-coffee-heartland-say-scientists
2026-03-12 19:03:37,580 - INFO - [The Guardian] Attempt 1/1: Trying with 'requests_browser' strategy...
2026-03-12 19:03:37,764 - INFO - Duplicate article skipped: Noma head chef René Redzepi resigns after abuse allegations and protests from BBC
2026-03-12 19:03:37,781 - INFO - [The Guardian] Success with 'requests_browser'. Found content (723 words).
2026-03-12 19:03:37,913 - INFO - Duplicate article skipped: Quit fossil fuels to stem deadly floods in Brazil’s coffee heartland, say scientists | Extreme weather | The Guardian from The Guardian
2026-03-12 19:03:38,452 - INFO - [BBC] Article: https://www.bbc.com/news/articles/cn87ndvklr2o?at_medium=RSS&at_campaign=rss
2026-03-12 19:03:38,459 - INFO - [BBC] Attempt 1/1: Trying with 'requests_browser' strategy...
2026-03-12 19:03:38,712 - INFO - [BBC] Success with 'requests_browser'. Found content (581 words).
2026-03-12 19:03:38,981 - INFO - Duplicate article skipped: Hozier, Jessie Buckley and Bruce Springsteen record Shane MacGowan tribute album from BBC
2026-03-12 19:03:39,156 - INFO - [The Hindu] Page content loaded.
2026-03-12 19:03:39,169 - INFO - [The Guardian] Article: https://www.theguardian.com/world/2026/mar/11/el-salvador-mass-incarceration-crimes-against-humanity-study
2026-03-12 19:03:39,169 - INFO - [The Guardian] Attempt 1/1: Trying with 'requests_browser' strategy...
2026-03-12 19:03:39,288 - INFO - [The Guardian] Success with 'requests_browser'. Found content (594 words).
2026-03-12 19:03:39,452 - INFO - Duplicate article skipped: El Salvador’s mass arrest policy may have led to crimes against humanity, study shows | El Salvador | The Guardian from The Guardian
2026-03-12 19:03:39,631 - INFO - [BBC] Article: https://www.bbc.com/news/articles/c70kg0x4xk5o?at_medium=RSS&at_campaign=rss
2026-03-12 19:03:39,631 - INFO - [BBC] Attempt 1/1: Trying with 'requests_browser' strategy...
2026-03-12 19:03:39,845 - INFO - [BBC] Success with 'requests_browser'. Found content (481 words).
2026-03-12 19:03:40,052 - INFO - Duplicate article skipped: Eritrea's Biniam Solomon: Satirist Cobra freed after 15 years in prison without charge from BBC
2026-03-12 19:03:40,461 - INFO - [The Guardian] Article: https://www.theguardian.com/world/2026/mar/11/argentina-asylum-brasil-elections
2026-03-12 19:03:40,472 - INFO - [The Guardian] Attempt 1/1: Trying with 'requests_browser' strategy...
2026-03-12 19:03:40,533 - INFO - [The Hindu] Success with 'selenium_browser'. Found content (158 words).
2026-03-12 19:03:40,726 - INFO - [The Guardian] Success with 'requests_browser'. Found content (685 words).
2026-03-12 19:03:40,928 - INFO - Saved article: Society cannot claim to be civilised if women and children are unsafe, says Kamal Haasan - The Hindu from The Hindu
2026-03-12 19:03:40,940 - INFO - Duplicate article skipped: Argentina grants asylum to Brasília rioter in move that may sway Brazil vote | Argentina | The Guardian from The Guardian
2026-03-12 19:03:41,291 - INFO - [BBC] Article: https://www.bbc.com/news/articles/cz7gd57z33zo?at_medium=RSS&at_campaign=rss
2026-03-12 19:03:41,291 - INFO - [BBC] Attempt 1/1: Trying with 'requests_browser' strategy...
2026-03-12 19:03:41,436 - INFO - [BBC] Success with 'requests_browser'. Found content (494 words).
2026-03-12 19:03:41,514 - INFO - Duplicate article skipped: Kenya arrests Chinese national over attempt to smuggle 2,000 queen ants from BBC
2026-03-12 19:03:42,166 - INFO - [The Hindu] Article: https://www.thehindu.com/news/national/pm-modi-speaks-to-iranian-president-discusses-serious-situation-in-west-asia/article70736684.ece
2026-03-12 19:03:42,166 - INFO - [The Hindu] Attempt 1/1: Trying with 'selenium_browser' strategy...
2026-03-12 19:03:42,296 - INFO - [The Guardian] Article: https://www.theguardian.com/world/2026/mar/11/jose-antonio-kast-pinochet-fan-chile-far-right
2026-03-12 19:03:42,296 - INFO - [The Guardian] Attempt 1/1: Trying with 'requests_browser' strategy...
2026-03-12 19:03:42,460 - INFO - [The Guardian] Success with 'requests_browser'. Found content (1085 words).
2026-03-12 19:03:42,557 - INFO - [BBC] Article: https://www.bbc.com/news/articles/cd9gwdgg38vo?at_medium=RSS&at_campaign=rss
2026-03-12 19:03:42,557 - INFO - [BBC] Attempt 1/1: Trying with 'requests_browser' strategy...
2026-03-12 19:03:42,860 - INFO - [BBC] Success with 'requests_browser'. Found content (274 words).
2026-03-12 19:03:42,879 - INFO - Duplicate article skipped: José Antonio Kast, the Pinochet fan about to swerve Chile to the far right | Chile | The Guardian from The Guardian
2026-03-12 19:03:43,005 - INFO - Duplicate article skipped: Nasa spacecraft weighing 1,300lb re-enters Earth's atmosphere from BBC
2026-03-12 19:03:44,566 - INFO - [The Hindu] Page content loaded.
2026-03-12 19:03:44,801 - INFO - [The Hindu] Success with 'selenium_browser'. Found content (360 words).
2026-03-12 19:03:45,066 - INFO - Saved article: PM Modi speaks to Iranian President, discusses 'serious' situation in West Asia - The Hindu from The Hindu
2026-03-12 19:03:45,689 - INFO - [The Hindu] Article: https://www.thehindu.com/news/national/tamil-nadu/supreme-court-verdict-on-obc-creamy-layer-a-victory-for-social-justice-tn-cm-stalin/article70735008.ece
2026-03-12 19:03:45,689 - INFO - [The Hindu] Attempt 1/1: Trying with 'selenium_browser' strategy...
2026-03-12 19:03:47,748 - INFO - [The Hindu] Page content loaded.
2026-03-12 19:03:47,919 - INFO - [The Hindu] Success with 'selenium_browser'. Found content (223 words).
2026-03-12 19:03:48,047 - INFO - Saved article: Supreme Court verdict on OBC creamy layer a victory for social justice: T.N. CM Stalin - The Hindu from The Hindu
2026-03-12 19:03:49,398 - INFO - [The Hindu] Article: https://www.thehindu.com/news/national/tamil-nadu/tn-govt-acts-firmly-on-crimes-against-women-and-children-home-secretary/article70735628.ece
2026-03-12 19:03:49,398 - INFO - [The Hindu] Attempt 1/1: Trying with 'selenium_browser' strategy...
2026-03-12 19:03:50,901 - INFO - [The Hindu] Page content loaded.
2026-03-12 19:03:51,065 - INFO - [The Hindu] Success with 'selenium_browser'. Found content (384 words).
2026-03-12 19:03:51,183 - INFO - Saved article: T.N. govt. acts firmly on crimes against women and children: Home Secretary - The Hindu from The Hindu
2026-03-12 19:03:52,212 - INFO - [The Hindu] Article: https://www.thehindu.com/news/national/kerala/council-debate-over-mayors-social-media-presence-turns-intense/article70736003.ece
2026-03-12 19:03:52,214 - INFO - [The Hindu] Attempt 1/1: Trying with 'selenium_browser' strategy...
2026-03-12 19:03:53,996 - INFO - [The Hindu] Page content loaded.
2026-03-12 19:03:54,222 - INFO - [The Hindu] Success with 'selenium_browser'. Found content (424 words).
2026-03-12 19:03:54,454 - INFO - Saved article: Council debate over Mayor’s social media presence turns intense - The Hindu from The Hindu
2026-03-12 19:03:54,986 - INFO - [The Hindu] Article: https://www.thehindu.com/news/national/lacking-long-term-storage-india-must-rely-on-imports-to-manage-lpg-supply/article70736194.ece
2026-03-12 19:03:54,986 - INFO - [The Hindu] Attempt 1/1: Trying with 'selenium_browser' strategy...
2026-03-12 19:03:57,711 - INFO - [The Hindu] Page content loaded.
2026-03-12 19:03:58,187 - INFO - [The Hindu] Success with 'selenium_browser'. Found content (345 words).
2026-03-12 19:03:58,260 - INFO - Saved article: Lacking long-term storage, India must rely on imports to manage LPG supply - The Hindu from The Hindu
2026-03-12 19:03:59,152 - INFO - [The Hindu] Article: https://www.thehindu.com/news/national/india-recieved-requests-for-energy-supplies-from-bangladesh-sri-lanka-and-maldives-says-mea/article70736463.ece
2026-03-12 19:03:59,152 - INFO - [The Hindu] Attempt 1/1: Trying with 'selenium_browser' strategy...
2026-03-12 19:03:59,849 - INFO - [The Hindu] Page content loaded.
2026-03-12 19:04:00,022 - INFO - [The Hindu] Success with 'selenium_browser'. Found content (188 words).
2026-03-12 19:04:00,117 - INFO - Saved article: India recieved requests for energy supplies from Bangladesh, Sri Lanka and Maldives, says MEA - The Hindu from The Hindu
2026-03-12 19:04:01,396 - INFO - [The Hindu] Article: https://www.thehindu.com/sci-tech/health/transgender-people-men-having-sex-with-men-sex-workers-cannot-donate-blood-centre-insists-in-supreme-court/article70736077.ece
2026-03-12 19:04:01,396 - INFO - [The Hindu] Attempt 1/1: Trying with 'selenium_browser' strategy...
2026-03-12 19:04:03,502 - INFO - [The Hindu] Page content loaded.
2026-03-12 19:04:03,595 - INFO - [The Hindu] Success with 'selenium_browser'. Found content (443 words).
2026-03-12 19:04:03,694 - INFO - Saved article: Transgender people, men having sex with men, sex workers cannot donate blood, Centre insists in Supreme Court - The Hindu from The Hindu
2026-03-12 19:04:05,058 - INFO - [The Hindu] Article: https://www.thehindu.com/news/national/karnataka/cabinet-clears-eva-nammava-eva-nammava-bill/article70736571.ece
2026-03-12 19:04:05,058 - INFO - [The Hindu] Attempt 1/1: Trying with 'selenium_browser' strategy...
2026-03-12 19:04:05,748 - INFO - [The Hindu] Page content loaded.
2026-03-12 19:04:05,920 - INFO - [The Hindu] Success with 'selenium_browser'. Found content (179 words).
2026-03-12 19:04:06,017 - INFO - Saved article: Cabinet clears Eva Nammava Eva Nammava Bill - The Hindu from The Hindu
2026-03-12 19:04:07,461 - INFO - [The Hindu] Article: https://www.thehindu.com/news/national/karnataka/inter-departmental-panel-likely-to-check-contamination-in-vegetables/article70736036.ece
2026-03-12 19:04:07,461 - INFO - [The Hindu] Attempt 1/1: Trying with 'selenium_browser' strategy...
2026-03-12 19:04:08,906 - INFO - [The Hindu] Page content loaded.
2026-03-12 19:04:08,996 - INFO - [The Hindu] Success with 'selenium_browser'. Found content (388 words).
2026-03-12 19:04:09,098 - INFO - Saved article: Inter departmental panel likely to check contamination in vegetables - The Hindu from The Hindu
2026-03-12 19:04:10,549 - INFO - [The Hindu] (Thread) Finished. Attempting to shut down its Selenium driver.
2026-03-12 19:04:10,803 - INFO - [The Hindu] (Thread) driver.quit() successful.
2026-03-12 19:04:31,995 - ERROR - [Times of India] Request failed for strategy 'selenium_browser' on URL https://timesofindia.indiatimes.com/world/middle-east/us-israel-iran-war-news-live-udates-middle-east-crisis-conflict-drone-ballistic-missile-attacks-explosions-gulf-countries-dubai-flights-news-status-donald-trump-netanyahu-mojtaba-khamenei/liveblog/129485596.cms: Message: timeout: Timed out receiving message from renderer: 59.714
  (Session info: chrome=145.0.7632.159)
Stacktrace:
#0 0x555c8c3a2b6a <unknown>
#1 0x555c8bdb5a32 <unknown>
#2 0x555c8bd9d007 <unknown>
#3 0x555c8bd9cc16 <unknown>
#4 0x555c8bd9a731 <unknown>
#5 0x555c8bd9b0bf <unknown>
#6 0x555c8bdaa560 <unknown>
#7 0x555c8bdc4707 <unknown>
#8 0x555c8bdcb8db <unknown>
#9 0x555c8bd9b829 <unknown>
#10 0x555c8bdc449c <unknown>
#11 0x555c8be536e1 <unknown>
#12 0x555c8bdfcc0f <unknown>
#13 0x555c8bdfd9d1 <unknown>
#14 0x555c8c3676b9 <unknown>
#15 0x555c8c36a5c1 <unknown>
#16 0x555c8c353e29 <unknown>
#17 0x555c8c36b17e <unknown>
#18 0x555c8c33a4b0 <unknown>
#19 0x555c8c38f578 <unknown>
#20 0x555c8c38f74b <unknown>
#21 0x555c8c3a11a3 <unknown>
#22 0x7fefef09caa4 <unknown>
#23 0x7fefef129c6c <unknown>

2026-03-12 19:04:31,995 - ERROR - [Times of India] All scrape strategies failed for https://timesofindia.indiatimes.com/world/middle-east/us-israel-iran-war-news-live-udates-middle-east-crisis-conflict-drone-ballistic-missile-attacks-explosions-gulf-countries-dubai-flights-news-status-donald-trump-netanyahu-mojtaba-khamenei/liveblog/129485596.cms. Falling back to RSS description.
2026-03-12 19:04:31,996 - INFO - Duplicate article skipped: US-Israel-Iran War News Live Updates: Saudi intercepts drone headed to Shaybah oil field; Israeli strikes 10 Hezbollah targets in Beirut from Times of India
2026-03-12 19:04:32,750 - INFO - [Times of India] Article: https://timesofindia.indiatimes.com/world/us/let-there-be-as-much-outrage-zohran-mamdani-reacts-to-criticism-after-hosting-first-iftar-at-new-york-city-hall/articleshow/129520510.cms
2026-03-12 19:04:32,750 - INFO - [Times of India] Attempt 1/1: Trying with 'selenium_browser' strategy...
2026-03-12 19:04:33,592 - INFO - [Times of India] Page content loaded.
2026-03-12 19:04:33,765 - INFO - [Times of India] Success with 'selenium_browser'. Found content (350 words).
2026-03-12 19:04:33,872 - INFO - Saved article: Zohran Mamdani: 'Let there be as much outrage': Zohran Mamdani reacts to criticism after hosting first iftar at New York City Hall - The Times of India from Times of India
2026-03-12 19:04:35,289 - INFO - [Times of India] Article: https://timesofindia.indiatimes.com/world/middle-east/why-is-it-called-the-middle-east-the-1902-story-most-people-dont-know/articleshow/129393856.cms
2026-03-12 19:04:35,289 - INFO - [Times of India] Attempt 1/1: Trying with 'selenium_browser' strategy...
2026-03-12 19:04:41,330 - INFO - [Times of India] Page content loaded.
2026-03-12 19:04:41,474 - INFO - [Times of India] Success with 'selenium_browser'. Found content (506 words).
2026-03-12 19:04:41,583 - INFO - Saved article: Why is it called the ‘Middle East’: The 1902 story most people don’t know | World News - The Times of India from Times of India
2026-03-12 19:04:42,167 - INFO - [Times of India] Article: https://timesofindia.indiatimes.com/world/us/no-dont-do-that-hillary-clinton-pulls-back-as-bill-clinton-nudges-her-toward-busy-crosswalk-watch-video/articleshow/129517161.cms
2026-03-12 19:04:42,167 - INFO - [Times of India] Attempt 1/1: Trying with 'selenium_browser' strategy...
2026-03-12 19:04:42,970 - INFO - [Times of India] Page content loaded.
2026-03-12 19:04:43,126 - INFO - [Times of India] Success with 'selenium_browser'. Found content (298 words).
2026-03-12 19:04:43,193 - INFO - Saved article: ‘No, don’t do that’: Hillary Clinton pulls back as Bill Clinton nudges her toward busy crosswalk — watch video - The Times of India from Times of India
2026-03-12 19:04:44,300 - INFO - [Times of India] Article: https://timesofindia.indiatimes.com/world/us/old-dominion-university-shooting-gunman-opens-fire-inside-campus-building-two-critically-injured/articleshow/129518819.cms
2026-03-12 19:04:44,300 - INFO - [Times of India] Attempt 1/1: Trying with 'selenium_browser' strategy...
2026-03-12 19:04:48,911 - INFO - [Times of India] Page content loaded.
2026-03-12 19:04:49,049 - INFO - [Times of India] Success with 'selenium_browser'. Found content (517 words).
2026-03-12 19:04:49,108 - INFO - Saved article: Old Dominion University shooting: Gunman opens fire inside campus building, two critically injured | World News - The Times of India from Times of India
2026-03-12 19:04:50,569 - INFO - [Times of India] Article: https://timesofindia.indiatimes.com/world/us/active-shooter-at-us-synagogue-smoke-billowing-from-building-police-on-scene/articleshow/129518605.cms
2026-03-12 19:04:50,569 - INFO - [Times of India] Attempt 1/1: Trying with 'selenium_browser' strategy...
2026-03-12 19:04:51,637 - INFO - [Times of India] Page content loaded.
2026-03-12 19:04:51,786 - INFO - [Times of India] Success with 'selenium_browser'. Found content (267 words).
2026-03-12 19:04:51,868 - INFO - Saved article: Temple Israel: Shooting at US synagogue; suspect in attack dead - The Times of India from Times of India
2026-03-12 19:04:52,899 - INFO - [Times of India] Article: https://timesofindia.indiatimes.com/world/us/vivek-ramaswamys-wife-campaigns-for-him-in-new-ad-for-ohio-guv-election-introduces-savithri-amid-trolling/articleshow/129517407.cms
2026-03-12 19:04:52,899 - INFO - [Times of India] Attempt 1/1: Trying with 'selenium_browser' strategy...
2026-03-12 19:04:57,253 - INFO - [Times of India] Page content loaded.
2026-03-12 19:04:57,462 - INFO - [Times of India] Success with 'selenium_browser'. Found content (403 words).
2026-03-12 19:04:57,527 - INFO - Saved article: Vivek Ramaswamy's wife campaigns for him in new ad for Ohio Guv election, introduces 'Savithri' amid trolling - The Times of India from Times of India
2026-03-12 19:04:59,026 - INFO - [Times of India] Article: https://timesofindia.indiatimes.com/world/europe/celebrity-chef-ren-redzepu-resigns-from-noma-over-abuse-allegations-says-an-apology-is-not-enough/articleshow/129516700.cms
2026-03-12 19:04:59,027 - INFO - [Times of India] Attempt 1/1: Trying with 'selenium_browser' strategy...
2026-03-12 19:05:03,062 - INFO - [Times of India] Page content loaded.
2026-03-12 19:05:03,247 - INFO - [Times of India] Success with 'selenium_browser'. Found content (321 words).
2026-03-12 19:05:03,319 - INFO - Duplicate article skipped: René Redzepu: Celebrity chef René Redzepu resigns from Noma over abuse allegations, says 'an apology is not enough' - The Times of India from Times of India
2026-03-12 19:05:04,304 - INFO - [Times of India] Article: https://timesofindia.indiatimes.com/world/rest-of-world/2000-queen-ants-in-a-suitcase-chinese-man-arrested-for-smuggling-live-ants-in-test-tubes-at-nairobi-airport/articleshow/129515617.cms
2026-03-12 19:05:04,304 - INFO - [Times of India] Attempt 1/1: Trying with 'selenium_browser' strategy...
2026-03-12 19:05:05,638 - INFO - [Times of India] Page content loaded.
2026-03-12 19:05:05,783 - INFO - [Times of India] Success with 'selenium_browser'. Found content (764 words).
2026-03-12 19:05:05,862 - INFO - Duplicate article skipped: Queen Ants: ‘2,000 queen ants in a suitcase’: Chinese man arrested for smuggling live ants in test tubes at Nairobi airport | World News - The Times of India from Times of India
2026-03-12 19:05:06,485 - INFO - [Times of India] Article: https://timesofindia.indiatimes.com/world/us/janitors-ice-cream-sales-analyst-texas-whistleblower-reveals-craziest-h-1b-job-titles/articleshow/129514374.cms
2026-03-12 19:05:06,485 - INFO - [Times of India] Attempt 1/1: Trying with 'selenium_browser' strategy...
2026-03-12 19:05:07,632 - INFO - [Times of India] Page content loaded.
2026-03-12 19:05:07,752 - INFO - [Times of India] Success with 'selenium_browser'. Found content (388 words).
2026-03-12 19:05:07,813 - INFO - Duplicate article skipped: Sara Gonzales: Janitors, ice cream sales analyst: Texas whistleblower reveals 'craziest H-1B job titles' - The Times of India from Times of India
2026-03-12 19:05:08,870 - INFO - [Times of India] (Thread) Finished. Attempting to shut down its Selenium driver.
2026-03-12 19:05:09,162 - INFO - [Times of India] (Thread) driver.quit() successful.
2026-03-12 19:05:09,162 - INFO - Shutting down thread pool (wait=False)...
2026-03-12 19:05:09,162 - INFO - Scraped: 6 Times of India, 10 The Hindu, 0 The Guardian, 1 BBC articles. (Total saved: 17)
2026-03-12 19:05:09,162 - INFO - --- Scraping job finished ---
2026-03-12 19:05:09,167 - INFO - --- Scraper service stopped and database connection closed. ---
2026-03-12 19:05:09,167 - INFO - --- Main thread finished. Forcing process exit to kill zombie threads. ---
