2026-03-14 14:37:25,812 - INFO - Initializing database connection at: news_articles.db
2026-03-14 14:37:25,812 - INFO - --- Scraper service started (CI Mode: Run Once) ---
2026-03-14 14:37:25,812 - INFO - --- Starting new scraping job (Parallel Mode) ---
2026-03-14 14:37:25,812 - INFO - Creating new robust session with 3 retries on 5xx/connection/read errors.
2026-03-14 14:37:25,813 - INFO - Proxy is DISABLED.
2026-03-14 14:37:25,813 - INFO - Starting scrape for BBC RSS feed: http://feeds.bbci.co.uk/news/world/rss.xml
2026-03-14 14:37:25,814 - INFO - [Times of India] (Thread) requires Selenium. Initializing driver...
2026-03-14 14:37:25,814 - INFO - Initializing headless Selenium Chrome driver (using SeleniumManager)...
2026-03-14 14:37:25,814 - INFO - Starting scrape for The Guardian RSS feed: https://www.theguardian.com/world/rss
2026-03-14 14:37:25,815 - INFO - [The Hindu] (Thread) requires Selenium. Initializing driver...
2026-03-14 14:37:25,815 - INFO - Initializing headless Selenium Chrome driver (using SeleniumManager)...
2026-03-14 14:37:25,815 - INFO - Submitted 4 jobs to thread pool. Waiting up to 300s for completion...
2026-03-14 14:37:25,985 - INFO - Found 45 articles in The Guardian RSS feed. Processing up to 10.
2026-03-14 14:37:25,985 - INFO - [The Guardian] Article: https://www.theguardian.com/world/2026/mar/13/france-returns-sacred-djidji-ayokwe-talking-drum-looted-from-cote-divoire
2026-03-14 14:37:25,985 - INFO - [The Guardian] Attempt 1/1: Trying with 'requests_browser' strategy...
2026-03-14 14:37:26,178 - INFO - [The Guardian] Success with 'requests_browser'. Found content (512 words).
2026-03-14 14:37:26,229 - INFO - Duplicate article skipped: France returns sacred talking drum looted from Côte d’Ivoire over 100 years ago | Côte d’Ivoire | The Guardian from The Guardian
2026-03-14 14:37:26,238 - INFO - Found 32 articles in BBC RSS feed. Processing up to 10.
2026-03-14 14:37:26,238 - INFO - [BBC] Article: https://www.bbc.com/news/articles/c8jxzlwvd8ro?at_medium=RSS&at_campaign=rss
2026-03-14 14:37:26,238 - INFO - [BBC] Attempt 1/1: Trying with 'requests_browser' strategy...
2026-03-14 14:37:26,438 - INFO - [BBC] Success with 'requests_browser'. Found content (927 words).
2026-03-14 14:37:26,482 - INFO - Duplicate article skipped: Kharg Island: Why has it been targeted by the US? from BBC
2026-03-14 14:37:26,902 - INFO - [The Guardian] Article: https://www.theguardian.com/us-news/2026/mar/12/trump-immigration-deportations-eswatini
2026-03-14 14:37:26,902 - INFO - [The Guardian] Attempt 1/1: Trying with 'requests_browser' strategy...
2026-03-14 14:37:27,084 - INFO - [The Guardian] Success with 'requests_browser'. Found content (535 words).
2026-03-14 14:37:27,120 - INFO - Duplicate article skipped: Eswatini says it received more ‘third country’ deportees as part of deal with Trump administration | US immigration | The Guardian from The Guardian
2026-03-14 14:37:27,568 - INFO - [BBC] Article: https://www.bbc.com/news/articles/cvg3xk6xgyzo?at_medium=RSS&at_campaign=rss
2026-03-14 14:37:27,568 - INFO - [BBC] Attempt 1/1: Trying with 'requests_browser' strategy...
2026-03-14 14:37:27,614 - INFO - [BBC] Success with 'requests_browser'. Found content (387 words).
2026-03-14 14:37:27,652 - INFO - Duplicate article skipped: Hamas urges key ally Iran to halt attacks on Gulf states from BBC
2026-03-14 14:37:27,715 - INFO - [The Guardian] Article: https://www.theguardian.com/global-development/2026/mar/12/uk-government-axes-flagship-global-health-project
2026-03-14 14:37:27,715 - INFO - [The Guardian] Attempt 1/1: Trying with 'requests_browser' strategy...
2026-03-14 14:37:27,871 - INFO - [The Guardian] Success with 'requests_browser'. Found content (626 words).
2026-03-14 14:37:27,926 - INFO - Duplicate article skipped: UK government axes flagship global health project | Global development | The Guardian from The Guardian
2026-03-14 14:37:28,602 - INFO - [The Guardian] Article: https://www.theguardian.com/global-development/2026/mar/12/invasive-ai-led-mass-surveillance-in-africa-violating-freedoms-warn-experts
2026-03-14 14:37:28,602 - INFO - [The Guardian] Attempt 1/1: Trying with 'requests_browser' strategy...
2026-03-14 14:37:28,668 - INFO - [The Guardian] Success with 'requests_browser'. Found content (621 words).
2026-03-14 14:37:28,702 - INFO - Duplicate article skipped: ‘Invasive’ AI-led mass surveillance in Africa violating freedoms, warn experts | Global development | The Guardian from The Guardian
2026-03-14 14:37:28,773 - INFO - [BBC] Article: https://www.bbc.com/news/articles/cq8gj9n12g8o?at_medium=RSS&at_campaign=rss
2026-03-14 14:37:28,773 - INFO - [BBC] Attempt 1/1: Trying with 'requests_browser' strategy...
2026-03-14 14:37:28,820 - INFO - [BBC] Success with 'requests_browser'. Found content (419 words).
2026-03-14 14:37:28,859 - INFO - Duplicate article skipped: More US Marines and warships being moved to Middle East, reports say from BBC
2026-03-14 14:37:30,082 - INFO - [The Guardian] Article: https://www.theguardian.com/world/2026/mar/11/at-least-17-killed-after-drone-strikes-school-in-sudan
2026-03-14 14:37:30,082 - INFO - [The Guardian] Attempt 1/1: Trying with 'requests_browser' strategy...
2026-03-14 14:37:30,270 - INFO - [The Guardian] Success with 'requests_browser'. Found content (363 words).
2026-03-14 14:37:30,314 - INFO - Duplicate article skipped: At least 17 killed after drone strikes school in Sudan | Sudan | The Guardian from The Guardian
2026-03-14 14:37:30,345 - INFO - [BBC] Article: https://www.bbc.com/news/articles/cwyg4j58gdyo?at_medium=RSS&at_campaign=rss
2026-03-14 14:37:30,345 - INFO - [BBC] Attempt 1/1: Trying with 'requests_browser' strategy...
2026-03-14 14:37:30,389 - INFO - [BBC] Success with 'requests_browser'. Found content (289 words).
2026-03-14 14:37:30,432 - INFO - Duplicate article skipped: Explosion at Amsterdam Jewish school 'a deliberate attack' says mayor from BBC
2026-03-14 14:37:31,294 - INFO - [The Guardian] Article: https://www.theguardian.com/world/2026/mar/13/uruguayan-drug-trafficking-suspect-sebastian-marset-arrested-bolivia
2026-03-14 14:37:31,294 - INFO - [The Guardian] Attempt 1/1: Trying with 'requests_browser' strategy...
2026-03-14 14:37:31,447 - INFO - [The Guardian] Success with 'requests_browser'. Found content (471 words).
2026-03-14 14:37:31,509 - INFO - Duplicate article skipped: Bolivia arrests alleged drug kingpin accused of putting hit on Paraguayan prosecutor | Bolivia | The Guardian from The Guardian
2026-03-14 14:37:31,703 - INFO - [BBC] Article: https://www.bbc.com/news/articles/cev7111kx9wo?at_medium=RSS&at_campaign=rss
2026-03-14 14:37:31,703 - INFO - [BBC] Attempt 1/1: Trying with 'requests_browser' strategy...
2026-03-14 14:37:31,764 - INFO - [BBC] Success with 'requests_browser'. Found content (972 words).
2026-03-14 14:37:31,820 - INFO - Duplicate article skipped: Rescuers blame weather and 'underprepared skiers’ for rise in avalanche deaths from BBC
2026-03-14 14:37:32,255 - INFO - [The Guardian] Article: https://www.theguardian.com/us-news/ng-interactive/2026/mar/13/honduras-family-immigration-deportation
2026-03-14 14:37:32,255 - INFO - [The Guardian] Attempt 1/1: Trying with 'requests_browser' strategy...
2026-03-14 14:37:32,333 - INFO - [The Guardian] Success with 'requests_browser'. Found content (2720 words).
2026-03-14 14:37:32,370 - INFO - Duplicate article skipped: An environmental activist and her family escaped death threats in Honduras. ICE deported her husband anyway | US immigration | The Guardian from The Guardian
2026-03-14 14:37:32,860 - INFO - [BBC] Article: https://www.bbc.com/news/articles/cn9ewxq98e5o?at_medium=RSS&at_campaign=rss
2026-03-14 14:37:32,860 - INFO - [BBC] Attempt 1/1: Trying with 'requests_browser' strategy...
2026-03-14 14:37:32,907 - INFO - [BBC] Success with 'requests_browser'. Found content (515 words).
2026-03-14 14:37:32,947 - INFO - Duplicate article skipped: LA28 Epstein fallout: City Council urges Wasserman investigation from BBC
2026-03-14 14:37:33,582 - INFO - [The Guardian] Article: https://www.theguardian.com/world/2026/mar/13/cuba-us-talks-miguel-diaz-canel-trump
2026-03-14 14:37:33,582 - INFO - [The Guardian] Attempt 1/1: Trying with 'requests_browser' strategy...
2026-03-14 14:37:33,639 - INFO - [The Guardian] Success with 'requests_browser'. Found content (715 words).
2026-03-14 14:37:33,639 - INFO - [BBC] Article: https://www.bbc.com/news/articles/c1l76346dvlo?at_medium=RSS&at_campaign=rss
2026-03-14 14:37:33,644 - INFO - [BBC] Attempt 1/1: Trying with 'requests_browser' strategy...
2026-03-14 14:37:33,681 - INFO - Duplicate article skipped: Cuban president confirms talks with Trump officials amid US blockade | Cuba | The Guardian from The Guardian
2026-03-14 14:37:33,705 - INFO - [BBC] Success with 'requests_browser'. Found content (507 words).
2026-03-14 14:37:33,748 - INFO - Duplicate article skipped: Charges dropped against Georgia teens whose teacher died during toilet paper prank from BBC
2026-03-14 14:37:34,293 - INFO - Selenium driver initialized successfully.
2026-03-14 14:37:34,294 - INFO - Selenium driver initialized successfully.
2026-03-14 14:37:34,294 - INFO - Starting scrape for The Hindu RSS feed: https://www.thehindu.com/news/national/feeder/default.rss
2026-03-14 14:37:34,294 - INFO - [The Guardian] Article: https://www.theguardian.com/uk-news/2026/mar/13/king-charles-alberta-separatism-canada-first-nations
2026-03-14 14:37:34,294 - INFO - Starting scrape for Times of India RSS feed: https://timesofindia.indiatimes.com/rssfeeds/296589292.cms
2026-03-14 14:37:34,295 - INFO - [The Guardian] Attempt 1/1: Trying with 'requests_browser' strategy...
2026-03-14 14:37:34,364 - INFO - [The Guardian] Success with 'requests_browser'. Found content (552 words).
2026-03-14 14:37:34,399 - INFO - Duplicate article skipped: King Charles concerned about Alberta separatist movement, First Nation chief says | King Charles III | The Guardian from The Guardian
2026-03-14 14:37:34,476 - INFO - Found 100 articles in The Hindu RSS feed. Processing up to 10.
2026-03-14 14:37:34,476 - INFO - [The Hindu] Article: https://www.thehindu.com/news/national/andhra-pradesh/cid-police-organise-cybersecurity-training-for-its-officers/article70743505.ece
2026-03-14 14:37:34,476 - INFO - [The Hindu] Attempt 1/1: Trying with 'selenium_browser' strategy...
2026-03-14 14:37:34,635 - INFO - Found 20 articles in Times of India RSS feed. Processing up to 10.
2026-03-14 14:37:34,635 - INFO - [Times of India] Article: https://timesofindia.indiatimes.com/world/middle-east/uae-news-dubai-global-village-cancels-eid-al-fitr-fireworks-remains-closed-until-further-notice/articleshow/129572243.cms
2026-03-14 14:37:34,635 - INFO - [Times of India] Attempt 1/1: Trying with 'selenium_browser' strategy...
2026-03-14 14:37:34,939 - INFO - [BBC] Article: https://www.bbc.com/news/articles/cdxz0jpzk4do?at_medium=RSS&at_campaign=rss
2026-03-14 14:37:34,939 - INFO - [BBC] Attempt 1/1: Trying with 'requests_browser' strategy...
2026-03-14 14:37:34,993 - INFO - [BBC] Success with 'requests_browser'. Found content (708 words).
2026-03-14 14:37:35,057 - INFO - Duplicate article skipped: Family of Michigan synagogue suspect killed in Lebanon airstrike, officials say from BBC
2026-03-14 14:37:35,776 - INFO - [The Guardian] Article: https://www.theguardian.com/world/2026/mar/12/two-plasma-donors-die-private-canada-clinics
2026-03-14 14:37:35,776 - INFO - [The Guardian] Attempt 1/1: Trying with 'requests_browser' strategy...
2026-03-14 14:37:35,956 - INFO - [The Guardian] Success with 'requests_browser'. Found content (1291 words).
2026-03-14 14:37:36,028 - INFO - Duplicate article skipped: Two people die after donating plasma at Canadian clinics under federal investigation | Canada | The Guardian from The Guardian
2026-03-14 14:37:36,047 - INFO - [BBC] Article: https://www.bbc.com/news/articles/c1d6l67122wo?at_medium=RSS&at_campaign=rss
2026-03-14 14:37:36,047 - INFO - [BBC] Attempt 1/1: Trying with 'requests_browser' strategy...
2026-03-14 14:37:36,114 - INFO - [BBC] Success with 'requests_browser'. Found content (685 words).
2026-03-14 14:37:36,179 - INFO - Duplicate article skipped: Ukraine and allies fear easing Russian sanctions will prolong war from BBC
2026-03-14 14:37:37,422 - INFO - [BBC] Article: https://www.bbc.com/news/articles/cr45v7ey91eo?at_medium=RSS&at_campaign=rss
2026-03-14 14:37:37,423 - INFO - [BBC] Attempt 1/1: Trying with 'requests_browser' strategy...
2026-03-14 14:37:37,550 - INFO - [BBC] Success with 'requests_browser'. Found content (381 words).
2026-03-14 14:37:37,650 - INFO - Duplicate article skipped: Pink Floyd guitar sold for record-breaking $14.6m from BBC
2026-03-14 14:37:42,494 - INFO - [The Hindu] Page content loaded.
2026-03-14 14:37:43,321 - INFO - [The Hindu] Success with 'selenium_browser'. Found content (120 words).
2026-03-14 14:37:43,516 - INFO - Saved article: CID police organise cybersecurity training for its officers - The Hindu from The Hindu
2026-03-14 14:37:44,290 - INFO - [The Hindu] Article: https://www.thehindu.com/news/national/karnataka/chief-minister-promises-additional-grants-for-phase-iii-of-upper-krishna-project/article70743495.ece
2026-03-14 14:37:44,290 - INFO - [The Hindu] Attempt 1/1: Trying with 'selenium_browser' strategy...
2026-03-14 14:37:50,051 - INFO - [The Hindu] Page content loaded.
2026-03-14 14:37:50,126 - INFO - [The Hindu] Success with 'selenium_browser'. Found content (633 words).
2026-03-14 14:37:50,267 - INFO - Saved article: Chief Minister promises additional grants for Phase III of Upper Krishna Project - The Hindu from The Hindu
2026-03-14 14:37:50,810 - INFO - [The Hindu] Article: https://www.thehindu.com/news/national/telangana/aimim-to-embark-on-door-to-door-campaign-to-assist-in-sir-mapping/article70743190.ece
2026-03-14 14:37:50,810 - INFO - [The Hindu] Attempt 1/1: Trying with 'selenium_browser' strategy...
2026-03-14 14:37:51,544 - INFO - [The Hindu] Page content loaded.
2026-03-14 14:37:51,605 - INFO - [The Hindu] Success with 'selenium_browser'. Found content (435 words).
2026-03-14 14:37:51,693 - INFO - Saved article: AIMIM to embark on door-to-door campaign to assist in SIR mapping - The Hindu from The Hindu
2026-03-14 14:37:52,460 - INFO - [The Hindu] Article: https://www.thehindu.com/news/national/kerala/ahead-of-kerala-assembly-polls-nair-service-society-dissolves-pathanapuram-taluk-union-led-by-minister-ganesh-kumar/article70743383.ece
2026-03-14 14:37:52,460 - INFO - [The Hindu] Attempt 1/1: Trying with 'selenium_browser' strategy...
2026-03-14 14:37:54,139 - INFO - [The Hindu] Page content loaded.
2026-03-14 14:37:54,187 - INFO - [The Hindu] Success with 'selenium_browser'. Found content (418 words).
2026-03-14 14:37:54,265 - INFO - Saved article: Ahead of Kerala Assembly polls, Nair Service Society dissolves Pathanapuram taluk union led by Minister Ganesh Kumar - The Hindu from The Hindu
2026-03-14 14:37:55,124 - INFO - [The Hindu] Article: https://www.thehindu.com/news/national/kerala/bengaluru-kannur-express-extended-to-kozhikode/article70743757.ece
2026-03-14 14:37:55,125 - INFO - [The Hindu] Attempt 1/1: Trying with 'selenium_browser' strategy...
2026-03-14 14:37:56,499 - INFO - [The Hindu] Page content loaded.
2026-03-14 14:37:56,588 - INFO - [The Hindu] Success with 'selenium_browser'. Found content (336 words).
2026-03-14 14:37:56,685 - INFO - Saved article: Bengaluru-Kannur Express extended to Kozhikode - The Hindu from The Hindu
2026-03-14 14:37:57,808 - INFO - [The Hindu] Article: https://www.thehindu.com/news/national/kerala/govt-reversed-sabarimala-stand-in-the-wake-of-coming-elections-kc-venugopal/article70743638.ece
2026-03-14 14:37:57,808 - INFO - [The Hindu] Attempt 1/1: Trying with 'selenium_browser' strategy...
2026-03-14 14:37:59,371 - INFO - [The Hindu] Page content loaded.
2026-03-14 14:37:59,413 - INFO - [The Hindu] Success with 'selenium_browser'. Found content (382 words).
2026-03-14 14:37:59,493 - INFO - Saved article: Govt. reversed Sabarimala stand in the wake of coming elections: K.C. Venugopal - The Hindu from The Hindu
2026-03-14 14:38:00,800 - INFO - [The Hindu] Article: https://www.thehindu.com/news/national/karnataka/minister-praises-candidates-for-cracking-upsc-exam/article70735301.ece
2026-03-14 14:38:00,800 - INFO - [The Hindu] Attempt 1/1: Trying with 'selenium_browser' strategy...
2026-03-14 14:38:01,689 - INFO - [The Hindu] Page content loaded.
2026-03-14 14:38:01,753 - INFO - [The Hindu] Success with 'selenium_browser'. Found content (149 words).
2026-03-14 14:38:01,844 - INFO - Saved article: Minister praises candidates for cracking UPSC exam - The Hindu from The Hindu
2026-03-14 14:38:02,802 - INFO - [The Hindu] Article: https://www.thehindu.com/news/national/karnataka/theatre-competition-in-shivamogga-to-mark-world-theatre-day/article70743183.ece
2026-03-14 14:38:02,802 - INFO - [The Hindu] Attempt 1/1: Trying with 'selenium_browser' strategy...
2026-03-14 14:38:04,195 - INFO - [The Hindu] Page content loaded.
2026-03-14 14:38:04,297 - INFO - [The Hindu] Success with 'selenium_browser'. Found content (144 words).
2026-03-14 14:38:04,380 - INFO - Saved article: Theatre competition in Shivamogga to mark World Theatre Day - The Hindu from The Hindu
2026-03-14 14:38:05,454 - INFO - [The Hindu] Article: https://www.thehindu.com/news/national/andhra-pradesh/bc-protection-act-to-be-implemented-soon-in-andhra-pradesh-says-minister/article70743496.ece
2026-03-14 14:38:05,454 - INFO - [The Hindu] Attempt 1/1: Trying with 'selenium_browser' strategy...
2026-03-14 14:38:06,553 - INFO - [The Hindu] Page content loaded.
2026-03-14 14:38:06,880 - INFO - [The Hindu] Success with 'selenium_browser'. Found content (287 words).
2026-03-14 14:38:06,957 - INFO - Saved article: BC Protection Act to be implemented soon in Andhra Pradesh, says Minister - The Hindu from The Hindu
2026-03-14 14:38:08,222 - INFO - [The Hindu] Article: https://www.thehindu.com/news/national/kerala/mr-ajithkumar-appointed-bevco-md/article70743664.ece
2026-03-14 14:38:08,222 - INFO - [The Hindu] Attempt 1/1: Trying with 'selenium_browser' strategy...
2026-03-14 14:38:09,472 - INFO - [The Hindu] Page content loaded.
2026-03-14 14:38:09,529 - INFO - [The Hindu] Success with 'selenium_browser'. Found content (226 words).
2026-03-14 14:38:09,627 - INFO - Saved article: M.R. Ajithkumar appointed Bevco MD - The Hindu from The Hindu
2026-03-14 14:38:10,400 - INFO - [The Hindu] (Thread) Finished. Attempting to shut down its Selenium driver.
2026-03-14 14:38:10,567 - INFO - [The Hindu] (Thread) driver.quit() successful.
2026-03-14 14:38:34,654 - ERROR - [Times of India] Request failed for strategy 'selenium_browser' on URL https://timesofindia.indiatimes.com/world/middle-east/uae-news-dubai-global-village-cancels-eid-al-fitr-fireworks-remains-closed-until-further-notice/articleshow/129572243.cms: Message: timeout: Timed out receiving message from renderer: 59.827
  (Session info: chrome=145.0.7632.116)
Stacktrace:
#0 0x55c74f94ab6a <unknown>
#1 0x55c74f35da32 <unknown>
#2 0x55c74f345007 <unknown>
#3 0x55c74f344c16 <unknown>
#4 0x55c74f342731 <unknown>
#5 0x55c74f3430bf <unknown>
#6 0x55c74f352560 <unknown>
#7 0x55c74f36c707 <unknown>
#8 0x55c74f3738db <unknown>
#9 0x55c74f343829 <unknown>
#10 0x55c74f36c49c <unknown>
#11 0x55c74f3fb6e1 <unknown>
#12 0x55c74f3a4c0f <unknown>
#13 0x55c74f3a59d1 <unknown>
#14 0x55c74f90f6b9 <unknown>
#15 0x55c74f9125c1 <unknown>
#16 0x55c74f8fbe29 <unknown>
#17 0x55c74f91317e <unknown>
#18 0x55c74f8e24b0 <unknown>
#19 0x55c74f937578 <unknown>
#20 0x55c74f93774b <unknown>
#21 0x55c74f9491a3 <unknown>
#22 0x7f7c5189caa4 <unknown>
#23 0x7f7c51929c6c <unknown>

2026-03-14 14:38:34,654 - ERROR - [Times of India] All scrape strategies failed for https://timesofindia.indiatimes.com/world/middle-east/uae-news-dubai-global-village-cancels-eid-al-fitr-fireworks-remains-closed-until-further-notice/articleshow/129572243.cms. Falling back to RSS description.
2026-03-14 14:38:34,654 - INFO - Duplicate article skipped: UAE News: Dubai Global Village cancels Eid Al Fitr fireworks, remains closed until further notice from Times of India
2026-03-14 14:38:35,222 - INFO - [Times of India] Article: https://timesofindia.indiatimes.com/world/middle-east/iran-considers-allowing-a-limited-number-of-oil-tankers-to-pass-through-the-strait-of-hormuz/articleshow/129569651.cms
2026-03-14 14:38:35,222 - INFO - [Times of India] Attempt 1/1: Trying with 'selenium_browser' strategy...
2026-03-14 14:38:38,367 - INFO - [Times of India] Page content loaded.
2026-03-14 14:38:38,589 - INFO - [Times of India] Success with 'selenium_browser'. Found content (399 words).
2026-03-14 14:38:38,674 - INFO - Duplicate article skipped: Iran considers allowing oil tankers to pass through the Strait of Hormuz - but there is a condition - The Times of India from Times of India
2026-03-14 14:38:40,060 - INFO - [Times of India] Article: https://timesofindia.indiatimes.com/world/middle-east/iran-strike-on-uaes-fujairah-port-oil-terminal-triggers-huge-fire/articleshow/129571008.cms
2026-03-14 14:38:40,060 - INFO - [Times of India] Attempt 1/1: Trying with 'selenium_browser' strategy...
2026-03-14 14:38:41,221 - INFO - [Times of India] Page content loaded.
2026-03-14 14:38:41,356 - INFO - [Times of India] Success with 'selenium_browser'. Found content (322 words).
2026-03-14 14:38:41,486 - INFO - Duplicate article skipped: Iran strike on UAE's Fujairah port oil terminal triggers huge fire - The Times of India from Times of India
2026-03-14 14:38:42,691 - INFO - [Times of India] Article: https://timesofindia.indiatimes.com/defence/international/inside-irans-war-tunnel-huge-collection-of-drones-displayed-under-khameneis-images-watch/articleshow/129569211.cms
2026-03-14 14:38:42,691 - INFO - [Times of India] Attempt 1/1: Trying with 'selenium_browser' strategy...
2026-03-14 14:38:43,820 - INFO - [Times of India] Page content loaded.
2026-03-14 14:38:43,890 - INFO - [Times of India] Success with 'selenium_browser'. Found content (164 words).
2026-03-14 14:38:43,920 - INFO - Duplicate article skipped: Inside Iran's war tunnel: Huge collection of drones displayed under Khamenei's images - watch - The Times of India from Times of India
2026-03-14 14:38:44,646 - INFO - [Times of India] Article: https://timesofindia.indiatimes.com/world/middle-east/did-trump-reject-putins-iran-deal-to-end-war-what-was-the-offer/articleshow/129570719.cms
2026-03-14 14:38:44,647 - INFO - [Times of India] Attempt 1/1: Trying with 'selenium_browser' strategy...
2026-03-14 14:38:45,420 - INFO - [Times of India] Page content loaded.
2026-03-14 14:38:45,597 - INFO - [Times of India] Success with 'selenium_browser'. Found content (687 words).
2026-03-14 14:38:45,661 - INFO - Duplicate article skipped: Did Trump reject Putin's Iran deal to end war? What was the offer - The Times of India from Times of India
2026-03-14 14:38:46,356 - INFO - [Times of India] Article: https://timesofindia.indiatimes.com/world/europe/explosion-damages-jewish-school-in-amsterdam-mayor-calls-it-targeted-attack/articleshow/129570199.cms
2026-03-14 14:38:46,356 - INFO - [Times of India] Attempt 1/1: Trying with 'selenium_browser' strategy...
2026-03-14 14:38:47,790 - INFO - [Times of India] Page content loaded.
2026-03-14 14:38:47,945 - INFO - [Times of India] Success with 'selenium_browser'. Found content (240 words).
2026-03-14 14:38:48,000 - INFO - Duplicate article skipped: Explosion damages Jewish school in Amsterdam; mayor calls it targeted attack - The Times of India from Times of India
2026-03-14 14:38:48,937 - INFO - [Times of India] Article: https://timesofindia.indiatimes.com/world/europe/how-ukraine-trip-unravelled-banksys-true-identity/articleshow/129569595.cms
2026-03-14 14:38:48,937 - INFO - [Times of India] Attempt 1/1: Trying with 'selenium_browser' strategy...
2026-03-14 14:38:50,364 - INFO - [Times of India] Page content loaded.
2026-03-14 14:38:50,481 - INFO - [Times of India] Success with 'selenium_browser'. Found content (1286 words).
2026-03-14 14:38:50,537 - INFO - Duplicate article skipped: How Ukraine trip unravelled Banksy's 'true identity' | World News - The Times of India from Times of India
2026-03-14 14:38:51,118 - INFO - [Times of India] Article: https://timesofindia.indiatimes.com/world/middle-east/uae-news-authorities-warn-of-one-of-the-most-destructive-cyber-threats-as-wiper-malware-risk-rises/articleshow/129569324.cms
2026-03-14 14:38:51,119 - INFO - [Times of India] Attempt 1/1: Trying with 'selenium_browser' strategy...
2026-03-14 14:38:52,423 - INFO - [Times of India] Page content loaded.
2026-03-14 14:38:52,549 - INFO - [Times of India] Success with 'selenium_browser'. Found content (512 words).
2026-03-14 14:38:52,638 - INFO - Duplicate article skipped: Cyber Threats: UAE News: Authorities warn of ‘one of the most destructive’ cyber threats as Wiper malware risk rises | World News - The Times of India from Times of India
2026-03-14 14:38:53,311 - INFO - [Times of India] Article: https://timesofindia.indiatimes.com/world/us/washington-flight-disruptions-operations-resume-after-chemical-smell-triggers-ground-stop/articleshow/129568628.cms
2026-03-14 14:38:53,311 - INFO - [Times of India] Attempt 1/1: Trying with 'selenium_browser' strategy...
2026-03-14 14:38:55,073 - INFO - [Times of India] Page content loaded.
2026-03-14 14:38:55,214 - INFO - [Times of India] Success with 'selenium_browser'. Found content (216 words).
2026-03-14 14:38:55,271 - INFO - Duplicate article skipped: Washington flight disruptions: Operations resume after chemical smell triggers ground stop - The Times of India from Times of India
2026-03-14 14:38:56,232 - INFO - [Times of India] Article: https://timesofindia.indiatimes.com/world/middle-east/saudi-arabia-filipino-domestic-worker-arrested-in-madinah-after-child-fatally-stabbed-at-home/articleshow/129568408.cms
2026-03-14 14:38:56,232 - INFO - [Times of India] Attempt 1/1: Trying with 'selenium_browser' strategy...
2026-03-14 14:38:57,135 - INFO - [Times of India] Page content loaded.
2026-03-14 14:38:57,295 - INFO - [Times of India] Success with 'selenium_browser'. Found content (116 words).
2026-03-14 14:38:57,352 - INFO - Duplicate article skipped: Saudi Arabia: Filipino domestic worker arrested in Madinah after child fatally stabbed at home | World News - The Times of India from Times of India
2026-03-14 14:38:57,891 - INFO - [Times of India] (Thread) Finished. Attempting to shut down its Selenium driver.
2026-03-14 14:38:58,178 - INFO - [Times of India] (Thread) driver.quit() successful.
2026-03-14 14:38:58,178 - INFO - Shutting down thread pool (wait=False)...
2026-03-14 14:38:58,178 - INFO - Scraped: 10 The Hindu, 0 The Guardian, 0 BBC, 0 Times of India articles. (Total saved: 10)
2026-03-14 14:38:58,179 - INFO - --- Scraping job finished ---
2026-03-14 14:38:58,185 - INFO - --- Scraper service stopped and database connection closed. ---
2026-03-14 14:38:58,185 - INFO - --- Main thread finished. Forcing process exit to kill zombie threads. ---
