2026-03-08 05:12:54,682 - INFO - Initializing database connection at: news_articles.db
2026-03-08 05:12:54,682 - INFO - --- Scraper service started (CI Mode: Run Once) ---
2026-03-08 05:12:54,682 - INFO - --- Starting new scraping job (Parallel Mode) ---
2026-03-08 05:12:54,682 - INFO - Creating new robust session with 3 retries on 5xx/connection/read errors.
2026-03-08 05:12:54,683 - INFO - Proxy is DISABLED.
2026-03-08 05:12:54,683 - INFO - Starting scrape for BBC RSS feed: http://feeds.bbci.co.uk/news/world/rss.xml
2026-03-08 05:12:54,684 - INFO - [Times of India] (Thread) requires Selenium. Initializing driver...
2026-03-08 05:12:54,684 - INFO - Initializing headless Selenium Chrome driver (using SeleniumManager)...
2026-03-08 05:12:54,684 - INFO - Starting scrape for The Guardian RSS feed: https://www.theguardian.com/world/rss
2026-03-08 05:12:54,684 - INFO - [The Hindu] (Thread) requires Selenium. Initializing driver...
2026-03-08 05:12:54,685 - INFO - Initializing headless Selenium Chrome driver (using SeleniumManager)...
2026-03-08 05:12:54,685 - INFO - Submitted 4 jobs to thread pool. Waiting up to 300s for completion...
2026-03-08 05:12:54,810 - INFO - Found 45 articles in The Guardian RSS feed. Processing up to 10.
2026-03-08 05:12:54,810 - INFO - [The Guardian] Article: https://www.theguardian.com/world/2026/mar/07/descendants-of-zimbabwe-resistance-heroes-urge-uk-to-locate-looted-skulls
2026-03-08 05:12:54,810 - INFO - [The Guardian] Attempt 1/1: Trying with 'requests_browser' strategy...
2026-03-08 05:12:54,845 - INFO - [The Guardian] Success with 'requests_browser'. Found content (916 words).
2026-03-08 05:12:54,887 - INFO - Duplicate article skipped: Descendants of Zimbabwe resistance heroes urge UK to locate looted skulls | Zimbabwe | The Guardian from The Guardian
2026-03-08 05:12:54,931 - INFO - Found 27 articles in BBC RSS feed. Processing up to 10.
2026-03-08 05:12:54,932 - INFO - [BBC] Article: https://www.bbc.com/news/articles/cy8l2p2l3v0o?at_medium=RSS&at_campaign=rss
2026-03-08 05:12:54,932 - INFO - [BBC] Attempt 1/1: Trying with 'requests_browser' strategy...
2026-03-08 05:12:55,122 - INFO - [BBC] Success with 'requests_browser'. Found content (1079 words).
2026-03-08 05:12:55,168 - INFO - Duplicate article skipped: Dozens killed as Israeli special forces raid Lebanese village in search of 40-year-old remains from BBC
2026-03-08 05:12:55,847 - INFO - [BBC] Article: https://www.bbc.com/news/articles/cq6qp458zv1o?at_medium=RSS&at_campaign=rss
2026-03-08 05:12:55,847 - INFO - [BBC] Attempt 1/1: Trying with 'requests_browser' strategy...
2026-03-08 05:12:55,913 - INFO - [BBC] Success with 'requests_browser'. Found content (830 words).
2026-03-08 05:12:55,955 - INFO - Duplicate article skipped: Iran ambassador warns UK to be 'very careful' about involvement in war from BBC
2026-03-08 05:12:56,263 - INFO - [The Guardian] Article: https://www.theguardian.com/global-development/2026/mar/06/generic-drugs-weight-loss-semaglutide-ozempic-wegovy-diabetes-obesity-study
2026-03-08 05:12:56,263 - INFO - [The Guardian] Attempt 1/1: Trying with 'requests_browser' strategy...
2026-03-08 05:12:56,293 - INFO - [The Guardian] Success with 'requests_browser'. Found content (612 words).
2026-03-08 05:12:56,330 - INFO - Duplicate article skipped: Weight-loss jab could be made for $3 a month, study finds | Global health | The Guardian from The Guardian
2026-03-08 05:12:56,510 - INFO - [BBC] Article: https://www.bbc.com/news/articles/c62662gzlp8o?at_medium=RSS&at_campaign=rss
2026-03-08 05:12:56,510 - INFO - [BBC] Attempt 1/1: Trying with 'requests_browser' strategy...
2026-03-08 05:12:56,563 - INFO - [BBC] Success with 'requests_browser'. Found content (882 words).
2026-03-08 05:12:56,605 - INFO - Duplicate article skipped: Armed robots take to the battlefield in Ukraine war from BBC
2026-03-08 05:12:57,311 - INFO - [BBC] Article: https://www.bbc.com/news/articles/c5y5lqygrn7o?at_medium=RSS&at_campaign=rss
2026-03-08 05:12:57,311 - INFO - [BBC] Attempt 1/1: Trying with 'requests_browser' strategy...
2026-03-08 05:12:57,355 - INFO - [BBC] Success with 'requests_browser'. Found content (1134 words).
2026-03-08 05:12:57,403 - INFO - Duplicate article skipped: We've been speaking to Iranians during one week of war. Here's what they said from BBC
2026-03-08 05:12:57,578 - INFO - [The Guardian] Article: https://www.theguardian.com/world/2026/mar/05/three-men-deported-us-eswatini-legal-case-detention
2026-03-08 05:12:57,579 - INFO - [The Guardian] Attempt 1/1: Trying with 'requests_browser' strategy...
2026-03-08 05:12:57,602 - INFO - [The Guardian] Success with 'requests_browser'. Found content (520 words).
2026-03-08 05:12:57,639 - INFO - Duplicate article skipped: Three men deported by US file legal case against Eswatini over detention | Eswatini | The Guardian from The Guardian
2026-03-08 05:12:58,020 - INFO - [BBC] Article: https://www.bbc.com/news/articles/crrxpwzvd5vo?at_medium=RSS&at_campaign=rss
2026-03-08 05:12:58,020 - INFO - [BBC] Attempt 1/1: Trying with 'requests_browser' strategy...
2026-03-08 05:12:58,053 - INFO - [BBC] Success with 'requests_browser'. Found content (506 words).
2026-03-08 05:12:58,092 - INFO - Duplicate article skipped: Boy, 12, among six dead as tornadoes hit Michigan and Oklahoma from BBC
2026-03-08 05:12:58,558 - INFO - [The Guardian] Article: https://www.theguardian.com/world/2026/mar/05/south-africa-president-cyril-ramaphosa-calls-donald-trump-policy-white-afrikaners-racist
2026-03-08 05:12:58,558 - INFO - [The Guardian] Attempt 1/1: Trying with 'requests_browser' strategy...
2026-03-08 05:12:58,582 - INFO - [The Guardian] Success with 'requests_browser'. Found content (410 words).
2026-03-08 05:12:58,618 - INFO - Duplicate article skipped: South Africa’s president calls Trump’s policy to offer refuge to white Afrikaners ‘racist’ | South Africa | The Guardian from The Guardian
2026-03-08 05:12:59,380 - INFO - [BBC] Article: https://www.bbc.com/news/articles/c93w6y0lnd9o?at_medium=RSS&at_campaign=rss
2026-03-08 05:12:59,380 - INFO - [BBC] Attempt 1/1: Trying with 'requests_browser' strategy...
2026-03-08 05:12:59,417 - INFO - [BBC] Success with 'requests_browser'. Found content (488 words).
2026-03-08 05:12:59,492 - INFO - Duplicate article skipped: Rapper-politician Balendra Shah unseats Nepal's ex-PM as he heads for victory from BBC
2026-03-08 05:12:59,707 - INFO - [The Guardian] Article: https://www.theguardian.com/sport/2026/mar/05/lewis-hamilton-race-africa-grand-prix-retiring-formula-one-colonial
2026-03-08 05:12:59,707 - INFO - [The Guardian] Attempt 1/1: Trying with 'requests_browser' strategy...
2026-03-08 05:12:59,731 - INFO - [The Guardian] Success with 'requests_browser'. Found content (409 words).
2026-03-08 05:12:59,766 - INFO - Duplicate article skipped: Lewis Hamilton sets sights on racing in an African grand prix before retiring | Lewis Hamilton | The Guardian from The Guardian
2026-03-08 05:13:00,472 - INFO - [The Guardian] Article: https://www.theguardian.com/world/2026/mar/07/peru-nightclub-bombing
2026-03-08 05:13:00,472 - INFO - [The Guardian] Attempt 1/1: Trying with 'requests_browser' strategy...
2026-03-08 05:13:00,494 - INFO - [The Guardian] Success with 'requests_browser'. Found content (288 words).
2026-03-08 05:13:00,501 - INFO - [BBC] Article: https://www.bbc.com/news/articles/cn87pl8e2l5o?at_medium=RSS&at_campaign=rss
2026-03-08 05:13:00,501 - INFO - [BBC] Attempt 1/1: Trying with 'requests_browser' strategy...
2026-03-08 05:13:00,530 - INFO - Duplicate article skipped: Bombing at nightclub in Peru injures 33 people, including minors | Peru | The Guardian from The Guardian
2026-03-08 05:13:00,559 - INFO - [BBC] Success with 'requests_browser'. Found content (353 words).
2026-03-08 05:13:00,599 - INFO - Duplicate article skipped: Nairobi floods: At least 23 dead after heavy rains with Kenyan military deployed from BBC
2026-03-08 05:13:01,762 - INFO - [The Guardian] Article: https://www.theguardian.com/us-news/2026/mar/07/trump-shield-of-americas-summit
2026-03-08 05:13:01,762 - INFO - [The Guardian] Attempt 1/1: Trying with 'requests_browser' strategy...
2026-03-08 05:13:01,788 - INFO - [The Guardian] Success with 'requests_browser'. Found content (714 words).
2026-03-08 05:13:01,825 - INFO - Duplicate article skipped: Trump convenes ‘Shield of Americas’ summit with 12 Latin American leaders | Donald Trump | The Guardian from The Guardian
2026-03-08 05:13:01,901 - INFO - [BBC] Article: https://www.bbc.com/news/articles/c4g55v24wrno?at_medium=RSS&at_campaign=rss
2026-03-08 05:13:01,901 - INFO - [BBC] Attempt 1/1: Trying with 'requests_browser' strategy...
2026-03-08 05:13:01,937 - INFO - [BBC] Success with 'requests_browser'. Found content (843 words).
2026-03-08 05:13:01,977 - INFO - Duplicate article skipped: Swiss to vote on right-wing push to slash licence fee for public broadcaster from BBC
2026-03-08 05:13:02,784 - INFO - [The Guardian] Article: https://www.theguardian.com/us-news/2026/mar/07/deaf-six-year-old-deported-colombia
2026-03-08 05:13:02,784 - INFO - [The Guardian] Attempt 1/1: Trying with 'requests_browser' strategy...
2026-03-08 05:13:02,813 - INFO - [The Guardian] Success with 'requests_browser'. Found content (766 words).
2026-03-08 05:13:02,852 - INFO - Duplicate article skipped: ICE deports family, including deaf boy who wasn’t given his assistive devices | California | The Guardian from The Guardian
2026-03-08 05:13:03,283 - INFO - [BBC] Article: https://www.bbc.com/news/articles/cn8zd049l08o?at_medium=RSS&at_campaign=rss
2026-03-08 05:13:03,283 - INFO - [BBC] Attempt 1/1: Trying with 'requests_browser' strategy...
2026-03-08 05:13:03,320 - INFO - [BBC] Success with 'requests_browser'. Found content (359 words).
2026-03-08 05:13:03,361 - INFO - Duplicate article skipped: Russian strike on Kharkiv apartment block kills ten from BBC
2026-03-08 05:13:03,500 - INFO - [The Guardian] Article: https://www.theguardian.com/world/2026/mar/07/an-ideological-guest-list-trump-invites-latin-americas-rightwing-leaders-to-florida-summit
2026-03-08 05:13:03,500 - INFO - [The Guardian] Attempt 1/1: Trying with 'requests_browser' strategy...
2026-03-08 05:13:03,529 - INFO - [The Guardian] Success with 'requests_browser'. Found content (1025 words).
2026-03-08 05:13:03,570 - INFO - Duplicate article skipped: ‘An ideological guest list’: Trump invites Latin America’s rightwing leaders to Florida summit | Americas | The Guardian from The Guardian
2026-03-08 05:13:03,938 - INFO - Selenium driver initialized successfully.
2026-03-08 05:13:03,939 - INFO - Selenium driver initialized successfully.
2026-03-08 05:13:03,939 - INFO - Starting scrape for The Hindu RSS feed: https://www.thehindu.com/news/national/feeder/default.rss
2026-03-08 05:13:03,939 - INFO - Starting scrape for Times of India RSS feed: https://timesofindia.indiatimes.com/rssfeeds/296589292.cms
2026-03-08 05:13:04,048 - INFO - Found 20 articles in Times of India RSS feed. Processing up to 10.
2026-03-08 05:13:04,048 - INFO - [Times of India] Article: https://timesofindia.indiatimes.com/world/middle-east/us-israel-iran-war-news-live-udates-middle-east-crisis-conflict-drone-ballistic-missile-attacks-explosions-flights-status-dubai-uae-qatar-tehran-gulf-donald-trump-netanyahu-khamenei/liveblog/129190174.cms
2026-03-08 05:13:04,048 - INFO - [Times of India] Attempt 1/1: Trying with 'selenium_browser' strategy...
2026-03-08 05:13:04,156 - INFO - Found 100 articles in The Hindu RSS feed. Processing up to 10.
2026-03-08 05:13:04,157 - INFO - [The Hindu] Article: https://www.thehindu.com/news/national/international-womens-day-leaders-messages-droupadi-murmu-pm-modi/article70718121.ece
2026-03-08 05:13:04,157 - INFO - [The Hindu] Attempt 1/1: Trying with 'selenium_browser' strategy...
2026-03-08 05:13:04,293 - INFO - [The Guardian] Article: https://www.theguardian.com/global-development/2026/mar/06/peruvian-state-responsible-for-mothers-death-in-forced-sterilisation-court-rules
2026-03-08 05:13:04,293 - INFO - [The Guardian] Attempt 1/1: Trying with 'requests_browser' strategy...
2026-03-08 05:13:04,512 - INFO - [The Guardian] Success with 'requests_browser'. Found content (533 words).
2026-03-08 05:13:04,564 - INFO - Duplicate article skipped: Peruvian state responsible for mother’s death in forced sterilisation, court rules | Global development | The Guardian from The Guardian
2026-03-08 05:13:04,634 - INFO - [BBC] Article: https://www.bbc.com/news/articles/c5yvw0zwpd5o?at_medium=RSS&at_campaign=rss
2026-03-08 05:13:04,634 - INFO - [BBC] Attempt 1/1: Trying with 'requests_browser' strategy...
2026-03-08 05:13:04,677 - INFO - [BBC] Success with 'requests_browser'. Found content (1093 words).
2026-03-08 05:13:04,733 - INFO - Duplicate article skipped: China spent years building ties in Latin America. Can Trump make room for the US? from BBC
2026-03-08 05:13:09,820 - INFO - [The Hindu] Page content loaded.
2026-03-08 05:13:09,927 - INFO - [The Hindu] Success with 'selenium_browser'. Found content (139 words).
2026-03-08 05:13:10,005 - INFO - Saved article: International Women's Day 2026: Educated, empowered women pillars of progressive nation, says President Droupadi Murmu - The Hindu from The Hindu
2026-03-08 05:13:10,545 - INFO - [The Hindu] Article: https://www.thehindu.com/news/cities/chennai/in-chennai-a-former-commissioners-name-lives-on-in-different-forms/article70718085.ece
2026-03-08 05:13:10,545 - INFO - [The Hindu] Attempt 1/1: Trying with 'selenium_browser' strategy...
2026-03-08 05:13:17,146 - INFO - [The Hindu] Page content loaded.
2026-03-08 05:13:17,245 - INFO - [The Hindu] Success with 'selenium_browser'. Found content (376 words).
2026-03-08 05:13:17,446 - INFO - Saved article: Tamil Nadu: In Chennai, a former Commissioner’s name lives on, in different forms - The Hindu from The Hindu
2026-03-08 05:13:18,545 - INFO - [The Hindu] Article: https://www.thehindu.com/news/cities/Delhi/mercury-rises-across-north-delhi-records-highest-maximum-temperature-for-first-week-of-march-in-50-years/article70718054.ece
2026-03-08 05:13:18,546 - INFO - [The Hindu] Attempt 1/1: Trying with 'selenium_browser' strategy...
2026-03-08 05:13:21,577 - INFO - [The Hindu] Page content loaded.
2026-03-08 05:13:21,676 - INFO - [The Hindu] Success with 'selenium_browser'. Found content (511 words).
2026-03-08 05:13:21,748 - INFO - Saved article: Weather Updates: Mercury rises across north; Delhi records highest maximum temperature for first week of March in 50 years - The Hindu from The Hindu
2026-03-08 05:13:22,609 - INFO - [The Hindu] Article: https://www.thehindu.com/sci-tech/health/45-kashmir-students-up-to-class-12-report-sub-optimal-mental-wellbeing-due-to-social-media-study/article70715768.ece
2026-03-08 05:13:22,610 - INFO - [The Hindu] Attempt 1/1: Trying with 'selenium_browser' strategy...
2026-03-08 05:13:23,579 - INFO - [The Hindu] Page content loaded.
2026-03-08 05:13:23,679 - INFO - [The Hindu] Success with 'selenium_browser'. Found content (524 words).
2026-03-08 05:13:23,798 - INFO - Saved article: 45% Kashmir students up to Class 12 report sub-optimal mental well-being due to social media: study - The Hindu from The Hindu
2026-03-08 05:13:24,711 - INFO - [The Hindu] Article: https://www.thehindu.com/news/national/delhi-court-grants-two-week-interim-bail-to-al-falah-chairman-jawed-siddiqui-in-money-laundering-case/article70716950.ece
2026-03-08 05:13:24,711 - INFO - [The Hindu] Attempt 1/1: Trying with 'selenium_browser' strategy...
2026-03-08 05:13:25,772 - INFO - [The Hindu] Page content loaded.
2026-03-08 05:13:25,875 - INFO - [The Hindu] Success with 'selenium_browser'. Found content (505 words).
2026-03-08 05:13:26,000 - INFO - Saved article: Delhi court grants two-week interim bail to Al-Falah chairman Jawed Siddiqui in money laundering case - The Hindu from The Hindu
2026-03-08 05:13:27,289 - INFO - [The Hindu] Article: https://www.thehindu.com/news/national/karnataka/once-trapped-in-bonded-labour-now-stitching-a-livelihood-of-her-own/article70714747.ece
2026-03-08 05:13:27,289 - INFO - [The Hindu] Attempt 1/1: Trying with 'selenium_browser' strategy...
2026-03-08 05:13:28,630 - INFO - [The Hindu] Page content loaded.
2026-03-08 05:13:28,692 - INFO - [The Hindu] Success with 'selenium_browser'. Found content (629 words).
2026-03-08 05:13:28,790 - INFO - Saved article: Once trapped in bonded labour, now stitching a livelihood of her own - The Hindu from The Hindu
2026-03-08 05:13:29,710 - INFO - [The Hindu] Article: https://www.thehindu.com/sci-tech/science/women-in-stem-why-india-leaky-pipeline-in-research-unlike-rest-of-world/article70707220.ece
2026-03-08 05:13:29,711 - INFO - [The Hindu] Attempt 1/1: Trying with 'selenium_browser' strategy...
2026-03-08 05:13:30,796 - INFO - [The Hindu] Page content loaded.
2026-03-08 05:13:31,121 - INFO - [The Hindu] Success with 'selenium_browser'. Found content (935 words).
2026-03-08 05:13:31,273 - INFO - Duplicate article skipped: Why India’s ‘leaky pipeline’ in research is unlike the rest of the world - The Hindu from The Hindu
2026-03-08 05:13:32,472 - INFO - [The Hindu] Article: https://www.thehindu.com/news/national/uttarakhand/delhi-woman-hides-in-uttarakhand-forest-overnight-to-escape-rape-attempt-by-taxi-driver/article70717985.ece
2026-03-08 05:13:32,472 - INFO - [The Hindu] Attempt 1/1: Trying with 'selenium_browser' strategy...
2026-03-08 05:13:34,205 - INFO - [The Hindu] Page content loaded.
2026-03-08 05:13:34,334 - INFO - [The Hindu] Success with 'selenium_browser'. Found content (357 words).
2026-03-08 05:13:34,426 - INFO - Duplicate article skipped: Delhi woman hides in Uttarakhand forest overnight to escape rape by taxi driver - The Hindu from The Hindu
2026-03-08 05:13:35,382 - INFO - [The Hindu] Article: https://www.thehindu.com/news/national/karnataka/many-colorectal-cancer-patients-in-india-diagnosed-at-advanced-stage-finds-kidwai-study/article70708271.ece
2026-03-08 05:13:35,382 - INFO - [The Hindu] Attempt 1/1: Trying with 'selenium_browser' strategy...
2026-03-08 05:13:36,639 - INFO - [The Hindu] Page content loaded.
2026-03-08 05:13:36,842 - INFO - [The Hindu] Success with 'selenium_browser'. Found content (606 words).
2026-03-08 05:13:36,929 - INFO - Duplicate article skipped: Many colorectal cancer patients in India diagnosed at advanced stage, finds Kidwai study - The Hindu from The Hindu
2026-03-08 05:13:38,307 - INFO - [The Hindu] Article: https://www.thehindu.com/news/national/tamil-nadu/onwards-and-upwards-women-of-tamil-nadu-claim-their-space-in-local-administration/article70715224.ece
2026-03-08 05:13:38,307 - INFO - [The Hindu] Attempt 1/1: Trying with 'selenium_browser' strategy...
2026-03-08 05:13:39,888 - INFO - [The Hindu] Page content loaded.
2026-03-08 05:13:40,228 - INFO - [The Hindu] Success with 'selenium_browser'. Found content (1802 words).
2026-03-08 05:13:40,350 - INFO - Duplicate article skipped: Onwards and upwards: women of Tamil Nadu claim their space in local administration - The Hindu from The Hindu
2026-03-08 05:13:41,200 - INFO - [The Hindu] (Thread) Finished. Attempting to shut down its Selenium driver.
2026-03-08 05:13:41,448 - INFO - [The Hindu] (Thread) driver.quit() successful.
2026-03-08 05:14:04,067 - ERROR - [Times of India] Request failed for strategy 'selenium_browser' on URL https://timesofindia.indiatimes.com/world/middle-east/us-israel-iran-war-news-live-udates-middle-east-crisis-conflict-drone-ballistic-missile-attacks-explosions-flights-status-dubai-uae-qatar-tehran-gulf-donald-trump-netanyahu-khamenei/liveblog/129190174.cms: Message: timeout: Timed out receiving message from renderer: 59.751
  (Session info: chrome=145.0.7632.116)
Stacktrace:
#0 0x55e35ec97b6a <unknown>
#1 0x55e35e6aaa32 <unknown>
#2 0x55e35e692007 <unknown>
#3 0x55e35e691c16 <unknown>
#4 0x55e35e68f731 <unknown>
#5 0x55e35e6900bf <unknown>
#6 0x55e35e69f560 <unknown>
#7 0x55e35e6b9707 <unknown>
#8 0x55e35e6c08db <unknown>
#9 0x55e35e690829 <unknown>
#10 0x55e35e6b949c <unknown>
#11 0x55e35e7486e1 <unknown>
#12 0x55e35e6f1c0f <unknown>
#13 0x55e35e6f29d1 <unknown>
#14 0x55e35ec5c6b9 <unknown>
#15 0x55e35ec5f5c1 <unknown>
#16 0x55e35ec48e29 <unknown>
#17 0x55e35ec6017e <unknown>
#18 0x55e35ec2f4b0 <unknown>
#19 0x55e35ec84578 <unknown>
#20 0x55e35ec8474b <unknown>
#21 0x55e35ec961a3 <unknown>
#22 0x7fd4eba9caa4 <unknown>
#23 0x7fd4ebb29c6c <unknown>

2026-03-08 05:14:04,067 - ERROR - [Times of India] All scrape strategies failed for https://timesofindia.indiatimes.com/world/middle-east/us-israel-iran-war-news-live-udates-middle-east-crisis-conflict-drone-ballistic-missile-attacks-explosions-flights-status-dubai-uae-qatar-tehran-gulf-donald-trump-netanyahu-khamenei/liveblog/129190174.cms. Falling back to RSS description.
2026-03-08 05:14:04,068 - INFO - Duplicate article skipped: US-Israel-Iran War Live Updates: 'They got caught on wrong side of events': Jaishankar on Iran ship struck by US in Indian Ocean from Times of India
2026-03-08 05:14:05,089 - INFO - [Times of India] Article: https://timesofindia.indiatimes.com/world/south-asia/nepal-elections-results-2026-live-updates-voting-poll-result-balen-shah-rastriya-swatantra-party-win-20-seats-latest-news-updates/liveblog/129192622.cms
2026-03-08 05:14:05,089 - INFO - [Times of India] Attempt 1/1: Trying with 'selenium_browser' strategy...
2026-03-08 05:15:05,107 - ERROR - [Times of India] Request failed for strategy 'selenium_browser' on URL https://timesofindia.indiatimes.com/world/south-asia/nepal-elections-results-2026-live-updates-voting-poll-result-balen-shah-rastriya-swatantra-party-win-20-seats-latest-news-updates/liveblog/129192622.cms: Message: timeout: Timed out receiving message from renderer: 59.740
  (Session info: chrome=145.0.7632.116)
Stacktrace:
#0 0x55e35ec97b6a <unknown>
#1 0x55e35e6aaa32 <unknown>
#2 0x55e35e692007 <unknown>
#3 0x55e35e691c16 <unknown>
#4 0x55e35e68f731 <unknown>
#5 0x55e35e6900bf <unknown>
#6 0x55e35e69f560 <unknown>
#7 0x55e35e6b9707 <unknown>
#8 0x55e35e6c08db <unknown>
#9 0x55e35e690829 <unknown>
#10 0x55e35e6b949c <unknown>
#11 0x55e35e7486e1 <unknown>
#12 0x55e35e6f1c0f <unknown>
#13 0x55e35e6f29d1 <unknown>
#14 0x55e35ec5c6b9 <unknown>
#15 0x55e35ec5f5c1 <unknown>
#16 0x55e35ec48e29 <unknown>
#17 0x55e35ec6017e <unknown>
#18 0x55e35ec2f4b0 <unknown>
#19 0x55e35ec84578 <unknown>
#20 0x55e35ec8474b <unknown>
#21 0x55e35ec961a3 <unknown>
#22 0x7fd4eba9caa4 <unknown>
#23 0x7fd4ebb29c6c <unknown>

2026-03-08 05:15:05,107 - ERROR - [Times of India] All scrape strategies failed for https://timesofindia.indiatimes.com/world/south-asia/nepal-elections-results-2026-live-updates-voting-poll-result-balen-shah-rastriya-swatantra-party-win-20-seats-latest-news-updates/liveblog/129192622.cms. Falling back to RSS description.
2026-03-08 05:15:05,107 - INFO - Duplicate article skipped: Nepal Election Results 2026 Live: Balen Shah’s RSP leads on 98 seats, rivals trail far behind from Times of India
2026-03-08 05:15:06,498 - INFO - [Times of India] Article: https://timesofindia.indiatimes.com/world/us/not-helping-them-much-trump-downplays-reports-of-russia-sharing-intel-with-iran/articleshow/129248115.cms
2026-03-08 05:15:06,498 - INFO - [Times of India] Attempt 1/1: Trying with 'selenium_browser' strategy...
2026-03-08 05:15:07,571 - INFO - [Times of India] Page content loaded.
2026-03-08 05:15:07,730 - INFO - [Times of India] Success with 'selenium_browser'. Found content (554 words).
2026-03-08 05:15:07,871 - INFO - Saved article: 'Not helping them much': Trump downplays reports of Russia sharing intel with Iran - The Times of India from Times of India
2026-03-08 05:15:08,550 - INFO - [Times of India] Article: https://timesofindia.indiatimes.com/world/middle-east/khamenei-gone-but-regime-change-in-iran-unlikely-us-intelligence-warns-report/articleshow/129246814.cms
2026-03-08 05:15:08,550 - INFO - [Times of India] Attempt 1/1: Trying with 'selenium_browser' strategy...
2026-03-08 05:15:09,620 - INFO - [Times of India] Page content loaded.
2026-03-08 05:15:09,786 - INFO - [Times of India] Success with 'selenium_browser'. Found content (1043 words).
2026-03-08 05:15:09,850 - INFO - Duplicate article skipped: Khamenei gone but regime change in Iran 'unlikely', US intelligence warns — report - The Times of India from Times of India
2026-03-08 05:15:10,514 - INFO - [Times of India] Article: https://timesofindia.indiatimes.com/world/middle-east/forgive-us-uae-president-mohamed-bin-zayed-al-nahyan-sends-emotional-message-amid-iran-vs-us-israel-war/articleshow/129245694.cms
2026-03-08 05:15:10,514 - INFO - [Times of India] Attempt 1/1: Trying with 'selenium_browser' strategy...
2026-03-08 05:15:11,434 - INFO - [Times of India] Page content loaded.
2026-03-08 05:15:11,549 - INFO - [Times of India] Success with 'selenium_browser'. Found content (1019 words).
2026-03-08 05:15:11,617 - INFO - Duplicate article skipped: 'Forgive us': UAE President Mohamed bin Zayed Al Nahyan sends emotional message amid Iran vs US-Israel war - The Times of India from Times of India
2026-03-08 05:15:12,776 - INFO - [Times of India] Article: https://timesofindia.indiatimes.com/world/china/china-tells-at-risk-people-to-undergo-cancer-screening/articleshow/129246324.cms
2026-03-08 05:15:12,776 - INFO - [Times of India] Attempt 1/1: Trying with 'selenium_browser' strategy...
2026-03-08 05:15:13,759 - INFO - [Times of India] Page content loaded.
2026-03-08 05:15:13,939 - INFO - [Times of India] Success with 'selenium_browser'. Found content (89 words).
2026-03-08 05:15:13,993 - INFO - Duplicate article skipped: China tells at-risk people to undergo cancer screening - The Times of India from Times of India
2026-03-08 05:15:15,359 - INFO - [Times of India] Article: https://timesofindia.indiatimes.com/world/middle-east/gulf-crisis-now-kuwait-announces-cuts-in-oil-refining-output/articleshow/129246154.cms
2026-03-08 05:15:15,360 - INFO - [Times of India] Attempt 1/1: Trying with 'selenium_browser' strategy...
2026-03-08 05:15:16,492 - INFO - [Times of India] Page content loaded.
2026-03-08 05:15:16,608 - INFO - [Times of India] Success with 'selenium_browser'. Found content (141 words).
2026-03-08 05:15:16,675 - INFO - Duplicate article skipped: Gulf crisis: Now, Kuwait announces cuts in oil, refining output - The Times of India from Times of India
2026-03-08 05:15:17,779 - INFO - [Times of India] Article: https://timesofindia.indiatimes.com/world/middle-east/middle-east-conflict-iran-struck-high-value-us-radar-systems-in-gulf-show-satellite-images/articleshow/129245710.cms
2026-03-08 05:15:17,779 - INFO - [Times of India] Attempt 1/1: Trying with 'selenium_browser' strategy...
2026-03-08 05:15:19,023 - INFO - [Times of India] Page content loaded.
2026-03-08 05:15:19,152 - INFO - [Times of India] Success with 'selenium_browser'. Found content (438 words).
2026-03-08 05:15:19,211 - INFO - Duplicate article skipped: Middle East conflict: Iran ‘struck’ high-value US radar systems in Gulf, show satellite images - The Times of India from Times of India
2026-03-08 05:15:20,049 - INFO - [Times of India] Article: https://timesofindia.indiatimes.com/world/china/china-asserts-need-for-more-power-as-donald-trump-embraces-war/articleshow/129245359.cms
2026-03-08 05:15:20,049 - INFO - [Times of India] Attempt 1/1: Trying with 'selenium_browser' strategy...
2026-03-08 05:15:21,017 - INFO - [Times of India] Page content loaded.
2026-03-08 05:15:21,178 - INFO - [Times of India] Success with 'selenium_browser'. Found content (242 words).
2026-03-08 05:15:21,274 - INFO - Duplicate article skipped: China asserts need for more power as Donald Trump embraces war - The Times of India from Times of India
2026-03-08 05:15:22,036 - INFO - [Times of India] Article: https://timesofindia.indiatimes.com/world/middle-east/uae-dubai-confirms-driver-killed-after-debris-from-intercepted-missile-strikes-car-in-al-barsha-amid-iran-vs-us-israel-war/articleshow/129244551.cms
2026-03-08 05:15:22,036 - INFO - [Times of India] Attempt 1/1: Trying with 'selenium_browser' strategy...
2026-03-08 05:15:23,083 - INFO - [Times of India] Page content loaded.
2026-03-08 05:15:23,214 - INFO - [Times of India] Success with 'selenium_browser'. Found content (1137 words).
2026-03-08 05:15:23,308 - INFO - Duplicate article skipped: UAE: Dubai confirms driver killed after debris from intercepted missile strikes car in Al Barsha amid Iran vs US-Israel war - The Times of India from Times of India
2026-03-08 05:15:23,845 - INFO - [Times of India] (Thread) Finished. Attempting to shut down its Selenium driver.
2026-03-08 05:15:24,087 - INFO - [Times of India] (Thread) driver.quit() successful.
2026-03-08 05:15:24,087 - INFO - Shutting down thread pool (wait=False)...
2026-03-08 05:15:24,087 - INFO - Scraped: 1 Times of India, 0 The Guardian, 0 BBC, 6 The Hindu articles. (Total saved: 7)
2026-03-08 05:15:24,087 - INFO - --- Scraping job finished ---
2026-03-08 05:15:24,095 - INFO - --- Scraper service stopped and database connection closed. ---
2026-03-08 05:15:24,095 - INFO - --- Main thread finished. Forcing process exit to kill zombie threads. ---
