2026-03-13 05:16:09,298 - INFO - Initializing database connection at: news_articles.db
2026-03-13 05:16:09,299 - INFO - --- Scraper service started (CI Mode: Run Once) ---
2026-03-13 05:16:09,299 - INFO - --- Starting new scraping job (Parallel Mode) ---
2026-03-13 05:16:09,299 - INFO - Creating new robust session with 3 retries on 5xx/connection/read errors.
2026-03-13 05:16:09,299 - INFO - Proxy is DISABLED.
2026-03-13 05:16:09,300 - INFO - Starting scrape for BBC RSS feed: http://feeds.bbci.co.uk/news/world/rss.xml
2026-03-13 05:16:09,300 - INFO - [Times of India] (Thread) requires Selenium. Initializing driver...
2026-03-13 05:16:09,300 - INFO - Initializing headless Selenium Chrome driver (using SeleniumManager)...
2026-03-13 05:16:09,300 - INFO - Starting scrape for The Guardian RSS feed: https://www.theguardian.com/world/rss
2026-03-13 05:16:09,301 - INFO - [The Hindu] (Thread) requires Selenium. Initializing driver...
2026-03-13 05:16:09,301 - INFO - Initializing headless Selenium Chrome driver (using SeleniumManager)...
2026-03-13 05:16:09,301 - INFO - Submitted 4 jobs to thread pool. Waiting up to 300s for completion...
2026-03-13 05:16:09,420 - INFO - Found 45 articles in The Guardian RSS feed. Processing up to 10.
2026-03-13 05:16:09,420 - INFO - [The Guardian] Article: https://www.theguardian.com/us-news/2026/mar/12/trump-immigration-deportations-eswatini
2026-03-13 05:16:09,420 - INFO - [The Guardian] Attempt 1/1: Trying with 'requests_browser' strategy...
2026-03-13 05:16:09,473 - INFO - [The Guardian] Success with 'requests_browser'. Found content (528 words).
2026-03-13 05:16:09,510 - INFO - Duplicate article skipped: Eswatini says it received more ‘third country’ deportees as part of deal with Trump administration | Trump administration | The Guardian from The Guardian
2026-03-13 05:16:09,526 - INFO - Found 34 articles in BBC RSS feed. Processing up to 10.
2026-03-13 05:16:09,526 - INFO - [BBC] Article: https://www.bbc.com/news/articles/c1e9yy84we8o?at_medium=RSS&at_campaign=rss
2026-03-13 05:16:09,526 - INFO - [BBC] Attempt 1/1: Trying with 'requests_browser' strategy...
2026-03-13 05:16:09,707 - INFO - [BBC] Success with 'requests_browser'. Found content (2472 words).
2026-03-13 05:16:09,776 - INFO - Duplicate article skipped: Mission accomplished? The 2003 boast that haunts today's Iran conflict from BBC
2026-03-13 05:16:10,664 - INFO - [The Guardian] Article: https://www.theguardian.com/global-development/2026/mar/12/uk-government-axes-flagship-global-health-project
2026-03-13 05:16:10,664 - INFO - [The Guardian] Attempt 1/1: Trying with 'requests_browser' strategy...
2026-03-13 05:16:10,786 - INFO - [The Guardian] Success with 'requests_browser'. Found content (626 words).
2026-03-13 05:16:10,860 - INFO - Duplicate article skipped: UK government axes flagship global health project | Global development | The Guardian from The Guardian
2026-03-13 05:16:11,169 - INFO - [BBC] Article: https://www.bbc.com/news/articles/cdxg599655vo?at_medium=RSS&at_campaign=rss
2026-03-13 05:16:11,170 - INFO - [BBC] Attempt 1/1: Trying with 'requests_browser' strategy...
2026-03-13 05:16:11,216 - INFO - [BBC] Success with 'requests_browser'. Found content (596 words).
2026-03-13 05:16:11,247 - INFO - Selenium driver initialized successfully.
2026-03-13 05:16:11,247 - INFO - Starting scrape for Times of India RSS feed: https://timesofindia.indiatimes.com/rssfeeds/296589292.cms
2026-03-13 05:16:11,248 - INFO - Selenium driver initialized successfully.
2026-03-13 05:16:11,249 - INFO - Starting scrape for The Hindu RSS feed: https://www.thehindu.com/news/national/feeder/default.rss
2026-03-13 05:16:11,275 - INFO - Duplicate article skipped: Iran's new Supreme Leader vows to continue blocking Strait of Hormuz from BBC
2026-03-13 05:16:11,386 - INFO - Found 100 articles in The Hindu RSS feed. Processing up to 10.
2026-03-13 05:16:11,386 - INFO - [The Hindu] Article: https://www.thehindu.com/news/national/karnataka/six-mps-urge-centre-to-include-reservation-act-of-karnataka-in-ninth-schedule/article70736059.ece
2026-03-13 05:16:11,386 - INFO - [The Hindu] Attempt 1/1: Trying with 'selenium_browser' strategy...
2026-03-13 05:16:11,439 - INFO - Found 20 articles in Times of India RSS feed. Processing up to 10.
2026-03-13 05:16:11,439 - INFO - [Times of India] Article: https://timesofindia.indiatimes.com/world/middle-east/uae-news-police-crack-down-on-modified-cars-and-bikes-over-loud-explosion-sounds-amid-ongoing-regional-tensions/articleshow/129537903.cms
2026-03-13 05:16:11,439 - INFO - [Times of India] Attempt 1/1: Trying with 'selenium_browser' strategy...
2026-03-13 05:16:11,714 - INFO - [The Guardian] Article: https://www.theguardian.com/global-development/2026/mar/12/invasive-ai-led-mass-surveillance-in-africa-violating-freedoms-warn-experts
2026-03-13 05:16:11,714 - INFO - [The Guardian] Attempt 1/1: Trying with 'requests_browser' strategy...
2026-03-13 05:16:11,759 - INFO - [The Guardian] Success with 'requests_browser'. Found content (621 words).
2026-03-13 05:16:11,822 - INFO - Duplicate article skipped: ‘Invasive’ AI-led mass surveillance in Africa violating freedoms, warn experts | Global development | The Guardian from The Guardian
2026-03-13 05:16:12,024 - INFO - [BBC] Article: https://www.bbc.com/news/articles/cdxzzqye9w0o?at_medium=RSS&at_campaign=rss
2026-03-13 05:16:12,024 - INFO - [BBC] Attempt 1/1: Trying with 'requests_browser' strategy...
2026-03-13 05:16:12,113 - INFO - [BBC] Success with 'requests_browser'. Found content (1054 words).
2026-03-13 05:16:12,203 - INFO - Duplicate article skipped: French vote tests polarised electorate with right hoping to win control of Paris from BBC
2026-03-13 05:16:12,375 - INFO - [The Guardian] Article: https://www.theguardian.com/world/2026/mar/11/at-least-17-killed-after-drone-strikes-school-in-sudan
2026-03-13 05:16:12,376 - INFO - [The Guardian] Attempt 1/1: Trying with 'requests_browser' strategy...
2026-03-13 05:16:12,452 - INFO - [The Guardian] Success with 'requests_browser'. Found content (363 words).
2026-03-13 05:16:12,523 - INFO - Duplicate article skipped: At least 17 killed after drone strikes school in Sudan | Sudan | The Guardian from The Guardian
2026-03-13 05:16:12,801 - INFO - [BBC] Article: https://www.bbc.com/news/articles/cy8lzn2ejpjo?at_medium=RSS&at_campaign=rss
2026-03-13 05:16:12,801 - INFO - [BBC] Attempt 1/1: Trying with 'requests_browser' strategy...
2026-03-13 05:16:12,943 - INFO - [BBC] Success with 'requests_browser'. Found content (518 words).
2026-03-13 05:16:13,020 - INFO - Duplicate article skipped: Emirati minister tells BBC Iran must end strikes on Gulf from BBC
2026-03-13 05:16:13,232 - INFO - [The Guardian] Article: https://www.theguardian.com/world/2026/mar/11/drone-attack-goma-eastern-democratic-republic-of-the-congo-m23-rebels
2026-03-13 05:16:13,232 - INFO - [The Guardian] Attempt 1/1: Trying with 'requests_browser' strategy...
2026-03-13 05:16:13,335 - INFO - [The Guardian] Success with 'requests_browser'. Found content (551 words).
2026-03-13 05:16:13,636 - INFO - Duplicate article skipped: French aid worker among three killed in drone strike in east DRC, M23 rebels say | Democratic Republic of the Congo | The Guardian from The Guardian
2026-03-13 05:16:13,941 - INFO - [BBC] Article: https://www.bbc.com/news/articles/c8jxnjvjkg7o?at_medium=RSS&at_campaign=rss
2026-03-13 05:16:13,941 - INFO - [BBC] Attempt 1/1: Trying with 'requests_browser' strategy...
2026-03-13 05:16:14,062 - INFO - [BBC] Success with 'requests_browser'. Found content (421 words).
2026-03-13 05:16:14,189 - INFO - Duplicate article skipped: Nepal: Rapper-politician Balendra Shah's party wins Nepal election from BBC
2026-03-13 05:16:14,622 - INFO - [The Guardian] Article: https://www.theguardian.com/world/2026/mar/12/two-plasma-donors-die-private-canada-clinics
2026-03-13 05:16:14,622 - INFO - [The Guardian] Attempt 1/1: Trying with 'requests_browser' strategy...
2026-03-13 05:16:14,714 - INFO - [The Guardian] Success with 'requests_browser'. Found content (1291 words).
2026-03-13 05:16:14,859 - INFO - Duplicate article skipped: Two people die after donating plasma at Canadian clinics under federal investigation | Canada | The Guardian from The Guardian
2026-03-13 05:16:15,477 - INFO - [The Guardian] Article: https://www.theguardian.com/world/2026/mar/12/quit-fossil-fuels-to-stem-deadly-floods-in-brazils-coffee-heartland-say-scientists
2026-03-13 05:16:15,477 - INFO - [The Guardian] Attempt 1/1: Trying with 'requests_browser' strategy...
2026-03-13 05:16:15,576 - INFO - [The Guardian] Success with 'requests_browser'. Found content (723 words).
2026-03-13 05:16:15,589 - INFO - [BBC] Article: https://www.bbc.com/news/articles/cm2xrz71zm3o?at_medium=RSS&at_campaign=rss
2026-03-13 05:16:15,589 - INFO - [BBC] Attempt 1/1: Trying with 'requests_browser' strategy...
2026-03-13 05:16:15,862 - INFO - Duplicate article skipped: Quit fossil fuels to stem deadly floods in Brazil’s coffee heartland, say scientists | Extreme weather | The Guardian from The Guardian
2026-03-13 05:16:15,885 - INFO - [BBC] Success with 'requests_browser'. Found content (636 words).
2026-03-13 05:16:16,083 - INFO - Duplicate article skipped: Israel drops charges against soldiers accused of abusing Gaza detainee from BBC
2026-03-13 05:16:16,568 - INFO - [The Guardian] Article: https://www.theguardian.com/world/2026/mar/11/el-salvador-mass-incarceration-crimes-against-humanity-study
2026-03-13 05:16:16,568 - INFO - [The Guardian] Attempt 1/1: Trying with 'requests_browser' strategy...
2026-03-13 05:16:16,809 - INFO - [The Guardian] Success with 'requests_browser'. Found content (594 words).
2026-03-13 05:16:16,939 - INFO - Duplicate article skipped: El Salvador’s mass arrest policy may have led to crimes against humanity, study shows | El Salvador | The Guardian from The Guardian
2026-03-13 05:16:17,435 - INFO - [BBC] Article: https://www.bbc.com/news/articles/ce3g0vz223no?at_medium=RSS&at_campaign=rss
2026-03-13 05:16:17,436 - INFO - [BBC] Attempt 1/1: Trying with 'requests_browser' strategy...
2026-03-13 05:16:17,523 - INFO - [The Guardian] Article: https://www.theguardian.com/world/2026/mar/11/argentina-asylum-brasil-elections
2026-03-13 05:16:17,524 - INFO - [The Guardian] Attempt 1/1: Trying with 'requests_browser' strategy...
2026-03-13 05:16:17,847 - INFO - [BBC] Success with 'requests_browser'. Found content (1277 words).
2026-03-13 05:16:17,975 - INFO - [The Guardian] Success with 'requests_browser'. Found content (685 words).
2026-03-13 05:16:18,148 - INFO - [The Hindu] Page content loaded.
2026-03-13 05:16:18,525 - INFO - Duplicate article skipped: Argentina grants asylum to Brasília rioter in move that may sway Brazil vote | Argentina | The Guardian from The Guardian
2026-03-13 05:16:18,533 - INFO - Duplicate article skipped: Strait of Hormuz: Sailors stranded on ships due to Iran war from BBC
2026-03-13 05:16:19,240 - INFO - [The Hindu] Success with 'selenium_browser'. Found content (531 words).
2026-03-13 05:16:19,259 - INFO - [BBC] Article: https://www.bbc.com/news/articles/cpqw0jgn5xgo?at_medium=RSS&at_campaign=rss
2026-03-13 05:16:19,259 - INFO - [BBC] Attempt 1/1: Trying with 'requests_browser' strategy...
2026-03-13 05:16:19,525 - INFO - [BBC] Success with 'requests_browser'. Found content (595 words).
2026-03-13 05:16:19,640 - INFO - Saved article: 6 MPs urge Centre to include reservation Act of Karnataka in Ninth Schedule - The Hindu from The Hindu
2026-03-13 05:16:19,737 - INFO - [The Guardian] Article: https://www.theguardian.com/world/2026/mar/11/jose-antonio-kast-pinochet-fan-chile-far-right
2026-03-13 05:16:19,738 - INFO - [The Guardian] Attempt 1/1: Trying with 'requests_browser' strategy...
2026-03-13 05:16:19,771 - INFO - Duplicate article skipped: France's ghost car scandal that allowed one million illegal vehicles onto the roads from BBC
2026-03-13 05:16:20,010 - INFO - [The Guardian] Success with 'requests_browser'. Found content (1085 words).
2026-03-13 05:16:20,168 - INFO - [The Hindu] Article: https://www.thehindu.com/news/national/karnataka/gmit-to-hold-21st-convocation-in-davanagere-on-march-14/article70735599.ece
2026-03-13 05:16:20,168 - INFO - [The Hindu] Attempt 1/1: Trying with 'selenium_browser' strategy...
2026-03-13 05:16:20,211 - INFO - Duplicate article skipped: José Antonio Kast, the Pinochet fan about to swerve Chile to the far right | Chile | The Guardian from The Guardian
2026-03-13 05:16:21,245 - INFO - [BBC] Article: https://www.bbc.com/news/articles/c5y4e3pzvl0o?at_medium=RSS&at_campaign=rss
2026-03-13 05:16:21,245 - INFO - [BBC] Attempt 1/1: Trying with 'requests_browser' strategy...
2026-03-13 05:16:21,357 - INFO - [BBC] Success with 'requests_browser'. Found content (339 words).
2026-03-13 05:16:21,554 - INFO - Duplicate article skipped: Parents accused of hiding daughter's HIV infection and neglect from BBC
2026-03-13 05:16:22,624 - INFO - [BBC] Article: https://www.bbc.com/news/articles/cp9meeek051o?at_medium=RSS&at_campaign=rss
2026-03-13 05:16:22,624 - INFO - [BBC] Attempt 1/1: Trying with 'requests_browser' strategy...
2026-03-13 05:16:22,754 - INFO - [BBC] Success with 'requests_browser'. Found content (786 words).
2026-03-13 05:16:22,892 - INFO - Duplicate article skipped: China approves 'ethnic unity' law requiring minorities to learn Mandarin from BBC
2026-03-13 05:16:23,655 - INFO - [The Hindu] Page content loaded.
2026-03-13 05:16:23,880 - INFO - [The Hindu] Success with 'selenium_browser'. Found content (262 words).
2026-03-13 05:16:24,090 - INFO - Saved article: GMIT to hold 21st convocation in Davanagere on March 14 - The Hindu from The Hindu
2026-03-13 05:16:25,510 - INFO - [The Hindu] Article: https://www.thehindu.com/news/national/andhra-pradesh/on-the-streets-for-survival/article70736092.ece
2026-03-13 05:16:25,510 - INFO - [The Hindu] Attempt 1/1: Trying with 'selenium_browser' strategy...
2026-03-13 05:16:29,415 - INFO - [The Hindu] Page content loaded.
2026-03-13 05:16:30,108 - INFO - [The Hindu] Success with 'selenium_browser'. Found content (2203 words).
2026-03-13 05:16:30,445 - INFO - Saved article: On the streets for survival - The Hindu from The Hindu
2026-03-13 05:16:31,748 - INFO - [The Hindu] Article: https://www.thehindu.com/news/national/karnataka/niti-aayog-praises-kalaburagi-district-in-karnataka-for-achieving-100-institutional-deliveries/article70735749.ece
2026-03-13 05:16:31,748 - INFO - [The Hindu] Attempt 1/1: Trying with 'selenium_browser' strategy...
2026-03-13 05:17:11,461 - ERROR - [Times of India] Request failed for strategy 'selenium_browser' on URL https://timesofindia.indiatimes.com/world/middle-east/uae-news-police-crack-down-on-modified-cars-and-bikes-over-loud-explosion-sounds-amid-ongoing-regional-tensions/articleshow/129537903.cms: Message: timeout: Timed out receiving message from renderer: 59.965
  (Session info: chrome=145.0.7632.116)
Stacktrace:
#0 0x55fabca38b6a <unknown>
#1 0x55fabc44ba32 <unknown>
#2 0x55fabc433007 <unknown>
#3 0x55fabc432c16 <unknown>
#4 0x55fabc430731 <unknown>
#5 0x55fabc4310bf <unknown>
#6 0x55fabc440560 <unknown>
#7 0x55fabc45a707 <unknown>
#8 0x55fabc4618db <unknown>
#9 0x55fabc431829 <unknown>
#10 0x55fabc45a49c <unknown>
#11 0x55fabc4e96e1 <unknown>
#12 0x55fabc492c0f <unknown>
#13 0x55fabc4939d1 <unknown>
#14 0x55fabc9fd6b9 <unknown>
#15 0x55fabca005c1 <unknown>
#16 0x55fabc9e9e29 <unknown>
#17 0x55fabca0117e <unknown>
#18 0x55fabc9d04b0 <unknown>
#19 0x55fabca25578 <unknown>
#20 0x55fabca2574b <unknown>
#21 0x55fabca371a3 <unknown>
#22 0x7f468789caa4 <unknown>
#23 0x7f4687929c6c <unknown>

2026-03-13 05:17:11,461 - ERROR - [Times of India] All scrape strategies failed for https://timesofindia.indiatimes.com/world/middle-east/uae-news-police-crack-down-on-modified-cars-and-bikes-over-loud-explosion-sounds-amid-ongoing-regional-tensions/articleshow/129537903.cms. Falling back to RSS description.
2026-03-13 05:17:11,464 - INFO - Saved article: UAE News: Police crack down on modified cars and bikes over loud ‘explosion’ sounds amid ongoing regional tensions from Times of India
2026-03-13 05:17:12,274 - INFO - [Times of India] Article: https://timesofindia.indiatimes.com/world/middle-east/no-life-insurance-netanyahus-stark-warning-to-irans-new-supreme-leader-mojtaba-khamenei-a-puppet-dig/articleshow/129536715.cms
2026-03-13 05:17:12,274 - INFO - [Times of India] Attempt 1/1: Trying with 'selenium_browser' strategy...
2026-03-13 05:17:31,769 - ERROR - [The Hindu] Request failed for strategy 'selenium_browser' on URL https://www.thehindu.com/news/national/karnataka/niti-aayog-praises-kalaburagi-district-in-karnataka-for-achieving-100-institutional-deliveries/article70735749.ece: Message: timeout: Timed out receiving message from renderer: 59.194
  (Session info: chrome=145.0.7632.116)
Stacktrace:
#0 0x55e5b900fb6a <unknown>
#1 0x55e5b8a22a32 <unknown>
#2 0x55e5b8a0a007 <unknown>
#3 0x55e5b8a09c16 <unknown>
#4 0x55e5b8a07731 <unknown>
#5 0x55e5b8a080bf <unknown>
#6 0x55e5b8a17560 <unknown>
#7 0x55e5b8a31707 <unknown>
#8 0x55e5b8a388db <unknown>
#9 0x55e5b8a08829 <unknown>
#10 0x55e5b8a3149c <unknown>
#11 0x55e5b8ac06e1 <unknown>
#12 0x55e5b8a69c0f <unknown>
#13 0x55e5b8a6a9d1 <unknown>
#14 0x55e5b8fd46b9 <unknown>
#15 0x55e5b8fd75c1 <unknown>
#16 0x55e5b8fc0e29 <unknown>
#17 0x55e5b8fd817e <unknown>
#18 0x55e5b8fa74b0 <unknown>
#19 0x55e5b8ffc578 <unknown>
#20 0x55e5b8ffc74b <unknown>
#21 0x55e5b900e1a3 <unknown>
#22 0x7f874289caa4 <unknown>
#23 0x7f8742929c6c <unknown>

2026-03-13 05:17:31,769 - ERROR - [The Hindu] All scrape strategies failed for https://www.thehindu.com/news/national/karnataka/niti-aayog-praises-kalaburagi-district-in-karnataka-for-achieving-100-institutional-deliveries/article70735749.ece. Falling back to RSS description.
2026-03-13 05:17:31,771 - INFO - Saved article: NITI Aayog praises Kalaburagi district in Karnataka for achieving 100% institutional deliveries from The Hindu
2026-03-13 05:17:32,875 - INFO - [The Hindu] Article: https://www.thehindu.com/news/cities/Hyderabad/advance-reservations-open-for-kamakhyacharlapalli-amrit-bharat-weekly-express/article70736270.ece
2026-03-13 05:17:32,875 - INFO - [The Hindu] Attempt 1/1: Trying with 'selenium_browser' strategy...
2026-03-13 05:17:34,416 - INFO - [The Hindu] Page content loaded.
2026-03-13 05:17:34,515 - INFO - [The Hindu] Success with 'selenium_browser'. Found content (118 words).
2026-03-13 05:17:34,742 - INFO - Saved article: Advance reservations open for Kamakhya–Charlapalli Amrit Bharat weekly express - The Hindu from The Hindu
2026-03-13 05:17:35,846 - INFO - [The Hindu] Article: https://www.thehindu.com/news/national/karnataka/all-crest-gates-of-tungabhadra-dam-to-be-replaced-by-may-karnataka-deputy-cm-dk-shivakumar/article70734813.ece
2026-03-13 05:17:35,846 - INFO - [The Hindu] Attempt 1/1: Trying with 'selenium_browser' strategy...
2026-03-13 05:17:37,406 - INFO - [The Hindu] Page content loaded.
2026-03-13 05:17:37,494 - INFO - [The Hindu] Success with 'selenium_browser'. Found content (396 words).
2026-03-13 05:17:37,582 - INFO - Saved article: All crest gates of Tungabhadra dam to be replaced by May: Karnataka Deputy CM - The Hindu from The Hindu
2026-03-13 05:17:38,997 - INFO - [The Hindu] Article: https://www.thehindu.com/news/cities/Hyderabad/neighbourhood-clinics-on-crutches/article70737975.ece
2026-03-13 05:17:38,997 - INFO - [The Hindu] Attempt 1/1: Trying with 'selenium_browser' strategy...
2026-03-13 05:17:40,441 - INFO - [The Hindu] Page content loaded.
2026-03-13 05:17:40,544 - INFO - [The Hindu] Success with 'selenium_browser'. Found content (121 words).
2026-03-13 05:17:40,644 - INFO - Saved article: Neighbourhood clinics on crutches - The Hindu from The Hindu
2026-03-13 05:17:41,681 - INFO - [The Hindu] Article: https://www.thehindu.com/news/national/karnataka/kalaburagi-bengaluru-vande-bharat-express-train-completes-two-years-of-service-records-occupancy-rate-of-10352-in-2026/article70735654.ece
2026-03-13 05:17:41,681 - INFO - [The Hindu] Attempt 1/1: Trying with 'selenium_browser' strategy...
2026-03-13 05:17:43,231 - INFO - [The Hindu] Page content loaded.
2026-03-13 05:17:43,298 - INFO - [The Hindu] Success with 'selenium_browser'. Found content (280 words).
2026-03-13 05:17:43,400 - INFO - Saved article: Kalaburagi-Bengaluru Vande Bharat Express completes two years, records 103.52% occupancy in 2026 - The Hindu from The Hindu
2026-03-13 05:17:44,003 - INFO - [The Hindu] Article: https://www.thehindu.com/news/national/telangana/river-rejuvenation-plans-to-be-presented-at-musi-invites-event-today-telangana-cm-to-unveil-proposals/article70737967.ece
2026-03-13 05:17:44,003 - INFO - [The Hindu] Attempt 1/1: Trying with 'selenium_browser' strategy...
2026-03-13 05:17:46,539 - INFO - [The Hindu] Page content loaded.
2026-03-13 05:17:46,595 - INFO - [The Hindu] Success with 'selenium_browser'. Found content (161 words).
2026-03-13 05:17:46,653 - INFO - Saved article: River rejuvenation plans to be presented at ‘Musi Invites’ event today; Telangana CM to unveil proposals - The Hindu from The Hindu
2026-03-13 05:17:47,403 - INFO - [The Hindu] Article: https://www.thehindu.com/news/national/west-bengal/formerwest-bengal-governor-ananda-bose-buries-hatchet-with-educationists-forum-head-omprakash-mishra/article70735845.ece
2026-03-13 05:17:47,403 - INFO - [The Hindu] Attempt 1/1: Trying with 'selenium_browser' strategy...
2026-03-13 05:17:51,835 - INFO - [The Hindu] Page content loaded.
2026-03-13 05:17:52,052 - INFO - [The Hindu] Success with 'selenium_browser'. Found content (345 words).
2026-03-13 05:17:52,293 - INFO - Saved article: Former West Bengal Governor Ananda Bose buries hatchet with Educationists’ Forum head Omprakash Mishra - The Hindu from The Hindu
2026-03-13 05:17:53,212 - INFO - [The Hindu] (Thread) Finished. Attempting to shut down its Selenium driver.
2026-03-13 05:17:53,393 - INFO - [The Hindu] (Thread) driver.quit() successful.
2026-03-13 05:18:12,301 - ERROR - [Times of India] Request failed for strategy 'selenium_browser' on URL https://timesofindia.indiatimes.com/world/middle-east/no-life-insurance-netanyahus-stark-warning-to-irans-new-supreme-leader-mojtaba-khamenei-a-puppet-dig/articleshow/129536715.cms: Message: timeout: Timed out receiving message from renderer: 59.938
  (Session info: chrome=145.0.7632.116)
Stacktrace:
#0 0x55fabca38b6a <unknown>
#1 0x55fabc44ba32 <unknown>
#2 0x55fabc433007 <unknown>
#3 0x55fabc432c16 <unknown>
#4 0x55fabc430731 <unknown>
#5 0x55fabc4310bf <unknown>
#6 0x55fabc440560 <unknown>
#7 0x55fabc45a707 <unknown>
#8 0x55fabc4618db <unknown>
#9 0x55fabc431829 <unknown>
#10 0x55fabc45a49c <unknown>
#11 0x55fabc4e96e1 <unknown>
#12 0x55fabc492c0f <unknown>
#13 0x55fabc4939d1 <unknown>
#14 0x55fabc9fd6b9 <unknown>
#15 0x55fabca005c1 <unknown>
#16 0x55fabc9e9e29 <unknown>
#17 0x55fabca0117e <unknown>
#18 0x55fabc9d04b0 <unknown>
#19 0x55fabca25578 <unknown>
#20 0x55fabca2574b <unknown>
#21 0x55fabca371a3 <unknown>
#22 0x7f468789caa4 <unknown>
#23 0x7f4687929c6c <unknown>

2026-03-13 05:18:12,301 - ERROR - [Times of India] All scrape strategies failed for https://timesofindia.indiatimes.com/world/middle-east/no-life-insurance-netanyahus-stark-warning-to-irans-new-supreme-leader-mojtaba-khamenei-a-puppet-dig/articleshow/129536715.cms. Falling back to RSS description.
2026-03-13 05:18:12,303 - INFO - Saved article: 'No life insurance': Netanyahu's stark warning to Iran's new supreme leader Mojtaba Khamenei &amp; a 'puppet' dig from Times of India
2026-03-13 05:18:12,987 - INFO - [Times of India] Article: https://timesofindia.indiatimes.com/world/middle-east/not-going-to-close-irans-un-envoy-contradicts-mojtaba-khamenei-over-strait-of-hormuz-remarks/articleshow/129535437.cms
2026-03-13 05:18:12,987 - INFO - [Times of India] Attempt 1/1: Trying with 'selenium_browser' strategy...
2026-03-13 05:18:19,067 - INFO - [Times of India] Page content loaded.
2026-03-13 05:18:19,398 - INFO - [Times of India] Success with 'selenium_browser'. Found content (334 words).
2026-03-13 05:18:19,567 - INFO - Saved article: ‘Not going to close’: Iran’s UN envoy contradicts Mojtaba Khamenei over Strait of Hormuz remarks - The Times of India from Times of India
2026-03-13 05:18:20,882 - INFO - [Times of India] Article: https://timesofindia.indiatimes.com/world/rest-of-world/acknowledging-the-obvious-russia-reacts-to-us-waiver-on-oil-amid-iran-war/articleshow/129535565.cms
2026-03-13 05:18:20,882 - INFO - [Times of India] Attempt 1/1: Trying with 'selenium_browser' strategy...
2026-03-13 05:18:22,717 - INFO - [Times of India] Page content loaded.
2026-03-13 05:18:22,955 - INFO - [Times of India] Success with 'selenium_browser'. Found content (344 words).
2026-03-13 05:18:23,065 - INFO - Saved article: ‘Acknowledging the obvious’: Russia reacts to US waiver on oil amid Iran war - The Times of India from Times of India
2026-03-13 05:18:24,151 - INFO - [Times of India] Article: https://timesofindia.indiatimes.com/science/astronomers-uncover-evidence-of-two-planets-colliding-in-a-distant-solar-system/articleshow/129518843.cms
2026-03-13 05:18:24,151 - INFO - [Times of India] Attempt 1/1: Trying with 'selenium_browser' strategy...
2026-03-13 05:18:26,043 - INFO - [Times of India] Page content loaded.
2026-03-13 05:18:26,230 - INFO - [Times of India] Success with 'selenium_browser'. Found content (581 words).
2026-03-13 05:18:26,320 - INFO - Saved article: Astronomers uncover evidence of two planets colliding in a distant solar system | - The Times of India from Times of India
2026-03-13 05:18:27,212 - INFO - [Times of India] Article: https://timesofindia.indiatimes.com/science/most-beautiful-galaxies-ever-captured-by-nasa-telescopes/photostory/129522352.cms
2026-03-13 05:18:27,212 - INFO - [Times of India] Attempt 1/1: Trying with 'selenium_browser' strategy...
2026-03-13 05:18:28,528 - INFO - [Times of India] Page content loaded.
2026-03-13 05:18:28,739 - INFO - [Times of India] Success with 'selenium_browser'. Found content (702 words).
2026-03-13 05:18:28,834 - INFO - Saved article: Most beautiful galaxies ever captured by NASA telescopes from Times of India
2026-03-13 05:18:30,166 - INFO - [Times of India] Article: https://timesofindia.indiatimes.com/world/south-asia/pakistan-strikes-afghanistan-again-killing-4-homes-in-kabul-hit-in-attack/articleshow/129534987.cms
2026-03-13 05:18:30,166 - INFO - [Times of India] Attempt 1/1: Trying with 'selenium_browser' strategy...
2026-03-13 05:18:31,515 - INFO - [Times of India] Page content loaded.
2026-03-13 05:18:31,672 - INFO - [Times of India] Success with 'selenium_browser'. Found content (236 words).
2026-03-13 05:18:31,734 - INFO - Saved article: Pakistan strikes Afghanistan's Kabul; bombs fuel depot of private airline near Kandahar airport - The Times of India from Times of India
2026-03-13 05:18:32,593 - INFO - [Times of India] Article: https://timesofindia.indiatimes.com/world/us/who-was-behind-the-us-synagogue-attack-dhs-names-lebanon-born-ayman-mohamad-ghazali/articleshow/129533827.cms
2026-03-13 05:18:32,593 - INFO - [Times of India] Attempt 1/1: Trying with 'selenium_browser' strategy...
2026-03-13 05:18:33,595 - INFO - [Times of India] Page content loaded.
2026-03-13 05:18:33,768 - INFO - [Times of India] Success with 'selenium_browser'. Found content (361 words).
2026-03-13 05:18:33,837 - INFO - Saved article: Who was behind the US synagogue attack? DHS names Lebanon-born Ayman Mohamad Ghazali - The Times of India from Times of India
2026-03-13 05:18:35,015 - INFO - [Times of India] Article: https://timesofindia.indiatimes.com/world/us/they-were-going-to-take-over-middle-east-trump-says-iran-had-1200-missiles-pointed-at-four-countries/articleshow/129533119.cms
2026-03-13 05:18:35,015 - INFO - [Times of India] Attempt 1/1: Trying with 'selenium_browser' strategy...
2026-03-13 05:18:37,132 - INFO - [Times of India] Page content loaded.
2026-03-13 05:18:37,235 - INFO - [Times of India] Success with 'selenium_browser'. Found content (343 words).
2026-03-13 05:18:37,297 - INFO - Saved article: 'They were going to take over Middle East': Trump says Iran had 1,200 missiles pointed at four countries - The Times of India from Times of India
2026-03-13 05:18:38,522 - INFO - [Times of India] Article: https://timesofindia.indiatimes.com/world/middle-east/up-to-90-discounts-dubai-shoppers-rush-to-ramadan-super-sale-at-festival-city-mall-before-eid-2026/articleshow/129532953.cms
2026-03-13 05:18:38,522 - INFO - [Times of India] Attempt 1/1: Trying with 'selenium_browser' strategy...
2026-03-13 05:18:40,833 - INFO - [Times of India] Page content loaded.
2026-03-13 05:18:41,034 - INFO - [Times of India] Success with 'selenium_browser'. Found content (629 words).
2026-03-13 05:18:41,094 - INFO - Saved article: Up to 90% discounts: Dubai shoppers rush to Ramadan Super Sale at Festival City Mall before Eid 2026 - The Times of India from Times of India
2026-03-13 05:18:41,781 - INFO - [Times of India] (Thread) Finished. Attempting to shut down its Selenium driver.
2026-03-13 05:18:41,995 - INFO - [Times of India] (Thread) driver.quit() successful.
2026-03-13 05:18:41,995 - INFO - Shutting down thread pool (wait=False)...
2026-03-13 05:18:41,996 - INFO - Scraped: 10 Times of India, 0 BBC, 10 The Hindu, 0 The Guardian articles. (Total saved: 20)
2026-03-13 05:18:41,996 - INFO - --- Scraping job finished ---
2026-03-13 05:18:42,001 - INFO - --- Scraper service stopped and database connection closed. ---
2026-03-13 05:18:42,001 - INFO - --- Main thread finished. Forcing process exit to kill zombie threads. ---
