2026-03-10 05:13:27,690 - INFO - Initializing database connection at: news_articles.db
2026-03-10 05:13:27,691 - INFO - --- Scraper service started (CI Mode: Run Once) ---
2026-03-10 05:13:27,691 - INFO - --- Starting new scraping job (Parallel Mode) ---
2026-03-10 05:13:27,691 - INFO - Creating new robust session with 3 retries on 5xx/connection/read errors.
2026-03-10 05:13:27,691 - INFO - Proxy is DISABLED.
2026-03-10 05:13:27,692 - INFO - Starting scrape for BBC RSS feed: http://feeds.bbci.co.uk/news/world/rss.xml
2026-03-10 05:13:27,692 - INFO - [Times of India] (Thread) requires Selenium. Initializing driver...
2026-03-10 05:13:27,692 - INFO - Initializing headless Selenium Chrome driver (using SeleniumManager)...
2026-03-10 05:13:27,693 - INFO - Starting scrape for The Guardian RSS feed: https://www.theguardian.com/world/rss
2026-03-10 05:13:27,693 - INFO - [The Hindu] (Thread) requires Selenium. Initializing driver...
2026-03-10 05:13:27,695 - INFO - Initializing headless Selenium Chrome driver (using SeleniumManager)...
2026-03-10 05:13:27,696 - INFO - Submitted 4 jobs to thread pool. Waiting up to 300s for completion...
2026-03-10 05:13:27,812 - INFO - Found 45 articles in The Guardian RSS feed. Processing up to 10.
2026-03-10 05:13:27,812 - INFO - [The Guardian] Article: https://www.theguardian.com/world/2026/mar/07/descendants-of-zimbabwe-resistance-heroes-urge-uk-to-locate-looted-skulls
2026-03-10 05:13:27,812 - INFO - [The Guardian] Attempt 1/1: Trying with 'requests_browser' strategy...
2026-03-10 05:13:27,848 - INFO - [The Guardian] Success with 'requests_browser'. Found content (878 words).
2026-03-10 05:13:27,901 - INFO - Duplicate article skipped: Descendants of Zimbabwe resistance heroes urge UK to locate looted skulls | Zimbabwe | The Guardian from The Guardian
2026-03-10 05:13:27,926 - INFO - Found 32 articles in BBC RSS feed. Processing up to 10.
2026-03-10 05:13:27,926 - INFO - [BBC] Article: https://www.bbc.com/news/articles/c78xxg05w0zo?at_medium=RSS&at_campaign=rss
2026-03-10 05:13:27,926 - INFO - [BBC] Attempt 1/1: Trying with 'requests_browser' strategy...
2026-03-10 05:13:28,263 - INFO - [BBC] Success with 'requests_browser'. Found content (803 words).
2026-03-10 05:13:28,303 - INFO - Duplicate article skipped: Who is Mojtaba Khamenei, Iran's new supreme leader? from BBC
2026-03-10 05:13:28,612 - INFO - [The Guardian] Article: https://www.theguardian.com/global-development/2026/mar/06/generic-drugs-weight-loss-semaglutide-ozempic-wegovy-diabetes-obesity-study
2026-03-10 05:13:28,612 - INFO - [The Guardian] Attempt 1/1: Trying with 'requests_browser' strategy...
2026-03-10 05:13:28,639 - INFO - [The Guardian] Success with 'requests_browser'. Found content (612 words).
2026-03-10 05:13:28,674 - INFO - Duplicate article skipped: Weight-loss jab could be made for $3 a month, study finds | Global health | The Guardian from The Guardian
2026-03-10 05:13:29,179 - INFO - [BBC] Article: https://www.bbc.com/news/articles/cdr24g1p3vpo?at_medium=RSS&at_campaign=rss
2026-03-10 05:13:29,179 - INFO - [BBC] Attempt 1/1: Trying with 'requests_browser' strategy...
2026-03-10 05:13:29,212 - INFO - [BBC] Success with 'requests_browser'. Found content (346 words).
2026-03-10 05:13:29,248 - INFO - Duplicate article skipped: Georgia school teacher is killed in toilet paper prank gone wrong from BBC
2026-03-10 05:13:29,560 - INFO - [The Guardian] Article: https://www.theguardian.com/world/2026/mar/05/three-men-deported-us-eswatini-legal-case-detention
2026-03-10 05:13:29,560 - INFO - [The Guardian] Attempt 1/1: Trying with 'requests_browser' strategy...
2026-03-10 05:13:29,587 - INFO - [The Guardian] Success with 'requests_browser'. Found content (520 words).
2026-03-10 05:13:29,623 - INFO - Duplicate article skipped: Three men deported by US file legal case against Eswatini over detention | Eswatini | The Guardian from The Guardian
2026-03-10 05:13:30,475 - INFO - [The Guardian] Article: https://www.theguardian.com/world/2026/mar/05/south-africa-president-cyril-ramaphosa-calls-donald-trump-policy-white-afrikaners-racist
2026-03-10 05:13:30,475 - INFO - [The Guardian] Attempt 1/1: Trying with 'requests_browser' strategy...
2026-03-10 05:13:30,501 - INFO - [The Guardian] Success with 'requests_browser'. Found content (410 words).
2026-03-10 05:13:30,524 - INFO - [BBC] Article: https://www.bbc.com/news/articles/c79542n0grwo?at_medium=RSS&at_campaign=rss
2026-03-10 05:13:30,529 - INFO - [BBC] Attempt 1/1: Trying with 'requests_browser' strategy...
2026-03-10 05:13:30,537 - INFO - Duplicate article skipped: South Africa’s president calls Trump’s policy to offer refuge to white Afrikaners ‘racist’ | South Africa | The Guardian from The Guardian
2026-03-10 05:13:30,580 - INFO - [BBC] Success with 'requests_browser'. Found content (1018 words).
2026-03-10 05:13:30,622 - INFO - Duplicate article skipped: G7 to take 'necessary measures' to support energy supplies from BBC
2026-03-10 05:13:31,773 - INFO - [BBC] Article: https://www.bbc.com/news/articles/c93j2l32lzgo?at_medium=RSS&at_campaign=rss
2026-03-10 05:13:31,773 - INFO - [BBC] Attempt 1/1: Trying with 'requests_browser' strategy...
2026-03-10 05:13:31,806 - INFO - [BBC] Success with 'requests_browser'. Found content (550 words).
2026-03-10 05:13:31,843 - INFO - Duplicate article skipped: Hundreds of teenagers report for duty as Croatia reinstates conscription from BBC
2026-03-10 05:13:31,867 - INFO - [The Guardian] Article: https://www.theguardian.com/sport/2026/mar/05/lewis-hamilton-race-africa-grand-prix-retiring-formula-one-colonial
2026-03-10 05:13:31,867 - INFO - [The Guardian] Attempt 1/1: Trying with 'requests_browser' strategy...
2026-03-10 05:13:31,892 - INFO - [The Guardian] Success with 'requests_browser'. Found content (409 words).
2026-03-10 05:13:31,925 - INFO - Duplicate article skipped: Lewis Hamilton sets sights on racing in an African grand prix before retiring | Lewis Hamilton | The Guardian from The Guardian
2026-03-10 05:13:32,652 - INFO - [BBC] Article: https://www.bbc.com/news/articles/cy8lwnyj40eo?at_medium=RSS&at_campaign=rss
2026-03-10 05:13:32,652 - INFO - [BBC] Attempt 1/1: Trying with 'requests_browser' strategy...
2026-03-10 05:13:32,680 - INFO - [BBC] Success with 'requests_browser'. Found content (289 words).
2026-03-10 05:13:32,714 - INFO - Duplicate article skipped: Naveed Akram: Alleged Bondi gunman seeks court order to suppress family's identity from BBC
2026-03-10 05:13:32,971 - INFO - [The Guardian] Article: https://www.theguardian.com/world/2026/mar/09/canada-ice-shelf-rescue-fishers-ontario
2026-03-10 05:13:32,972 - INFO - [The Guardian] Attempt 1/1: Trying with 'requests_browser' strategy...
2026-03-10 05:13:32,998 - INFO - [The Guardian] Success with 'requests_browser'. Found content (515 words).
2026-03-10 05:13:33,059 - INFO - Duplicate article skipped: ‘We thought we were doomed’: Canadian fishers in dramatic rescue after ice shelf floats away | Canada | The Guardian from The Guardian
2026-03-10 05:13:33,259 - INFO - [BBC] Article: https://www.bbc.com/news/articles/cnv69zp3z4ro?at_medium=RSS&at_campaign=rss
2026-03-10 05:13:33,259 - INFO - [BBC] Attempt 1/1: Trying with 'requests_browser' strategy...
2026-03-10 05:13:33,291 - INFO - [BBC] Success with 'requests_browser'. Found content (382 words).
2026-03-10 05:13:33,329 - INFO - Duplicate article skipped: Canada's Carney calls three by-elections that could grant him a majority from BBC
2026-03-10 05:13:34,109 - INFO - [The Guardian] Article: https://www.theguardian.com/world/2026/mar/09/mexican-cartels-guns-come-from-us-sheinbaum-trump
2026-03-10 05:13:34,109 - INFO - [The Guardian] Attempt 1/1: Trying with 'requests_browser' strategy...
2026-03-10 05:13:34,136 - INFO - [The Guardian] Success with 'requests_browser'. Found content (393 words).
2026-03-10 05:13:34,169 - INFO - Duplicate article skipped: Sheinbaum tells Trump: stop illegal arms trade from the US to Mexico | Mexico | The Guardian from The Guardian
2026-03-10 05:13:34,250 - INFO - [BBC] Article: https://www.bbc.com/news/articles/c1w5yq924j1o?at_medium=RSS&at_campaign=rss
2026-03-10 05:13:34,251 - INFO - [BBC] Attempt 1/1: Trying with 'requests_browser' strategy...
2026-03-10 05:13:34,280 - INFO - [BBC] Success with 'requests_browser'. Found content (294 words).
2026-03-10 05:13:34,310 - INFO - Duplicate article skipped: New Zealand: Bag of cannabis and cash accidentally donated to NZ charity shop from BBC
2026-03-10 05:13:34,949 - INFO - [BBC] Article: https://www.bbc.com/news/articles/cjrqg80y57po?at_medium=RSS&at_campaign=rss
2026-03-10 05:13:34,949 - INFO - [BBC] Attempt 1/1: Trying with 'requests_browser' strategy...
2026-03-10 05:13:34,986 - INFO - [BBC] Success with 'requests_browser'. Found content (414 words).
2026-03-10 05:13:35,025 - INFO - Duplicate article skipped: Guinea opposition leader Diallo calls for 'direct resistance' as political parties dissolved from BBC
2026-03-10 05:13:35,170 - INFO - [The Guardian] Article: https://www.theguardian.com/world/2026/mar/08/haiti-immigrant-mexico-tapachula
2026-03-10 05:13:35,170 - INFO - [The Guardian] Attempt 1/1: Trying with 'requests_browser' strategy...
2026-03-10 05:13:35,214 - INFO - [The Guardian] Success with 'requests_browser'. Found content (2248 words).
2026-03-10 05:13:35,256 - INFO - Duplicate article skipped: ‘I am trying to live’: Haitians in Mexico seek community despite broken immigration systems | World news | The Guardian from The Guardian
2026-03-10 05:13:35,548 - INFO - [BBC] Article: https://www.bbc.com/news/articles/ce8wk563473o?at_medium=RSS&at_campaign=rss
2026-03-10 05:13:35,548 - INFO - [BBC] Attempt 1/1: Trying with 'requests_browser' strategy...
2026-03-10 05:13:35,579 - INFO - [BBC] Success with 'requests_browser'. Found content (327 words).
2026-03-10 05:13:35,612 - INFO - Duplicate article skipped: US embassy explosion in Oslo: Police release images of suspect from BBC
2026-03-10 05:13:36,256 - INFO - [The Guardian] Article: https://www.theguardian.com/world/2026/mar/08/british-columbia-canada-daylight-saving-time
2026-03-10 05:13:36,256 - INFO - [The Guardian] Attempt 1/1: Trying with 'requests_browser' strategy...
2026-03-10 05:13:36,286 - INFO - [The Guardian] Success with 'requests_browser'. Found content (601 words).
2026-03-10 05:13:36,319 - INFO - Duplicate article skipped: Time for a change: British Columbia decides to keep daylight saving time permanently | Canada | The Guardian from The Guardian
2026-03-10 05:13:36,746 - INFO - [BBC] Article: https://www.bbc.com/news/articles/cwy8e978xl8o?at_medium=RSS&at_campaign=rss
2026-03-10 05:13:36,746 - INFO - [BBC] Attempt 1/1: Trying with 'requests_browser' strategy...
2026-03-10 05:13:36,799 - INFO - [BBC] Success with 'requests_browser'. Found content (1505 words).
2026-03-10 05:13:36,845 - INFO - Duplicate article skipped: Five Iranian footballers granted Australian visas after anthem protest from BBC
2026-03-10 05:13:36,875 - INFO - Selenium driver initialized successfully.
2026-03-10 05:13:36,875 - INFO - Starting scrape for The Hindu RSS feed: https://www.thehindu.com/news/national/feeder/default.rss
2026-03-10 05:13:36,876 - INFO - Selenium driver initialized successfully.
2026-03-10 05:13:36,877 - INFO - Starting scrape for Times of India RSS feed: https://timesofindia.indiatimes.com/rssfeeds/296589292.cms
2026-03-10 05:13:36,927 - INFO - [The Guardian] Article: https://www.theguardian.com/world/2026/mar/07/peru-nightclub-bombing
2026-03-10 05:13:36,927 - INFO - [The Guardian] Attempt 1/1: Trying with 'requests_browser' strategy...
2026-03-10 05:13:36,952 - INFO - [The Guardian] Success with 'requests_browser'. Found content (288 words).
2026-03-10 05:13:36,986 - INFO - Duplicate article skipped: Bombing at nightclub in Peru injures 33 people, including minors | Peru | The Guardian from The Guardian
2026-03-10 05:13:37,004 - INFO - Found 100 articles in The Hindu RSS feed. Processing up to 10.
2026-03-10 05:13:37,005 - INFO - [The Hindu] Article: https://www.thehindu.com/news/national/uttar-pradesh/up-govt-signs-pact-with-hinduja-group-firm-to-expand-broadband-connectivity/article70725159.ece
2026-03-10 05:13:37,005 - INFO - [The Hindu] Attempt 1/1: Trying with 'selenium_browser' strategy...
2026-03-10 05:13:37,088 - INFO - Found 20 articles in Times of India RSS feed. Processing up to 10.
2026-03-10 05:13:37,089 - INFO - [Times of India] Article: https://timesofindia.indiatimes.com/world/us-israel-iran-war-news-live-udates-middle-east-crisis-conflict-drone-ballistic-missile-attacks-explosions-gulf-countries-flights-status-donald-trump-netanyahu-khamenei/liveblog/129370636.cms
2026-03-10 05:13:37,089 - INFO - [Times of India] Attempt 1/1: Trying with 'selenium_browser' strategy...
2026-03-10 05:13:42,145 - INFO - [The Hindu] Page content loaded.
2026-03-10 05:13:42,257 - INFO - [The Hindu] Success with 'selenium_browser'. Found content (357 words).
2026-03-10 05:13:42,363 - INFO - Saved article: UP govt signs pact with Hinduja Group firm to expand broadband connectivity - The Hindu from The Hindu
2026-03-10 05:13:42,885 - INFO - [The Hindu] Article: https://www.thehindu.com/business/Economy/oil-ministry-sets-up-panel-as-commercial-lpg-shortage-hits-hospitality-sector/article70725110.ece
2026-03-10 05:13:42,885 - INFO - [The Hindu] Attempt 1/1: Trying with 'selenium_browser' strategy...
2026-03-10 05:13:48,194 - INFO - [The Hindu] Page content loaded.
2026-03-10 05:13:48,278 - INFO - [The Hindu] Success with 'selenium_browser'. Found content (406 words).
2026-03-10 05:13:48,367 - INFO - Saved article: Oil Ministry sets up panel as commercial LPG shortage hits hospitality sector - The Hindu from The Hindu
2026-03-10 05:13:49,220 - INFO - [The Hindu] Article: https://www.thehindu.com/sci-tech/science/four-astronomy-facilities-announced-in-union-budget-to-cost-3500-crore-to-be-completed-over-a-period-of-three-to-13-years/article70722847.ece
2026-03-10 05:13:49,220 - INFO - [The Hindu] Attempt 1/1: Trying with 'selenium_browser' strategy...
2026-03-10 05:13:51,805 - INFO - [The Hindu] Page content loaded.
2026-03-10 05:13:52,007 - INFO - [The Hindu] Success with 'selenium_browser'. Found content (419 words).
2026-03-10 05:13:52,182 - INFO - Saved article: Four astronomy facilities announced in Union Budget to cost ₹3,500 crore, to be completed over a period of three to 13 years - The Hindu from The Hindu
2026-03-10 05:13:53,505 - INFO - [The Hindu] Article: https://www.thehindu.com/news/cities/Delhi/with-discharge-in-excise-case-kejriwal-is-back-to-win-lost-turf-and-hearts/article70725104.ece
2026-03-10 05:13:53,505 - INFO - [The Hindu] Attempt 1/1: Trying with 'selenium_browser' strategy...
2026-03-10 05:13:57,171 - INFO - [The Hindu] Page content loaded.
2026-03-10 05:13:57,646 - INFO - [The Hindu] Success with 'selenium_browser'. Found content (495 words).
2026-03-10 05:13:57,902 - INFO - Saved article: With discharge in excise case, Kejriwal is back to win lost turf and hearts - The Hindu from The Hindu
2026-03-10 05:13:58,639 - INFO - [The Hindu] Article: https://www.thehindu.com/news/national/karnataka/gulbarga-university-alumni-highlight-climate-change-impact-on-women/article70723366.ece
2026-03-10 05:13:58,639 - INFO - [The Hindu] Attempt 1/1: Trying with 'selenium_browser' strategy...
2026-03-10 05:14:00,255 - INFO - [The Hindu] Page content loaded.
2026-03-10 05:14:00,536 - INFO - [The Hindu] Success with 'selenium_browser'. Found content (213 words).
2026-03-10 05:14:00,735 - INFO - Saved article: Gulbarga University alumni highlight climate change impact on women - The Hindu from The Hindu
2026-03-10 05:14:01,890 - INFO - [The Hindu] Article: https://www.thehindu.com/news/national/parliament-budget-session-march-10-2026-live-updates-sets-stage-for-fiery-session/article70724985.ece
2026-03-10 05:14:01,890 - INFO - [The Hindu] Attempt 1/1: Trying with 'selenium_browser' strategy...
2026-03-10 05:14:06,380 - INFO - [The Hindu] Page content loaded.
2026-03-10 05:14:06,515 - INFO - [The Hindu] Success with 'selenium_browser'. Found content (91 words).
2026-03-10 05:14:06,651 - INFO - Saved article: Parliament Budget session LIVE: Lok Sabha likely to take up resolution on Om Birla's removal as Speaker - The Hindu from The Hindu
2026-03-10 05:14:07,581 - INFO - [The Hindu] Article: https://www.thehindu.com/news/national/chhattisgarh/chhattisgarh-congress-grills-bjp-on-opium-cultivation-issue/article70723070.ece
2026-03-10 05:14:07,582 - INFO - [The Hindu] Attempt 1/1: Trying with 'selenium_browser' strategy...
2026-03-10 05:14:09,219 - INFO - [The Hindu] Page content loaded.
2026-03-10 05:14:09,368 - INFO - [The Hindu] Success with 'selenium_browser'. Found content (600 words).
2026-03-10 05:14:09,569 - INFO - Saved article: Chhattisgarh: Congress grills BJP on opium cultivation issue - The Hindu from The Hindu
2026-03-10 05:14:10,804 - INFO - [The Hindu] Article: https://www.thehindu.com/news/national/karnataka/50-year-old-bengaluru-man-dies-by-suicide-after-loss-in-share-market/article70722367.ece
2026-03-10 05:14:10,804 - INFO - [The Hindu] Attempt 1/1: Trying with 'selenium_browser' strategy...
2026-03-10 05:14:11,718 - INFO - [The Hindu] Page content loaded.
2026-03-10 05:14:12,112 - INFO - [The Hindu] Success with 'selenium_browser'. Found content (153 words).
2026-03-10 05:14:12,209 - INFO - Saved article: Karnataka: 50-year-old Bengaluru man jumps in front of train after loss in share market - The Hindu from The Hindu
2026-03-10 05:14:13,710 - INFO - [The Hindu] Article: https://www.thehindu.com/news/national/assam/tea-workers-wage-hike-notified-in-poll-bound-assam/article70722974.ece
2026-03-10 05:14:13,710 - INFO - [The Hindu] Attempt 1/1: Trying with 'selenium_browser' strategy...
2026-03-10 05:14:14,747 - INFO - [The Hindu] Page content loaded.
2026-03-10 05:14:14,849 - INFO - [The Hindu] Success with 'selenium_browser'. Found content (513 words).
2026-03-10 05:14:14,992 - INFO - Saved article: Tea workers’ wage hike notified in poll-bound Assam - The Hindu from The Hindu
2026-03-10 05:14:16,452 - INFO - [The Hindu] Article: https://www.thehindu.com/news/national/punjab/haryana-cm-accuses-aap-government-in-punjab-of-indulging-in-election-time-freebie-politics/article70722862.ece
2026-03-10 05:14:16,452 - INFO - [The Hindu] Attempt 1/1: Trying with 'selenium_browser' strategy...
2026-03-10 05:14:18,626 - INFO - [The Hindu] Page content loaded.
2026-03-10 05:14:18,686 - INFO - [The Hindu] Success with 'selenium_browser'. Found content (317 words).
2026-03-10 05:14:18,753 - INFO - Saved article: Haryana CM Nayab Singh Saini accuses AAP government in Punjab of indulging in ‘election-time freebie politics’ - The Hindu from The Hindu
2026-03-10 05:14:19,471 - INFO - [The Hindu] (Thread) Finished. Attempting to shut down its Selenium driver.
2026-03-10 05:14:19,592 - INFO - [The Hindu] (Thread) driver.quit() successful.
2026-03-10 05:14:37,107 - ERROR - [Times of India] Request failed for strategy 'selenium_browser' on URL https://timesofindia.indiatimes.com/world/us-israel-iran-war-news-live-udates-middle-east-crisis-conflict-drone-ballistic-missile-attacks-explosions-gulf-countries-flights-status-donald-trump-netanyahu-khamenei/liveblog/129370636.cms: Message: timeout: Timed out receiving message from renderer: 59.700
  (Session info: chrome=145.0.7632.116)
Stacktrace:
#0 0x55eeaf520b6a <unknown>
#1 0x55eeaef33a32 <unknown>
#2 0x55eeaef1b007 <unknown>
#3 0x55eeaef1ac16 <unknown>
#4 0x55eeaef18731 <unknown>
#5 0x55eeaef190bf <unknown>
#6 0x55eeaef28560 <unknown>
#7 0x55eeaef42707 <unknown>
#8 0x55eeaef498db <unknown>
#9 0x55eeaef19829 <unknown>
#10 0x55eeaef4249c <unknown>
#11 0x55eeaefd16e1 <unknown>
#12 0x55eeaef7ac0f <unknown>
#13 0x55eeaef7b9d1 <unknown>
#14 0x55eeaf4e56b9 <unknown>
#15 0x55eeaf4e85c1 <unknown>
#16 0x55eeaf4d1e29 <unknown>
#17 0x55eeaf4e917e <unknown>
#18 0x55eeaf4b84b0 <unknown>
#19 0x55eeaf50d578 <unknown>
#20 0x55eeaf50d74b <unknown>
#21 0x55eeaf51f1a3 <unknown>
#22 0x7f6a19c9caa4 <unknown>
#23 0x7f6a19d29c6c <unknown>

2026-03-10 05:14:37,107 - ERROR - [Times of India] All scrape strategies failed for https://timesofindia.indiatimes.com/world/us-israel-iran-war-news-live-udates-middle-east-crisis-conflict-drone-ballistic-missile-attacks-explosions-gulf-countries-flights-status-donald-trump-netanyahu-khamenei/liveblog/129370636.cms. Falling back to RSS description.
2026-03-10 05:14:37,111 - INFO - Saved article: US-Israel-Iran War News Live Updates: UAE embassy in Iraq attacked, Hezbollah drones target Israel from Times of India
2026-03-10 05:14:38,206 - INFO - [Times of India] Article: https://timesofindia.indiatimes.com/science/humans-could-live-up-to-200-years-and-the-secret-may-lie-in-whales-study/articleshow/129352249.cms
2026-03-10 05:14:38,206 - INFO - [Times of India] Attempt 1/1: Trying with 'selenium_browser' strategy...
2026-03-10 05:14:42,630 - INFO - [Times of India] Page content loaded.
2026-03-10 05:14:42,881 - INFO - [Times of India] Success with 'selenium_browser'. Found content (546 words).
2026-03-10 05:14:42,989 - INFO - Saved article: Humans could live up to 200 years, and the secret may lie in whales: Study | - The Times of India from Times of India
2026-03-10 05:14:44,436 - INFO - [Times of India] Article: https://timesofindia.indiatimes.com/science/plastic-from-milk-scientists-create-eco-friendly-plastic-that-decomposes-in-just-13-weeks/articleshow/129346010.cms
2026-03-10 05:14:44,436 - INFO - [Times of India] Attempt 1/1: Trying with 'selenium_browser' strategy...
2026-03-10 05:14:45,260 - INFO - [Times of India] Page content loaded.
2026-03-10 05:14:45,515 - INFO - [Times of India] Success with 'selenium_browser'. Found content (530 words).
2026-03-10 05:14:45,622 - INFO - Saved article: Plastic from milk? Scientists create eco-friendly plastic that decomposes in just 13 weeks | - The Times of India from Times of India
2026-03-10 05:14:46,311 - INFO - [Times of India] Article: https://timesofindia.indiatimes.com/world/us/was-jd-vance-hesitant-on-iran-strike-trump-reveals-vps-stance/articleshow/129370470.cms
2026-03-10 05:14:46,311 - INFO - [Times of India] Attempt 1/1: Trying with 'selenium_browser' strategy...
2026-03-10 05:14:47,475 - INFO - [Times of India] Page content loaded.
2026-03-10 05:14:47,649 - INFO - [Times of India] Success with 'selenium_browser'. Found content (521 words).
2026-03-10 05:14:47,704 - INFO - Saved article: Was JD Vance hesitant on Iran strike? Trump reveals VP’s stance - The Times of India from Times of India
2026-03-10 05:14:48,431 - INFO - [Times of India] Article: https://timesofindia.indiatimes.com/etimes/trending/man-had-ten-nights-of-chilling-visions-showing-the-deadly-crash-of-flight-191-that-killed-273/articleshow/129368173.cms
2026-03-10 05:14:48,431 - INFO - [Times of India] Attempt 1/1: Trying with 'selenium_browser' strategy...
2026-03-10 05:14:50,186 - INFO - [Times of India] Page content loaded.
2026-03-10 05:14:50,321 - INFO - [Times of India] Success with 'selenium_browser'. Found content (1169 words).
2026-03-10 05:14:50,378 - INFO - Saved article: Man had ten nights of chilling visions showing the deadly crash of Flight 191 that killed 273 | - The Times of India from Times of India
2026-03-10 05:14:51,510 - INFO - [Times of India] Article: https://timesofindia.indiatimes.com/world/middle-east/us-israel-iran-war-news-live-udates-middle-east-crisis-conflict-drone-ballistic-missile-attacks-explosions-flights-status-dubai-uae-qatar-tehran-gulf-donald-trump-netanyahu-khamenei/liveblog/129286007.cms
2026-03-10 05:14:51,510 - INFO - [Times of India] Attempt 1/1: Trying with 'selenium_browser' strategy...
2026-03-10 05:14:53,447 - INFO - [Times of India] Page content loaded.
2026-03-10 05:14:53,985 - INFO - [Times of India] Success with 'selenium_browser'. Found content (848 words).
2026-03-10 05:14:54,246 - INFO - Duplicate article skipped: US-Israel-Iran War News Live Highlights: UAE embassy in Iraq attacked; Hezbollah drones target Israel - The Times of India from Times of India
2026-03-10 05:14:54,836 - INFO - [Times of India] Article: https://timesofindia.indiatimes.com/etimes/trending/20-year-old-declares-himself-first-gen-z-president-of-new-country-after-discovering-unclaimed-land/articleshow/129356746.cms
2026-03-10 05:14:54,836 - INFO - [Times of India] Attempt 1/1: Trying with 'selenium_browser' strategy...
2026-03-10 05:14:56,760 - INFO - [Times of India] Page content loaded.
2026-03-10 05:14:56,882 - INFO - [Times of India] Success with 'selenium_browser'. Found content (1673 words).
2026-03-10 05:14:56,942 - INFO - Duplicate article skipped: Daniel Jackson: 20-year-old declares himself first Gen Z president of new country after discovering unclaimed land | - The Times of India from Times of India
2026-03-10 05:14:58,101 - INFO - [Times of India] Article: https://timesofindia.indiatimes.com/world/us/parents-of-nyc-bomb-suspect-live-in-2-million-5800-square-foot-pennsylvania-home-and-are-naturalised-us-citizens/articleshow/129356457.cms
2026-03-10 05:14:58,101 - INFO - [Times of India] Attempt 1/1: Trying with 'selenium_browser' strategy...
2026-03-10 05:14:59,315 - INFO - [Times of India] Page content loaded.
2026-03-10 05:14:59,440 - INFO - [Times of India] Success with 'selenium_browser'. Found content (305 words).
2026-03-10 05:14:59,514 - INFO - Duplicate article skipped: Parents of NYC bomb suspect live in $2 million, 5,800-square-foot Pennsylvania home and are naturalised US citizens - The Times of India from Times of India
2026-03-10 05:15:00,980 - INFO - [Times of India] Article: https://timesofindia.indiatimes.com/world/us/new-rule-bans-foreigners-noncitizens-from-small-business-loans-to-take-effect-after-30-days/articleshow/129355574.cms
2026-03-10 05:15:00,980 - INFO - [Times of India] Attempt 1/1: Trying with 'selenium_browser' strategy...
2026-03-10 05:15:03,095 - INFO - [Times of India] Page content loaded.
2026-03-10 05:15:03,194 - INFO - [Times of India] Success with 'selenium_browser'. Found content (329 words).
2026-03-10 05:15:03,246 - INFO - Duplicate article skipped: New SBA rule bans foreigners, non‑citizens from taking small business loans; takes effect in 30 days - The Times of India from Times of India
2026-03-10 05:15:04,686 - INFO - [Times of India] Article: https://timesofindia.indiatimes.com/world/us/new-form-i-129-for-h-1b-cap-registration-explained-what-changes-as-uscis-seeks-clear-details-from-employers/articleshow/129354778.cms
2026-03-10 05:15:04,686 - INFO - [Times of India] Attempt 1/1: Trying with 'selenium_browser' strategy...
2026-03-10 05:15:05,975 - INFO - [Times of India] Page content loaded.
2026-03-10 05:15:06,148 - INFO - [Times of India] Success with 'selenium_browser'. Found content (314 words).
2026-03-10 05:15:06,201 - INFO - Duplicate article skipped: New Form I-129 for H-1B cap registration explained: What changes as USCIS seeks clear details from employers - The Times of India from Times of India
2026-03-10 05:15:06,980 - INFO - [Times of India] (Thread) Finished. Attempting to shut down its Selenium driver.
2026-03-10 05:15:07,169 - INFO - [Times of India] (Thread) driver.quit() successful.
2026-03-10 05:15:07,170 - INFO - Shutting down thread pool (wait=False)...
2026-03-10 05:15:07,170 - INFO - Scraped: 0 BBC, 0 The Guardian, 5 Times of India, 10 The Hindu articles. (Total saved: 15)
2026-03-10 05:15:07,170 - INFO - --- Scraping job finished ---
2026-03-10 05:15:07,175 - INFO - --- Scraper service stopped and database connection closed. ---
2026-03-10 05:15:07,175 - INFO - --- Main thread finished. Forcing process exit to kill zombie threads. ---
