2026-03-08 22:31:18,956 - INFO - Initializing database connection at: news_articles.db
2026-03-08 22:31:18,956 - INFO - --- Scraper service started (CI Mode: Run Once) ---
2026-03-08 22:31:18,956 - INFO - --- Starting new scraping job (Parallel Mode) ---
2026-03-08 22:31:18,956 - INFO - Creating new robust session with 3 retries on 5xx/connection/read errors.
2026-03-08 22:31:18,957 - INFO - Proxy is DISABLED.
2026-03-08 22:31:18,957 - INFO - Starting scrape for BBC RSS feed: http://feeds.bbci.co.uk/news/world/rss.xml
2026-03-08 22:31:18,958 - INFO - [Times of India] (Thread) requires Selenium. Initializing driver...
2026-03-08 22:31:18,958 - INFO - Initializing headless Selenium Chrome driver (using SeleniumManager)...
2026-03-08 22:31:18,959 - INFO - Starting scrape for The Guardian RSS feed: https://www.theguardian.com/world/rss
2026-03-08 22:31:18,959 - INFO - [The Hindu] (Thread) requires Selenium. Initializing driver...
2026-03-08 22:31:18,959 - INFO - Initializing headless Selenium Chrome driver (using SeleniumManager)...
2026-03-08 22:31:18,959 - INFO - Submitted 4 jobs to thread pool. Waiting up to 300s for completion...
2026-03-08 22:31:19,101 - INFO - Found 45 articles in The Guardian RSS feed. Processing up to 10.
2026-03-08 22:31:19,101 - INFO - [The Guardian] Article: https://www.theguardian.com/world/2026/mar/07/descendants-of-zimbabwe-resistance-heroes-urge-uk-to-locate-looted-skulls
2026-03-08 22:31:19,101 - INFO - [The Guardian] Attempt 1/1: Trying with 'requests_browser' strategy...
2026-03-08 22:31:19,145 - INFO - [The Guardian] Success with 'requests_browser'. Found content (878 words).
2026-03-08 22:31:19,183 - INFO - Duplicate article skipped: Descendants of Zimbabwe resistance heroes urge UK to locate looted skulls | Zimbabwe | The Guardian from The Guardian
2026-03-08 22:31:19,423 - INFO - Found 24 articles in BBC RSS feed. Processing up to 10.
2026-03-08 22:31:19,424 - INFO - [BBC] Article: https://www.bbc.com/news/articles/c78xxg05w0zo?at_medium=RSS&at_campaign=rss
2026-03-08 22:31:19,424 - INFO - [BBC] Attempt 1/1: Trying with 'requests_browser' strategy...
2026-03-08 22:31:19,984 - INFO - [The Guardian] Article: https://www.theguardian.com/global-development/2026/mar/06/generic-drugs-weight-loss-semaglutide-ozempic-wegovy-diabetes-obesity-study
2026-03-08 22:31:19,984 - INFO - [The Guardian] Attempt 1/1: Trying with 'requests_browser' strategy...
2026-03-08 22:31:20,033 - INFO - [The Guardian] Success with 'requests_browser'. Found content (612 words).
2026-03-08 22:31:20,071 - INFO - Duplicate article skipped: Weight-loss jab could be made for $3 a month, study finds | Global health | The Guardian from The Guardian
2026-03-08 22:31:20,074 - INFO - [BBC] Success with 'requests_browser'. Found content (795 words).
2026-03-08 22:31:20,137 - INFO - Saved article: Who is Mojtaba Khamenei, Iran's new supreme leader? from BBC
2026-03-08 22:31:20,850 - INFO - [BBC] Article: https://www.bbc.com/news/articles/cx2r1xldl1ko?at_medium=RSS&at_campaign=rss
2026-03-08 22:31:20,850 - INFO - [BBC] Attempt 1/1: Trying with 'requests_browser' strategy...
2026-03-08 22:31:20,903 - INFO - [BBC] Success with 'requests_browser'. Found content (715 words).
2026-03-08 22:31:20,946 - INFO - Duplicate article skipped: War fuels debate in Cyprus over UK military bases from BBC
2026-03-08 22:31:21,198 - INFO - [The Guardian] Article: https://www.theguardian.com/world/2026/mar/05/three-men-deported-us-eswatini-legal-case-detention
2026-03-08 22:31:21,198 - INFO - [The Guardian] Attempt 1/1: Trying with 'requests_browser' strategy...
2026-03-08 22:31:21,312 - INFO - [The Guardian] Success with 'requests_browser'. Found content (520 words).
2026-03-08 22:31:21,348 - INFO - Duplicate article skipped: Three men deported by US file legal case against Eswatini over detention | Eswatini | The Guardian from The Guardian
2026-03-08 22:31:22,162 - INFO - [The Guardian] Article: https://www.theguardian.com/world/2026/mar/05/south-africa-president-cyril-ramaphosa-calls-donald-trump-policy-white-afrikaners-racist
2026-03-08 22:31:22,162 - INFO - [The Guardian] Attempt 1/1: Trying with 'requests_browser' strategy...
2026-03-08 22:31:22,195 - INFO - [The Guardian] Success with 'requests_browser'. Found content (410 words).
2026-03-08 22:31:22,237 - INFO - Duplicate article skipped: South Africa’s president calls Trump’s policy to offer refuge to white Afrikaners ‘racist’ | South Africa | The Guardian from The Guardian
2026-03-08 22:31:22,382 - INFO - [BBC] Article: https://www.bbc.com/news/articles/c5yjegg892lo?at_medium=RSS&at_campaign=rss
2026-03-08 22:31:22,382 - INFO - [BBC] Attempt 1/1: Trying with 'requests_browser' strategy...
2026-03-08 22:31:22,417 - INFO - [BBC] Success with 'requests_browser'. Found content (352 words).
2026-03-08 22:31:22,454 - INFO - Duplicate article skipped: Explosion at US embassy in Oslo may have been terrorism, Norway police say from BBC
2026-03-08 22:31:23,665 - INFO - [BBC] Article: https://www.bbc.com/news/articles/crrxpwzvd5vo?at_medium=RSS&at_campaign=rss
2026-03-08 22:31:23,666 - INFO - [BBC] Attempt 1/1: Trying with 'requests_browser' strategy...
2026-03-08 22:31:23,726 - INFO - [BBC] Success with 'requests_browser'. Found content (506 words).
2026-03-08 22:31:23,740 - INFO - [The Guardian] Article: https://www.theguardian.com/sport/2026/mar/05/lewis-hamilton-race-africa-grand-prix-retiring-formula-one-colonial
2026-03-08 22:31:23,745 - INFO - [The Guardian] Attempt 1/1: Trying with 'requests_browser' strategy...
2026-03-08 22:31:23,768 - INFO - Duplicate article skipped: Boy, 12, among six dead as tornadoes hit Michigan and Oklahoma from BBC
2026-03-08 22:31:23,879 - INFO - [The Guardian] Success with 'requests_browser'. Found content (409 words).
2026-03-08 22:31:23,919 - INFO - Duplicate article skipped: Lewis Hamilton sets sights on racing in an African grand prix before retiring | Lewis Hamilton | The Guardian from The Guardian
2026-03-08 22:31:24,829 - INFO - [The Guardian] Article: https://www.theguardian.com/world/2026/mar/08/haiti-immigrant-mexico-tapachula
2026-03-08 22:31:24,829 - INFO - [The Guardian] Attempt 1/1: Trying with 'requests_browser' strategy...
2026-03-08 22:31:24,874 - INFO - [The Guardian] Success with 'requests_browser'. Found content (2248 words).
2026-03-08 22:31:24,920 - INFO - Duplicate article skipped: ‘I am trying to live’: Haitians in Mexico seek community despite broken immigration systems | World news | The Guardian from The Guardian
2026-03-08 22:31:24,961 - INFO - Selenium driver initialized successfully.
2026-03-08 22:31:24,961 - INFO - Starting scrape for The Hindu RSS feed: https://www.thehindu.com/news/national/feeder/default.rss
2026-03-08 22:31:24,963 - INFO - Selenium driver initialized successfully.
2026-03-08 22:31:24,963 - INFO - Starting scrape for Times of India RSS feed: https://timesofindia.indiatimes.com/rssfeeds/296589292.cms
2026-03-08 22:31:25,003 - INFO - [BBC] Article: https://www.bbc.com/news/articles/c0q32322wq8o?at_medium=RSS&at_campaign=rss
2026-03-08 22:31:25,003 - INFO - [BBC] Attempt 1/1: Trying with 'requests_browser' strategy...
2026-03-08 22:31:25,036 - INFO - [BBC] Success with 'requests_browser'. Found content (321 words).
2026-03-08 22:31:25,071 - INFO - Duplicate article skipped: Swiss reject right-wing plan to cut licence fee for public broadcaster from BBC
2026-03-08 22:31:25,157 - INFO - Found 100 articles in The Hindu RSS feed. Processing up to 10.
2026-03-08 22:31:25,158 - INFO - [The Hindu] Article: https://www.thehindu.com/news/national/chhattisgarh/death-behind-bars-in-chhattisgarh/article70716848.ece
2026-03-08 22:31:25,158 - INFO - [The Hindu] Attempt 1/1: Trying with 'selenium_browser' strategy...
2026-03-08 22:31:25,169 - INFO - Found 20 articles in Times of India RSS feed. Processing up to 10.
2026-03-08 22:31:25,169 - INFO - [Times of India] Article: https://timesofindia.indiatimes.com/world/middle-east/uae-issues-high-alert-in-abu-dhabi-as-defence-operations-respond-to-missile-threat-amid-iran-vs-us-israel-war/articleshow/129291308.cms
2026-03-08 22:31:25,170 - INFO - [Times of India] Attempt 1/1: Trying with 'selenium_browser' strategy...
2026-03-08 22:31:26,261 - INFO - [The Guardian] Article: https://www.theguardian.com/world/2026/mar/08/british-columbia-canada-daylight-saving-time
2026-03-08 22:31:26,261 - INFO - [The Guardian] Attempt 1/1: Trying with 'requests_browser' strategy...
2026-03-08 22:31:26,302 - INFO - [The Guardian] Success with 'requests_browser'. Found content (601 words).
2026-03-08 22:31:26,364 - INFO - Duplicate article skipped: Time for a change: British Columbia decides to keep daylight saving time permanently | Canada | The Guardian from The Guardian
2026-03-08 22:31:26,397 - INFO - [BBC] Article: https://www.bbc.com/news/articles/c93w6y0lnd9o?at_medium=RSS&at_campaign=rss
2026-03-08 22:31:26,397 - INFO - [BBC] Attempt 1/1: Trying with 'requests_browser' strategy...
2026-03-08 22:31:26,453 - INFO - [BBC] Success with 'requests_browser'. Found content (490 words).
2026-03-08 22:31:26,526 - INFO - Duplicate article skipped: Rapper-politician Balendra Shah unseats Nepal's ex-PM as he heads for victory from BBC
2026-03-08 22:31:27,749 - INFO - [The Guardian] Article: https://www.theguardian.com/world/2026/mar/07/peru-nightclub-bombing
2026-03-08 22:31:27,750 - INFO - [The Guardian] Attempt 1/1: Trying with 'requests_browser' strategy...
2026-03-08 22:31:27,918 - INFO - [The Guardian] Success with 'requests_browser'. Found content (288 words).
2026-03-08 22:31:27,962 - INFO - [BBC] Article: https://www.bbc.com/news/articles/cn87pl8e2l5o?at_medium=RSS&at_campaign=rss
2026-03-08 22:31:27,962 - INFO - [BBC] Attempt 1/1: Trying with 'requests_browser' strategy...
2026-03-08 22:31:28,093 - INFO - Duplicate article skipped: Bombing at nightclub in Peru injures 33 people, including minors | Peru | The Guardian from The Guardian
2026-03-08 22:31:28,177 - INFO - [BBC] Success with 'requests_browser'. Found content (353 words).
2026-03-08 22:31:28,336 - INFO - Duplicate article skipped: Nairobi floods: At least 23 dead after heavy rains with Kenyan military deployed from BBC
2026-03-08 22:31:28,910 - INFO - [BBC] Article: https://www.bbc.com/news/articles/cq6qp458zv1o?at_medium=RSS&at_campaign=rss
2026-03-08 22:31:28,910 - INFO - [BBC] Attempt 1/1: Trying with 'requests_browser' strategy...
2026-03-08 22:31:29,033 - INFO - [BBC] Success with 'requests_browser'. Found content (830 words).
2026-03-08 22:31:29,168 - INFO - [The Guardian] Article: https://www.theguardian.com/us-news/2026/mar/07/trump-shield-of-americas-summit
2026-03-08 22:31:29,168 - INFO - [The Guardian] Attempt 1/1: Trying with 'requests_browser' strategy...
2026-03-08 22:31:29,190 - INFO - Duplicate article skipped: Iran ambassador warns UK to be 'very careful' about involvement in war from BBC
2026-03-08 22:31:29,260 - INFO - [The Guardian] Success with 'requests_browser'. Found content (714 words).
2026-03-08 22:31:29,401 - INFO - Duplicate article skipped: Trump convenes ‘Shield of Americas’ summit with 12 Latin American leaders | Donald Trump | The Guardian from The Guardian
2026-03-08 22:31:29,849 - INFO - [BBC] Article: https://www.bbc.com/news/articles/cn8zd049l08o?at_medium=RSS&at_campaign=rss
2026-03-08 22:31:29,849 - INFO - [BBC] Attempt 1/1: Trying with 'requests_browser' strategy...
2026-03-08 22:31:30,149 - INFO - [BBC] Success with 'requests_browser'. Found content (359 words).
2026-03-08 22:31:30,287 - INFO - Duplicate article skipped: Russian strike on Kharkiv apartment block kills ten from BBC
2026-03-08 22:31:30,429 - INFO - [The Guardian] Article: https://www.theguardian.com/us-news/2026/mar/07/deaf-six-year-old-deported-colombia
2026-03-08 22:31:30,429 - INFO - [The Guardian] Attempt 1/1: Trying with 'requests_browser' strategy...
2026-03-08 22:31:30,493 - INFO - [The Guardian] Success with 'requests_browser'. Found content (766 words).
2026-03-08 22:31:30,584 - INFO - Duplicate article skipped: ICE deports family, including deaf boy who wasn’t given his assistive devices | California | The Guardian from The Guardian
2026-03-08 22:31:31,423 - INFO - [BBC] Article: https://www.bbc.com/news/articles/c62662gzlp8o?at_medium=RSS&at_campaign=rss
2026-03-08 22:31:31,423 - INFO - [BBC] Attempt 1/1: Trying with 'requests_browser' strategy...
2026-03-08 22:31:31,652 - INFO - [BBC] Success with 'requests_browser'. Found content (882 words).
2026-03-08 22:31:31,865 - INFO - Duplicate article skipped: Armed robots take to the battlefield in Ukraine war from BBC
2026-03-08 22:31:31,896 - INFO - [The Hindu] Page content loaded.
2026-03-08 22:31:32,210 - INFO - [The Hindu] Success with 'selenium_browser'. Found content (1347 words).
2026-03-08 22:31:32,516 - INFO - Saved article: Death behind bars in Chhattisgarh - The Hindu from The Hindu
2026-03-08 22:31:33,993 - INFO - [The Hindu] Article: https://www.thehindu.com/news/national/kerala/pink-protection-project-services-extended-to-late-hours-in-aluva/article70719778.ece
2026-03-08 22:31:33,993 - INFO - [The Hindu] Attempt 1/1: Trying with 'selenium_browser' strategy...
2026-03-08 22:31:38,901 - INFO - [The Hindu] Page content loaded.
2026-03-08 22:31:39,294 - INFO - [The Hindu] Success with 'selenium_browser'. Found content (148 words).
2026-03-08 22:31:39,595 - INFO - Duplicate article skipped: Pink Protection Project services extended to late hours in Aluva - The Hindu from The Hindu
2026-03-08 22:31:40,798 - INFO - [The Hindu] Article: https://www.thehindu.com/news/national/kerala/kscste-to-organise-sparkher-boot-camp-for-women-scientists/article70719682.ece
2026-03-08 22:31:40,798 - INFO - [The Hindu] Attempt 1/1: Trying with 'selenium_browser' strategy...
2026-03-08 22:31:42,191 - INFO - [The Hindu] Page content loaded.
2026-03-08 22:31:42,561 - INFO - [The Hindu] Success with 'selenium_browser'. Found content (342 words).
2026-03-08 22:31:42,749 - INFO - Duplicate article skipped: KSCSTE to organise ‘SparkHer’ boot camp for women scientists - The Hindu from The Hindu
2026-03-08 22:31:44,017 - INFO - [The Hindu] Article: https://www.thehindu.com/news/cities/Hyderabad/use-our-talent-to-strengthen-the-nation-eatala-rajendar-at-paniit-summit/article70719337.ece
2026-03-08 22:31:44,017 - INFO - [The Hindu] Attempt 1/1: Trying with 'selenium_browser' strategy...
2026-03-08 22:31:50,050 - INFO - [The Hindu] Page content loaded.
2026-03-08 22:31:50,289 - INFO - [The Hindu] Success with 'selenium_browser'. Found content (342 words).
2026-03-08 22:31:50,713 - INFO - Duplicate article skipped: Use our talent to strengthen the nation: Eatala Rajendar at PanIIT Summit - The Hindu from The Hindu
2026-03-08 22:31:51,609 - INFO - [The Hindu] Article: https://www.thehindu.com/opinion/op-ed/dmk-congress-seat-sharing-deal-a-successful-but-battered-alliance/article70719897.ece
2026-03-08 22:31:51,609 - INFO - [The Hindu] Attempt 1/1: Trying with 'selenium_browser' strategy...
2026-03-08 22:31:52,865 - INFO - [The Hindu] Page content loaded.
2026-03-08 22:31:52,964 - INFO - [The Hindu] Success with 'selenium_browser'. Found content (720 words).
2026-03-08 22:31:53,038 - INFO - Duplicate article skipped: DMK-Congress seat-sharing deal: A successful but battered alliance - The Hindu from The Hindu
2026-03-08 22:31:53,675 - INFO - [The Hindu] Article: https://www.thehindu.com/news/national/telangana/bal-vivah-mukti-rath-campaign-reaches-over-22-lakh-people-across-telangana/article70719289.ece
2026-03-08 22:31:53,675 - INFO - [The Hindu] Attempt 1/1: Trying with 'selenium_browser' strategy...
2026-03-08 22:31:55,869 - INFO - [The Hindu] Page content loaded.
2026-03-08 22:31:56,044 - INFO - [The Hindu] Success with 'selenium_browser'. Found content (291 words).
2026-03-08 22:31:56,145 - INFO - Duplicate article skipped: Bal Vivah Mukti Rath campaign reaches over 22 lakh people across Telangana - The Hindu from The Hindu
2026-03-08 22:31:57,506 - INFO - [The Hindu] Article: https://www.thehindu.com/news/national/andhra-pradesh/police-cane-cricket-fans-in-vijayawada/article70720025.ece
2026-03-08 22:31:57,506 - INFO - [The Hindu] Attempt 1/1: Trying with 'selenium_browser' strategy...
2026-03-08 22:31:58,769 - INFO - [The Hindu] Page content loaded.
2026-03-08 22:31:58,834 - INFO - [The Hindu] Success with 'selenium_browser'. Found content (81 words).
2026-03-08 22:31:58,943 - INFO - Duplicate article skipped: Police cane cricket fans in Vijayawada - The Hindu from The Hindu
2026-03-08 22:32:00,397 - INFO - [The Hindu] Article: https://www.thehindu.com/news/cities/Hyderabad/cafes-salons-community-spaces-bustle-as-hyderabad-celebrates-womens-day/article70719136.ece
2026-03-08 22:32:00,397 - INFO - [The Hindu] Attempt 1/1: Trying with 'selenium_browser' strategy...
2026-03-08 22:32:02,030 - INFO - [The Hindu] Page content loaded.
2026-03-08 22:32:02,124 - INFO - [The Hindu] Success with 'selenium_browser'. Found content (356 words).
2026-03-08 22:32:02,187 - INFO - Duplicate article skipped: Cafes, salons, community spaces bustle as Hyderabad celebrates Women’s Day - The Hindu from The Hindu
2026-03-08 22:32:03,293 - INFO - [The Hindu] Article: https://www.thehindu.com/news/cities/chennai/senior-journalist-pti-ramaswami-passes-away/article70719814.ece
2026-03-08 22:32:03,293 - INFO - [The Hindu] Attempt 1/1: Trying with 'selenium_browser' strategy...
2026-03-08 22:32:04,590 - INFO - [The Hindu] Page content loaded.
2026-03-08 22:32:04,654 - INFO - [The Hindu] Success with 'selenium_browser'. Found content (118 words).
2026-03-08 22:32:04,757 - INFO - Duplicate article skipped: Senior journalist ‘PTI Ramaswami’ passes away - The Hindu from The Hindu
2026-03-08 22:32:05,685 - INFO - [The Hindu] Article: https://www.thehindu.com/news/national/tamil-nadu/icc-mens-t20-world-cup-stalin-palaniswami-hail-indias-victory-over-new-zealand/article70719957.ece
2026-03-08 22:32:05,685 - INFO - [The Hindu] Attempt 1/1: Trying with 'selenium_browser' strategy...
2026-03-08 22:32:06,892 - INFO - [The Hindu] Page content loaded.
2026-03-08 22:32:07,067 - INFO - [The Hindu] Success with 'selenium_browser'. Found content (243 words).
2026-03-08 22:32:07,145 - INFO - Duplicate article skipped: ICC Men's T20 World Cup: Stalin, Palaniswami hail India’s victory over New Zealand - The Hindu from The Hindu
2026-03-08 22:32:07,904 - INFO - [The Hindu] (Thread) Finished. Attempting to shut down its Selenium driver.
2026-03-08 22:32:08,040 - INFO - [The Hindu] (Thread) driver.quit() successful.
2026-03-08 22:32:25,188 - ERROR - [Times of India] Request failed for strategy 'selenium_browser' on URL https://timesofindia.indiatimes.com/world/middle-east/uae-issues-high-alert-in-abu-dhabi-as-defence-operations-respond-to-missile-threat-amid-iran-vs-us-israel-war/articleshow/129291308.cms: Message: timeout: Timed out receiving message from renderer: 59.890
  (Session info: chrome=145.0.7632.116)
Stacktrace:
#0 0x557117c79b6a <unknown>
#1 0x55711768ca32 <unknown>
#2 0x557117674007 <unknown>
#3 0x557117673c16 <unknown>
#4 0x557117671731 <unknown>
#5 0x5571176720bf <unknown>
#6 0x557117681560 <unknown>
#7 0x55711769b707 <unknown>
#8 0x5571176a28db <unknown>
#9 0x557117672829 <unknown>
#10 0x55711769b49c <unknown>
#11 0x55711772a6e1 <unknown>
#12 0x5571176d3c0f <unknown>
#13 0x5571176d49d1 <unknown>
#14 0x557117c3e6b9 <unknown>
#15 0x557117c415c1 <unknown>
#16 0x557117c2ae29 <unknown>
#17 0x557117c4217e <unknown>
#18 0x557117c114b0 <unknown>
#19 0x557117c66578 <unknown>
#20 0x557117c6674b <unknown>
#21 0x557117c781a3 <unknown>
#22 0x7f4b2da9caa4 <unknown>
#23 0x7f4b2db29c6c <unknown>

2026-03-08 22:32:25,188 - ERROR - [Times of India] All scrape strategies failed for https://timesofindia.indiatimes.com/world/middle-east/uae-issues-high-alert-in-abu-dhabi-as-defence-operations-respond-to-missile-threat-amid-iran-vs-us-israel-war/articleshow/129291308.cms. Falling back to RSS description.
2026-03-08 22:32:25,191 - INFO - Saved article: UAE: High alert in Abu Dhabi as defence operations respond to missile threat amid Iran vs US-Israel war from Times of India
2026-03-08 22:32:26,575 - INFO - [Times of India] Article: https://timesofindia.indiatimes.com/world/us/historian-reveals-why-epstein-still-haunts-the-royal-family-the-problem-is-british-government-/articleshow/129290490.cms
2026-03-08 22:32:26,575 - INFO - [Times of India] Attempt 1/1: Trying with 'selenium_browser' strategy...
2026-03-08 22:32:30,310 - INFO - [Times of India] Page content loaded.
2026-03-08 22:32:30,516 - INFO - [Times of India] Success with 'selenium_browser'. Found content (521 words).
2026-03-08 22:32:30,650 - INFO - Saved article: Historian reveals why Epstein still haunts the royal family: 'The problem is British government...' - The Times of India from Times of India
2026-03-08 22:32:31,490 - INFO - [Times of India] Article: https://timesofindia.indiatimes.com/world/us/lindsey-graham-says-we-are-going-to-blow-the-hell-out-of-iran-cuba-will-be-next/articleshow/129289920.cms
2026-03-08 22:32:31,490 - INFO - [Times of India] Attempt 1/1: Trying with 'selenium_browser' strategy...
2026-03-08 22:32:33,151 - INFO - [Times of India] Page content loaded.
2026-03-08 22:32:33,309 - INFO - [Times of India] Success with 'selenium_browser'. Found content (411 words).
2026-03-08 22:32:33,365 - INFO - Saved article: Lindsey Graham says, 'we are going to blow the hell' out of Iran, Cuba will be next - The Times of India from Times of India
2026-03-08 22:32:34,359 - INFO - [Times of India] Article: https://timesofindia.indiatimes.com/world/us/improvised-explosive-device-thrown-at-anti-islam-protest-outside-mayor-mamdanis-mansion-in-new-york-city/articleshow/129285846.cms
2026-03-08 22:32:34,359 - INFO - [Times of India] Attempt 1/1: Trying with 'selenium_browser' strategy...
2026-03-08 22:32:35,311 - INFO - [Times of India] Page content loaded.
2026-03-08 22:32:35,433 - INFO - [Times of India] Success with 'selenium_browser'. Found content (391 words).
2026-03-08 22:32:35,497 - INFO - Duplicate article skipped: Improvised explosive device thrown at anti-Islam protest outside mayor Mamdani’s mansion in New York City - The Times of India from Times of India
2026-03-08 22:32:36,822 - INFO - [Times of India] Article: https://timesofindia.indiatimes.com/world/us/fox-news-says-sorry-for-airing-wrong-clip-of-donald-trump-they-did-not-want-to-show-trump-wearing-his-hat/articleshow/129288196.cms
2026-03-08 22:32:36,822 - INFO - [Times of India] Attempt 1/1: Trying with 'selenium_browser' strategy...
2026-03-08 22:32:40,249 - INFO - [Times of India] Page content loaded.
2026-03-08 22:32:40,443 - INFO - [Times of India] Success with 'selenium_browser'. Found content (335 words).
2026-03-08 22:32:40,501 - INFO - Duplicate article skipped: Fox News says sorry for airing wrong clip of Donald Trump: 'They did not want to show Trump wearing his hat' - The Times of India from Times of India
2026-03-08 22:32:41,528 - INFO - [Times of India] Article: https://timesofindia.indiatimes.com/world/rest-of-world/video-of-brampton-man-clearing-snow-with-lawnmower-goes-viral-not-the-best-and-brightest/articleshow/129284621.cms
2026-03-08 22:32:41,528 - INFO - [Times of India] Attempt 1/1: Trying with 'selenium_browser' strategy...
2026-03-08 22:32:42,506 - INFO - [Times of India] Page content loaded.
2026-03-08 22:32:42,651 - INFO - [Times of India] Success with 'selenium_browser'. Found content (206 words).
2026-03-08 22:32:42,714 - INFO - Duplicate article skipped: Video of Brampton man clearing snow with lawnmower goes viral: 'Not the best and brightest' - The Times of India from Times of India
2026-03-08 22:32:43,358 - INFO - [Times of India] Article: https://timesofindia.indiatimes.com/world/middle-east/stranded-amid-iran-vs-us-israel-war-know-your-rights-on-salary-leave-remote-work-as-per-uae-labour-law/articleshow/129283178.cms
2026-03-08 22:32:43,359 - INFO - [Times of India] Attempt 1/1: Trying with 'selenium_browser' strategy...
2026-03-08 22:32:44,190 - INFO - [Times of India] Page content loaded.
2026-03-08 22:32:44,376 - INFO - [Times of India] Success with 'selenium_browser'. Found content (1274 words).
2026-03-08 22:32:44,435 - INFO - Duplicate article skipped: Stranded amid Iran vs US-Israel war? Know your rights on salary, leave, remote work as per UAE Labour Law - The Times of India from Times of India
2026-03-08 22:32:45,877 - INFO - [Times of India] Article: https://timesofindia.indiatimes.com/world/rest-of-world/ancient-mystery-uncovered-in-italy-2600-year-old-etruscan-tomb-found-with-four-skeletons-and-treasure/articleshow/129284802.cms
2026-03-08 22:32:45,877 - INFO - [Times of India] Attempt 1/1: Trying with 'selenium_browser' strategy...
2026-03-08 22:32:47,359 - INFO - [Times of India] Page content loaded.
2026-03-08 22:32:47,482 - INFO - [Times of India] Success with 'selenium_browser'. Found content (898 words).
2026-03-08 22:32:47,553 - INFO - Duplicate article skipped: Ancient mystery uncovered in Italy: 2,600-year-old Etruscan Tomb found with four skeletons and treasure | World News - The Times of India from Times of India
2026-03-08 22:32:48,279 - INFO - [Times of India] Article: https://timesofindia.indiatimes.com/world/us/bomb-threat-at-kansas-city-international-airport-passengers-told-to-immediately-evacuate/articleshow/129284154.cms
2026-03-08 22:32:48,279 - INFO - [Times of India] Attempt 1/1: Trying with 'selenium_browser' strategy...
2026-03-08 22:32:48,967 - INFO - [Times of India] Page content loaded.
2026-03-08 22:32:49,083 - INFO - [Times of India] Success with 'selenium_browser'. Found content (213 words).
2026-03-08 22:32:49,147 - INFO - Duplicate article skipped: Bomb threat at Kansas City International Airport, passengers told to immediately evacuate - The Times of India from Times of India
2026-03-08 22:32:50,647 - INFO - [Times of India] Article: https://timesofindia.indiatimes.com/etimes/trending/the-drug-paradox-of-queen-victoria-new-book-says-she-loved-drugs-while-empire-sold-opium-worldwide/articleshow/129278125.cms
2026-03-08 22:32:50,647 - INFO - [Times of India] Attempt 1/1: Trying with 'selenium_browser' strategy...
2026-03-08 22:32:55,178 - INFO - [Times of India] Page content loaded.
2026-03-08 22:32:55,308 - INFO - [Times of India] Success with 'selenium_browser'. Found content (1271 words).
2026-03-08 22:32:55,389 - INFO - Duplicate article skipped: The drug paradox of Queen Victoria: New book says she ‘loved’ drugs while empire sold opium worldwide | - The Times of India from Times of India
2026-03-08 22:32:56,850 - INFO - [Times of India] (Thread) Finished. Attempting to shut down its Selenium driver.
2026-03-08 22:32:57,206 - INFO - [Times of India] (Thread) driver.quit() successful.
2026-03-08 22:32:57,207 - INFO - Shutting down thread pool (wait=False)...
2026-03-08 22:32:57,207 - INFO - Scraped: 3 Times of India, 1 The Hindu, 0 The Guardian, 1 BBC articles. (Total saved: 5)
2026-03-08 22:32:57,207 - INFO - --- Scraping job finished ---
2026-03-08 22:32:57,212 - INFO - --- Scraper service stopped and database connection closed. ---
2026-03-08 22:32:57,212 - INFO - --- Main thread finished. Forcing process exit to kill zombie threads. ---
