2026-03-09 14:58:17,929 - INFO - Initializing database connection at: news_articles.db
2026-03-09 14:58:17,930 - INFO - --- Scraper service started (CI Mode: Run Once) ---
2026-03-09 14:58:17,930 - INFO - --- Starting new scraping job (Parallel Mode) ---
2026-03-09 14:58:17,930 - INFO - Creating new robust session with 3 retries on 5xx/connection/read errors.
2026-03-09 14:58:17,931 - INFO - Proxy is DISABLED.
2026-03-09 14:58:17,931 - INFO - Starting scrape for BBC RSS feed: http://feeds.bbci.co.uk/news/world/rss.xml
2026-03-09 14:58:17,931 - INFO - [Times of India] (Thread) requires Selenium. Initializing driver...
2026-03-09 14:58:17,931 - INFO - Initializing headless Selenium Chrome driver (using SeleniumManager)...
2026-03-09 14:58:17,932 - INFO - Starting scrape for The Guardian RSS feed: https://www.theguardian.com/world/rss
2026-03-09 14:58:17,933 - INFO - [The Hindu] (Thread) requires Selenium. Initializing driver...
2026-03-09 14:58:17,933 - INFO - Initializing headless Selenium Chrome driver (using SeleniumManager)...
2026-03-09 14:58:17,933 - INFO - Submitted 4 jobs to thread pool. Waiting up to 300s for completion...
2026-03-09 14:58:18,017 - INFO - Found 45 articles in The Guardian RSS feed. Processing up to 10.
2026-03-09 14:58:18,017 - INFO - [The Guardian] Article: https://www.theguardian.com/world/2026/mar/07/descendants-of-zimbabwe-resistance-heroes-urge-uk-to-locate-looted-skulls
2026-03-09 14:58:18,017 - INFO - [The Guardian] Attempt 1/1: Trying with 'requests_browser' strategy...
2026-03-09 14:58:18,044 - INFO - [The Guardian] Success with 'requests_browser'. Found content (878 words).
2026-03-09 14:58:18,083 - INFO - Duplicate article skipped: Descendants of Zimbabwe resistance heroes urge UK to locate looted skulls | Zimbabwe | The Guardian from The Guardian
2026-03-09 14:58:18,332 - INFO - Found 29 articles in BBC RSS feed. Processing up to 10.
2026-03-09 14:58:18,332 - INFO - [BBC] Article: https://www.bbc.com/news/articles/c78xxg05w0zo?at_medium=RSS&at_campaign=rss
2026-03-09 14:58:18,333 - INFO - [BBC] Attempt 1/1: Trying with 'requests_browser' strategy...
2026-03-09 14:58:18,468 - INFO - [BBC] Success with 'requests_browser'. Found content (803 words).
2026-03-09 14:58:18,510 - INFO - Duplicate article skipped: Who is Mojtaba Khamenei, Iran's new supreme leader? from BBC
2026-03-09 14:58:18,726 - INFO - [The Guardian] Article: https://www.theguardian.com/global-development/2026/mar/06/generic-drugs-weight-loss-semaglutide-ozempic-wegovy-diabetes-obesity-study
2026-03-09 14:58:18,726 - INFO - [The Guardian] Attempt 1/1: Trying with 'requests_browser' strategy...
2026-03-09 14:58:18,749 - INFO - [The Guardian] Success with 'requests_browser'. Found content (612 words).
2026-03-09 14:58:18,784 - INFO - Duplicate article skipped: Weight-loss jab could be made for $3 a month, study finds | Global health | The Guardian from The Guardian
2026-03-09 14:58:19,439 - INFO - [BBC] Article: https://www.bbc.com/news/articles/c79542n0grwo?at_medium=RSS&at_campaign=rss
2026-03-09 14:58:19,439 - INFO - [BBC] Attempt 1/1: Trying with 'requests_browser' strategy...
2026-03-09 14:58:19,482 - INFO - [BBC] Success with 'requests_browser'. Found content (904 words).
2026-03-09 14:58:19,523 - INFO - Duplicate article skipped: G7 nations to hold emergency meeting on oil as stock markets sink from BBC
2026-03-09 14:58:19,923 - INFO - [The Guardian] Article: https://www.theguardian.com/world/2026/mar/05/three-men-deported-us-eswatini-legal-case-detention
2026-03-09 14:58:19,923 - INFO - [The Guardian] Attempt 1/1: Trying with 'requests_browser' strategy...
2026-03-09 14:58:19,945 - INFO - [The Guardian] Success with 'requests_browser'. Found content (520 words).
2026-03-09 14:58:19,982 - INFO - Duplicate article skipped: Three men deported by US file legal case against Eswatini over detention | Eswatini | The Guardian from The Guardian
2026-03-09 14:58:20,332 - INFO - [BBC] Article: https://www.bbc.com/news/articles/c2e4yxj0pd3o?at_medium=RSS&at_campaign=rss
2026-03-09 14:58:20,332 - INFO - [BBC] Attempt 1/1: Trying with 'requests_browser' strategy...
2026-03-09 14:58:20,371 - INFO - [BBC] Success with 'requests_browser'. Found content (582 words).
2026-03-09 14:58:20,422 - INFO - Duplicate article skipped: Iris Dena: Torpedoed Iranian warship was offered sanctuary in India from BBC
2026-03-09 14:58:21,316 - INFO - [The Guardian] Article: https://www.theguardian.com/world/2026/mar/05/south-africa-president-cyril-ramaphosa-calls-donald-trump-policy-white-afrikaners-racist
2026-03-09 14:58:21,316 - INFO - [The Guardian] Attempt 1/1: Trying with 'requests_browser' strategy...
2026-03-09 14:58:21,473 - INFO - [The Guardian] Success with 'requests_browser'. Found content (410 words).
2026-03-09 14:58:21,509 - INFO - Duplicate article skipped: South Africa’s president calls Trump’s policy to offer refuge to white Afrikaners ‘racist’ | South Africa | The Guardian from The Guardian
2026-03-09 14:58:21,587 - INFO - [BBC] Article: https://www.bbc.com/news/articles/cy8lwnyj40eo?at_medium=RSS&at_campaign=rss
2026-03-09 14:58:21,587 - INFO - [BBC] Attempt 1/1: Trying with 'requests_browser' strategy...
2026-03-09 14:58:21,610 - INFO - [BBC] Success with 'requests_browser'. Found content (289 words).
2026-03-09 14:58:21,643 - INFO - Duplicate article skipped: Naveed Akram: Alleged Bondi gunman seeks court order to suppress family's identity from BBC
2026-03-09 14:58:22,160 - INFO - [The Guardian] Article: https://www.theguardian.com/sport/2026/mar/05/lewis-hamilton-race-africa-grand-prix-retiring-formula-one-colonial
2026-03-09 14:58:22,160 - INFO - [The Guardian] Attempt 1/1: Trying with 'requests_browser' strategy...
2026-03-09 14:58:22,316 - INFO - [The Guardian] Success with 'requests_browser'. Found content (409 words).
2026-03-09 14:58:22,354 - INFO - Duplicate article skipped: Lewis Hamilton sets sights on racing in an African grand prix before retiring | Lewis Hamilton | The Guardian from The Guardian
2026-03-09 14:58:22,603 - INFO - [BBC] Article: https://www.bbc.com/news/articles/ce8wk563473o?at_medium=RSS&at_campaign=rss
2026-03-09 14:58:22,603 - INFO - [BBC] Attempt 1/1: Trying with 'requests_browser' strategy...
2026-03-09 14:58:22,627 - INFO - [BBC] Success with 'requests_browser'. Found content (327 words).
2026-03-09 14:58:22,661 - INFO - Duplicate article skipped: US embassy explosion in Oslo: Police release images of suspect from BBC
2026-03-09 14:58:23,162 - INFO - [The Guardian] Article: https://www.theguardian.com/world/2026/mar/08/haiti-immigrant-mexico-tapachula
2026-03-09 14:58:23,162 - INFO - [The Guardian] Attempt 1/1: Trying with 'requests_browser' strategy...
2026-03-09 14:58:23,334 - INFO - [The Guardian] Success with 'requests_browser'. Found content (2248 words).
2026-03-09 14:58:23,407 - INFO - Duplicate article skipped: ‘I am trying to live’: Haitians in Mexico seek community despite broken immigration systems | World news | The Guardian from The Guardian
2026-03-09 14:58:23,899 - INFO - [BBC] Article: https://www.bbc.com/news/articles/c1w5yq924j1o?at_medium=RSS&at_campaign=rss
2026-03-09 14:58:23,899 - INFO - [BBC] Attempt 1/1: Trying with 'requests_browser' strategy...
2026-03-09 14:58:23,925 - INFO - [BBC] Success with 'requests_browser'. Found content (294 words).
2026-03-09 14:58:23,956 - INFO - Duplicate article skipped: New Zealand: Bag of cannabis and cash accidentally donated to NZ charity shop from BBC
2026-03-09 14:58:24,227 - INFO - [The Guardian] Article: https://www.theguardian.com/world/2026/mar/08/british-columbia-canada-daylight-saving-time
2026-03-09 14:58:24,228 - INFO - [The Guardian] Attempt 1/1: Trying with 'requests_browser' strategy...
2026-03-09 14:58:24,251 - INFO - [The Guardian] Success with 'requests_browser'. Found content (601 words).
2026-03-09 14:58:24,299 - INFO - Duplicate article skipped: Time for a change: British Columbia decides to keep daylight saving time permanently | Canada | The Guardian from The Guardian
2026-03-09 14:58:24,642 - INFO - [BBC] Article: https://www.bbc.com/news/articles/cjrqg80y57po?at_medium=RSS&at_campaign=rss
2026-03-09 14:58:24,642 - INFO - [BBC] Attempt 1/1: Trying with 'requests_browser' strategy...
2026-03-09 14:58:24,675 - INFO - [BBC] Success with 'requests_browser'. Found content (414 words).
2026-03-09 14:58:24,714 - INFO - Duplicate article skipped: Guinea opposition leader Diallo calls for 'direct resistance' as political parties dissolved from BBC
2026-03-09 14:58:25,290 - INFO - [The Guardian] Article: https://www.theguardian.com/world/2026/mar/07/peru-nightclub-bombing
2026-03-09 14:58:25,290 - INFO - [The Guardian] Attempt 1/1: Trying with 'requests_browser' strategy...
2026-03-09 14:58:25,302 - INFO - [BBC] Article: https://www.bbc.com/news/articles/cwy8e978xl8o?at_medium=RSS&at_campaign=rss
2026-03-09 14:58:25,302 - INFO - [BBC] Attempt 1/1: Trying with 'requests_browser' strategy...
2026-03-09 14:58:25,343 - INFO - [BBC] Success with 'requests_browser'. Found content (1067 words).
2026-03-09 14:58:25,386 - INFO - Duplicate article skipped: Five Iranian women footballers 'in Australian safe house' after Asian Cup protest from BBC
2026-03-09 14:58:25,449 - INFO - [The Guardian] Success with 'requests_browser'. Found content (288 words).
2026-03-09 14:58:25,488 - INFO - Duplicate article skipped: Bombing at nightclub in Peru injures 33 people, including minors | Peru | The Guardian from The Guardian
2026-03-09 14:58:26,472 - INFO - [The Guardian] Article: https://www.theguardian.com/us-news/2026/mar/07/trump-shield-of-americas-summit
2026-03-09 14:58:26,472 - INFO - [The Guardian] Attempt 1/1: Trying with 'requests_browser' strategy...
2026-03-09 14:58:26,506 - INFO - [BBC] Article: https://www.bbc.com/news/articles/c204ymjnn80o?at_medium=RSS&at_campaign=rss
2026-03-09 14:58:26,506 - INFO - [BBC] Attempt 1/1: Trying with 'requests_browser' strategy...
2026-03-09 14:58:26,540 - INFO - [BBC] Success with 'requests_browser'. Found content (562 words).
2026-03-09 14:58:26,584 - INFO - Duplicate article skipped: Istanbul's ex-mayor Ekrem Imamoglu on trial for corruption charges from BBC
2026-03-09 14:58:26,649 - INFO - [The Guardian] Success with 'requests_browser'. Found content (714 words).
2026-03-09 14:58:26,689 - INFO - Duplicate article skipped: Trump convenes ‘Shield of Americas’ summit with 12 Latin American leaders | Donald Trump | The Guardian from The Guardian
2026-03-09 14:58:27,057 - INFO - Selenium driver initialized successfully.
2026-03-09 14:58:27,058 - INFO - Selenium driver initialized successfully.
2026-03-09 14:58:27,058 - INFO - Starting scrape for The Hindu RSS feed: https://www.thehindu.com/news/national/feeder/default.rss
2026-03-09 14:58:27,058 - INFO - Starting scrape for Times of India RSS feed: https://timesofindia.indiatimes.com/rssfeeds/296589292.cms
2026-03-09 14:58:27,178 - INFO - Found 20 articles in Times of India RSS feed. Processing up to 10.
2026-03-09 14:58:27,179 - INFO - [Times of India] Article: https://timesofindia.indiatimes.com/world/middle-east/us-israel-iran-war-news-live-udates-middle-east-crisis-conflict-drone-ballistic-missile-attacks-explosions-flights-status-dubai-uae-qatar-tehran-gulf-donald-trump-netanyahu-khamenei/liveblog/129286007.cms
2026-03-09 14:58:27,179 - INFO - [Times of India] Attempt 1/1: Trying with 'selenium_browser' strategy...
2026-03-09 14:58:27,182 - INFO - Found 100 articles in The Hindu RSS feed. Processing up to 10.
2026-03-09 14:58:27,182 - INFO - [The Hindu] Article: https://www.thehindu.com/news/national/andhra-pradesh/innovathon-2k26-concludes-at-andhra-loyola-institute/article70722746.ece
2026-03-09 14:58:27,182 - INFO - [The Hindu] Attempt 1/1: Trying with 'selenium_browser' strategy...
2026-03-09 14:58:27,249 - INFO - [The Guardian] Article: https://www.theguardian.com/us-news/2026/mar/07/deaf-six-year-old-deported-colombia
2026-03-09 14:58:27,249 - INFO - [The Guardian] Attempt 1/1: Trying with 'requests_browser' strategy...
2026-03-09 14:58:27,273 - INFO - [The Guardian] Success with 'requests_browser'. Found content (766 words).
2026-03-09 14:58:27,311 - INFO - Duplicate article skipped: ICE deports family, including deaf boy who wasn’t given his assistive devices | California | The Guardian from The Guardian
2026-03-09 14:58:27,895 - INFO - [BBC] Article: https://www.bbc.com/news/articles/crl4wx8ydxeo?at_medium=RSS&at_campaign=rss
2026-03-09 14:58:27,895 - INFO - [BBC] Attempt 1/1: Trying with 'requests_browser' strategy...
2026-03-09 14:58:27,936 - INFO - [BBC] Success with 'requests_browser'. Found content (362 words).
2026-03-09 14:58:27,989 - INFO - Saved article: N Korea cancels Pyongyang Marathon for 'some reasons' from BBC
2026-03-09 14:58:32,538 - INFO - [The Hindu] Page content loaded.
2026-03-09 14:58:32,760 - INFO - [The Hindu] Success with 'selenium_browser'. Found content (130 words).
2026-03-09 14:58:32,913 - INFO - Saved article: ‘Innovathon 2K26’ concludes at Andhra Loyola Institute - The Hindu from The Hindu
2026-03-09 14:58:33,815 - INFO - [The Hindu] Article: https://www.thehindu.com/news/national/andhra-pradesh/focus-on-land-acquisition-for-bhogapuram-airport-development-vizianagaram-collector/article70722826.ece
2026-03-09 14:58:33,815 - INFO - [The Hindu] Attempt 1/1: Trying with 'selenium_browser' strategy...
2026-03-09 14:58:37,720 - INFO - [The Hindu] Page content loaded.
2026-03-09 14:58:38,163 - INFO - [The Hindu] Success with 'selenium_browser'. Found content (187 words).
2026-03-09 14:58:38,493 - INFO - Saved article: Focus on land acquisition for Bhogapuram airport development: Vizianagaram Collector - The Hindu from The Hindu
2026-03-09 14:58:39,143 - INFO - [The Hindu] Article: https://www.thehindu.com/news/national/andhra-pradesh/all-students-stable-after-diarrhoea-outbreak-at-aiims-mangalagiri/article70723093.ece
2026-03-09 14:58:39,143 - INFO - [The Hindu] Attempt 1/1: Trying with 'selenium_browser' strategy...
2026-03-09 14:58:41,351 - INFO - [The Hindu] Page content loaded.
2026-03-09 14:58:41,760 - INFO - [The Hindu] Success with 'selenium_browser'. Found content (171 words).
2026-03-09 14:58:42,162 - INFO - Saved article: All students stable after diarrhoea outbreak at AIIMS Mangalagiri - The Hindu from The Hindu
2026-03-09 14:58:42,885 - INFO - [The Hindu] Article: https://www.thehindu.com/news/national/andhra-pradesh/ttd-plans-digital-procurement-portal-to-streamline-tenders/article70722619.ece
2026-03-09 14:58:42,885 - INFO - [The Hindu] Attempt 1/1: Trying with 'selenium_browser' strategy...
2026-03-09 14:58:45,074 - INFO - [The Hindu] Page content loaded.
2026-03-09 14:58:45,122 - INFO - [The Hindu] Success with 'selenium_browser'. Found content (357 words).
2026-03-09 14:58:45,201 - INFO - Saved article: TTD plans digital procurement portal to streamline tenders - The Hindu from The Hindu
2026-03-09 14:58:45,970 - INFO - [The Hindu] Article: https://www.thehindu.com/news/national/andhra-pradesh/168th-birth-anniversary-celebrations-of-sri-nrisimha-bharati-to-commence-in-tirupati-on-march-11/article70723031.ece
2026-03-09 14:58:45,971 - INFO - [The Hindu] Attempt 1/1: Trying with 'selenium_browser' strategy...
2026-03-09 14:58:47,049 - INFO - [The Hindu] Page content loaded.
2026-03-09 14:58:47,275 - INFO - [The Hindu] Success with 'selenium_browser'. Found content (170 words).
2026-03-09 14:58:47,381 - INFO - Saved article: 168th birth anniversary celebrations of Sri Nrisimha Bharati to commence in Tirupati on March 11 - The Hindu from The Hindu
2026-03-09 14:58:48,373 - INFO - [The Hindu] Article: https://www.thehindu.com/news/national/kerala/suez-begins-door-to-door-kwa-consumer-survey/article70722302.ece
2026-03-09 14:58:48,373 - INFO - [The Hindu] Attempt 1/1: Trying with 'selenium_browser' strategy...
2026-03-09 14:58:49,385 - INFO - [The Hindu] Page content loaded.
2026-03-09 14:58:49,624 - INFO - [The Hindu] Success with 'selenium_browser'. Found content (305 words).
2026-03-09 14:58:49,714 - INFO - Saved article: SUEZ begins door-to-door KWA consumer survey - The Hindu from The Hindu
2026-03-09 14:58:50,600 - INFO - [The Hindu] Article: https://www.thehindu.com/news/national/kerala/around-40-of-flights-to-west-asia-operational-amid-transit-visa-delays-for-expats/article70722990.ece
2026-03-09 14:58:50,600 - INFO - [The Hindu] Attempt 1/1: Trying with 'selenium_browser' strategy...
2026-03-09 14:58:51,614 - INFO - [The Hindu] Page content loaded.
2026-03-09 14:58:51,857 - INFO - [The Hindu] Success with 'selenium_browser'. Found content (427 words).
2026-03-09 14:58:51,970 - INFO - Saved article: Around 40% of flights to West Asia operational amid transit visa delays for expats - The Hindu from The Hindu
2026-03-09 14:58:53,044 - INFO - [The Hindu] Article: https://www.thehindu.com/news/national/left-mps-slam-rahul-gandhi-for-his-inappropriate-remarks-against-pinarayi-government/article70722761.ece
2026-03-09 14:58:53,044 - INFO - [The Hindu] Attempt 1/1: Trying with 'selenium_browser' strategy...
2026-03-09 14:58:53,989 - INFO - [The Hindu] Page content loaded.
2026-03-09 14:58:54,094 - INFO - [The Hindu] Success with 'selenium_browser'. Found content (408 words).
2026-03-09 14:58:54,194 - INFO - Saved article: Left MPs slam Rahul Gandhi for his ‘inappropriate remarks’ against Pinarayi government - The Hindu from The Hindu
2026-03-09 14:58:54,813 - INFO - [The Hindu] Article: https://www.thehindu.com/news/national/karnataka/karnataka-could-be-party-in-case-against-kerala-government-on-malayalam-bhasha-bill-that-received-assent-from-kerala-governor/article70722312.ece
2026-03-09 14:58:54,813 - INFO - [The Hindu] Attempt 1/1: Trying with 'selenium_browser' strategy...
2026-03-09 14:58:55,942 - INFO - [The Hindu] Page content loaded.
2026-03-09 14:58:56,036 - INFO - [The Hindu] Success with 'selenium_browser'. Found content (510 words).
2026-03-09 14:58:56,139 - INFO - Saved article: Karnataka could be party in case against Kerala government on Malayalam Bhasha Bill that received assent from Kerala Governor - The Hindu from The Hindu
2026-03-09 14:58:57,261 - INFO - [The Hindu] Article: https://www.thehindu.com/news/national/telangana/excise-department-intensifies-crackdown-against-ganja-drugs-and-non-duty-paid-liquor/article70722413.ece
2026-03-09 14:58:57,261 - INFO - [The Hindu] Attempt 1/1: Trying with 'selenium_browser' strategy...
2026-03-09 14:58:58,114 - INFO - [The Hindu] Page content loaded.
2026-03-09 14:58:58,158 - INFO - [The Hindu] Success with 'selenium_browser'. Found content (331 words).
2026-03-09 14:58:58,212 - INFO - Saved article: Excise department intensifies crackdown against ganja, drugs and non-duty paid liquor - The Hindu from The Hindu
2026-03-09 14:58:59,382 - INFO - [The Hindu] (Thread) Finished. Attempting to shut down its Selenium driver.
2026-03-09 14:58:59,522 - INFO - [The Hindu] (Thread) driver.quit() successful.
2026-03-09 14:59:27,210 - ERROR - [Times of India] Request failed for strategy 'selenium_browser' on URL https://timesofindia.indiatimes.com/world/middle-east/us-israel-iran-war-news-live-udates-middle-east-crisis-conflict-drone-ballistic-missile-attacks-explosions-flights-status-dubai-uae-qatar-tehran-gulf-donald-trump-netanyahu-khamenei/liveblog/129286007.cms: Message: timeout: Timed out receiving message from renderer: 59.687
  (Session info: chrome=145.0.7632.116)
Stacktrace:
#0 0x55b22f0fab6a <unknown>
#1 0x55b22eb0da32 <unknown>
#2 0x55b22eaf5007 <unknown>
#3 0x55b22eaf4c16 <unknown>
#4 0x55b22eaf2731 <unknown>
#5 0x55b22eaf30bf <unknown>
#6 0x55b22eb02560 <unknown>
#7 0x55b22eb1c707 <unknown>
#8 0x55b22eb238db <unknown>
#9 0x55b22eaf3829 <unknown>
#10 0x55b22eb1c49c <unknown>
#11 0x55b22ebab6e1 <unknown>
#12 0x55b22eb54c0f <unknown>
#13 0x55b22eb559d1 <unknown>
#14 0x55b22f0bf6b9 <unknown>
#15 0x55b22f0c25c1 <unknown>
#16 0x55b22f0abe29 <unknown>
#17 0x55b22f0c317e <unknown>
#18 0x55b22f0924b0 <unknown>
#19 0x55b22f0e7578 <unknown>
#20 0x55b22f0e774b <unknown>
#21 0x55b22f0f91a3 <unknown>
#22 0x7fdb1f09caa4 <unknown>
#23 0x7fdb1f129c6c <unknown>

2026-03-09 14:59:27,210 - ERROR - [Times of India] All scrape strategies failed for https://timesofindia.indiatimes.com/world/middle-east/us-israel-iran-war-news-live-udates-middle-east-crisis-conflict-drone-ballistic-missile-attacks-explosions-flights-status-dubai-uae-qatar-tehran-gulf-donald-trump-netanyahu-khamenei/liveblog/129286007.cms. Falling back to RSS description.
2026-03-09 14:59:27,211 - INFO - Duplicate article skipped: US-Israel-Iran War News Live Updates: Iran fires first wave of missiles at Israel under new Supreme Leader Mojtaba Khamenei from Times of India
2026-03-09 14:59:28,233 - INFO - [Times of India] Article: https://timesofindia.indiatimes.com/world/middle-east/after-oil-war-of-water-why-desalination-plants-are-turning-into-targets-in-middle-east-explained/articleshow/129334653.cms
2026-03-09 14:59:28,233 - INFO - [Times of India] Attempt 1/1: Trying with 'selenium_browser' strategy...
2026-03-09 14:59:31,433 - INFO - [Times of India] Page content loaded.
2026-03-09 14:59:31,645 - INFO - [Times of India] Success with 'selenium_browser'. Found content (852 words).
2026-03-09 14:59:31,745 - INFO - Saved article: After oil, war of water? Why desalination plants are turning into targets in Middle East – explained - The Times of India from Times of India
2026-03-09 14:59:32,406 - INFO - [Times of India] Article: https://timesofindia.indiatimes.com/world/us/using-our-tax-dollars-kai-trump-faces-backlash-after-bringing-secret-service-to-shop-at-expensive-grocery-store-in-youtube-vlog/articleshow/129338992.cms
2026-03-09 14:59:32,406 - INFO - [Times of India] Attempt 1/1: Trying with 'selenium_browser' strategy...
2026-03-09 14:59:33,245 - INFO - [Times of India] Page content loaded.
2026-03-09 14:59:33,395 - INFO - [Times of India] Success with 'selenium_browser'. Found content (371 words).
2026-03-09 14:59:33,539 - INFO - Saved article: 'Using our tax dollars': Kai Trump faces backlash after bringing Secret Service to shop at ‘expensive’ grocery store in YouTube vlog - The Times of India from Times of India
2026-03-09 14:59:34,188 - INFO - [Times of India] Article: https://timesofindia.indiatimes.com/world/us/i-played-a-video-for-30-seconds-woman-removed-from-american-airlines-plane-for-playing-loud-video-swears-at-crew-questions-free-speech-america/articleshow/129338395.cms
2026-03-09 14:59:34,188 - INFO - [Times of India] Attempt 1/1: Trying with 'selenium_browser' strategy...
2026-03-09 14:59:34,987 - INFO - [Times of India] Page content loaded.
2026-03-09 14:59:35,140 - INFO - [Times of India] Success with 'selenium_browser'. Found content (334 words).
2026-03-09 14:59:35,225 - INFO - Saved article: 'For 30 seconds': Woman removed from plane for loud video questions 'free-speech America' - The Times of India from Times of India
2026-03-09 14:59:36,672 - INFO - [Times of India] Article: https://timesofindia.indiatimes.com/world/us/explosives-thrown-near-nyc-mayor-zohran-mamdanis-residence-probed-as-is-inspired-terrorism/articleshow/129337484.cms
2026-03-09 14:59:36,672 - INFO - [Times of India] Attempt 1/1: Trying with 'selenium_browser' strategy...
2026-03-09 14:59:38,645 - INFO - [Times of India] Page content loaded.
2026-03-09 14:59:38,781 - INFO - [Times of India] Success with 'selenium_browser'. Found content (394 words).
2026-03-09 14:59:38,860 - INFO - Saved article: Explosives thrown near NYC mayor Zohran Mamdani's residence probed as IS-inspired terrorism - The Times of India from Times of India
2026-03-09 14:59:40,225 - INFO - [Times of India] Article: https://timesofindia.indiatimes.com/world/us/70-year-old-canadian-citizen-living-in-north-carolina-voted-illegally-for-decades-in-us-faces-up-to-10-years/articleshow/129331107.cms
2026-03-09 14:59:40,225 - INFO - [Times of India] Attempt 1/1: Trying with 'selenium_browser' strategy...
2026-03-09 14:59:41,242 - INFO - [Times of India] Page content loaded.
2026-03-09 14:59:41,370 - INFO - [Times of India] Success with 'selenium_browser'. Found content (277 words).
2026-03-09 14:59:41,440 - INFO - Duplicate article skipped: 70-year-old Canadian citizen living in North Carolina voted illegally for decades in US, faces up to 10 years - The Times of India from Times of India
2026-03-09 14:59:42,446 - INFO - [Times of India] Article: https://timesofindia.indiatimes.com/world/us/because-of-h1b-visas-maga-enraged-at-35000-indian-americans-dominating-schools-and-offices-in-forsyth-county/articleshow/129334739.cms
2026-03-09 14:59:42,446 - INFO - [Times of India] Attempt 1/1: Trying with 'selenium_browser' strategy...
2026-03-09 14:59:43,582 - INFO - [Times of India] Page content loaded.
2026-03-09 14:59:43,718 - INFO - [Times of India] Success with 'selenium_browser'. Found content (599 words).
2026-03-09 14:59:43,809 - INFO - Duplicate article skipped: 'Because of H1B visas': MAGA enraged at 35,000 Indian-Americans dominating schools and offices in Forsyth County | World News - The Times of India from Times of India
2026-03-09 14:59:44,381 - INFO - [Times of India] Article: https://timesofindia.indiatimes.com/world/us/who-are-emir-balat-and-ibrahim-kayumi-suspects-in-new-york-city-ied-attack-identified-as-sons-of-turkish-and-afghan-immigrants/articleshow/129332412.cms
2026-03-09 14:59:44,381 - INFO - [Times of India] Attempt 1/1: Trying with 'selenium_browser' strategy...
2026-03-09 14:59:45,376 - INFO - [Times of India] Page content loaded.
2026-03-09 14:59:45,519 - INFO - [Times of India] Success with 'selenium_browser'. Found content (385 words).
2026-03-09 14:59:45,619 - INFO - Duplicate article skipped: Who are Emir Balat and Ibrahim Kayumi? Suspects in New York City IED attack identified as sons of Turkish and Afghan immigrants - The Times of India from Times of India
2026-03-09 14:59:47,051 - INFO - [Times of India] Article: https://timesofindia.indiatimes.com/world/uk/six-hours-through-omans-desert-how-a-british-father-and-daughter-fled-the-middle-east-crisis/articleshow/129330970.cms
2026-03-09 14:59:47,051 - INFO - [Times of India] Attempt 1/1: Trying with 'selenium_browser' strategy...
2026-03-09 14:59:48,154 - INFO - [Times of India] Page content loaded.
2026-03-09 14:59:48,289 - INFO - [Times of India] Success with 'selenium_browser'. Found content (555 words).
2026-03-09 14:59:48,376 - INFO - Duplicate article skipped: Six hours through Oman’s desert: How a British father and daughter fled the Middle East crisis | World News - The Times of India from Times of India
2026-03-09 14:59:49,432 - INFO - [Times of India] Article: https://timesofindia.indiatimes.com/world/us/not-my-son-over-my-dead-body-mtg-vs-karoline-leavitt-over-possibility-of-us-military-draft-for-iran-war/articleshow/129334095.cms
2026-03-09 14:59:49,433 - INFO - [Times of India] Attempt 1/1: Trying with 'selenium_browser' strategy...
2026-03-09 14:59:50,562 - INFO - [Times of India] Page content loaded.
2026-03-09 14:59:50,738 - INFO - [Times of India] Success with 'selenium_browser'. Found content (389 words).
2026-03-09 14:59:50,803 - INFO - Duplicate article skipped: 'Not my son, over my dead body': MTG vs Karoline Leavitt over possibility of US military draft for Iran war - The Times of India from Times of India
2026-03-09 14:59:52,069 - INFO - [Times of India] (Thread) Finished. Attempting to shut down its Selenium driver.
2026-03-09 14:59:52,360 - INFO - [Times of India] (Thread) driver.quit() successful.
2026-03-09 14:59:52,361 - INFO - Shutting down thread pool (wait=False)...
2026-03-09 14:59:52,361 - INFO - Scraped: 4 Times of India, 0 The Guardian, 1 BBC, 10 The Hindu articles. (Total saved: 15)
2026-03-09 14:59:52,361 - INFO - --- Scraping job finished ---
2026-03-09 14:59:52,367 - INFO - --- Scraper service stopped and database connection closed. ---
2026-03-09 14:59:52,367 - INFO - --- Main thread finished. Forcing process exit to kill zombie threads. ---
