2026-03-11 20:40:53,861 - INFO - Initializing database connection at: news_articles.db
2026-03-11 20:40:53,862 - INFO - --- Scraper service started (CI Mode: Run Once) ---
2026-03-11 20:40:53,862 - INFO - --- Starting new scraping job (Parallel Mode) ---
2026-03-11 20:40:53,862 - INFO - Creating new robust session with 3 retries on 5xx/connection/read errors.
2026-03-11 20:40:53,863 - INFO - Proxy is DISABLED.
2026-03-11 20:40:53,863 - INFO - Starting scrape for BBC RSS feed: http://feeds.bbci.co.uk/news/world/rss.xml
2026-03-11 20:40:53,863 - INFO - [Times of India] (Thread) requires Selenium. Initializing driver...
2026-03-11 20:40:53,863 - INFO - Initializing headless Selenium Chrome driver (using SeleniumManager)...
2026-03-11 20:40:53,864 - INFO - Starting scrape for The Guardian RSS feed: https://www.theguardian.com/world/rss
2026-03-11 20:40:53,865 - INFO - [The Hindu] (Thread) requires Selenium. Initializing driver...
2026-03-11 20:40:53,865 - INFO - Initializing headless Selenium Chrome driver (using SeleniumManager)...
2026-03-11 20:40:53,865 - INFO - Submitted 4 jobs to thread pool. Waiting up to 300s for completion...
2026-03-11 20:40:54,043 - INFO - Found 45 articles in The Guardian RSS feed. Processing up to 10.
2026-03-11 20:40:54,043 - INFO - [The Guardian] Article: https://www.theguardian.com/world/2026/mar/11/at-least-17-killed-after-drone-strikes-school-in-sudan
2026-03-11 20:40:54,043 - INFO - [The Guardian] Attempt 1/1: Trying with 'requests_browser' strategy...
2026-03-11 20:40:54,341 - INFO - [The Guardian] Success with 'requests_browser'. Found content (363 words).
2026-03-11 20:40:54,409 - INFO - Saved article: At least 17 killed after drone strikes school in Sudan | Sudan | The Guardian from The Guardian
2026-03-11 20:40:54,461 - INFO - Found 33 articles in BBC RSS feed. Processing up to 10.
2026-03-11 20:40:54,461 - INFO - [BBC] Article: https://www.bbc.com/news/articles/cn0znx4xrl9o?at_medium=RSS&at_campaign=rss
2026-03-11 20:40:54,462 - INFO - [BBC] Attempt 1/1: Trying with 'requests_browser' strategy...
2026-03-11 20:40:54,702 - INFO - [BBC] Success with 'requests_browser'. Found content (1619 words).
2026-03-11 20:40:54,748 - INFO - Duplicate article skipped: Jeremy Bowen: Trump has called for an Iran uprising but the lessons from Iraq in 1991 loom large from BBC
2026-03-11 20:40:55,128 - INFO - [The Guardian] Article: https://www.theguardian.com/world/2026/mar/11/drone-attack-goma-eastern-democratic-republic-of-the-congo-m23-rebels
2026-03-11 20:40:55,128 - INFO - [The Guardian] Attempt 1/1: Trying with 'requests_browser' strategy...
2026-03-11 20:40:55,421 - INFO - [The Guardian] Success with 'requests_browser'. Found content (551 words).
2026-03-11 20:40:55,465 - INFO - Duplicate article skipped: French aid worker among three killed in drone strike in east DRC, M23 rebels say | Democratic Republic of the Congo | The Guardian from The Guardian
2026-03-11 20:40:55,908 - INFO - [BBC] Article: https://www.bbc.com/news/articles/cly093xxlzzo?at_medium=RSS&at_campaign=rss
2026-03-11 20:40:55,909 - INFO - [BBC] Attempt 1/1: Trying with 'requests_browser' strategy...
2026-03-11 20:40:55,953 - INFO - [BBC] Success with 'requests_browser'. Found content (523 words).
2026-03-11 20:40:55,992 - INFO - Duplicate article skipped: Countries agree to record release of emergency oil reserves as prices surge from BBC
2026-03-11 20:40:56,512 - INFO - [The Guardian] Article: https://www.theguardian.com/world/2026/mar/11/nigerian-soldiers-killed-jihadist-raids-north-east
2026-03-11 20:40:56,512 - INFO - [The Guardian] Attempt 1/1: Trying with 'requests_browser' strategy...
2026-03-11 20:40:56,756 - INFO - [The Guardian] Success with 'requests_browser'. Found content (428 words).
2026-03-11 20:40:56,790 - INFO - Duplicate article skipped: At least 65 Nigerian soldiers killed in jihadist raids in country’s north-east | Nigeria | The Guardian from The Guardian
2026-03-11 20:40:57,273 - INFO - [BBC] Article: https://www.bbc.com/news/articles/c1mj1pyrzryo?at_medium=RSS&at_campaign=rss
2026-03-11 20:40:57,273 - INFO - [BBC] Attempt 1/1: Trying with 'requests_browser' strategy...
2026-03-11 20:40:57,329 - INFO - [BBC] Success with 'requests_browser'. Found content (907 words).
2026-03-11 20:40:57,374 - INFO - Duplicate article skipped: 'Even under missiles we carry on living' - how young Iranians are coping with war from BBC
2026-03-11 20:40:58,061 - INFO - [BBC] Article: https://www.bbc.com/news/articles/c620vwl97vyo?at_medium=RSS&at_campaign=rss
2026-03-11 20:40:58,061 - INFO - [BBC] Attempt 1/1: Trying with 'requests_browser' strategy...
2026-03-11 20:40:58,108 - INFO - [BBC] Success with 'requests_browser'. Found content (751 words).
2026-03-11 20:40:58,151 - INFO - Duplicate article skipped: EU and UK demand Israel stop surge in West Bank settler violence from BBC
2026-03-11 20:40:58,238 - INFO - [The Guardian] Article: https://www.theguardian.com/us-news/2026/mar/11/rfk-vaccine-trials-guinea-bissau
2026-03-11 20:40:58,239 - INFO - [The Guardian] Attempt 1/1: Trying with 'requests_browser' strategy...
2026-03-11 20:40:58,339 - INFO - [The Guardian] Success with 'requests_browser'. Found content (1242 words).
2026-03-11 20:40:58,376 - INFO - Duplicate article skipped: Experts fear ‘unethical’ vaccine trial in Africa is ‘prototype’ for US studies under RFK Jr | US healthcare | The Guardian from The Guardian
2026-03-11 20:40:58,934 - INFO - [BBC] Article: https://www.bbc.com/news/articles/cx2grl7lrrmo?at_medium=RSS&at_campaign=rss
2026-03-11 20:40:58,934 - INFO - [BBC] Attempt 1/1: Trying with 'requests_browser' strategy...
2026-03-11 20:40:58,974 - INFO - [BBC] Success with 'requests_browser'. Found content (338 words).
2026-03-11 20:40:59,013 - INFO - Duplicate article skipped: Three brothers arrested after explosion at US embassy in Oslo from BBC
2026-03-11 20:40:59,193 - INFO - [The Guardian] Article: https://www.theguardian.com/global-development/2026/mar/11/prison-sentences-attacked-gay-men-hope-kenya-lgbtq-community
2026-03-11 20:40:59,193 - INFO - [The Guardian] Attempt 1/1: Trying with 'requests_browser' strategy...
2026-03-11 20:40:59,316 - INFO - [The Guardian] Success with 'requests_browser'. Found content (930 words).
2026-03-11 20:40:59,379 - INFO - Duplicate article skipped: Prison sentences for pair who attacked gay men hailed as sign of hope for Kenya’s LGBTQ+ community | Global development | The Guardian from The Guardian
2026-03-11 20:40:59,768 - INFO - [BBC] Article: https://www.bbc.com/news/articles/cvgj8veg0gno?at_medium=RSS&at_campaign=rss
2026-03-11 20:40:59,768 - INFO - [BBC] Attempt 1/1: Trying with 'requests_browser' strategy...
2026-03-11 20:40:59,814 - INFO - [BBC] Success with 'requests_browser'. Found content (659 words).
2026-03-11 20:40:59,861 - INFO - Duplicate article skipped: UN aid worker Karine Buisset and two others killed in DR Congo’s M23-held Goma city from BBC
2026-03-11 20:40:59,941 - INFO - [The Guardian] Article: https://www.theguardian.com/world/2026/mar/11/el-salvador-mass-incarceration-crimes-against-humanity-study
2026-03-11 20:40:59,941 - INFO - [The Guardian] Attempt 1/1: Trying with 'requests_browser' strategy...
2026-03-11 20:41:00,067 - INFO - [The Guardian] Success with 'requests_browser'. Found content (594 words).
2026-03-11 20:41:00,102 - INFO - Duplicate article skipped: El Salvador’s mass arrest policy may have led to crimes against humanity, study shows | El Salvador | The Guardian from The Guardian
2026-03-11 20:41:00,825 - INFO - [The Guardian] Article: https://www.theguardian.com/world/2026/mar/11/argentina-asylum-brasil-elections
2026-03-11 20:41:00,825 - INFO - [The Guardian] Attempt 1/1: Trying with 'requests_browser' strategy...
2026-03-11 20:41:00,886 - INFO - [The Guardian] Success with 'requests_browser'. Found content (685 words).
2026-03-11 20:41:00,920 - INFO - Duplicate article skipped: Argentina grants asylum to Brasília rioter in move that may sway Brazil vote | Argentina | The Guardian from The Guardian
2026-03-11 20:41:01,196 - INFO - [BBC] Article: https://www.bbc.com/news/articles/ckg1eqw30l9o?at_medium=RSS&at_campaign=rss
2026-03-11 20:41:01,196 - INFO - [BBC] Attempt 1/1: Trying with 'requests_browser' strategy...
2026-03-11 20:41:01,235 - INFO - [BBC] Success with 'requests_browser'. Found content (394 words).
2026-03-11 20:41:01,275 - INFO - Duplicate article skipped: Ukraine says it has hit Russian 'missile component' plant from BBC
2026-03-11 20:41:01,822 - INFO - [The Guardian] Article: https://www.theguardian.com/world/2026/mar/11/jose-antonio-kast-pinochet-fan-chile-far-right
2026-03-11 20:41:01,822 - INFO - [The Guardian] Attempt 1/1: Trying with 'requests_browser' strategy...
2026-03-11 20:41:01,894 - INFO - [The Guardian] Success with 'requests_browser'. Found content (1085 words).
2026-03-11 20:41:01,939 - INFO - [BBC] Article: https://www.bbc.com/news/articles/c93j2492d0do?at_medium=RSS&at_campaign=rss
2026-03-11 20:41:01,939 - INFO - [BBC] Attempt 1/1: Trying with 'requests_browser' strategy...
2026-03-11 20:41:01,941 - INFO - Duplicate article skipped: José Antonio Kast, the Pinochet fan about to swerve Chile to the far right | Chile | The Guardian from The Guardian
2026-03-11 20:41:01,996 - INFO - [BBC] Success with 'requests_browser'. Found content (1069 words).
2026-03-11 20:41:02,038 - INFO - Duplicate article skipped: Member of Iranian football delegation granted Australian asylum changes her mind from BBC
2026-03-11 20:41:02,257 - INFO - Selenium driver initialized successfully.
2026-03-11 20:41:02,257 - INFO - Starting scrape for The Hindu RSS feed: https://www.thehindu.com/news/national/feeder/default.rss
2026-03-11 20:41:02,258 - INFO - Selenium driver initialized successfully.
2026-03-11 20:41:02,258 - INFO - Starting scrape for Times of India RSS feed: https://timesofindia.indiatimes.com/rssfeeds/296589292.cms
2026-03-11 20:41:02,350 - INFO - Found 20 articles in Times of India RSS feed. Processing up to 10.
2026-03-11 20:41:02,350 - INFO - [Times of India] Article: https://timesofindia.indiatimes.com/world/us-israel-iran-war-news-live-udates-middle-east-crisis-conflict-drone-ballistic-missile-attacks-explosions-gulf-countries-flights-status-donald-trump-netanyahu-khamenei/liveblog/129370636.cms
2026-03-11 20:41:02,350 - INFO - [Times of India] Attempt 1/1: Trying with 'selenium_browser' strategy...
2026-03-11 20:41:02,462 - INFO - [The Guardian] Article: https://www.theguardian.com/world/2026/mar/10/haiti-president-jovenel-moise-trial
2026-03-11 20:41:02,462 - INFO - [The Guardian] Attempt 1/1: Trying with 'requests_browser' strategy...
2026-03-11 20:41:02,523 - INFO - Found 100 articles in The Hindu RSS feed. Processing up to 10.
2026-03-11 20:41:02,523 - INFO - [The Hindu] Article: https://www.thehindu.com/news/national/haryana/fuel-crisis-supply-chain-disruption-rise-in-cost-of-raw-material-amid-west-asia-conflict-hit-haryana-industry/article70732662.ece
2026-03-11 20:41:02,523 - INFO - [The Hindu] Attempt 1/1: Trying with 'selenium_browser' strategy...
2026-03-11 20:41:02,562 - INFO - [The Guardian] Success with 'requests_browser'. Found content (720 words).
2026-03-11 20:41:02,597 - INFO - Duplicate article skipped: Haiti president’s assassination driven by greed and power, US prosecutors say | Haiti | The Guardian from The Guardian
2026-03-11 20:41:02,897 - INFO - [BBC] Article: https://www.bbc.com/news/articles/c5y4wdlyy9xo?at_medium=RSS&at_campaign=rss
2026-03-11 20:41:02,897 - INFO - [BBC] Attempt 1/1: Trying with 'requests_browser' strategy...
2026-03-11 20:41:02,929 - INFO - [BBC] Success with 'requests_browser'. Found content (329 words).
2026-03-11 20:41:02,966 - INFO - Duplicate article skipped: No evidence Swiss bus fire was terrorism, officials say from BBC
2026-03-11 20:41:03,609 - INFO - [The Guardian] Article: https://www.theguardian.com/world/2026/mar/10/shots-fired-canada-consulate-toronto
2026-03-11 20:41:03,609 - INFO - [The Guardian] Attempt 1/1: Trying with 'requests_browser' strategy...
2026-03-11 20:41:03,773 - INFO - [The Guardian] Success with 'requests_browser'. Found content (414 words).
2026-03-11 20:41:03,794 - INFO - [BBC] Article: https://www.bbc.com/news/articles/cp32xx35lwwo?at_medium=RSS&at_campaign=rss
2026-03-11 20:41:03,799 - INFO - [BBC] Attempt 1/1: Trying with 'requests_browser' strategy...
2026-03-11 20:41:03,850 - INFO - Duplicate article skipped: Shots fired at US consulate in Canada in what police call ‘national security incident’ | Toronto | The Guardian from The Guardian
2026-03-11 20:41:03,946 - INFO - [BBC] Success with 'requests_browser'. Found content (1716 words).
2026-03-11 20:41:04,035 - INFO - Duplicate article skipped: Bellarmine Mugabe in court: What has happened to the family after losing power in Zimbabwe from BBC
2026-03-11 20:41:07,078 - INFO - [The Hindu] Page content loaded.
2026-03-11 20:41:07,301 - INFO - [The Hindu] Success with 'selenium_browser'. Found content (748 words).
2026-03-11 20:41:07,480 - INFO - Saved article: Fuel crisis, supply chain disruption, rise in cost of raw material amid West Asia conflict hit Haryana industry - The Hindu from The Hindu
2026-03-11 20:41:08,640 - INFO - [The Hindu] Article: https://www.thehindu.com/sci-tech/health/cdsco-issues-advisory-to-prevent-misleading-promotion-of-prescription-drugs-for-obesity/article70731923.ece
2026-03-11 20:41:08,640 - INFO - [The Hindu] Attempt 1/1: Trying with 'selenium_browser' strategy...
2026-03-11 20:41:15,560 - INFO - [The Hindu] Page content loaded.
2026-03-11 20:41:16,173 - INFO - [The Hindu] Success with 'selenium_browser'. Found content (244 words).
2026-03-11 20:41:16,424 - INFO - Saved article: CDSCO issues advisory to prevent misleading promotion of prescription drugs for obesity - The Hindu from The Hindu
2026-03-11 20:41:17,029 - INFO - [The Hindu] Article: https://www.thehindu.com/business/reliance-remains-mum-even-as-trump-announces-historic-300-billion-us-refinery-deal/article70732565.ece
2026-03-11 20:41:17,029 - INFO - [The Hindu] Attempt 1/1: Trying with 'selenium_browser' strategy...
2026-03-11 20:41:19,681 - INFO - [The Hindu] Page content loaded.
2026-03-11 20:41:20,039 - INFO - [The Hindu] Success with 'selenium_browser'. Found content (314 words).
2026-03-11 20:41:20,236 - INFO - Saved article: Reliance remains mum even as Trump announces ‘historic’ $300 billion U.S. refinery deal - The Hindu from The Hindu
2026-03-11 20:41:20,967 - INFO - [The Hindu] Article: https://www.thehindu.com/news/national/indian-french-armies-hold-expert-exchange-on-precision-strike-capabilities/article70731961.ece
2026-03-11 20:41:20,967 - INFO - [The Hindu] Attempt 1/1: Trying with 'selenium_browser' strategy...
2026-03-11 20:41:22,101 - INFO - [The Hindu] Page content loaded.
2026-03-11 20:41:22,229 - INFO - [The Hindu] Success with 'selenium_browser'. Found content (175 words).
2026-03-11 20:41:22,371 - INFO - Saved article: Indian, French armies hold expert exchange on precision strike capabilities - The Hindu from The Hindu
2026-03-11 20:41:23,218 - INFO - [The Hindu] Article: https://www.thehindu.com/news/cities/Hyderabad/piped-cooking-gas-users-feel-heat-of-lpg-crisis-scramble-to-stock-up/article70732000.ece
2026-03-11 20:41:23,218 - INFO - [The Hindu] Attempt 1/1: Trying with 'selenium_browser' strategy...
2026-03-11 20:42:02,370 - ERROR - [Times of India] Request failed for strategy 'selenium_browser' on URL https://timesofindia.indiatimes.com/world/us-israel-iran-war-news-live-udates-middle-east-crisis-conflict-drone-ballistic-missile-attacks-explosions-gulf-countries-flights-status-donald-trump-netanyahu-khamenei/liveblog/129370636.cms: Message: timeout: Timed out receiving message from renderer: 59.623
  (Session info: chrome=145.0.7632.116)
Stacktrace:
#0 0x55b6a7c36b6a <unknown>
#1 0x55b6a7649a32 <unknown>
#2 0x55b6a7631007 <unknown>
#3 0x55b6a7630c16 <unknown>
#4 0x55b6a762e731 <unknown>
#5 0x55b6a762f0bf <unknown>
#6 0x55b6a763e560 <unknown>
#7 0x55b6a7658707 <unknown>
#8 0x55b6a765f8db <unknown>
#9 0x55b6a762f829 <unknown>
#10 0x55b6a765849c <unknown>
#11 0x55b6a76e76e1 <unknown>
#12 0x55b6a7690c0f <unknown>
#13 0x55b6a76919d1 <unknown>
#14 0x55b6a7bfb6b9 <unknown>
#15 0x55b6a7bfe5c1 <unknown>
#16 0x55b6a7be7e29 <unknown>
#17 0x55b6a7bff17e <unknown>
#18 0x55b6a7bce4b0 <unknown>
#19 0x55b6a7c23578 <unknown>
#20 0x55b6a7c2374b <unknown>
#21 0x55b6a7c351a3 <unknown>
#22 0x7f6e23e9caa4 <unknown>
#23 0x7f6e23f29c6c <unknown>

2026-03-11 20:42:02,370 - ERROR - [Times of India] All scrape strategies failed for https://timesofindia.indiatimes.com/world/us-israel-iran-war-news-live-udates-middle-east-crisis-conflict-drone-ballistic-missile-attacks-explosions-gulf-countries-flights-status-donald-trump-netanyahu-khamenei/liveblog/129370636.cms. Falling back to RSS description.
2026-03-11 20:42:02,371 - INFO - Duplicate article skipped: US-Israel-Iran War News Live Updates: No need for panic LPG booking; normal delivery cycle for household remains 2.5 days, says Govt from Times of India
2026-03-11 20:42:02,981 - INFO - [Times of India] Article: https://timesofindia.indiatimes.com/world/middle-east/elontradess-dubai-rant-goes-viral-amid-iran-vs-us-israel-war-why-crypto-trader-says-he-was-asked-to-get-license-to-post-online-in-the-uae-emirate/articleshow/129476878.cms
2026-03-11 20:42:02,981 - INFO - [Times of India] Attempt 1/1: Trying with 'selenium_browser' strategy...
2026-03-11 20:42:07,288 - INFO - [Times of India] Page content loaded.
2026-03-11 20:42:07,509 - INFO - [Times of India] Success with 'selenium_browser'. Found content (1244 words).
2026-03-11 20:42:07,617 - INFO - Saved article: ElonTrades’s Dubai rant goes viral amid Iran vs US-Israel war: Why crypto trader says he was asked to get license to post online in the UAE emirate - The Times of India from Times of India
2026-03-11 20:42:09,034 - INFO - [Times of India] Article: https://timesofindia.indiatimes.com/world/us/hes-in-trouble-trumps-niece-and-sharpest-family-critic-on-the-real-motive-behind-his-iran-war/articleshow/129476203.cms
2026-03-11 20:42:09,036 - INFO - [Times of India] Attempt 1/1: Trying with 'selenium_browser' strategy...
2026-03-11 20:42:10,645 - INFO - [Times of India] Page content loaded.
2026-03-11 20:42:10,824 - INFO - [Times of India] Success with 'selenium_browser'. Found content (2076 words).
2026-03-11 20:42:10,900 - INFO - Saved article: ‘He’s in trouble’: Trump’s niece and sharpest family critic on the real motive behind his Iran war | World News - The Times of India from Times of India
2026-03-11 20:42:11,694 - INFO - [Times of India] Article: https://timesofindia.indiatimes.com/world/us-streamers/hasan-piker-ignites-controversy-after-saying-ishowspeed-ignored-his-cuba-flotilla-trip-invite-as-xqc-makes-a-surprising-comparison-on-livestream/articleshow/129475818.cms
2026-03-11 20:42:11,694 - INFO - [Times of India] Attempt 1/1: Trying with 'selenium_browser' strategy...
2026-03-11 20:42:12,761 - INFO - [Times of India] Page content loaded.
2026-03-11 20:42:12,943 - INFO - [Times of India] Success with 'selenium_browser'. Found content (480 words).
2026-03-11 20:42:13,018 - INFO - Saved article: Hasan Piker ignites controversy after saying IShowSpeed ignored his Cuba Flotilla trip invite as xQc makes a surprising comparison on livestream - The Times of India from Times of India
2026-03-11 20:42:14,073 - INFO - [Times of India] Article: https://timesofindia.indiatimes.com/world/us-streamers/youtuber-mrbeast-says-hes-likely-given-away-more-than-200-million-in-youtube-videos/articleshow/129477769.cms
2026-03-11 20:42:14,073 - INFO - [Times of India] Attempt 1/1: Trying with 'selenium_browser' strategy...
2026-03-11 20:42:15,736 - INFO - [Times of India] Page content loaded.
2026-03-11 20:42:15,924 - INFO - [Times of India] Success with 'selenium_browser'. Found content (520 words).
2026-03-11 20:42:15,989 - INFO - Saved article: Youtuber Mrbeast: YouTuber MrBeast says he’s likely given away more than $200 million in YouTube videos - The Times of India from Times of India
2026-03-11 20:42:17,305 - INFO - [Times of India] Article: https://timesofindia.indiatimes.com/world/us/fbi-warns-california-of-possible-surprise-drone-attack-from-iran-targets-unspecified/articleshow/129477582.cms
2026-03-11 20:42:17,305 - INFO - [Times of India] Attempt 1/1: Trying with 'selenium_browser' strategy...
2026-03-11 20:42:18,415 - INFO - [Times of India] Page content loaded.
2026-03-11 20:42:18,581 - INFO - [Times of India] Success with 'selenium_browser'. Found content (335 words).
2026-03-11 20:42:18,644 - INFO - Saved article: FBI warns California of possible surprise drone attack from Iran: Targets unspecified - The Times of India from Times of India
2026-03-11 20:42:20,132 - INFO - [Times of India] Article: https://timesofindia.indiatimes.com/world/uk/churchill-and-austen-to-be-replaced-by-wildlife-on-british-banknotes/articleshow/129477181.cms
2026-03-11 20:42:20,132 - INFO - [Times of India] Attempt 1/1: Trying with 'selenium_browser' strategy...
2026-03-11 20:42:21,620 - INFO - [Times of India] Page content loaded.
2026-03-11 20:42:21,802 - INFO - [Times of India] Success with 'selenium_browser'. Found content (260 words).
2026-03-11 20:42:21,870 - INFO - Saved article: Churchill and Austen to be replaced by wildlife on British banknotes - The Times of India from Times of India
2026-03-11 20:42:22,881 - INFO - [Times of India] Article: https://timesofindia.indiatimes.com/world/us/pro-iran-hackers-hit-us-medical-device-giant-stryker-in-shocking-cyberattack-after-israel-strikes/articleshow/129475165.cms
2026-03-11 20:42:22,881 - INFO - [Times of India] Attempt 1/1: Trying with 'selenium_browser' strategy...
2026-03-11 20:42:23,242 - ERROR - [The Hindu] Request failed for strategy 'selenium_browser' on URL https://www.thehindu.com/news/cities/Hyderabad/piped-cooking-gas-users-feel-heat-of-lpg-crisis-scramble-to-stock-up/article70732000.ece: Message: timeout: Timed out receiving message from renderer: 59.479
  (Session info: chrome=145.0.7632.116)
Stacktrace:
#0 0x55ea97c13b6a <unknown>
#1 0x55ea97626a32 <unknown>
#2 0x55ea9760e007 <unknown>
#3 0x55ea9760dc16 <unknown>
#4 0x55ea9760b731 <unknown>
#5 0x55ea9760c0bf <unknown>
#6 0x55ea9761b560 <unknown>
#7 0x55ea97635707 <unknown>
#8 0x55ea9763c8db <unknown>
#9 0x55ea9760c829 <unknown>
#10 0x55ea9763549c <unknown>
#11 0x55ea976c46e1 <unknown>
#12 0x55ea9766dc0f <unknown>
#13 0x55ea9766e9d1 <unknown>
#14 0x55ea97bd86b9 <unknown>
#15 0x55ea97bdb5c1 <unknown>
#16 0x55ea97bc4e29 <unknown>
#17 0x55ea97bdc17e <unknown>
#18 0x55ea97bab4b0 <unknown>
#19 0x55ea97c00578 <unknown>
#20 0x55ea97c0074b <unknown>
#21 0x55ea97c121a3 <unknown>
#22 0x7f5c32a9caa4 <unknown>
#23 0x7f5c32b29c6c <unknown>

2026-03-11 20:42:23,242 - ERROR - [The Hindu] All scrape strategies failed for https://www.thehindu.com/news/cities/Hyderabad/piped-cooking-gas-users-feel-heat-of-lpg-crisis-scramble-to-stock-up/article70732000.ece. Falling back to RSS description.
2026-03-11 20:42:23,245 - INFO - Saved article: Piped cooking gas users feel heat of LPG crisis, scramble to stock up from The Hindu
2026-03-11 20:42:24,155 - INFO - [Times of India] Page content loaded.
2026-03-11 20:42:24,379 - INFO - [Times of India] Success with 'selenium_browser'. Found content (1692 words).
2026-03-11 20:42:24,393 - INFO - [The Hindu] Article: https://www.thehindu.com/news/national/uttar-pradesh/avimukteshwaranand-saraswati-announces-81-day-march-for-cow-protection/article70732434.ece
2026-03-11 20:42:24,393 - INFO - [The Hindu] Attempt 1/1: Trying with 'selenium_browser' strategy...
2026-03-11 20:42:24,512 - INFO - Duplicate article skipped: Stryker Cyberattack: Pro-Iran hackers hit US medical device giant Stryker in shocking cyberattack after Israel strikes - The Times of India from Times of India
2026-03-11 20:42:25,232 - INFO - [Times of India] Article: https://timesofindia.indiatimes.com/world/us/india-qatar-ethiopia-us-louisiana-doctor-travels-62-hours-to-get-home-amid-iran-war-state-department-calls-when-hes-back/articleshow/129474997.cms
2026-03-11 20:42:25,232 - INFO - [Times of India] Attempt 1/1: Trying with 'selenium_browser' strategy...
2026-03-11 20:42:26,133 - INFO - [The Hindu] Page content loaded.
2026-03-11 20:42:26,360 - INFO - [The Hindu] Success with 'selenium_browser'. Found content (323 words).
2026-03-11 20:42:26,445 - INFO - Saved article: Avimukteshwaranand Saraswati announces 81-day march for cow protection - The Hindu from The Hindu
2026-03-11 20:42:26,453 - INFO - [Times of India] Page content loaded.
2026-03-11 20:42:26,588 - INFO - [Times of India] Success with 'selenium_browser'. Found content (476 words).
2026-03-11 20:42:26,699 - INFO - Duplicate article skipped: India-Qatar-Ethiopia-US: Louisiana doctor travels 62 hours to get home amid Iran war, State Department calls when he's back - The Times of India from Times of India
2026-03-11 20:42:27,025 - INFO - [The Hindu] Article: https://www.thehindu.com/news/national/jammu-and-kashmir/farooq-abdullah-jammu-attack-national-conference-police/article70732577.ece
2026-03-11 20:42:27,025 - INFO - [The Hindu] Attempt 1/1: Trying with 'selenium_browser' strategy...
2026-03-11 20:42:27,942 - INFO - [The Hindu] Page content loaded.
2026-03-11 20:42:28,171 - INFO - [The Hindu] Success with 'selenium_browser'. Found content (379 words).
2026-03-11 20:42:28,193 - INFO - [Times of India] Article: https://timesofindia.indiatimes.com/world/us/were-going-state-by-state-sba-chief-announces-nationwide-crackdown-on-fraud-in-federal-programmes/articleshow/129475251.cms
2026-03-11 20:42:28,193 - INFO - [Times of India] Attempt 1/1: Trying with 'selenium_browser' strategy...
2026-03-11 20:42:28,318 - INFO - Saved article: National Conference alleges attempt to kill Farooq Abdullah in Jammu; one detained - The Hindu from The Hindu
2026-03-11 20:42:29,219 - INFO - [The Hindu] Article: https://www.thehindu.com/news/national/maharashtra/maharashtra-fee-fixing-body-faces-graft-probe-after-mla-alleges-40000-crore-scam/article70731233.ece
2026-03-11 20:42:29,219 - INFO - [The Hindu] Attempt 1/1: Trying with 'selenium_browser' strategy...
2026-03-11 20:42:30,149 - INFO - [The Hindu] Page content loaded.
2026-03-11 20:42:30,354 - INFO - [The Hindu] Success with 'selenium_browser'. Found content (305 words).
2026-03-11 20:42:30,521 - INFO - Saved article: Maharashtra fee fixing body faces graft probe after MLA alleges ₹40,000-crore scam - The Hindu from The Hindu
2026-03-11 20:42:31,869 - INFO - [The Hindu] Article: https://www.thehindu.com/news/national/tamil-nadu/363-prisoners-write-sslc-examination/article70732632.ece
2026-03-11 20:42:31,869 - INFO - [The Hindu] Attempt 1/1: Trying with 'selenium_browser' strategy...
2026-03-11 20:42:32,780 - INFO - [The Hindu] Page content loaded.
2026-03-11 20:42:32,807 - INFO - [Times of India] Page content loaded.
2026-03-11 20:42:32,881 - INFO - [The Hindu] Success with 'selenium_browser'. Found content (234 words).
2026-03-11 20:42:32,994 - INFO - Saved article: 363 prisoners write SSLC examination - The Hindu from The Hindu
2026-03-11 20:42:33,194 - INFO - [Times of India] Success with 'selenium_browser'. Found content (370 words).
2026-03-11 20:42:33,293 - INFO - Duplicate article skipped: 'We're going state-by-state': SBA chief announces nationwide crackdown on fraud in federal programmes - The Times of India from Times of India
2026-03-11 20:42:33,861 - INFO - [Times of India] (Thread) Finished. Attempting to shut down its Selenium driver.
2026-03-11 20:42:34,025 - INFO - [Times of India] (Thread) driver.quit() successful.
2026-03-11 20:42:34,478 - INFO - [The Hindu] Article: https://www.thehindu.com/news/cities/chennai/consumers-flock-to-lpg-agencies-as-bookings-fail/article70732153.ece
2026-03-11 20:42:34,478 - INFO - [The Hindu] Attempt 1/1: Trying with 'selenium_browser' strategy...
2026-03-11 20:42:35,779 - INFO - [The Hindu] Page content loaded.
2026-03-11 20:42:35,836 - INFO - [The Hindu] Success with 'selenium_browser'. Found content (296 words).
2026-03-11 20:42:35,928 - INFO - Saved article: Consumers flock to LPG agencies as bookings fail - The Hindu from The Hindu
2026-03-11 20:42:36,774 - INFO - [The Hindu] (Thread) Finished. Attempting to shut down its Selenium driver.
2026-03-11 20:42:36,917 - INFO - [The Hindu] (Thread) driver.quit() successful.
2026-03-11 20:42:36,917 - INFO - Shutting down thread pool (wait=False)...
2026-03-11 20:42:36,917 - INFO - Scraped: 10 The Hindu, 6 Times of India, 1 The Guardian, 0 BBC articles. (Total saved: 17)
2026-03-11 20:42:36,917 - INFO - --- Scraping job finished ---
2026-03-11 20:42:36,922 - INFO - --- Scraper service stopped and database connection closed. ---
2026-03-11 20:42:36,922 - INFO - --- Main thread finished. Forcing process exit to kill zombie threads. ---
