2026-03-08 16:38:22,419 - INFO - Initializing database connection at: news_articles.db
2026-03-08 16:38:22,419 - INFO - --- Scraper service started (CI Mode: Run Once) ---
2026-03-08 16:38:22,419 - INFO - --- Starting new scraping job (Parallel Mode) ---
2026-03-08 16:38:22,419 - INFO - Creating new robust session with 3 retries on 5xx/connection/read errors.
2026-03-08 16:38:22,420 - INFO - Proxy is DISABLED.
2026-03-08 16:38:22,420 - INFO - Starting scrape for BBC RSS feed: http://feeds.bbci.co.uk/news/world/rss.xml
2026-03-08 16:38:22,421 - INFO - [Times of India] (Thread) requires Selenium. Initializing driver...
2026-03-08 16:38:22,421 - INFO - Initializing headless Selenium Chrome driver (using SeleniumManager)...
2026-03-08 16:38:22,421 - INFO - Starting scrape for The Guardian RSS feed: https://www.theguardian.com/world/rss
2026-03-08 16:38:22,422 - INFO - [The Hindu] (Thread) requires Selenium. Initializing driver...
2026-03-08 16:38:22,422 - INFO - Initializing headless Selenium Chrome driver (using SeleniumManager)...
2026-03-08 16:38:22,423 - INFO - Submitted 4 jobs to thread pool. Waiting up to 300s for completion...
2026-03-08 16:38:22,561 - INFO - Found 24 articles in BBC RSS feed. Processing up to 10.
2026-03-08 16:38:22,561 - INFO - [BBC] Article: https://www.bbc.com/news/articles/cx2r1xldl1ko?at_medium=RSS&at_campaign=rss
2026-03-08 16:38:22,561 - INFO - [BBC] Attempt 1/1: Trying with 'requests_browser' strategy...
2026-03-08 16:38:22,573 - INFO - Found 45 articles in The Guardian RSS feed. Processing up to 10.
2026-03-08 16:38:22,573 - INFO - [The Guardian] Article: https://www.theguardian.com/world/2026/mar/07/descendants-of-zimbabwe-resistance-heroes-urge-uk-to-locate-looted-skulls
2026-03-08 16:38:22,573 - INFO - [The Guardian] Attempt 1/1: Trying with 'requests_browser' strategy...
2026-03-08 16:38:22,613 - INFO - [The Guardian] Success with 'requests_browser'. Found content (878 words).
2026-03-08 16:38:22,652 - INFO - Duplicate article skipped: Descendants of Zimbabwe resistance heroes urge UK to locate looted skulls | Zimbabwe | The Guardian from The Guardian
2026-03-08 16:38:22,941 - INFO - [BBC] Success with 'requests_browser'. Found content (715 words).
2026-03-08 16:38:22,987 - INFO - Duplicate article skipped: War fuels debate in Cyprus over UK military bases from BBC
2026-03-08 16:38:23,618 - INFO - [The Guardian] Article: https://www.theguardian.com/global-development/2026/mar/06/generic-drugs-weight-loss-semaglutide-ozempic-wegovy-diabetes-obesity-study
2026-03-08 16:38:23,618 - INFO - [The Guardian] Attempt 1/1: Trying with 'requests_browser' strategy...
2026-03-08 16:38:23,650 - INFO - [The Guardian] Success with 'requests_browser'. Found content (612 words).
2026-03-08 16:38:23,686 - INFO - Duplicate article skipped: Weight-loss jab could be made for $3 a month, study finds | Global health | The Guardian from The Guardian
2026-03-08 16:38:23,997 - INFO - [BBC] Article: https://www.bbc.com/news/articles/c5yjegg892lo?at_medium=RSS&at_campaign=rss
2026-03-08 16:38:23,997 - INFO - [BBC] Attempt 1/1: Trying with 'requests_browser' strategy...
2026-03-08 16:38:24,037 - INFO - [BBC] Success with 'requests_browser'. Found content (336 words).
2026-03-08 16:38:24,073 - INFO - Duplicate article skipped: Explosion at US embassy in Oslo may have been terrorism, Norway police say from BBC
2026-03-08 16:38:24,765 - INFO - [BBC] Article: https://www.bbc.com/news/articles/crrxpwzvd5vo?at_medium=RSS&at_campaign=rss
2026-03-08 16:38:24,765 - INFO - [BBC] Attempt 1/1: Trying with 'requests_browser' strategy...
2026-03-08 16:38:24,805 - INFO - [BBC] Success with 'requests_browser'. Found content (506 words).
2026-03-08 16:38:24,843 - INFO - Duplicate article skipped: Boy, 12, among six dead as tornadoes hit Michigan and Oklahoma from BBC
2026-03-08 16:38:24,884 - INFO - [The Guardian] Article: https://www.theguardian.com/world/2026/mar/05/three-men-deported-us-eswatini-legal-case-detention
2026-03-08 16:38:24,884 - INFO - [The Guardian] Attempt 1/1: Trying with 'requests_browser' strategy...
2026-03-08 16:38:24,990 - INFO - [The Guardian] Success with 'requests_browser'. Found content (520 words).
2026-03-08 16:38:25,027 - INFO - Duplicate article skipped: Three men deported by US file legal case against Eswatini over detention | Eswatini | The Guardian from The Guardian
2026-03-08 16:38:25,496 - INFO - [BBC] Article: https://www.bbc.com/news/articles/c0q32322wq8o?at_medium=RSS&at_campaign=rss
2026-03-08 16:38:25,496 - INFO - [BBC] Attempt 1/1: Trying with 'requests_browser' strategy...
2026-03-08 16:38:25,533 - INFO - [BBC] Success with 'requests_browser'. Found content (331 words).
2026-03-08 16:38:25,569 - INFO - Duplicate article skipped: Swiss reject right-wing plan to cut licence fee for public broadcaster from BBC
2026-03-08 16:38:25,864 - INFO - [The Guardian] Article: https://www.theguardian.com/world/2026/mar/05/south-africa-president-cyril-ramaphosa-calls-donald-trump-policy-white-afrikaners-racist
2026-03-08 16:38:25,864 - INFO - [The Guardian] Attempt 1/1: Trying with 'requests_browser' strategy...
2026-03-08 16:38:25,894 - INFO - [The Guardian] Success with 'requests_browser'. Found content (410 words).
2026-03-08 16:38:25,929 - INFO - Duplicate article skipped: South Africa’s president calls Trump’s policy to offer refuge to white Afrikaners ‘racist’ | South Africa | The Guardian from The Guardian
2026-03-08 16:38:26,487 - INFO - [The Guardian] Article: https://www.theguardian.com/sport/2026/mar/05/lewis-hamilton-race-africa-grand-prix-retiring-formula-one-colonial
2026-03-08 16:38:26,487 - INFO - [The Guardian] Attempt 1/1: Trying with 'requests_browser' strategy...
2026-03-08 16:38:26,589 - INFO - [The Guardian] Success with 'requests_browser'. Found content (409 words).
2026-03-08 16:38:26,624 - INFO - Duplicate article skipped: Lewis Hamilton sets sights on racing in an African grand prix before retiring | Lewis Hamilton | The Guardian from The Guardian
2026-03-08 16:38:26,810 - INFO - [BBC] Article: https://www.bbc.com/news/articles/c93w6y0lnd9o?at_medium=RSS&at_campaign=rss
2026-03-08 16:38:26,810 - INFO - [BBC] Attempt 1/1: Trying with 'requests_browser' strategy...
2026-03-08 16:38:26,852 - INFO - [BBC] Success with 'requests_browser'. Found content (490 words).
2026-03-08 16:38:26,890 - INFO - Duplicate article skipped: Rapper-politician Balendra Shah unseats Nepal's ex-PM as he heads for victory from BBC
2026-03-08 16:38:27,276 - INFO - [The Guardian] Article: https://www.theguardian.com/world/2026/mar/08/haiti-immigrant-mexico-tapachula
2026-03-08 16:38:27,276 - INFO - [The Guardian] Attempt 1/1: Trying with 'requests_browser' strategy...
2026-03-08 16:38:27,320 - INFO - [The Guardian] Success with 'requests_browser'. Found content (2248 words).
2026-03-08 16:38:27,387 - INFO - Duplicate article skipped: ‘I am trying to live’: Haitians in Mexico seek community despite broken immigration systems | World news | The Guardian from The Guardian
2026-03-08 16:38:28,369 - INFO - [BBC] Article: https://www.bbc.com/news/articles/cy8l2p2l3v0o?at_medium=RSS&at_campaign=rss
2026-03-08 16:38:28,369 - INFO - [BBC] Attempt 1/1: Trying with 'requests_browser' strategy...
2026-03-08 16:38:28,425 - INFO - [BBC] Success with 'requests_browser'. Found content (1079 words).
2026-03-08 16:38:28,471 - INFO - Duplicate article skipped: Dozens killed as Israeli special forces raid Lebanese village in search of 40-year-old remains from BBC
2026-03-08 16:38:28,646 - INFO - [The Guardian] Article: https://www.theguardian.com/world/2026/mar/08/british-columbia-canada-daylight-saving-time
2026-03-08 16:38:28,646 - INFO - [The Guardian] Attempt 1/1: Trying with 'requests_browser' strategy...
2026-03-08 16:38:28,680 - INFO - [The Guardian] Success with 'requests_browser'. Found content (601 words).
2026-03-08 16:38:28,714 - INFO - Duplicate article skipped: Time for a change: British Columbia decides to keep daylight saving time permanently | Canada | The Guardian from The Guardian
2026-03-08 16:38:28,987 - INFO - [BBC] Article: https://www.bbc.com/news/articles/cn87pl8e2l5o?at_medium=RSS&at_campaign=rss
2026-03-08 16:38:28,987 - INFO - [BBC] Attempt 1/1: Trying with 'requests_browser' strategy...
2026-03-08 16:38:29,055 - INFO - [BBC] Success with 'requests_browser'. Found content (353 words).
2026-03-08 16:38:29,096 - INFO - Duplicate article skipped: Nairobi floods: At least 23 dead after heavy rains with Kenyan military deployed from BBC
2026-03-08 16:38:29,674 - INFO - [BBC] Article: https://www.bbc.com/news/articles/cq6qp458zv1o?at_medium=RSS&at_campaign=rss
2026-03-08 16:38:29,675 - INFO - [BBC] Attempt 1/1: Trying with 'requests_browser' strategy...
2026-03-08 16:38:29,723 - INFO - [BBC] Success with 'requests_browser'. Found content (830 words).
2026-03-08 16:38:29,765 - INFO - Duplicate article skipped: Iran ambassador warns UK to be 'very careful' about involvement in war from BBC
2026-03-08 16:38:29,966 - INFO - [The Guardian] Article: https://www.theguardian.com/world/2026/mar/07/peru-nightclub-bombing
2026-03-08 16:38:29,966 - INFO - [The Guardian] Attempt 1/1: Trying with 'requests_browser' strategy...
2026-03-08 16:38:29,995 - INFO - [The Guardian] Success with 'requests_browser'. Found content (288 words).
2026-03-08 16:38:30,031 - INFO - Duplicate article skipped: Bombing at nightclub in Peru injures 33 people, including minors | Peru | The Guardian from The Guardian
2026-03-08 16:38:30,286 - INFO - [BBC] Article: https://www.bbc.com/news/articles/cn8zd049l08o?at_medium=RSS&at_campaign=rss
2026-03-08 16:38:30,286 - INFO - [BBC] Attempt 1/1: Trying with 'requests_browser' strategy...
2026-03-08 16:38:30,331 - INFO - [BBC] Success with 'requests_browser'. Found content (359 words).
2026-03-08 16:38:30,372 - INFO - Duplicate article skipped: Russian strike on Kharkiv apartment block kills ten from BBC
2026-03-08 16:38:30,887 - INFO - [The Guardian] Article: https://www.theguardian.com/us-news/2026/mar/07/trump-shield-of-americas-summit
2026-03-08 16:38:30,887 - INFO - [The Guardian] Attempt 1/1: Trying with 'requests_browser' strategy...
2026-03-08 16:38:30,920 - INFO - [The Guardian] Success with 'requests_browser'. Found content (714 words).
2026-03-08 16:38:30,956 - INFO - Duplicate article skipped: Trump convenes ‘Shield of Americas’ summit with 12 Latin American leaders | Donald Trump | The Guardian from The Guardian
2026-03-08 16:38:31,579 - INFO - [BBC] Article: https://www.bbc.com/news/articles/c62662gzlp8o?at_medium=RSS&at_campaign=rss
2026-03-08 16:38:31,579 - INFO - [BBC] Attempt 1/1: Trying with 'requests_browser' strategy...
2026-03-08 16:38:31,628 - INFO - [BBC] Success with 'requests_browser'. Found content (882 words).
2026-03-08 16:38:31,670 - INFO - Duplicate article skipped: Armed robots take to the battlefield in Ukraine war from BBC
2026-03-08 16:38:32,128 - INFO - [The Guardian] Article: https://www.theguardian.com/us-news/2026/mar/07/deaf-six-year-old-deported-colombia
2026-03-08 16:38:32,128 - INFO - [The Guardian] Attempt 1/1: Trying with 'requests_browser' strategy...
2026-03-08 16:38:32,235 - INFO - [The Guardian] Success with 'requests_browser'. Found content (766 words).
2026-03-08 16:38:32,275 - INFO - Duplicate article skipped: ICE deports family, including deaf boy who wasn’t given his assistive devices | California | The Guardian from The Guardian
2026-03-08 16:38:40,693 - INFO - Selenium driver initialized successfully.
2026-03-08 16:38:40,693 - INFO - Starting scrape for The Hindu RSS feed: https://www.thehindu.com/news/national/feeder/default.rss
2026-03-08 16:38:40,694 - INFO - Selenium driver initialized successfully.
2026-03-08 16:38:40,694 - INFO - Starting scrape for Times of India RSS feed: https://timesofindia.indiatimes.com/rssfeeds/296589292.cms
2026-03-08 16:38:40,802 - INFO - Found 20 articles in Times of India RSS feed. Processing up to 10.
2026-03-08 16:38:40,803 - INFO - [Times of India] Article: https://timesofindia.indiatimes.com/world/us/nuclear-stockpile-to-kharg-island-why-trump-wants-to-send-special-forces-to-iran/articleshow/129273869.cms
2026-03-08 16:38:40,803 - INFO - [Times of India] Attempt 1/1: Trying with 'selenium_browser' strategy...
2026-03-08 16:38:40,841 - INFO - Found 100 articles in The Hindu RSS feed. Processing up to 10.
2026-03-08 16:38:40,841 - INFO - [The Hindu] Article: https://www.thehindu.com/news/national/indian-railways-launch-shine-to-empower-women-at-workplace/article70718792.ece
2026-03-08 16:38:40,841 - INFO - [The Hindu] Attempt 1/1: Trying with 'selenium_browser' strategy...
2026-03-08 16:38:45,262 - INFO - [The Hindu] Page content loaded.
2026-03-08 16:38:45,669 - INFO - [The Hindu] Success with 'selenium_browser'. Found content (248 words).
2026-03-08 16:38:46,044 - INFO - Saved article: Indian Railways launch ‘SHINE’ to empower women at workplace - The Hindu from The Hindu
2026-03-08 16:38:46,692 - INFO - [The Hindu] Article: https://www.thehindu.com/news/national/ncb-busts-pan-india-darknet-drug-network-called-team-kalki/article70718910.ece
2026-03-08 16:38:46,692 - INFO - [The Hindu] Attempt 1/1: Trying with 'selenium_browser' strategy...
2026-03-08 16:38:49,492 - INFO - [The Hindu] Page content loaded.
2026-03-08 16:38:49,806 - INFO - [The Hindu] Success with 'selenium_browser'. Found content (623 words).
2026-03-08 16:38:50,340 - INFO - Saved article: NCB busts pan-India darknet drug network called ‘Team Kalki’ - The Hindu from The Hindu
2026-03-08 16:38:51,692 - INFO - [The Hindu] Article: https://www.thehindu.com/news/national/karnataka/media-fest-at-karnatak-university-in-dharwad-today-tomorrow/article70719297.ece
2026-03-08 16:38:51,692 - INFO - [The Hindu] Attempt 1/1: Trying with 'selenium_browser' strategy...
2026-03-08 16:38:53,516 - INFO - [The Hindu] Page content loaded.
2026-03-08 16:38:53,701 - INFO - [The Hindu] Success with 'selenium_browser'. Found content (190 words).
2026-03-08 16:38:53,836 - INFO - Saved article: Media Fest at Karnatak University in Dharwad today, tomorrow - The Hindu from The Hindu
2026-03-08 16:38:54,636 - INFO - [The Hindu] Article: https://www.thehindu.com/news/national/kerala/k-sottos-empanelled-logistics-support-gives-a-fillip-to-organ-transplants-in-kerala/article70643715.ece
2026-03-08 16:38:54,636 - INFO - [The Hindu] Attempt 1/1: Trying with 'selenium_browser' strategy...
2026-03-08 16:38:56,374 - INFO - [The Hindu] Page content loaded.
2026-03-08 16:38:56,469 - INFO - [The Hindu] Success with 'selenium_browser'. Found content (376 words).
2026-03-08 16:38:56,572 - INFO - Saved article: K-SOTTO’s empanelled logistics support gives a fillip to organ transplants in Kerala - The Hindu from The Hindu
2026-03-08 16:38:57,953 - INFO - [The Hindu] Article: https://www.thehindu.com/news/national/andhra-pradesh/children-lead-no-plastic-run-on-krishna-river-bank/article70719550.ece
2026-03-08 16:38:57,955 - INFO - [The Hindu] Attempt 1/1: Trying with 'selenium_browser' strategy...
2026-03-08 16:39:03,140 - INFO - [The Hindu] Page content loaded.
2026-03-08 16:39:03,339 - INFO - [The Hindu] Success with 'selenium_browser'. Found content (231 words).
2026-03-08 16:39:03,490 - INFO - Saved article: Children lead No-Plastic run on Krishna river bank - The Hindu from The Hindu
2026-03-08 16:39:04,985 - INFO - [The Hindu] Article: https://www.thehindu.com/news/national/kerala/kerala-govt-extends-wild-boar-culling-order-by-one-year/article70719731.ece
2026-03-08 16:39:04,985 - INFO - [The Hindu] Attempt 1/1: Trying with 'selenium_browser' strategy...
2026-03-08 16:39:07,136 - INFO - [The Hindu] Page content loaded.
2026-03-08 16:39:07,348 - INFO - [The Hindu] Success with 'selenium_browser'. Found content (254 words).
2026-03-08 16:39:07,514 - INFO - Saved article: Kerala govt. extends wild boar culling order by one year - The Hindu from The Hindu
2026-03-08 16:39:08,492 - INFO - [The Hindu] Article: https://www.thehindu.com/news/national/telangana/uttam-pledges-to-make-palamuru-rangareddy-fully-operational-in-30-months/article70719748.ece
2026-03-08 16:39:08,492 - INFO - [The Hindu] Attempt 1/1: Trying with 'selenium_browser' strategy...
2026-03-08 16:39:10,030 - INFO - [The Hindu] Page content loaded.
2026-03-08 16:39:10,257 - INFO - [The Hindu] Success with 'selenium_browser'. Found content (356 words).
2026-03-08 16:39:10,409 - INFO - Saved article: Uttam pledges to make Palamuru-Rangareddy fully operational in 30 months - The Hindu from The Hindu
2026-03-08 16:39:11,590 - INFO - [The Hindu] Article: https://www.thehindu.com/news/national/andhra-pradesh/rumours-of-export-disruption-trigger-panic-selling-by-aqua-farmers-in-andhra-pradesh/article70719653.ece
2026-03-08 16:39:11,590 - INFO - [The Hindu] Attempt 1/1: Trying with 'selenium_browser' strategy...
2026-03-08 16:39:13,522 - INFO - [The Hindu] Page content loaded.
2026-03-08 16:39:13,723 - INFO - [The Hindu] Success with 'selenium_browser'. Found content (427 words).
2026-03-08 16:39:13,798 - INFO - Saved article: Rumours of export disruption trigger panic selling by aqua farmers in Andhra Pradesh - The Hindu from The Hindu
2026-03-08 16:39:14,960 - INFO - [The Hindu] Article: https://www.thehindu.com/news/national/karnataka/student-drowns-in-flooded-quarry/article70719285.ece
2026-03-08 16:39:14,961 - INFO - [The Hindu] Attempt 1/1: Trying with 'selenium_browser' strategy...
2026-03-08 16:39:17,626 - INFO - [The Hindu] Page content loaded.
2026-03-08 16:39:17,859 - WARNING - [The Hindu] FAILED with 'selenium_browser' (content was too short: 66 words).
2026-03-08 16:39:17,859 - ERROR - [The Hindu] All scrape strategies failed for https://www.thehindu.com/news/national/karnataka/student-drowns-in-flooded-quarry/article70719285.ece. Falling back to RSS description.
2026-03-08 16:39:17,865 - INFO - Saved article: Student drowns in flooded quarry from The Hindu
2026-03-08 16:39:19,346 - INFO - [The Hindu] Article: https://www.thehindu.com/news/national/kerala/one-killed-in-accident/article70719595.ece
2026-03-08 16:39:19,346 - INFO - [The Hindu] Attempt 1/1: Trying with 'selenium_browser' strategy...
2026-03-08 16:39:20,238 - INFO - [The Hindu] Page content loaded.
2026-03-08 16:39:20,407 - INFO - [The Hindu] Success with 'selenium_browser'. Found content (125 words).
2026-03-08 16:39:20,527 - INFO - Saved article: One killed in accident - The Hindu from The Hindu
2026-03-08 16:39:21,911 - INFO - [The Hindu] (Thread) Finished. Attempting to shut down its Selenium driver.
2026-03-08 16:39:22,044 - INFO - [The Hindu] (Thread) driver.quit() successful.
2026-03-08 16:39:40,825 - ERROR - [Times of India] Request failed for strategy 'selenium_browser' on URL https://timesofindia.indiatimes.com/world/us/nuclear-stockpile-to-kharg-island-why-trump-wants-to-send-special-forces-to-iran/articleshow/129273869.cms: Message: timeout: Timed out receiving message from renderer: 59.870
  (Session info: chrome=145.0.7632.116)
Stacktrace:
#0 0x5608d3f34b6a <unknown>
#1 0x5608d3947a32 <unknown>
#2 0x5608d392f007 <unknown>
#3 0x5608d392ec16 <unknown>
#4 0x5608d392c731 <unknown>
#5 0x5608d392d0bf <unknown>
#6 0x5608d393c560 <unknown>
#7 0x5608d3956707 <unknown>
#8 0x5608d395d8db <unknown>
#9 0x5608d392d829 <unknown>
#10 0x5608d395649c <unknown>
#11 0x5608d39e56e1 <unknown>
#12 0x5608d398ec0f <unknown>
#13 0x5608d398f9d1 <unknown>
#14 0x5608d3ef96b9 <unknown>
#15 0x5608d3efc5c1 <unknown>
#16 0x5608d3ee5e29 <unknown>
#17 0x5608d3efd17e <unknown>
#18 0x5608d3ecc4b0 <unknown>
#19 0x5608d3f21578 <unknown>
#20 0x5608d3f2174b <unknown>
#21 0x5608d3f331a3 <unknown>
#22 0x7f6698a9caa4 <unknown>
#23 0x7f6698b29c6c <unknown>

2026-03-08 16:39:40,826 - ERROR - [Times of India] All scrape strategies failed for https://timesofindia.indiatimes.com/world/us/nuclear-stockpile-to-kharg-island-why-trump-wants-to-send-special-forces-to-iran/articleshow/129273869.cms. Falling back to RSS description.
2026-03-08 16:39:40,830 - INFO - Saved article: Nuclear stockpile to Kharg Island: Why Trump wants to send special forces to Iran from Times of India
2026-03-08 16:39:41,610 - INFO - [Times of India] Article: https://timesofindia.indiatimes.com/world/us/stay-indoors-us-military-issues-safety-warning-to-civilians-in-iran-amid-rising-middle-east-tensions/articleshow/129276330.cms
2026-03-08 16:39:41,610 - INFO - [Times of India] Attempt 1/1: Trying with 'selenium_browser' strategy...
2026-03-08 16:39:45,520 - INFO - [Times of India] Page content loaded.
2026-03-08 16:39:45,725 - INFO - [Times of India] Success with 'selenium_browser'. Found content (485 words).
2026-03-08 16:39:45,853 - INFO - Saved article: Stay indoors: US military issues safety warning to civilians in Iran amid rising Middle East tensions - The Times of India from Times of India
2026-03-08 16:39:46,980 - INFO - [Times of India] Article: https://timesofindia.indiatimes.com/world/us/did-the-time-change-last-night-heres-what-happened-on-daylight-saving-time-2026/articleshow/129274397.cms
2026-03-08 16:39:46,980 - INFO - [Times of India] Attempt 1/1: Trying with 'selenium_browser' strategy...
2026-03-08 16:39:47,643 - INFO - [Times of India] Page content loaded.
2026-03-08 16:39:47,802 - INFO - [Times of India] Success with 'selenium_browser'. Found content (344 words).
2026-03-08 16:39:47,863 - INFO - Saved article: Did the time change last night? Here's what happened on Daylight Saving Time 2026 - The Times of India from Times of India
2026-03-08 16:39:48,680 - INFO - [Times of India] Article: https://timesofindia.indiatimes.com/world/us/row-over-indian-student-on-f1-visa-flashing-gun-in-viral-video-he-must-be-deported/articleshow/129272542.cms
2026-03-08 16:39:48,680 - INFO - [Times of India] Attempt 1/1: Trying with 'selenium_browser' strategy...
2026-03-08 16:39:49,380 - INFO - [Times of India] Page content loaded.
2026-03-08 16:39:49,534 - INFO - [Times of India] Success with 'selenium_browser'. Found content (386 words).
2026-03-08 16:39:49,631 - INFO - Duplicate article skipped: Row over Indian student on F‑1 visa flashing gun in viral video: 'He must be deported' - The Times of India from Times of India
2026-03-08 16:39:50,693 - INFO - [Times of India] Article: https://timesofindia.indiatimes.com/etimes/trending/meet-anjali-sardana-indian-entrepreneur-who-built-100-million-startup-after-studying-in-us/articleshow/129267439.cms
2026-03-08 16:39:50,693 - INFO - [Times of India] Attempt 1/1: Trying with 'selenium_browser' strategy...
2026-03-08 16:39:51,732 - INFO - [Times of India] Page content loaded.
2026-03-08 16:39:51,825 - INFO - [Times of India] Success with 'selenium_browser'. Found content (394 words).
2026-03-08 16:39:51,878 - INFO - Duplicate article skipped: Meet Anjali Sardana: Indian entrepreneur who built $100 million startup after studying in US - The Times of India from Times of India
2026-03-08 16:39:52,664 - INFO - [Times of India] Article: https://timesofindia.indiatimes.com/world/us/they-stole-our-country-iranian-americans-rally-in-los-angeles-backing-strikes-on-iran-regime-watch-video/articleshow/129270042.cms
2026-03-08 16:39:52,664 - INFO - [Times of India] Attempt 1/1: Trying with 'selenium_browser' strategy...
2026-03-08 16:39:53,639 - INFO - [Times of India] Page content loaded.
2026-03-08 16:39:53,775 - INFO - [Times of India] Success with 'selenium_browser'. Found content (561 words).
2026-03-08 16:39:53,831 - INFO - Duplicate article skipped: ‘They stole our country’: Iranian-Americans rally in Los Angeles backing strikes on Iran regime - The Times of India from Times of India
2026-03-08 16:39:55,190 - INFO - [Times of India] Article: https://timesofindia.indiatimes.com/world/us/man-extradited-from-india-pleads-guilty-to-2005-long-island-crash-says-sorry-to-the-family/articleshow/129269358.cms
2026-03-08 16:39:55,190 - INFO - [Times of India] Attempt 1/1: Trying with 'selenium_browser' strategy...
2026-03-08 16:39:56,385 - INFO - [Times of India] Page content loaded.
2026-03-08 16:39:56,499 - INFO - [Times of India] Success with 'selenium_browser'. Found content (388 words).
2026-03-08 16:39:56,566 - INFO - Duplicate article skipped: Man extradited from India pleads guilty to 2005 Long Island crash, says 'sorry' to the family - The Times of India from Times of India
2026-03-08 16:39:57,552 - INFO - [Times of India] Article: https://timesofindia.indiatimes.com/world/rest-of-world/mh370-still-missing-latest-search-after-scanning-15000-sq-km-ends-with-no-clues-to-239-people-onboard/articleshow/129265069.cms
2026-03-08 16:39:57,553 - INFO - [Times of India] Attempt 1/1: Trying with 'selenium_browser' strategy...
2026-03-08 16:39:58,917 - INFO - [Times of India] Page content loaded.
2026-03-08 16:39:59,094 - INFO - [Times of India] Success with 'selenium_browser'. Found content (496 words).
2026-03-08 16:39:59,152 - INFO - Duplicate article skipped: MH370 still missing: Latest search after scanning 15,000 sq km ends with no clues to 239 people onboard - The Times of India from Times of India
2026-03-08 16:40:00,156 - INFO - [Times of India] Article: https://timesofindia.indiatimes.com/world/middle-east/misinterpreted-by-enemy-iran-president-clarifies-remarks-on-gulf-attacks-after-trumps-surrender-claim/articleshow/129263967.cms
2026-03-08 16:40:00,156 - INFO - [Times of India] Attempt 1/1: Trying with 'selenium_browser' strategy...
2026-03-08 16:40:00,945 - INFO - [Times of India] Page content loaded.
2026-03-08 16:40:01,085 - INFO - [Times of India] Success with 'selenium_browser'. Found content (638 words).
2026-03-08 16:40:01,142 - INFO - Duplicate article skipped: ‘Misinterpreted by enemy’: Iran president clarifies remarks on Gulf attacks after Trump’s ‘surrender’ claim - The Times of India from Times of India
2026-03-08 16:40:01,676 - INFO - [Times of India] Article: https://timesofindia.indiatimes.com/world/middle-east/changing-face-of-the-middle-east-netanyahu-thanks-trump-for-strikes-on-iran-claims-control-over-tehran-skies/articleshow/129259141.cms
2026-03-08 16:40:01,676 - INFO - [Times of India] Attempt 1/1: Trying with 'selenium_browser' strategy...
2026-03-08 16:40:02,637 - INFO - [Times of India] Page content loaded.
2026-03-08 16:40:02,859 - INFO - [Times of India] Success with 'selenium_browser'. Found content (911 words).
2026-03-08 16:40:02,919 - INFO - Duplicate article skipped: 'Changing face of the Middle East': Netanyahu thanks Trump for strikes on Iran; claims 'control' over Tehran skies - The Times of India from Times of India
2026-03-08 16:40:03,612 - INFO - [Times of India] (Thread) Finished. Attempting to shut down its Selenium driver.
2026-03-08 16:40:03,813 - INFO - [Times of India] (Thread) driver.quit() successful.
2026-03-08 16:40:03,814 - INFO - Shutting down thread pool (wait=False)...
2026-03-08 16:40:03,814 - INFO - Scraped: 0 The Guardian, 3 Times of India, 0 BBC, 10 The Hindu articles. (Total saved: 13)
2026-03-08 16:40:03,815 - INFO - --- Scraping job finished ---
2026-03-08 16:40:03,820 - INFO - --- Scraper service stopped and database connection closed. ---
2026-03-08 16:40:03,820 - INFO - --- Main thread finished. Forcing process exit to kill zombie threads. ---
