2026-03-13 20:42:45,381 - INFO - Initializing database connection at: news_articles.db
2026-03-13 20:42:45,381 - INFO - --- Scraper service started (CI Mode: Run Once) ---
2026-03-13 20:42:45,381 - INFO - --- Starting new scraping job (Parallel Mode) ---
2026-03-13 20:42:45,381 - INFO - Creating new robust session with 3 retries on 5xx/connection/read errors.
2026-03-13 20:42:45,382 - INFO - Proxy is DISABLED.
2026-03-13 20:42:45,382 - INFO - Starting scrape for BBC RSS feed: http://feeds.bbci.co.uk/news/world/rss.xml
2026-03-13 20:42:45,382 - INFO - [Times of India] (Thread) requires Selenium. Initializing driver...
2026-03-13 20:42:45,383 - INFO - Initializing headless Selenium Chrome driver (using SeleniumManager)...
2026-03-13 20:42:45,383 - INFO - Starting scrape for The Guardian RSS feed: https://www.theguardian.com/world/rss
2026-03-13 20:42:45,383 - INFO - [The Hindu] (Thread) requires Selenium. Initializing driver...
2026-03-13 20:42:45,383 - INFO - Initializing headless Selenium Chrome driver (using SeleniumManager)...
2026-03-13 20:42:45,384 - INFO - Submitted 4 jobs to thread pool. Waiting up to 300s for completion...
2026-03-13 20:42:45,584 - INFO - Found 38 articles in BBC RSS feed. Processing up to 10.
2026-03-13 20:42:45,584 - INFO - [BBC] Article: https://www.bbc.com/news/articles/cy0dz5ql17vo?at_medium=RSS&at_campaign=rss
2026-03-13 20:42:45,584 - INFO - [BBC] Attempt 1/1: Trying with 'requests_browser' strategy...
2026-03-13 20:42:45,590 - INFO - Found 45 articles in The Guardian RSS feed. Processing up to 10.
2026-03-13 20:42:45,591 - INFO - [The Guardian] Article: https://www.theguardian.com/world/2026/mar/13/france-returns-sacred-djidji-ayokwe-talking-drum-looted-from-cote-divoire
2026-03-13 20:42:45,591 - INFO - [The Guardian] Attempt 1/1: Trying with 'requests_browser' strategy...
2026-03-13 20:42:45,688 - INFO - [The Guardian] Success with 'requests_browser'. Found content (512 words).
2026-03-13 20:42:45,737 - INFO - Duplicate article skipped: France returns sacred talking drum looted from Côte d’Ivoire over 100 years ago | Côte d’Ivoire | The Guardian from The Guardian
2026-03-13 20:42:45,959 - INFO - [BBC] Success with 'requests_browser'. Found content (603 words).
2026-03-13 20:42:46,003 - INFO - Duplicate article skipped: All six crew members killed after US refuelling plane crashes in Iraq from BBC
2026-03-13 20:42:47,137 - INFO - [BBC] Article: https://www.bbc.com/news/articles/c1d6l67122wo?at_medium=RSS&at_campaign=rss
2026-03-13 20:42:47,137 - INFO - [BBC] Attempt 1/1: Trying with 'requests_browser' strategy...
2026-03-13 20:42:47,143 - INFO - [The Guardian] Article: https://www.theguardian.com/us-news/2026/mar/12/trump-immigration-deportations-eswatini
2026-03-13 20:42:47,143 - INFO - [The Guardian] Attempt 1/1: Trying with 'requests_browser' strategy...
2026-03-13 20:42:47,192 - INFO - [BBC] Success with 'requests_browser'. Found content (685 words).
2026-03-13 20:42:47,248 - INFO - Duplicate article skipped: Ukraine and allies fear easing Russian sanctions will prolong war from BBC
2026-03-13 20:42:47,270 - INFO - [The Guardian] Success with 'requests_browser'. Found content (528 words).
2026-03-13 20:42:47,308 - INFO - Duplicate article skipped: Eswatini says it received more ‘third country’ deportees as part of deal with Trump administration | Trump administration | The Guardian from The Guardian
2026-03-13 20:42:48,258 - INFO - [BBC] Article: https://www.bbc.com/news/articles/cx2lzlydg93o?at_medium=RSS&at_campaign=rss
2026-03-13 20:42:48,258 - INFO - [BBC] Attempt 1/1: Trying with 'requests_browser' strategy...
2026-03-13 20:42:48,305 - INFO - [BBC] Success with 'requests_browser'. Found content (340 words).
2026-03-13 20:42:48,345 - INFO - Duplicate article skipped: Sheriff in Nancy Guthrie case believes they know kidnapper's motive from BBC
2026-03-13 20:42:48,411 - INFO - [The Guardian] Article: https://www.theguardian.com/global-development/2026/mar/12/uk-government-axes-flagship-global-health-project
2026-03-13 20:42:48,411 - INFO - [The Guardian] Attempt 1/1: Trying with 'requests_browser' strategy...
2026-03-13 20:42:48,599 - INFO - [The Guardian] Success with 'requests_browser'. Found content (626 words).
2026-03-13 20:42:48,636 - INFO - Duplicate article skipped: UK government axes flagship global health project | Global development | The Guardian from The Guardian
2026-03-13 20:42:49,071 - INFO - [BBC] Article: https://www.bbc.com/news/articles/cdxz0jpzk4do?at_medium=RSS&at_campaign=rss
2026-03-13 20:42:49,071 - INFO - [BBC] Attempt 1/1: Trying with 'requests_browser' strategy...
2026-03-13 20:42:49,120 - INFO - [BBC] Success with 'requests_browser'. Found content (517 words).
2026-03-13 20:42:49,160 - INFO - Duplicate article skipped: Michigan synagogue attack was 'hate, plain and simple', says governor from BBC
2026-03-13 20:42:49,943 - INFO - [The Guardian] Article: https://www.theguardian.com/global-development/2026/mar/12/invasive-ai-led-mass-surveillance-in-africa-violating-freedoms-warn-experts
2026-03-13 20:42:49,943 - INFO - [The Guardian] Attempt 1/1: Trying with 'requests_browser' strategy...
2026-03-13 20:42:50,104 - INFO - [The Guardian] Success with 'requests_browser'. Found content (621 words).
2026-03-13 20:42:50,138 - INFO - Duplicate article skipped: ‘Invasive’ AI-led mass surveillance in Africa violating freedoms, warn experts | Global development | The Guardian from The Guardian
2026-03-13 20:42:50,205 - INFO - [BBC] Article: https://www.bbc.com/news/articles/cwy8zv9gp0go?at_medium=RSS&at_campaign=rss
2026-03-13 20:42:50,206 - INFO - [BBC] Attempt 1/1: Trying with 'requests_browser' strategy...
2026-03-13 20:42:50,252 - INFO - [BBC] Success with 'requests_browser'. Found content (567 words).
2026-03-13 20:42:50,288 - INFO - Duplicate article skipped: Cuba says it will release 51 prisoners in the coming days from BBC
2026-03-13 20:42:51,415 - INFO - [The Guardian] Article: https://www.theguardian.com/world/2026/mar/11/at-least-17-killed-after-drone-strikes-school-in-sudan
2026-03-13 20:42:51,415 - INFO - [The Guardian] Attempt 1/1: Trying with 'requests_browser' strategy...
2026-03-13 20:42:51,484 - INFO - [BBC] Article: https://www.bbc.com/news/articles/c0436qkegdqo?at_medium=RSS&at_campaign=rss
2026-03-13 20:42:51,484 - INFO - [BBC] Attempt 1/1: Trying with 'requests_browser' strategy...
2026-03-13 20:42:51,503 - INFO - [The Guardian] Success with 'requests_browser'. Found content (363 words).
2026-03-13 20:42:51,551 - INFO - Duplicate article skipped: At least 17 killed after drone strikes school in Sudan | Sudan | The Guardian from The Guardian
2026-03-13 20:42:51,602 - INFO - [BBC] Success with 'requests_browser'. Found content (573 words).
2026-03-13 20:42:51,646 - INFO - Duplicate article skipped: Supreme Court: India top court rejects menstrual leave petition saying 'no-one will hire women' from BBC
2026-03-13 20:42:52,375 - INFO - [The Guardian] Article: https://www.theguardian.com/world/2026/mar/13/uruguayan-drug-trafficking-suspect-sebastian-marset-arrested-bolivia
2026-03-13 20:42:52,375 - INFO - [The Guardian] Attempt 1/1: Trying with 'requests_browser' strategy...
2026-03-13 20:42:52,447 - INFO - [The Guardian] Success with 'requests_browser'. Found content (471 words).
2026-03-13 20:42:52,487 - INFO - Duplicate article skipped: Bolivia arrests alleged drug kingpin accused of putting hit on Paraguayan prosecutor | Bolivia | The Guardian from The Guardian
2026-03-13 20:42:52,527 - INFO - [BBC] Article: https://www.bbc.com/news/articles/c363lk4xk07o?at_medium=RSS&at_campaign=rss
2026-03-13 20:42:52,527 - INFO - [BBC] Attempt 1/1: Trying with 'requests_browser' strategy...
2026-03-13 20:42:52,573 - INFO - [BBC] Success with 'requests_browser'. Found content (284 words).
2026-03-13 20:42:52,616 - INFO - Duplicate article skipped: Iris Dena: Bodies of 84 Iranian sailors killed in US attack to be repatriated from BBC
2026-03-13 20:42:52,917 - INFO - Selenium driver initialized successfully.
2026-03-13 20:42:52,917 - INFO - Selenium driver initialized successfully.
2026-03-13 20:42:52,917 - INFO - Starting scrape for The Hindu RSS feed: https://www.thehindu.com/news/national/feeder/default.rss
2026-03-13 20:42:52,917 - INFO - Starting scrape for Times of India RSS feed: https://timesofindia.indiatimes.com/rssfeeds/296589292.cms
2026-03-13 20:42:53,087 - INFO - Found 100 articles in The Hindu RSS feed. Processing up to 10.
2026-03-13 20:42:53,088 - INFO - [The Hindu] Article: https://www.thehindu.com/news/national/indigo-to-levy-fuel-charge-for-domestic-and-international-flights-from-march-14/article70741034.ece
2026-03-13 20:42:53,088 - INFO - [The Hindu] Attempt 1/1: Trying with 'selenium_browser' strategy...
2026-03-13 20:42:53,152 - INFO - Found 20 articles in Times of India RSS feed. Processing up to 10.
2026-03-13 20:42:53,153 - INFO - [Times of India] Article: https://timesofindia.indiatimes.com/world/uk/london-police-use-river-thames-to-separate-pro-iranian-protesters-from-opponents-amid-middle-east-tensions/articleshow/129564343.cms
2026-03-13 20:42:53,153 - INFO - [Times of India] Attempt 1/1: Trying with 'selenium_browser' strategy...
2026-03-13 20:42:53,276 - INFO - [The Guardian] Article: https://www.theguardian.com/us-news/ng-interactive/2026/mar/13/honduras-family-immigration-deportation
2026-03-13 20:42:53,276 - INFO - [The Guardian] Attempt 1/1: Trying with 'requests_browser' strategy...
2026-03-13 20:42:53,358 - INFO - [The Guardian] Success with 'requests_browser'. Found content (2720 words).
2026-03-13 20:42:53,410 - INFO - Duplicate article skipped: An environmental activist and her family escaped death threats in Honduras. ICE deported her husband anyway | US immigration | The Guardian from The Guardian
2026-03-13 20:42:53,591 - INFO - [BBC] Article: https://www.bbc.com/news/articles/cd9g4dpjwgvo?at_medium=RSS&at_campaign=rss
2026-03-13 20:42:53,591 - INFO - [BBC] Attempt 1/1: Trying with 'requests_browser' strategy...
2026-03-13 20:42:53,657 - INFO - [BBC] Success with 'requests_browser'. Found content (676 words).
2026-03-13 20:42:53,735 - INFO - Duplicate article skipped: King expressed 'concern' over Alberta separatists, say First Nations chiefs after meeting from BBC
2026-03-13 20:42:54,015 - INFO - [The Guardian] Article: https://www.theguardian.com/world/2026/mar/13/cuba-us-talks-miguel-diaz-canel-trump
2026-03-13 20:42:54,015 - INFO - [The Guardian] Attempt 1/1: Trying with 'requests_browser' strategy...
2026-03-13 20:42:54,114 - INFO - [The Guardian] Success with 'requests_browser'. Found content (715 words).
2026-03-13 20:42:54,185 - INFO - Duplicate article skipped: Cuban president confirms talks with Trump officials amid US blockade | Cuba | The Guardian from The Guardian
2026-03-13 20:42:55,180 - INFO - [BBC] Article: https://www.bbc.com/news/articles/c2k8wvzgqk7o?at_medium=RSS&at_campaign=rss
2026-03-13 20:42:55,180 - INFO - [BBC] Attempt 1/1: Trying with 'requests_browser' strategy...
2026-03-13 20:42:55,257 - INFO - [BBC] Success with 'requests_browser'. Found content (615 words).
2026-03-13 20:42:55,354 - INFO - Duplicate article skipped: KPop Demon Hunters to return as Netflix announces sequel from BBC
2026-03-13 20:42:55,366 - INFO - [The Guardian] Article: https://www.theguardian.com/uk-news/2026/mar/13/king-charles-alberta-separatism-canada-first-nations
2026-03-13 20:42:55,367 - INFO - [The Guardian] Attempt 1/1: Trying with 'requests_browser' strategy...
2026-03-13 20:42:55,457 - INFO - [The Guardian] Success with 'requests_browser'. Found content (552 words).
2026-03-13 20:42:55,708 - INFO - Duplicate article skipped: King Charles concerned about Alberta separatist movement, First Nation chief says | King Charles III | The Guardian from The Guardian
2026-03-13 20:42:56,348 - INFO - [BBC] Article: https://www.bbc.com/news/articles/cdxzzqye9w0o?at_medium=RSS&at_campaign=rss
2026-03-13 20:42:56,348 - INFO - [BBC] Attempt 1/1: Trying with 'requests_browser' strategy...
2026-03-13 20:42:56,556 - INFO - [BBC] Success with 'requests_browser'. Found content (1054 words).
2026-03-13 20:42:56,702 - INFO - Duplicate article skipped: French vote tests polarised electorate with right hoping to win control of Paris from BBC
2026-03-13 20:42:57,170 - INFO - [The Guardian] Article: https://www.theguardian.com/world/2026/mar/12/two-plasma-donors-die-private-canada-clinics
2026-03-13 20:42:57,170 - INFO - [The Guardian] Attempt 1/1: Trying with 'requests_browser' strategy...
2026-03-13 20:42:57,442 - INFO - [The Guardian] Success with 'requests_browser'. Found content (1291 words).
2026-03-13 20:42:57,596 - INFO - Duplicate article skipped: Two people die after donating plasma at Canadian clinics under federal investigation | Canada | The Guardian from The Guardian
2026-03-13 20:43:05,471 - INFO - [The Hindu] Page content loaded.
2026-03-13 20:43:06,033 - INFO - [The Hindu] Success with 'selenium_browser'. Found content (341 words).
2026-03-13 20:43:06,642 - INFO - Saved article: IndiGo to levy fuel charge for domestic and international flights from March 14 - The Hindu from The Hindu
2026-03-13 20:43:08,020 - INFO - [The Hindu] Article: https://www.thehindu.com/news/national/opposition-leaders-press-government-lok-sabha-speaker-to-revoke-the-suspension-of-8-mps/article70741008.ece
2026-03-13 20:43:08,020 - INFO - [The Hindu] Attempt 1/1: Trying with 'selenium_browser' strategy...
2026-03-13 20:43:09,100 - INFO - [The Hindu] Page content loaded.
2026-03-13 20:43:09,155 - INFO - [The Hindu] Success with 'selenium_browser'. Found content (206 words).
2026-03-13 20:43:09,373 - INFO - Saved article: Opposition leaders press government, Lok Sabha Speaker to revoke the suspension of 8 MPs - The Hindu from The Hindu
2026-03-13 20:43:10,210 - INFO - [The Hindu] Article: https://www.thehindu.com/news/national/tamil-nadu/tamil-nadus-avgc-xr-policy-aims-for-creative-boom/article70740773.ece
2026-03-13 20:43:10,210 - INFO - [The Hindu] Attempt 1/1: Trying with 'selenium_browser' strategy...
2026-03-13 20:43:11,899 - INFO - [The Hindu] Page content loaded.
2026-03-13 20:43:12,059 - INFO - [The Hindu] Success with 'selenium_browser'. Found content (543 words).
2026-03-13 20:43:12,147 - INFO - Saved article: Tamil Nadu’s AVGC-XR policy aims for creative boom - The Hindu from The Hindu
2026-03-13 20:43:12,747 - INFO - [The Hindu] Article: https://www.thehindu.com/news/national/assam/futuristic-mindfulness-city-fuels-bhutans-fly-east-via-assam/article70739789.ece
2026-03-13 20:43:12,747 - INFO - [The Hindu] Attempt 1/1: Trying with 'selenium_browser' strategy...
2026-03-13 20:43:14,721 - INFO - [The Hindu] Page content loaded.
2026-03-13 20:43:14,767 - INFO - [The Hindu] Success with 'selenium_browser'. Found content (390 words).
2026-03-13 20:43:14,847 - INFO - Saved article: Futuristic mindfulness city fuels Bhutan’s ‘fly east’ via Assam - The Hindu from The Hindu
2026-03-13 20:43:15,638 - INFO - [The Hindu] Article: https://www.thehindu.com/news/national/tamil-nadu/assistant-professor-aspirants-criticise-tn-government-for-selective-distribution-of-appointment-letters/article70740412.ece
2026-03-13 20:43:15,638 - INFO - [The Hindu] Attempt 1/1: Trying with 'selenium_browser' strategy...
2026-03-13 20:43:17,031 - INFO - [The Hindu] Page content loaded.
2026-03-13 20:43:17,075 - INFO - [The Hindu] Success with 'selenium_browser'. Found content (353 words).
2026-03-13 20:43:17,129 - INFO - Saved article: Assistant professor aspirants criticise T.N. government for selective distribution of appointment letters - The Hindu from The Hindu
2026-03-13 20:43:18,454 - INFO - [The Hindu] Article: https://www.thehindu.com/news/national/punjab/aapgovt-will-provide-facilities-for-industries-to-compete-with-china-kejriwal/article70739985.ece
2026-03-13 20:43:18,454 - INFO - [The Hindu] Attempt 1/1: Trying with 'selenium_browser' strategy...
2026-03-13 20:43:19,861 - INFO - [The Hindu] Page content loaded.
2026-03-13 20:43:20,005 - INFO - [The Hindu] Success with 'selenium_browser'. Found content (352 words).
2026-03-13 20:43:20,094 - INFO - Saved article: AAP govt. will provide facilities for industries to compete with China: Kejriwal - The Hindu from The Hindu
2026-03-13 20:43:21,225 - INFO - [The Hindu] Article: https://www.thehindu.com/news/national/indian-lpg-carrier-crosses-strait-of-hormuz-marine-traffic-website/article70741020.ece
2026-03-13 20:43:21,225 - INFO - [The Hindu] Attempt 1/1: Trying with 'selenium_browser' strategy...
2026-03-13 20:43:22,553 - INFO - [The Hindu] Page content loaded.
2026-03-13 20:43:22,631 - INFO - [The Hindu] Success with 'selenium_browser'. Found content (1013 words).
2026-03-13 20:43:22,731 - INFO - Saved article: Indian LPG carrier crosses Strait of Hormuz: marine traffic website - The Hindu from The Hindu
2026-03-13 20:43:23,745 - INFO - [The Hindu] Article: https://www.thehindu.com/news/national/west-bengal/west-bengal-govt-employees-protest-over-da-arrears/article70739388.ece
2026-03-13 20:43:23,746 - INFO - [The Hindu] Attempt 1/1: Trying with 'selenium_browser' strategy...
2026-03-13 20:43:24,951 - INFO - [The Hindu] Page content loaded.
2026-03-13 20:43:25,004 - INFO - [The Hindu] Success with 'selenium_browser'. Found content (430 words).
2026-03-13 20:43:25,098 - INFO - Saved article: West Bengal govt. employees protest over DA arrears - The Hindu from The Hindu
2026-03-13 20:43:26,381 - INFO - [The Hindu] Article: https://www.thehindu.com/news/cities/bangalore/lpg-shortage-small-eateries-can-manage-for-at-least-a-week/article70740550.ece
2026-03-13 20:43:26,381 - INFO - [The Hindu] Attempt 1/1: Trying with 'selenium_browser' strategy...
2026-03-13 20:43:29,544 - INFO - [The Hindu] Page content loaded.
2026-03-13 20:43:29,606 - WARNING - [The Hindu] FAILED with 'selenium_browser' (content was too short: 54 words).
2026-03-13 20:43:29,607 - ERROR - [The Hindu] All scrape strategies failed for https://www.thehindu.com/news/cities/bangalore/lpg-shortage-small-eateries-can-manage-for-at-least-a-week/article70740550.ece. Falling back to RSS description.
2026-03-13 20:43:29,608 - INFO - Saved article: Can manage for at least a week: Owners of small eateries from The Hindu
2026-03-13 20:43:30,117 - INFO - [The Hindu] Article: https://www.thehindu.com/news/national/tamil-nadu/mou-signed-to-protect-bio-medical-research-through-patent-and-ipr-filing/article70740548.ece
2026-03-13 20:43:30,117 - INFO - [The Hindu] Attempt 1/1: Trying with 'selenium_browser' strategy...
2026-03-13 20:43:30,804 - INFO - [The Hindu] Page content loaded.
2026-03-13 20:43:30,902 - INFO - [The Hindu] Success with 'selenium_browser'. Found content (150 words).
2026-03-13 20:43:31,001 - INFO - Saved article: MoU signed to protect bio-medical research through patent and IPR filing - The Hindu from The Hindu
2026-03-13 20:43:32,418 - INFO - [The Hindu] (Thread) Finished. Attempting to shut down its Selenium driver.
2026-03-13 20:43:32,651 - INFO - [The Hindu] (Thread) driver.quit() successful.
2026-03-13 20:43:53,173 - ERROR - [Times of India] Request failed for strategy 'selenium_browser' on URL https://timesofindia.indiatimes.com/world/uk/london-police-use-river-thames-to-separate-pro-iranian-protesters-from-opponents-amid-middle-east-tensions/articleshow/129564343.cms: Message: timeout: Timed out receiving message from renderer: 59.613
  (Session info: chrome=145.0.7632.116)
Stacktrace:
#0 0x5605d5495b6a <unknown>
#1 0x5605d4ea8a32 <unknown>
#2 0x5605d4e90007 <unknown>
#3 0x5605d4e8fc16 <unknown>
#4 0x5605d4e8d731 <unknown>
#5 0x5605d4e8e0bf <unknown>
#6 0x5605d4e9d560 <unknown>
#7 0x5605d4eb7707 <unknown>
#8 0x5605d4ebe8db <unknown>
#9 0x5605d4e8e829 <unknown>
#10 0x5605d4eb749c <unknown>
#11 0x5605d4f466e1 <unknown>
#12 0x5605d4eefc0f <unknown>
#13 0x5605d4ef09d1 <unknown>
#14 0x5605d545a6b9 <unknown>
#15 0x5605d545d5c1 <unknown>
#16 0x5605d5446e29 <unknown>
#17 0x5605d545e17e <unknown>
#18 0x5605d542d4b0 <unknown>
#19 0x5605d5482578 <unknown>
#20 0x5605d548274b <unknown>
#21 0x5605d54941a3 <unknown>
#22 0x7fb242e9caa4 <unknown>
#23 0x7fb242f29c6c <unknown>

2026-03-13 20:43:53,173 - ERROR - [Times of India] All scrape strategies failed for https://timesofindia.indiatimes.com/world/uk/london-police-use-river-thames-to-separate-pro-iranian-protesters-from-opponents-amid-middle-east-tensions/articleshow/129564343.cms. Falling back to RSS description.
2026-03-13 20:43:53,175 - INFO - Saved article: London Police use River Thames to separate pro-Iranian protesters from opponents amid Middle East tensions from Times of India
2026-03-13 20:43:53,766 - INFO - [Times of India] Article: https://timesofindia.indiatimes.com/world/us/wh-divided-trump-aides-debate-exit-vs-escalation/articleshow/129564296.cms
2026-03-13 20:43:53,766 - INFO - [Times of India] Attempt 1/1: Trying with 'selenium_browser' strategy...
2026-03-13 20:44:07,216 - WARNING - [Times of India] Page timed out (10s). No <p> tags found. Proceeding anyway.
2026-03-13 20:44:07,437 - INFO - [Times of India] Success with 'selenium_browser'. Found content (299 words).
2026-03-13 20:44:07,561 - INFO - Saved article: WH divided: Trump aides debate exit vs escalation - The Times of India from Times of India
2026-03-13 20:44:08,420 - INFO - [Times of India] Article: https://timesofindia.indiatimes.com/etimes/trending/is-netanyahu-dead-internet-claims-recent-viral-video-of-israeli-pm-ai-generated-as-it-shows-6-fingers-sets-rumour-mills-running-amid-iran-vs-us-israel-war/articleshow/129562425.cms
2026-03-13 20:44:08,420 - INFO - [Times of India] Attempt 1/1: Trying with 'selenium_browser' strategy...
2026-03-13 20:44:19,656 - WARNING - [Times of India] Page timed out (10s). No <p> tags found. Proceeding anyway.
2026-03-13 20:44:19,795 - INFO - [Times of India] Success with 'selenium_browser'. Found content (1189 words).
2026-03-13 20:44:19,863 - INFO - Saved article: Is Netanyahu dead? Internet claims recent viral video of Israeli PM 'AI-generated' as it shows '6 fingers', sets rumour mills running amid Iran vs US-Israel war - The Times of India from Times of India
2026-03-13 20:44:20,540 - INFO - [Times of India] Article: https://timesofindia.indiatimes.com/world/rest-of-world/canada-boosts-temporary-foreign-worker-limits-to-help-rural-employers-tackle-labour-shortages-key-details/articleshow/129563983.cms
2026-03-13 20:44:20,540 - INFO - [Times of India] Attempt 1/1: Trying with 'selenium_browser' strategy...
2026-03-13 20:44:21,481 - INFO - [Times of India] Page content loaded.
2026-03-13 20:44:21,615 - INFO - [Times of India] Success with 'selenium_browser'. Found content (360 words).
2026-03-13 20:44:21,742 - INFO - Saved article: Canada boosts temporary foreign worker limits to help rural employers tackle labour shortages – Key details - The Times of India from Times of India
2026-03-13 20:44:22,823 - INFO - [Times of India] Article: https://timesofindia.indiatimes.com/world/us/11-indian-nationals-accused-of-staging-robberies-to-claim-crime-victim-visas-in-us/articleshow/129563944.cms
2026-03-13 20:44:22,823 - INFO - [Times of India] Attempt 1/1: Trying with 'selenium_browser' strategy...
2026-03-13 20:44:25,335 - INFO - [Times of India] Page content loaded.
2026-03-13 20:44:25,477 - INFO - [Times of India] Success with 'selenium_browser'. Found content (542 words).
2026-03-13 20:44:25,536 - INFO - Saved article: 11 Indian nationals accused of staging robberies to claim crime victim visas in US - The Times of India from Times of India
2026-03-13 20:44:26,424 - INFO - [Times of India] Article: https://timesofindia.indiatimes.com/world/us/are-you-saying-i-need-an-extra-seat-woman-slams-airline-over-size-comment/articleshow/129559598.cms
2026-03-13 20:44:26,424 - INFO - [Times of India] Attempt 1/1: Trying with 'selenium_browser' strategy...
2026-03-13 20:44:28,806 - INFO - [Times of India] Page content loaded.
2026-03-13 20:44:28,950 - INFO - [Times of India] Success with 'selenium_browser'. Found content (560 words).
2026-03-13 20:44:29,015 - INFO - Saved article: ‘Are you saying I need an extra seat?’ Woman slams airline over size comment - The Times of India from Times of India
2026-03-13 20:44:29,671 - INFO - [Times of India] Article: https://timesofindia.indiatimes.com/world/us/trump-eases-curbs-on-russian-oil-says-will-hit-iran-very-hard/articleshow/129563985.cms
2026-03-13 20:44:29,671 - INFO - [Times of India] Attempt 1/1: Trying with 'selenium_browser' strategy...
2026-03-13 20:44:41,354 - WARNING - [Times of India] Page timed out (10s). No <p> tags found. Proceeding anyway.
2026-03-13 20:44:41,522 - INFO - [Times of India] Success with 'selenium_browser'. Found content (584 words).
2026-03-13 20:44:41,634 - INFO - Saved article: Trump eases curbs on Russian oil, says 'will hit Iran very hard' - The Times of India from Times of India
2026-03-13 20:44:42,235 - INFO - [Times of India] Article: https://timesofindia.indiatimes.com/world/us/hindu-indians-mad-at-christian-indian-january-6-rioter-reacts-to-indian-americans-fighting-over-texas-h1-b-visa-row/articleshow/129563818.cms
2026-03-13 20:44:42,235 - INFO - [Times of India] Attempt 1/1: Trying with 'selenium_browser' strategy...
2026-03-13 20:44:42,980 - INFO - [Times of India] Page content loaded.
2026-03-13 20:44:43,102 - INFO - [Times of India] Success with 'selenium_browser'. Found content (289 words).
2026-03-13 20:44:43,159 - INFO - Saved article: 'Hindu Indians mad at Christian Indian': January 6 rioter reacts to Indian Americans fighting over Texas H-1B visa row - The Times of India from Times of India
2026-03-13 20:44:43,820 - INFO - [Times of India] Article: https://timesofindia.indiatimes.com/world/rest-of-world/romans-used-human-feces-as-medicine-1900-year-old-vial-from-turkey-reveals-shocking-treatment/articleshow/129562953.cms
2026-03-13 20:44:43,820 - INFO - [Times of India] Attempt 1/1: Trying with 'selenium_browser' strategy...
2026-03-13 20:44:45,562 - INFO - [Times of India] Page content loaded.
2026-03-13 20:44:45,694 - INFO - [Times of India] Success with 'selenium_browser'. Found content (1071 words).
2026-03-13 20:44:45,786 - INFO - Saved article: Romans used human feces as medicine: 1,900-year-old vial from Turkey reveals shocking treatment | World News - The Times of India from Times of India
2026-03-13 20:44:46,489 - INFO - [Times of India] Article: https://timesofindia.indiatimes.com/world/us/putin-might-be-helping-them-trump-hints-russia-could-be-aiding-iran/articleshow/129561705.cms
2026-03-13 20:44:46,489 - INFO - [Times of India] Attempt 1/1: Trying with 'selenium_browser' strategy...
2026-03-13 20:44:47,822 - INFO - [Times of India] Page content loaded.
2026-03-13 20:44:47,940 - INFO - [Times of India] Success with 'selenium_browser'. Found content (234 words).
2026-03-13 20:44:47,994 - INFO - Duplicate article skipped: ‘Putin might be helping them’: Trump hints Russia could be aiding Iran - The Times of India from Times of India
2026-03-13 20:44:48,731 - INFO - [Times of India] (Thread) Finished. Attempting to shut down its Selenium driver.
2026-03-13 20:44:49,085 - INFO - [Times of India] (Thread) driver.quit() successful.
2026-03-13 20:44:49,086 - INFO - Shutting down thread pool (wait=False)...
2026-03-13 20:44:49,086 - INFO - Scraped: 0 BBC, 0 The Guardian, 9 Times of India, 10 The Hindu articles. (Total saved: 19)
2026-03-13 20:44:49,086 - INFO - --- Scraping job finished ---
2026-03-13 20:44:49,094 - INFO - --- Scraper service stopped and database connection closed. ---
2026-03-13 20:44:49,094 - INFO - --- Main thread finished. Forcing process exit to kill zombie threads. ---
