2026-03-08 10:32:17,418 - INFO - Initializing database connection at: news_articles.db
2026-03-08 10:32:17,418 - INFO - --- Scraper service started (CI Mode: Run Once) ---
2026-03-08 10:32:17,418 - INFO - --- Starting new scraping job (Parallel Mode) ---
2026-03-08 10:32:17,418 - INFO - Creating new robust session with 3 retries on 5xx/connection/read errors.
2026-03-08 10:32:17,419 - INFO - Proxy is DISABLED.
2026-03-08 10:32:17,419 - INFO - Starting scrape for BBC RSS feed: http://feeds.bbci.co.uk/news/world/rss.xml
2026-03-08 10:32:17,420 - INFO - [Times of India] (Thread) requires Selenium. Initializing driver...
2026-03-08 10:32:17,420 - INFO - Initializing headless Selenium Chrome driver (using SeleniumManager)...
2026-03-08 10:32:17,420 - INFO - Starting scrape for The Guardian RSS feed: https://www.theguardian.com/world/rss
2026-03-08 10:32:17,421 - INFO - [The Hindu] (Thread) requires Selenium. Initializing driver...
2026-03-08 10:32:17,421 - INFO - Submitted 4 jobs to thread pool. Waiting up to 300s for completion...
2026-03-08 10:32:17,421 - INFO - Initializing headless Selenium Chrome driver (using SeleniumManager)...
2026-03-08 10:32:17,517 - INFO - Found 25 articles in BBC RSS feed. Processing up to 10.
2026-03-08 10:32:17,518 - INFO - [BBC] Article: https://www.bbc.com/news/articles/cy8l2p2l3v0o?at_medium=RSS&at_campaign=rss
2026-03-08 10:32:17,518 - INFO - [BBC] Attempt 1/1: Trying with 'requests_browser' strategy...
2026-03-08 10:32:17,529 - INFO - Found 45 articles in The Guardian RSS feed. Processing up to 10.
2026-03-08 10:32:17,530 - INFO - [The Guardian] Article: https://www.theguardian.com/world/2026/mar/07/descendants-of-zimbabwe-resistance-heroes-urge-uk-to-locate-looted-skulls
2026-03-08 10:32:17,530 - INFO - [The Guardian] Attempt 1/1: Trying with 'requests_browser' strategy...
2026-03-08 10:32:17,666 - INFO - [BBC] Success with 'requests_browser'. Found content (1079 words).
2026-03-08 10:32:17,713 - INFO - Duplicate article skipped: Dozens killed as Israeli special forces raid Lebanese village in search of 40-year-old remains from BBC
2026-03-08 10:32:17,733 - INFO - [The Guardian] Success with 'requests_browser'. Found content (916 words).
2026-03-08 10:32:17,771 - INFO - Duplicate article skipped: Descendants of Zimbabwe resistance heroes urge UK to locate looted skulls | Zimbabwe | The Guardian from The Guardian
2026-03-08 10:32:18,229 - INFO - [BBC] Article: https://www.bbc.com/news/articles/cx2r1xldl1ko?at_medium=RSS&at_campaign=rss
2026-03-08 10:32:18,229 - INFO - [BBC] Attempt 1/1: Trying with 'requests_browser' strategy...
2026-03-08 10:32:18,300 - INFO - [BBC] Success with 'requests_browser'. Found content (719 words).
2026-03-08 10:32:18,327 - INFO - [The Guardian] Article: https://www.theguardian.com/global-development/2026/mar/06/generic-drugs-weight-loss-semaglutide-ozempic-wegovy-diabetes-obesity-study
2026-03-08 10:32:18,332 - INFO - [The Guardian] Attempt 1/1: Trying with 'requests_browser' strategy...
2026-03-08 10:32:18,344 - INFO - Duplicate article skipped: War fuels debate in Cyprus over UK military bases from BBC
2026-03-08 10:32:18,363 - INFO - [The Guardian] Success with 'requests_browser'. Found content (612 words).
2026-03-08 10:32:18,399 - INFO - Duplicate article skipped: Weight-loss jab could be made for $3 a month, study finds | Global health | The Guardian from The Guardian
2026-03-08 10:32:19,407 - INFO - [BBC] Article: https://www.bbc.com/news/articles/c5yjegg892lo?at_medium=RSS&at_campaign=rss
2026-03-08 10:32:19,407 - INFO - [BBC] Attempt 1/1: Trying with 'requests_browser' strategy...
2026-03-08 10:32:19,450 - INFO - [BBC] Success with 'requests_browser'. Found content (143 words).
2026-03-08 10:32:19,474 - INFO - [The Guardian] Article: https://www.theguardian.com/world/2026/mar/05/three-men-deported-us-eswatini-legal-case-detention
2026-03-08 10:32:19,474 - INFO - [The Guardian] Attempt 1/1: Trying with 'requests_browser' strategy...
2026-03-08 10:32:19,491 - INFO - Duplicate article skipped: US embassy in Oslo hit by explosion, Norway police say from BBC
2026-03-08 10:32:19,695 - INFO - [The Guardian] Success with 'requests_browser'. Found content (520 words).
2026-03-08 10:32:19,730 - INFO - Duplicate article skipped: Three men deported by US file legal case against Eswatini over detention | Eswatini | The Guardian from The Guardian
2026-03-08 10:32:20,658 - INFO - [BBC] Article: https://www.bbc.com/news/articles/crrxpwzvd5vo?at_medium=RSS&at_campaign=rss
2026-03-08 10:32:20,658 - INFO - [BBC] Attempt 1/1: Trying with 'requests_browser' strategy...
2026-03-08 10:32:20,687 - INFO - [BBC] Success with 'requests_browser'. Found content (506 words).
2026-03-08 10:32:20,728 - INFO - Duplicate article skipped: Boy, 12, among six dead as tornadoes hit Michigan and Oklahoma from BBC
2026-03-08 10:32:20,870 - INFO - [The Guardian] Article: https://www.theguardian.com/world/2026/mar/05/south-africa-president-cyril-ramaphosa-calls-donald-trump-policy-white-afrikaners-racist
2026-03-08 10:32:20,870 - INFO - [The Guardian] Attempt 1/1: Trying with 'requests_browser' strategy...
2026-03-08 10:32:20,917 - INFO - [The Guardian] Success with 'requests_browser'. Found content (410 words).
2026-03-08 10:32:20,955 - INFO - Duplicate article skipped: South Africa’s president calls Trump’s policy to offer refuge to white Afrikaners ‘racist’ | South Africa | The Guardian from The Guardian
2026-03-08 10:32:21,725 - INFO - [BBC] Article: https://www.bbc.com/news/articles/cq6qp458zv1o?at_medium=RSS&at_campaign=rss
2026-03-08 10:32:21,725 - INFO - [BBC] Attempt 1/1: Trying with 'requests_browser' strategy...
2026-03-08 10:32:21,763 - INFO - [BBC] Success with 'requests_browser'. Found content (830 words).
2026-03-08 10:32:21,808 - INFO - Duplicate article skipped: Iran ambassador warns UK to be 'very careful' about involvement in war from BBC
2026-03-08 10:32:21,929 - INFO - [The Guardian] Article: https://www.theguardian.com/sport/2026/mar/05/lewis-hamilton-race-africa-grand-prix-retiring-formula-one-colonial
2026-03-08 10:32:21,929 - INFO - [The Guardian] Attempt 1/1: Trying with 'requests_browser' strategy...
2026-03-08 10:32:21,954 - INFO - [The Guardian] Success with 'requests_browser'. Found content (409 words).
2026-03-08 10:32:22,014 - INFO - Duplicate article skipped: Lewis Hamilton sets sights on racing in an African grand prix before retiring | Lewis Hamilton | The Guardian from The Guardian
2026-03-08 10:32:22,637 - INFO - [BBC] Article: https://www.bbc.com/news/articles/c93w6y0lnd9o?at_medium=RSS&at_campaign=rss
2026-03-08 10:32:22,637 - INFO - [BBC] Attempt 1/1: Trying with 'requests_browser' strategy...
2026-03-08 10:32:22,669 - INFO - [BBC] Success with 'requests_browser'. Found content (488 words).
2026-03-08 10:32:22,705 - INFO - Duplicate article skipped: Rapper-politician Balendra Shah unseats Nepal's ex-PM as he heads for victory from BBC
2026-03-08 10:32:23,488 - INFO - [The Guardian] Article: https://www.theguardian.com/world/2026/mar/08/british-columbia-canada-daylight-saving-time
2026-03-08 10:32:23,488 - INFO - [The Guardian] Attempt 1/1: Trying with 'requests_browser' strategy...
2026-03-08 10:32:23,510 - INFO - [The Guardian] Success with 'requests_browser'. Found content (601 words).
2026-03-08 10:32:23,565 - INFO - Saved article: Time for a change: British Columbia decides to keep daylight saving time permanently | Canada | The Guardian from The Guardian
2026-03-08 10:32:24,104 - INFO - [The Guardian] Article: https://www.theguardian.com/world/2026/mar/07/peru-nightclub-bombing
2026-03-08 10:32:24,104 - INFO - [The Guardian] Attempt 1/1: Trying with 'requests_browser' strategy...
2026-03-08 10:32:24,165 - INFO - [BBC] Article: https://www.bbc.com/news/articles/cn87pl8e2l5o?at_medium=RSS&at_campaign=rss
2026-03-08 10:32:24,165 - INFO - [BBC] Attempt 1/1: Trying with 'requests_browser' strategy...
2026-03-08 10:32:24,197 - INFO - [BBC] Success with 'requests_browser'. Found content (353 words).
2026-03-08 10:32:24,238 - INFO - Duplicate article skipped: Nairobi floods: At least 23 dead after heavy rains with Kenyan military deployed from BBC
2026-03-08 10:32:24,263 - INFO - [The Guardian] Success with 'requests_browser'. Found content (288 words).
2026-03-08 10:32:24,296 - INFO - Duplicate article skipped: Bombing at nightclub in Peru injures 33 people, including minors | Peru | The Guardian from The Guardian
2026-03-08 10:32:25,211 - INFO - [The Guardian] Article: https://www.theguardian.com/us-news/2026/mar/07/trump-shield-of-americas-summit
2026-03-08 10:32:25,211 - INFO - [The Guardian] Attempt 1/1: Trying with 'requests_browser' strategy...
2026-03-08 10:32:25,383 - INFO - [The Guardian] Success with 'requests_browser'. Found content (714 words).
2026-03-08 10:32:25,428 - INFO - Duplicate article skipped: Trump convenes ‘Shield of Americas’ summit with 12 Latin American leaders | Donald Trump | The Guardian from The Guardian
2026-03-08 10:32:25,466 - INFO - [BBC] Article: https://www.bbc.com/news/articles/c4g55v24wrno?at_medium=RSS&at_campaign=rss
2026-03-08 10:32:25,466 - INFO - [BBC] Attempt 1/1: Trying with 'requests_browser' strategy...
2026-03-08 10:32:25,504 - INFO - [BBC] Success with 'requests_browser'. Found content (843 words).
2026-03-08 10:32:25,544 - INFO - Duplicate article skipped: Swiss to vote on right-wing push to slash licence fee for public broadcaster from BBC
2026-03-08 10:32:26,610 - INFO - Selenium driver initialized successfully.
2026-03-08 10:32:26,611 - INFO - Starting scrape for Times of India RSS feed: https://timesofindia.indiatimes.com/rssfeeds/296589292.cms
2026-03-08 10:32:26,612 - INFO - Selenium driver initialized successfully.
2026-03-08 10:32:26,612 - INFO - Starting scrape for The Hindu RSS feed: https://www.thehindu.com/news/national/feeder/default.rss
2026-03-08 10:32:26,736 - INFO - [The Guardian] Article: https://www.theguardian.com/us-news/2026/mar/07/deaf-six-year-old-deported-colombia
2026-03-08 10:32:26,736 - INFO - [The Guardian] Attempt 1/1: Trying with 'requests_browser' strategy...
2026-03-08 10:32:26,762 - INFO - [The Guardian] Success with 'requests_browser'. Found content (766 words).
2026-03-08 10:32:26,811 - INFO - Duplicate article skipped: ICE deports family, including deaf boy who wasn’t given his assistive devices | California | The Guardian from The Guardian
2026-03-08 10:32:26,819 - INFO - Found 20 articles in Times of India RSS feed. Processing up to 10.
2026-03-08 10:32:26,820 - INFO - [Times of India] Article: https://timesofindia.indiatimes.com/world/middle-east/misinterpreted-by-enemy-iran-president-clarifies-remarks-on-gulf-attacks-after-trumps-surrender-claim/articleshow/129263967.cms
2026-03-08 10:32:26,820 - INFO - [Times of India] Attempt 1/1: Trying with 'selenium_browser' strategy...
2026-03-08 10:32:26,860 - INFO - Found 100 articles in The Hindu RSS feed. Processing up to 10.
2026-03-08 10:32:26,860 - INFO - [The Hindu] Article: https://www.thehindu.com/news/national/andhra-pradesh/nellore-rural-mla-launches-bridge-work-on-mulumudi-spillway/article70718481.ece
2026-03-08 10:32:26,860 - INFO - [The Hindu] Attempt 1/1: Trying with 'selenium_browser' strategy...
2026-03-08 10:32:26,863 - INFO - [BBC] Article: https://www.bbc.com/news/articles/cn8zd049l08o?at_medium=RSS&at_campaign=rss
2026-03-08 10:32:26,863 - INFO - [BBC] Attempt 1/1: Trying with 'requests_browser' strategy...
2026-03-08 10:32:26,906 - INFO - [BBC] Success with 'requests_browser'. Found content (359 words).
2026-03-08 10:32:26,946 - INFO - Duplicate article skipped: Russian strike on Kharkiv apartment block kills ten from BBC
2026-03-08 10:32:27,791 - INFO - [The Guardian] Article: https://www.theguardian.com/world/2026/mar/07/an-ideological-guest-list-trump-invites-latin-americas-rightwing-leaders-to-florida-summit
2026-03-08 10:32:27,791 - INFO - [The Guardian] Attempt 1/1: Trying with 'requests_browser' strategy...
2026-03-08 10:32:27,844 - INFO - [The Guardian] Success with 'requests_browser'. Found content (1025 words).
2026-03-08 10:32:27,915 - INFO - Duplicate article skipped: ‘An ideological guest list’: Trump invites Latin America’s rightwing leaders to Florida summit | Americas | The Guardian from The Guardian
2026-03-08 10:32:27,986 - INFO - [BBC] Article: https://www.bbc.com/news/articles/c62662gzlp8o?at_medium=RSS&at_campaign=rss
2026-03-08 10:32:27,986 - INFO - [BBC] Attempt 1/1: Trying with 'requests_browser' strategy...
2026-03-08 10:32:28,048 - INFO - [BBC] Success with 'requests_browser'. Found content (882 words).
2026-03-08 10:32:28,130 - INFO - Duplicate article skipped: Armed robots take to the battlefield in Ukraine war from BBC
2026-03-08 10:32:32,944 - INFO - [The Hindu] Page content loaded.
2026-03-08 10:32:35,461 - INFO - [The Hindu] Success with 'selenium_browser'. Found content (201 words).
2026-03-08 10:32:35,734 - INFO - Saved article: Nellore Rural MLA launches bridge work on Mulumudi spillway - The Hindu from The Hindu
2026-03-08 10:32:37,075 - INFO - [The Hindu] Article: https://www.thehindu.com/news/national/andhra-pradesh/milk-adulteration-death-toll-rises-to-11-condition-of-9-more-persons-remains-critical/article70718548.ece
2026-03-08 10:32:37,075 - INFO - [The Hindu] Attempt 1/1: Trying with 'selenium_browser' strategy...
2026-03-08 10:32:39,934 - INFO - [The Hindu] Page content loaded.
2026-03-08 10:32:40,181 - INFO - [The Hindu] Success with 'selenium_browser'. Found content (132 words).
2026-03-08 10:32:40,523 - INFO - Saved article: Milk adulteration: death toll rises to 11, condition of 9 more persons remains critical - The Hindu from The Hindu
2026-03-08 10:32:41,950 - INFO - [The Hindu] Article: https://www.thehindu.com/news/national/west-bengal/bjp-misusing-vanish-commission-to-erase-legitimate-voters-from-electoral-rolls-alleges-mamata/article70718609.ece
2026-03-08 10:32:41,950 - INFO - [The Hindu] Attempt 1/1: Trying with 'selenium_browser' strategy...
2026-03-08 10:32:43,571 - INFO - [The Hindu] Page content loaded.
2026-03-08 10:32:43,633 - INFO - [The Hindu] Success with 'selenium_browser'. Found content (400 words).
2026-03-08 10:32:43,720 - INFO - Saved article: BJP misusing 'Vanish Commission' to erase legitimate voters from electoral rolls, alleges Mamata - The Hindu from The Hindu
2026-03-08 10:32:44,610 - INFO - [The Hindu] Article: https://www.thehindu.com/news/national/west-bengal/bengal-governor-cv-ananda-bose-resignation-conscious-decision/article70718599.ece
2026-03-08 10:32:44,610 - INFO - [The Hindu] Attempt 1/1: Trying with 'selenium_browser' strategy...
2026-03-08 10:32:45,725 - INFO - [The Hindu] Page content loaded.
2026-03-08 10:32:45,797 - INFO - [The Hindu] Success with 'selenium_browser'. Found content (185 words).
2026-03-08 10:32:45,904 - INFO - Saved article: My resignation as Bengal Governor conscious decision, reason will remain confidential till the right time comes: Ananda Bose - The Hindu from The Hindu
2026-03-08 10:32:47,378 - INFO - [The Hindu] Article: https://www.thehindu.com/news/national/pm-modi-new-delhi-metro-corridors-inaugurates-various-projects/article70718571.ece
2026-03-08 10:32:47,378 - INFO - [The Hindu] Attempt 1/1: Trying with 'selenium_browser' strategy...
2026-03-08 10:32:48,594 - INFO - [The Hindu] Page content loaded.
2026-03-08 10:32:48,789 - INFO - [The Hindu] Success with 'selenium_browser'. Found content (208 words).
2026-03-08 10:32:48,883 - INFO - Saved article: PM Modi inaugurates two new Delhi Metro corridors - The Hindu from The Hindu
2026-03-08 10:32:49,454 - INFO - [The Hindu] Article: https://www.thehindu.com/news/national/tamil-nadu/indian-coast-guard-evacuates-rescued-indian-fishers-from-vietnam-flagged-merchant-ship-off-tns-colachel/article70718475.ece
2026-03-08 10:32:49,455 - INFO - [The Hindu] Attempt 1/1: Trying with 'selenium_browser' strategy...
2026-03-08 10:32:50,832 - INFO - [The Hindu] Page content loaded.
2026-03-08 10:32:50,997 - INFO - [The Hindu] Success with 'selenium_browser'. Found content (230 words).
2026-03-08 10:32:51,108 - INFO - Saved article: Indian Coast Guard evacuates rescued Indian fishers from Vietnam-flagged merchant ship off TN’s Colachel - The Hindu from The Hindu
2026-03-08 10:32:51,755 - INFO - [The Hindu] Article: https://www.thehindu.com/news/national/grew-up-in-a-family-where-women-were-bosses-rahul-gandhi-tells-students/article70718458.ece
2026-03-08 10:32:51,755 - INFO - [The Hindu] Attempt 1/1: Trying with 'selenium_browser' strategy...
2026-03-08 10:32:52,780 - INFO - [The Hindu] Page content loaded.
2026-03-08 10:32:53,047 - INFO - [The Hindu] Success with 'selenium_browser'. Found content (499 words).
2026-03-08 10:32:53,179 - INFO - Duplicate article skipped: 'Grew up in a family where women were bosses': Rahul Gandhi tells students - The Hindu from The Hindu
2026-03-08 10:32:54,299 - INFO - [The Hindu] Article: https://www.thehindu.com/news/national/kerala/mammoottys-visit-to-wayanad-township-for-landslide-affected-families-sparks-political-controversy/article70718438.ece
2026-03-08 10:32:54,299 - INFO - [The Hindu] Attempt 1/1: Trying with 'selenium_browser' strategy...
2026-03-08 10:32:55,998 - INFO - [The Hindu] Page content loaded.
2026-03-08 10:32:56,043 - INFO - [The Hindu] Success with 'selenium_browser'. Found content (393 words).
2026-03-08 10:32:56,095 - INFO - Duplicate article skipped: Mammootty’s visit to Wayanad township for landslide-affected families sparks political controversy - The Hindu from The Hindu
2026-03-08 10:32:57,296 - INFO - [The Hindu] Article: https://www.thehindu.com/news/national/ed-to-challenge-interim-bail-granted-to-al-falah-chairman/article70718435.ece
2026-03-08 10:32:57,296 - INFO - [The Hindu] Attempt 1/1: Trying with 'selenium_browser' strategy...
2026-03-08 10:32:59,007 - INFO - [The Hindu] Page content loaded.
2026-03-08 10:32:59,051 - INFO - [The Hindu] Success with 'selenium_browser'. Found content (710 words).
2026-03-08 10:32:59,127 - INFO - Duplicate article skipped: ED to challenge interim bail granted to Al Falah chairman - The Hindu from The Hindu
2026-03-08 10:33:00,361 - INFO - [The Hindu] Article: https://www.thehindu.com/news/cities/chennai/sri-lankan-tamil-in-gummidipoondi-rehabilitation-camp-murdered-six-arrested/article70718351.ece
2026-03-08 10:33:00,361 - INFO - [The Hindu] Attempt 1/1: Trying with 'selenium_browser' strategy...
2026-03-08 10:33:03,563 - INFO - [The Hindu] Page content loaded.
2026-03-08 10:33:04,057 - INFO - [The Hindu] Success with 'selenium_browser'. Found content (92 words).
2026-03-08 10:33:04,113 - INFO - Duplicate article skipped: Sri Lankan Tamil in Gummidipoondi rehabilitation camp murdered, six arrested - The Hindu from The Hindu
2026-03-08 10:33:05,458 - INFO - [The Hindu] (Thread) Finished. Attempting to shut down its Selenium driver.
2026-03-08 10:33:05,597 - INFO - [The Hindu] (Thread) driver.quit() successful.
2026-03-08 10:33:26,852 - ERROR - [Times of India] Request failed for strategy 'selenium_browser' on URL https://timesofindia.indiatimes.com/world/middle-east/misinterpreted-by-enemy-iran-president-clarifies-remarks-on-gulf-attacks-after-trumps-surrender-claim/articleshow/129263967.cms: Message: timeout: Timed out receiving message from renderer: 59.918
  (Session info: chrome=145.0.7632.116)
Stacktrace:
#0 0x564053142b6a <unknown>
#1 0x564052b55a32 <unknown>
#2 0x564052b3d007 <unknown>
#3 0x564052b3cc16 <unknown>
#4 0x564052b3a731 <unknown>
#5 0x564052b3b0bf <unknown>
#6 0x564052b4a560 <unknown>
#7 0x564052b64707 <unknown>
#8 0x564052b6b8db <unknown>
#9 0x564052b3b829 <unknown>
#10 0x564052b6449c <unknown>
#11 0x564052bf36e1 <unknown>
#12 0x564052b9cc0f <unknown>
#13 0x564052b9d9d1 <unknown>
#14 0x5640531076b9 <unknown>
#15 0x56405310a5c1 <unknown>
#16 0x5640530f3e29 <unknown>
#17 0x56405310b17e <unknown>
#18 0x5640530da4b0 <unknown>
#19 0x56405312f578 <unknown>
#20 0x56405312f74b <unknown>
#21 0x5640531411a3 <unknown>
#22 0x7f05acc9caa4 <unknown>
#23 0x7f05acd29c6c <unknown>

2026-03-08 10:33:26,853 - ERROR - [Times of India] All scrape strategies failed for https://timesofindia.indiatimes.com/world/middle-east/misinterpreted-by-enemy-iran-president-clarifies-remarks-on-gulf-attacks-after-trumps-surrender-claim/articleshow/129263967.cms. Falling back to RSS description.
2026-03-08 10:33:26,857 - INFO - Saved article: ‘Misinterpreted by enemy’: Iran president clarifies remarks on Gulf attacks after Trump’s ‘surrender’ claim from Times of India
2026-03-08 10:33:27,374 - INFO - [Times of India] Article: https://timesofindia.indiatimes.com/world/middle-east/changing-face-of-the-middle-east-netanyahu-thanks-trump-for-strikes-on-iran-claims-control-over-tehran-skies/articleshow/129259141.cms
2026-03-08 10:33:27,374 - INFO - [Times of India] Attempt 1/1: Trying with 'selenium_browser' strategy...
2026-03-08 10:34:27,400 - ERROR - [Times of India] Request failed for strategy 'selenium_browser' on URL https://timesofindia.indiatimes.com/world/middle-east/changing-face-of-the-middle-east-netanyahu-thanks-trump-for-strikes-on-iran-claims-control-over-tehran-skies/articleshow/129259141.cms: Message: timeout: Timed out receiving message from renderer: 59.950
  (Session info: chrome=145.0.7632.116)
Stacktrace:
#0 0x564053142b6a <unknown>
#1 0x564052b55a32 <unknown>
#2 0x564052b3d007 <unknown>
#3 0x564052b3cc16 <unknown>
#4 0x564052b3a731 <unknown>
#5 0x564052b3b0bf <unknown>
#6 0x564052b4a560 <unknown>
#7 0x564052b64707 <unknown>
#8 0x564052b6b8db <unknown>
#9 0x564052b3b829 <unknown>
#10 0x564052b6449c <unknown>
#11 0x564052bf36e1 <unknown>
#12 0x564052b9cc0f <unknown>
#13 0x564052b9d9d1 <unknown>
#14 0x5640531076b9 <unknown>
#15 0x56405310a5c1 <unknown>
#16 0x5640530f3e29 <unknown>
#17 0x56405310b17e <unknown>
#18 0x5640530da4b0 <unknown>
#19 0x56405312f578 <unknown>
#20 0x56405312f74b <unknown>
#21 0x5640531411a3 <unknown>
#22 0x7f05acc9caa4 <unknown>
#23 0x7f05acd29c6c <unknown>

2026-03-08 10:34:27,400 - ERROR - [Times of India] All scrape strategies failed for https://timesofindia.indiatimes.com/world/middle-east/changing-face-of-the-middle-east-netanyahu-thanks-trump-for-strikes-on-iran-claims-control-over-tehran-skies/articleshow/129259141.cms. Falling back to RSS description.
2026-03-08 10:34:27,403 - INFO - Saved article: 'Changing face of the Middle East': Netanyahu thanks Trump for strikes on Iran; claims 'control' over Tehran skies from Times of India
2026-03-08 10:34:28,308 - INFO - [Times of India] Article: https://timesofindia.indiatimes.com/world/middle-east/a-strong-fist-doesnt-mean-strong-reason-china-warns-against-interference-regime-change-in-iran/articleshow/129261928.cms
2026-03-08 10:34:28,308 - INFO - [Times of India] Attempt 1/1: Trying with 'selenium_browser' strategy...
2026-03-08 10:34:29,455 - INFO - [Times of India] Page content loaded.
2026-03-08 10:34:29,635 - INFO - [Times of India] Success with 'selenium_browser'. Found content (484 words).
2026-03-08 10:34:29,711 - INFO - Saved article: ‘A strong fist doesn't mean strong reason’: China warns against interference, regime change in Iran - The Times of India from Times of India
2026-03-08 10:34:30,390 - INFO - [Times of India] Article: https://timesofindia.indiatimes.com/world/middle-east/over-52000-indians-fly-home-from-uae-gulf-within-a-week-as-authorities-issue-update-amid-us-iran-conflict/articleshow/129259336.cms
2026-03-08 10:34:30,390 - INFO - [Times of India] Attempt 1/1: Trying with 'selenium_browser' strategy...
2026-03-08 10:34:31,277 - INFO - [Times of India] Page content loaded.
2026-03-08 10:34:31,417 - INFO - [Times of India] Success with 'selenium_browser'. Found content (529 words).
2026-03-08 10:34:31,513 - INFO - Duplicate article skipped: India Gulf Region Flights: Over 52,000 Indians fly home from UAE, Gulf within a week as authorities issue update amid US-Iran conflict | World News - The Times of India from Times of India
2026-03-08 10:34:32,098 - INFO - [Times of India] Article: https://timesofindia.indiatimes.com/world/us/top-10-richest-people-in-the-world-2026-elon-musk-jeff-bezos-and-other-tech-titans-leading-global-wealth/articleshow/129258508.cms
2026-03-08 10:34:32,098 - INFO - [Times of India] Attempt 1/1: Trying with 'selenium_browser' strategy...
2026-03-08 10:34:32,916 - INFO - [Times of India] Page content loaded.
2026-03-08 10:34:33,096 - INFO - [Times of India] Success with 'selenium_browser'. Found content (837 words).
2026-03-08 10:34:33,162 - INFO - Duplicate article skipped: Top 10 richest people in the world 2026: Elon Musk, Jeff Bezos, and other tech titans leading global wealth | World News - The Times of India from Times of India
2026-03-08 10:34:34,572 - INFO - [Times of India] Article: https://timesofindia.indiatimes.com/world/middle-east/us-embassy-in-uae-issues-security-alert-americans-urged-to-consider-leaving-as-consular-services-shut/articleshow/129257179.cms
2026-03-08 10:34:34,572 - INFO - [Times of India] Attempt 1/1: Trying with 'selenium_browser' strategy...
2026-03-08 10:34:35,794 - INFO - [Times of India] Page content loaded.
2026-03-08 10:34:35,953 - INFO - [Times of India] Success with 'selenium_browser'. Found content (726 words).
2026-03-08 10:34:36,013 - INFO - Duplicate article skipped: Us Embassy Uae Security Alert: US embassy in UAE issues security alert: Americans urged to consider leaving as consular services shut | World News - The Times of India from Times of India
2026-03-08 10:34:37,280 - INFO - [Times of India] Article: https://timesofindia.indiatimes.com/world/middle-east/us-israel-iran-war-news-live-udates-middle-east-crisis-conflict-drone-ballistic-missile-attacks-explosions-flights-status-dubai-uae-qatar-tehran-gulf-donald-trump-netanyahu-khamenei/liveblog/129190174.cms
2026-03-08 10:34:37,280 - INFO - [Times of India] Attempt 1/1: Trying with 'selenium_browser' strategy...
2026-03-08 10:34:38,689 - INFO - [Times of India] Page content loaded.
2026-03-08 10:34:39,008 - INFO - [Times of India] Success with 'selenium_browser'. Found content (253 words).
2026-03-08 10:34:39,094 - INFO - Duplicate article skipped: US-Israel-Iran War News Live Updates: Iran warns of toxic fumes, ‘dangerous’ acid rain after US-Israel strikes on oil depots - The Times of India from Times of India
2026-03-08 10:34:40,324 - INFO - [Times of India] Article: https://timesofindia.indiatimes.com/world/south-asia/nepal-elections-results-2026-live-updates-voting-poll-result-balen-shah-rastriya-swatantra-party-win-20-seats-latest-news-updates/liveblog/129192622.cms
2026-03-08 10:34:40,324 - INFO - [Times of India] Attempt 1/1: Trying with 'selenium_browser' strategy...
2026-03-08 10:34:42,208 - INFO - [Times of India] Page content loaded.
2026-03-08 10:34:42,421 - INFO - [Times of India] Success with 'selenium_browser'. Found content (88 words).
2026-03-08 10:34:42,490 - INFO - Duplicate article skipped: Nepal Election Results 2026 Live: Rapper-turned-politician Balen Shah led RSP set to form government after decisive victory - The Times of India from Times of India
2026-03-08 10:34:43,395 - INFO - [Times of India] Article: https://timesofindia.indiatimes.com/world/middle-east/dubai-travel-update-what-you-need-to-know-as-airlines-restart-operations-in-phases/articleshow/129257319.cms
2026-03-08 10:34:43,395 - INFO - [Times of India] Attempt 1/1: Trying with 'selenium_browser' strategy...
2026-03-08 10:34:44,634 - INFO - [Times of India] Page content loaded.
2026-03-08 10:34:44,771 - INFO - [Times of India] Success with 'selenium_browser'. Found content (583 words).
2026-03-08 10:34:44,828 - INFO - Duplicate article skipped: Dubai Travel Updates: Dubai travel update: What you need to know as airlines restart operations in phases - The Times of India from Times of India
2026-03-08 10:34:46,106 - INFO - [Times of India] Article: https://timesofindia.indiatimes.com/defence/international/failed-israeli-mission-to-recover-pilots-remains-leaves-41-dead-in-lebanon/articleshow/129255789.cms
2026-03-08 10:34:46,106 - INFO - [Times of India] Attempt 1/1: Trying with 'selenium_browser' strategy...
2026-03-08 10:34:48,127 - INFO - [Times of India] Page content loaded.
2026-03-08 10:34:48,165 - INFO - [Times of India] Success with 'selenium_browser'. Found content (178 words).
2026-03-08 10:34:48,184 - INFO - Duplicate article skipped: Failed Israeli mission to recover pilot’s remains leaves 41 dead in Lebanon - The Times of India from Times of India
2026-03-08 10:34:48,796 - INFO - [Times of India] (Thread) Finished. Attempting to shut down its Selenium driver.
2026-03-08 10:34:49,021 - INFO - [Times of India] (Thread) driver.quit() successful.
2026-03-08 10:34:49,022 - INFO - Shutting down thread pool (wait=False)...
2026-03-08 10:34:49,022 - INFO - Scraped: 3 Times of India, 6 The Hindu, 1 The Guardian, 0 BBC articles. (Total saved: 10)
2026-03-08 10:34:49,022 - INFO - --- Scraping job finished ---
2026-03-08 10:34:49,028 - INFO - --- Scraper service stopped and database connection closed. ---
2026-03-08 10:34:49,028 - INFO - --- Main thread finished. Forcing process exit to kill zombie threads. ---
