2026-03-13 14:51:09,117 - INFO - Initializing database connection at: news_articles.db
2026-03-13 14:51:09,117 - INFO - --- Scraper service started (CI Mode: Run Once) ---
2026-03-13 14:51:09,117 - INFO - --- Starting new scraping job (Parallel Mode) ---
2026-03-13 14:51:09,117 - INFO - Creating new robust session with 3 retries on 5xx/connection/read errors.
2026-03-13 14:51:09,118 - INFO - Proxy is DISABLED.
2026-03-13 14:51:09,118 - INFO - Starting scrape for BBC RSS feed: http://feeds.bbci.co.uk/news/world/rss.xml
2026-03-13 14:51:09,119 - INFO - [Times of India] (Thread) requires Selenium. Initializing driver...
2026-03-13 14:51:09,119 - INFO - Initializing headless Selenium Chrome driver (using SeleniumManager)...
2026-03-13 14:51:09,119 - INFO - Starting scrape for The Guardian RSS feed: https://www.theguardian.com/world/rss
2026-03-13 14:51:09,120 - INFO - [The Hindu] (Thread) requires Selenium. Initializing driver...
2026-03-13 14:51:09,120 - INFO - Initializing headless Selenium Chrome driver (using SeleniumManager)...
2026-03-13 14:51:09,120 - INFO - Submitted 4 jobs to thread pool. Waiting up to 300s for completion...
2026-03-13 14:51:09,234 - INFO - Found 45 articles in The Guardian RSS feed. Processing up to 10.
2026-03-13 14:51:09,235 - INFO - [The Guardian] Article: https://www.theguardian.com/world/2026/mar/13/france-returns-sacred-djidji-ayokwe-talking-drum-looted-from-cote-divoire
2026-03-13 14:51:09,235 - INFO - [The Guardian] Attempt 1/1: Trying with 'requests_browser' strategy...
2026-03-13 14:51:09,294 - INFO - [The Guardian] Success with 'requests_browser'. Found content (512 words).
2026-03-13 14:51:09,358 - INFO - Saved article: France returns sacred talking drum looted from Côte d’Ivoire over 100 years ago | Côte d’Ivoire | The Guardian from The Guardian
2026-03-13 14:51:09,435 - INFO - Found 36 articles in BBC RSS feed. Processing up to 10.
2026-03-13 14:51:09,435 - INFO - [BBC] Article: https://www.bbc.com/news/articles/cy0dz5ql17vo?at_medium=RSS&at_campaign=rss
2026-03-13 14:51:09,435 - INFO - [BBC] Attempt 1/1: Trying with 'requests_browser' strategy...
2026-03-13 14:51:09,652 - INFO - [BBC] Success with 'requests_browser'. Found content (603 words).
2026-03-13 14:51:09,687 - INFO - Duplicate article skipped: All six crew members killed after US refuelling plane crashes in Iraq from BBC
2026-03-13 14:51:09,938 - INFO - [The Guardian] Article: https://www.theguardian.com/us-news/2026/mar/12/trump-immigration-deportations-eswatini
2026-03-13 14:51:09,938 - INFO - [The Guardian] Attempt 1/1: Trying with 'requests_browser' strategy...
2026-03-13 14:51:10,000 - INFO - [The Guardian] Success with 'requests_browser'. Found content (528 words).
2026-03-13 14:51:10,042 - INFO - Duplicate article skipped: Eswatini says it received more ‘third country’ deportees as part of deal with Trump administration | Trump administration | The Guardian from The Guardian
2026-03-13 14:51:11,060 - INFO - [BBC] Article: https://www.bbc.com/news/articles/c363lk4xk07o?at_medium=RSS&at_campaign=rss
2026-03-13 14:51:11,060 - INFO - [BBC] Attempt 1/1: Trying with 'requests_browser' strategy...
2026-03-13 14:51:11,096 - INFO - [BBC] Success with 'requests_browser'. Found content (284 words).
2026-03-13 14:51:11,120 - INFO - [The Guardian] Article: https://www.theguardian.com/global-development/2026/mar/12/uk-government-axes-flagship-global-health-project
2026-03-13 14:51:11,125 - INFO - [The Guardian] Attempt 1/1: Trying with 'requests_browser' strategy...
2026-03-13 14:51:11,138 - INFO - Duplicate article skipped: Iris Dena: Bodies of 84 Iranian sailors killed in US attack to be repatriated from BBC
2026-03-13 14:51:11,178 - INFO - [The Guardian] Success with 'requests_browser'. Found content (626 words).
2026-03-13 14:51:11,225 - INFO - Duplicate article skipped: UK government axes flagship global health project | Global development | The Guardian from The Guardian
2026-03-13 14:51:11,841 - INFO - [The Guardian] Article: https://www.theguardian.com/global-development/2026/mar/12/invasive-ai-led-mass-surveillance-in-africa-violating-freedoms-warn-experts
2026-03-13 14:51:11,841 - INFO - [The Guardian] Attempt 1/1: Trying with 'requests_browser' strategy...
2026-03-13 14:51:11,897 - INFO - [The Guardian] Success with 'requests_browser'. Found content (621 words).
2026-03-13 14:51:11,933 - INFO - Duplicate article skipped: ‘Invasive’ AI-led mass surveillance in Africa violating freedoms, warn experts | Global development | The Guardian from The Guardian
2026-03-13 14:51:12,046 - INFO - [BBC] Article: https://www.bbc.com/news/articles/cwy8zv9gp0go?at_medium=RSS&at_campaign=rss
2026-03-13 14:51:12,046 - INFO - [BBC] Attempt 1/1: Trying with 'requests_browser' strategy...
2026-03-13 14:51:12,077 - INFO - [BBC] Success with 'requests_browser'. Found content (567 words).
2026-03-13 14:51:12,115 - INFO - Selenium driver initialized successfully.
2026-03-13 14:51:12,115 - INFO - Starting scrape for The Hindu RSS feed: https://www.thehindu.com/news/national/feeder/default.rss
2026-03-13 14:51:12,116 - INFO - Selenium driver initialized successfully.
2026-03-13 14:51:12,116 - INFO - Starting scrape for Times of India RSS feed: https://timesofindia.indiatimes.com/rssfeeds/296589292.cms
2026-03-13 14:51:12,117 - INFO - Saved article: Cuba says it will release 51 prisoners in the coming days from BBC
2026-03-13 14:51:12,216 - INFO - Found 100 articles in The Hindu RSS feed. Processing up to 10.
2026-03-13 14:51:12,216 - INFO - [The Hindu] Article: https://www.thehindu.com/news/national/andhra-pradesh/bjp-leader-nominated-to-svims-ethics-committee/article70740191.ece
2026-03-13 14:51:12,216 - INFO - [The Hindu] Attempt 1/1: Trying with 'selenium_browser' strategy...
2026-03-13 14:51:12,301 - INFO - Found 20 articles in Times of India RSS feed. Processing up to 10.
2026-03-13 14:51:12,301 - INFO - [Times of India] Article: https://timesofindia.indiatimes.com/world/us/michigan-synagogue-shooters-brothers-were-hezbollah-members-fasting-in-ramadan-before-being-killed-in-israeli-strike/articleshow/129556836.cms
2026-03-13 14:51:12,301 - INFO - [Times of India] Attempt 1/1: Trying with 'selenium_browser' strategy...
2026-03-13 14:51:13,037 - INFO - [BBC] Article: https://www.bbc.com/news/articles/cdxzzqye9w0o?at_medium=RSS&at_campaign=rss
2026-03-13 14:51:13,037 - INFO - [BBC] Attempt 1/1: Trying with 'requests_browser' strategy...
2026-03-13 14:51:13,083 - INFO - [BBC] Success with 'requests_browser'. Found content (1054 words).
2026-03-13 14:51:13,099 - INFO - [The Guardian] Article: https://www.theguardian.com/world/2026/mar/11/at-least-17-killed-after-drone-strikes-school-in-sudan
2026-03-13 14:51:13,099 - INFO - [The Guardian] Attempt 1/1: Trying with 'requests_browser' strategy...
2026-03-13 14:51:13,123 - INFO - Duplicate article skipped: French vote tests polarised electorate with right hoping to win control of Paris from BBC
2026-03-13 14:51:13,187 - INFO - [The Guardian] Success with 'requests_browser'. Found content (363 words).
2026-03-13 14:51:13,258 - INFO - Duplicate article skipped: At least 17 killed after drone strikes school in Sudan | Sudan | The Guardian from The Guardian
2026-03-13 14:51:13,689 - INFO - [BBC] Article: https://www.bbc.com/news/articles/c2k8wvzgqk7o?at_medium=RSS&at_campaign=rss
2026-03-13 14:51:13,689 - INFO - [BBC] Attempt 1/1: Trying with 'requests_browser' strategy...
2026-03-13 14:51:13,730 - INFO - [BBC] Success with 'requests_browser'. Found content (615 words).
2026-03-13 14:51:13,768 - INFO - Duplicate article skipped: KPop Demon Hunters to return as Netflix announces sequel from BBC
2026-03-13 14:51:13,826 - INFO - [The Guardian] Article: https://www.theguardian.com/uk-news/2026/mar/13/king-charles-alberta-separatism-canada-first-nations
2026-03-13 14:51:13,826 - INFO - [The Guardian] Attempt 1/1: Trying with 'requests_browser' strategy...
2026-03-13 14:51:14,049 - INFO - [The Guardian] Success with 'requests_browser'. Found content (552 words).
2026-03-13 14:51:14,103 - INFO - Saved article: King Charles concerned about Alberta separatist movement, First Nation chief says | King Charles III | The Guardian from The Guardian
2026-03-13 14:51:14,626 - INFO - [The Guardian] Article: https://www.theguardian.com/world/2026/mar/13/cuba-us-talks-miguel-diaz-canel-trump
2026-03-13 14:51:14,626 - INFO - [The Guardian] Attempt 1/1: Trying with 'requests_browser' strategy...
2026-03-13 14:51:14,681 - INFO - [The Guardian] Success with 'requests_browser'. Found content (456 words).
2026-03-13 14:51:14,694 - INFO - [BBC] Article: https://www.bbc.com/news/articles/cd9g4dpjwgvo?at_medium=RSS&at_campaign=rss
2026-03-13 14:51:14,701 - INFO - [BBC] Attempt 1/1: Trying with 'requests_browser' strategy...
2026-03-13 14:51:14,730 - INFO - Duplicate article skipped: Cuban president confirms talks with Trump officials amid US blockade | Cuba | The Guardian from The Guardian
2026-03-13 14:51:14,785 - INFO - [BBC] Success with 'requests_browser'. Found content (676 words).
2026-03-13 14:51:14,855 - INFO - Duplicate article skipped: King expressed 'concern' over Alberta separatists, say First Nations chiefs after meeting from BBC
2026-03-13 14:51:16,027 - INFO - [The Guardian] Article: https://www.theguardian.com/us-news/ng-interactive/2026/mar/13/honduras-family-immigration-deportation
2026-03-13 14:51:16,027 - INFO - [The Guardian] Attempt 1/1: Trying with 'requests_browser' strategy...
2026-03-13 14:51:16,210 - INFO - [The Guardian] Success with 'requests_browser'. Found content (2669 words).
2026-03-13 14:51:16,310 - INFO - [BBC] Article: https://www.bbc.com/news/articles/ce3g0vz223no?at_medium=RSS&at_campaign=rss
2026-03-13 14:51:16,310 - INFO - [BBC] Attempt 1/1: Trying with 'requests_browser' strategy...
2026-03-13 14:51:16,315 - INFO - Duplicate article skipped: One family’s harrowing escape to the US – and the Trump government’s relentless efforts to deport them back | US immigration | The Guardian from The Guardian
2026-03-13 14:51:16,449 - INFO - [BBC] Success with 'requests_browser'. Found content (1270 words).
2026-03-13 14:51:16,579 - INFO - Duplicate article skipped: Strait of Hormuz: Sailors stranded on ships due to Iran war from BBC
2026-03-13 14:51:16,875 - INFO - [The Guardian] Article: https://www.theguardian.com/world/2026/mar/12/two-plasma-donors-die-private-canada-clinics
2026-03-13 14:51:16,875 - INFO - [The Guardian] Attempt 1/1: Trying with 'requests_browser' strategy...
2026-03-13 14:51:16,980 - INFO - [The Guardian] Success with 'requests_browser'. Found content (1291 words).
2026-03-13 14:51:17,057 - INFO - Duplicate article skipped: Two people die after donating plasma at Canadian clinics under federal investigation | Canada | The Guardian from The Guardian
2026-03-13 14:51:17,787 - INFO - [The Guardian] Article: https://www.theguardian.com/world/2026/mar/12/quit-fossil-fuels-to-stem-deadly-floods-in-brazils-coffee-heartland-say-scientists
2026-03-13 14:51:17,787 - INFO - [The Guardian] Attempt 1/1: Trying with 'requests_browser' strategy...
2026-03-13 14:51:17,938 - INFO - [BBC] Article: https://www.bbc.com/news/articles/cx28zd30078o?at_medium=RSS&at_campaign=rss
2026-03-13 14:51:17,938 - INFO - [BBC] Attempt 1/1: Trying with 'requests_browser' strategy...
2026-03-13 14:51:17,964 - INFO - [The Guardian] Success with 'requests_browser'. Found content (723 words).
2026-03-13 14:51:18,305 - INFO - Duplicate article skipped: Quit fossil fuels to stem deadly floods in Brazil’s coffee heartland, say scientists | Extreme weather | The Guardian from The Guardian
2026-03-13 14:51:18,322 - INFO - [BBC] Success with 'requests_browser'. Found content (888 words).
2026-03-13 14:51:18,496 - INFO - Duplicate article skipped: Suspect dead after ramming vehicle into Temple Israel synagogue in Michigan from BBC
2026-03-13 14:51:19,506 - INFO - [BBC] Article: https://www.bbc.com/news/articles/cvg3yv2e9p1o?at_medium=RSS&at_campaign=rss
2026-03-13 14:51:19,506 - INFO - [BBC] Attempt 1/1: Trying with 'requests_browser' strategy...
2026-03-13 14:51:19,671 - INFO - [BBC] Success with 'requests_browser'. Found content (408 words).
2026-03-13 14:51:19,763 - INFO - Saved article: France returns 'talking drum' to Ivory Coast from BBC
2026-03-13 14:51:20,619 - INFO - [BBC] Article: https://www.bbc.com/news/articles/c0436qkegdqo?at_medium=RSS&at_campaign=rss
2026-03-13 14:51:20,619 - INFO - [BBC] Attempt 1/1: Trying with 'requests_browser' strategy...
2026-03-13 14:51:20,753 - INFO - [BBC] Success with 'requests_browser'. Found content (573 words).
2026-03-13 14:51:20,876 - INFO - Duplicate article skipped: Supreme Court: India top court rejects menstrual leave petition saying 'no-one will hire women' from BBC
2026-03-13 14:52:12,224 - ERROR - [The Hindu] Request failed for strategy 'selenium_browser' on URL https://www.thehindu.com/news/national/andhra-pradesh/bjp-leader-nominated-to-svims-ethics-committee/article70740191.ece: Message: timeout: Timed out receiving message from renderer: 59.794
  (Session info: chrome=145.0.7632.116)
Stacktrace:
#0 0x5630d0eb4b6a <unknown>
#1 0x5630d08c7a32 <unknown>
#2 0x5630d08af007 <unknown>
#3 0x5630d08aec16 <unknown>
#4 0x5630d08ac731 <unknown>
#5 0x5630d08ad0bf <unknown>
#6 0x5630d08bc560 <unknown>
#7 0x5630d08d6707 <unknown>
#8 0x5630d08dd8db <unknown>
#9 0x5630d08ad829 <unknown>
#10 0x5630d08d649c <unknown>
#11 0x5630d09656e1 <unknown>
#12 0x5630d090ec0f <unknown>
#13 0x5630d090f9d1 <unknown>
#14 0x5630d0e796b9 <unknown>
#15 0x5630d0e7c5c1 <unknown>
#16 0x5630d0e65e29 <unknown>
#17 0x5630d0e7d17e <unknown>
#18 0x5630d0e4c4b0 <unknown>
#19 0x5630d0ea1578 <unknown>
#20 0x5630d0ea174b <unknown>
#21 0x5630d0eb31a3 <unknown>
#22 0x7f85c949caa4 <unknown>
#23 0x7f85c9529c6c <unknown>

2026-03-13 14:52:12,224 - ERROR - [The Hindu] All scrape strategies failed for https://www.thehindu.com/news/national/andhra-pradesh/bjp-leader-nominated-to-svims-ethics-committee/article70740191.ece. Falling back to RSS description.
2026-03-13 14:52:12,226 - INFO - Saved article: BJP leader nominated to SVIMS ethics committee from The Hindu
2026-03-13 14:52:12,310 - ERROR - [Times of India] Request failed for strategy 'selenium_browser' on URL https://timesofindia.indiatimes.com/world/us/michigan-synagogue-shooters-brothers-were-hezbollah-members-fasting-in-ramadan-before-being-killed-in-israeli-strike/articleshow/129556836.cms: Message: timeout: Timed out receiving message from renderer: 59.910
  (Session info: chrome=145.0.7632.116)
Stacktrace:
#0 0x55d60b6f6b6a <unknown>
#1 0x55d60b109a32 <unknown>
#2 0x55d60b0f1007 <unknown>
#3 0x55d60b0f0c16 <unknown>
#4 0x55d60b0ee731 <unknown>
#5 0x55d60b0ef0bf <unknown>
#6 0x55d60b0fe560 <unknown>
#7 0x55d60b118707 <unknown>
#8 0x55d60b11f8db <unknown>
#9 0x55d60b0ef829 <unknown>
#10 0x55d60b11849c <unknown>
#11 0x55d60b1a76e1 <unknown>
#12 0x55d60b150c0f <unknown>
#13 0x55d60b1519d1 <unknown>
#14 0x55d60b6bb6b9 <unknown>
#15 0x55d60b6be5c1 <unknown>
#16 0x55d60b6a7e29 <unknown>
#17 0x55d60b6bf17e <unknown>
#18 0x55d60b68e4b0 <unknown>
#19 0x55d60b6e3578 <unknown>
#20 0x55d60b6e374b <unknown>
#21 0x55d60b6f51a3 <unknown>
#22 0x7fc8fc29caa4 <unknown>
#23 0x7fc8fc329c6c <unknown>

2026-03-13 14:52:12,310 - ERROR - [Times of India] All scrape strategies failed for https://timesofindia.indiatimes.com/world/us/michigan-synagogue-shooters-brothers-were-hezbollah-members-fasting-in-ramadan-before-being-killed-in-israeli-strike/articleshow/129556836.cms. Falling back to RSS description.
2026-03-13 14:52:12,312 - INFO - Saved article: Michigan synagogue shooter’s brothers were Hezbollah members, fasting in Ramadan before being killed in Israeli strike from Times of India
2026-03-13 14:52:12,896 - INFO - [The Hindu] Article: https://www.thehindu.com/news/national/telangana/all-set-for-ssc-exams-from-today/article70739759.ece
2026-03-13 14:52:12,896 - INFO - [The Hindu] Attempt 1/1: Trying with 'selenium_browser' strategy...
2026-03-13 14:52:13,759 - INFO - [Times of India] Article: https://timesofindia.indiatimes.com/world/uk/why-meghan-markle-parted-ways-with-netflix-insiders-reveal-split-details/articleshow/129556562.cms
2026-03-13 14:52:13,759 - INFO - [Times of India] Attempt 1/1: Trying with 'selenium_browser' strategy...
2026-03-13 14:52:18,670 - INFO - [Times of India] Page content loaded.
2026-03-13 14:52:18,891 - INFO - [Times of India] Success with 'selenium_browser'. Found content (384 words).
2026-03-13 14:52:19,024 - INFO - Saved article: Why Meghan Markle parted ways with Netflix — insiders reveal split details - The Times of India from Times of India
2026-03-13 14:52:19,594 - INFO - [Times of India] Article: https://timesofindia.indiatimes.com/world/europe/certainly-does-not-help-peace-zelenskyy-says-us-easing-of-russian-oil-sanctions-could-hand-moscow-10-billion-for-war/articleshow/129555594.cms
2026-03-13 14:52:19,594 - INFO - [Times of India] Attempt 1/1: Trying with 'selenium_browser' strategy...
2026-03-13 14:52:20,744 - INFO - [Times of India] Page content loaded.
2026-03-13 14:52:20,931 - INFO - [Times of India] Success with 'selenium_browser'. Found content (674 words).
2026-03-13 14:52:21,007 - INFO - Saved article: ‘Certainly does not help peace’: Zelenskyy says US easing of Russian oil sanctions could hand Moscow $10 billion for war - The Times of India from Times of India
2026-03-13 14:52:22,184 - INFO - [Times of India] Article: https://timesofindia.indiatimes.com/world/us/the-president-wants-you-right-away-treasury-secretary-scott-bessent-pulled-from-live-broadcast-viewers-say-his-voice-was-shaken-watch/articleshow/129552498.cms
2026-03-13 14:52:22,184 - INFO - [Times of India] Attempt 1/1: Trying with 'selenium_browser' strategy...
2026-03-13 14:52:23,065 - INFO - [Times of India] Page content loaded.
2026-03-13 14:52:23,195 - INFO - [Times of India] Success with 'selenium_browser'. Found content (292 words).
2026-03-13 14:52:23,255 - INFO - Duplicate article skipped: ‘The president wants you right away’: Treasury secretary Scott Bessent pulled from live broadcast; viewers say his voice was ‘shaken’ — watch - The Times of India from Times of India
2026-03-13 14:52:24,485 - INFO - [Times of India] Article: https://timesofindia.indiatimes.com/world/us/michigan-synagogue-shooter-ayman-mohamad-ghazali-shared-pictures-of-relatives-killed-in-israeli-strikes-before-carrying-out-attack/articleshow/129552424.cms
2026-03-13 14:52:24,485 - INFO - [Times of India] Attempt 1/1: Trying with 'selenium_browser' strategy...
2026-03-13 14:52:25,980 - INFO - [Times of India] Page content loaded.
2026-03-13 14:52:26,139 - INFO - [Times of India] Success with 'selenium_browser'. Found content (337 words).
2026-03-13 14:52:26,246 - INFO - Duplicate article skipped: Michigan synagogue shooter Ayman Mohamad Ghazali shared pictures of relatives killed in Israeli strikes before carrying out attack - The Times of India from Times of India
2026-03-13 14:52:27,694 - INFO - [Times of India] Article: https://timesofindia.indiatimes.com/etimes/trending/temples-tilaks-and-trolls-how-hinduphobia-threatens-the-american-dream-for-indian-americans/articleshow/129543803.cms
2026-03-13 14:52:27,694 - INFO - [Times of India] Attempt 1/1: Trying with 'selenium_browser' strategy...
2026-03-13 14:52:39,069 - WARNING - [Times of India] Page timed out (10s). No <p> tags found. Proceeding anyway.
2026-03-13 14:52:39,233 - INFO - [Times of India] Success with 'selenium_browser'. Found content (1651 words).
2026-03-13 14:52:39,318 - INFO - Duplicate article skipped: Temples, tilaks and trolls: How Hinduphobia threatens the American Dream for Indian-Americans | - The Times of India from Times of India
2026-03-13 14:52:39,923 - INFO - [Times of India] Article: https://timesofindia.indiatimes.com/world/us-streamers/mrbeast-net-worth-billionaire-youtuber-claims-hes-cash-poor-despite-massive-2-6b-fortune/articleshow/129538733.cms
2026-03-13 14:52:39,923 - INFO - [Times of India] Attempt 1/1: Trying with 'selenium_browser' strategy...
2026-03-13 14:52:40,446 - INFO - [Times of India] Page content loaded.
2026-03-13 14:52:40,552 - INFO - [Times of India] Success with 'selenium_browser'. Found content (440 words).
2026-03-13 14:52:40,630 - INFO - Saved article: MrBeast net worth: Billionaire YouTuber claims he’s cash-poor despite massive $2.6B fortune - The Times of India from Times of India
2026-03-13 14:52:42,024 - INFO - [Times of India] Article: https://timesofindia.indiatimes.com/world/middle-east/iran-war-enters-day-14-as-conflict-completes-two-weeks-what-we-know-so-far-tehran-explosions-israel-strikes-us-aircraft-crash/articleshow/129550155.cms
2026-03-13 14:52:42,024 - INFO - [Times of India] Attempt 1/1: Trying with 'selenium_browser' strategy...
2026-03-13 14:52:43,238 - INFO - [Times of India] Page content loaded.
2026-03-13 14:52:43,460 - INFO - [Times of India] Success with 'selenium_browser'. Found content (1441 words).
2026-03-13 14:52:43,513 - INFO - Duplicate article skipped: Iran war enters Day 14: As conflict completes two weeks, what we know so far - Tehran explosions, Israel strikes, US aircraft crash - The Times of India from Times of India
2026-03-13 14:52:44,836 - INFO - [Times of India] Article: https://timesofindia.indiatimes.com/world/us-streamers/candace-owens-faces-outrage-after-releasing-unseen-charlie-kirk-assassination-footage-pure-unfiltered-evil/articleshow/129538194.cms
2026-03-13 14:52:44,836 - INFO - [Times of India] Attempt 1/1: Trying with 'selenium_browser' strategy...
2026-03-13 14:52:45,856 - INFO - [Times of India] Page content loaded.
2026-03-13 14:52:45,971 - INFO - [Times of India] Success with 'selenium_browser'. Found content (474 words).
2026-03-13 14:52:46,034 - INFO - Duplicate article skipped: Candace Owens faces outrage after releasing unseen Charlie Kirk assassination footage :“Pure unfiltered evil” - The Times of India from Times of India
2026-03-13 14:52:46,622 - INFO - [Times of India] Article: https://timesofindia.indiatimes.com/world/us/about-to-surrender-trump-makes-big-claim-on-iran-says-us-got-rid-of-a-cancer-threatening-us-all/articleshow/129547678.cms
2026-03-13 14:52:46,623 - INFO - [Times of India] Attempt 1/1: Trying with 'selenium_browser' strategy...
2026-03-13 14:52:47,965 - INFO - [Times of India] Page content loaded.
2026-03-13 14:52:48,083 - INFO - [Times of India] Success with 'selenium_browser'. Found content (285 words).
2026-03-13 14:52:48,135 - INFO - Duplicate article skipped: Donald Trump: 'About to surrender': Trump makes big claim on Iran, says US 'got rid of a cancer threatening us all' - The Times of India from Times of India
2026-03-13 14:52:49,439 - INFO - [Times of India] (Thread) Finished. Attempting to shut down its Selenium driver.
2026-03-13 14:52:49,628 - INFO - [Times of India] (Thread) driver.quit() successful.
2026-03-13 14:53:12,906 - ERROR - [The Hindu] Request failed for strategy 'selenium_browser' on URL https://www.thehindu.com/news/national/telangana/all-set-for-ssc-exams-from-today/article70739759.ece: Message: timeout: Timed out receiving message from renderer: 59.926
  (Session info: chrome=145.0.7632.116)
Stacktrace:
#0 0x5630d0eb4b6a <unknown>
#1 0x5630d08c7a32 <unknown>
#2 0x5630d08af007 <unknown>
#3 0x5630d08aec16 <unknown>
#4 0x5630d08ac731 <unknown>
#5 0x5630d08ad0bf <unknown>
#6 0x5630d08bc560 <unknown>
#7 0x5630d08d6707 <unknown>
#8 0x5630d08dd8db <unknown>
#9 0x5630d08ad829 <unknown>
#10 0x5630d08d649c <unknown>
#11 0x5630d09656e1 <unknown>
#12 0x5630d090ec0f <unknown>
#13 0x5630d090f9d1 <unknown>
#14 0x5630d0e796b9 <unknown>
#15 0x5630d0e7c5c1 <unknown>
#16 0x5630d0e65e29 <unknown>
#17 0x5630d0e7d17e <unknown>
#18 0x5630d0e4c4b0 <unknown>
#19 0x5630d0ea1578 <unknown>
#20 0x5630d0ea174b <unknown>
#21 0x5630d0eb31a3 <unknown>
#22 0x7f85c949caa4 <unknown>
#23 0x7f85c9529c6c <unknown>

2026-03-13 14:53:12,906 - ERROR - [The Hindu] All scrape strategies failed for https://www.thehindu.com/news/national/telangana/all-set-for-ssc-exams-from-today/article70739759.ece. Falling back to RSS description.
2026-03-13 14:53:12,908 - INFO - Saved article: All set for SSC exams from today from The Hindu
2026-03-13 14:53:14,146 - INFO - [The Hindu] Article: https://www.thehindu.com/news/national/karnataka/public-awareness-programmes-on-sleep-deprivation-planned/article70740111.ece
2026-03-13 14:53:14,146 - INFO - [The Hindu] Attempt 1/1: Trying with 'selenium_browser' strategy...
2026-03-13 14:53:15,079 - INFO - [The Hindu] Page content loaded.
2026-03-13 14:53:15,144 - INFO - [The Hindu] Success with 'selenium_browser'. Found content (241 words).
2026-03-13 14:53:15,274 - INFO - Saved article: Public awareness programmes on sleep deprivation planned - The Hindu from The Hindu
2026-03-13 14:53:16,078 - INFO - [The Hindu] Article: https://www.thehindu.com/news/national/andhra-pradesh/ap-cabinet-approves-9355-crore-for-seven-multi-village-schemes/article70739659.ece
2026-03-13 14:53:16,078 - INFO - [The Hindu] Attempt 1/1: Trying with 'selenium_browser' strategy...
2026-03-13 14:53:16,661 - INFO - [The Hindu] Page content loaded.
2026-03-13 14:53:16,713 - INFO - [The Hindu] Success with 'selenium_browser'. Found content (368 words).
2026-03-13 14:53:16,788 - INFO - Saved article: A.P. Cabinet approves ₹9,355 crore for seven Multi-Village Schemes - The Hindu from The Hindu
2026-03-13 14:53:17,886 - INFO - [The Hindu] Article: https://www.thehindu.com/news/national/andhra-pradesh/farmers-organisations-seek-urgent-support-amid-global-market-instability/article70739032.ece
2026-03-13 14:53:17,886 - INFO - [The Hindu] Attempt 1/1: Trying with 'selenium_browser' strategy...
2026-03-13 14:53:18,424 - INFO - [The Hindu] Page content loaded.
2026-03-13 14:53:18,475 - INFO - [The Hindu] Success with 'selenium_browser'. Found content (253 words).
2026-03-13 14:53:18,540 - INFO - Saved article: Farmers’ organisations seek urgent support amid global market instability - The Hindu from The Hindu
2026-03-13 14:53:19,410 - INFO - [The Hindu] Article: https://www.thehindu.com/news/national/andhra-pradesh/cabinet-move-to-accelerate-execution-of-polavaram-irrigation-project/article70739680.ece
2026-03-13 14:53:19,410 - INFO - [The Hindu] Attempt 1/1: Trying with 'selenium_browser' strategy...
2026-03-13 14:53:20,658 - INFO - [The Hindu] Page content loaded.
2026-03-13 14:53:20,788 - INFO - [The Hindu] Success with 'selenium_browser'. Found content (344 words).
2026-03-13 14:53:20,865 - INFO - Saved article: Cabinet move to accelerate execution of Polavaram irrigation project - The Hindu from The Hindu
2026-03-13 14:53:21,945 - INFO - [The Hindu] Article: https://www.thehindu.com/news/national/parliamentary-panel-recommends-high-level-committee-to-assess-indias-urban-infra-needs/article70739671.ece
2026-03-13 14:53:21,945 - INFO - [The Hindu] Attempt 1/1: Trying with 'selenium_browser' strategy...
2026-03-13 14:53:23,234 - INFO - [The Hindu] Page content loaded.
2026-03-13 14:53:23,318 - INFO - [The Hindu] Success with 'selenium_browser'. Found content (305 words).
2026-03-13 14:53:23,401 - INFO - Saved article: Parliamentary panel recommends high-level committee to assess India’s urban infra needs - The Hindu from The Hindu
2026-03-13 14:53:24,240 - INFO - [The Hindu] Article: https://www.thehindu.com/news/national/andhra-pradesh/strait-of-hormuz-closure-disrupts-chittoors-mango-pulp-exports/article70739308.ece
2026-03-13 14:53:24,240 - INFO - [The Hindu] Attempt 1/1: Trying with 'selenium_browser' strategy...
2026-03-13 14:53:25,162 - INFO - [The Hindu] Page content loaded.
2026-03-13 14:53:25,213 - INFO - [The Hindu] Success with 'selenium_browser'. Found content (498 words).
2026-03-13 14:53:25,286 - INFO - Saved article: Strait of Hormuz closure disrupts Chittoor’s mango pulp exports - The Hindu from The Hindu
2026-03-13 14:53:25,989 - INFO - [The Hindu] Article: https://www.thehindu.com/news/national/kerala/kollam-mayor-announces-major-infrastructure-and-welfare-projects/article70740031.ece
2026-03-13 14:53:25,989 - INFO - [The Hindu] Attempt 1/1: Trying with 'selenium_browser' strategy...
2026-03-13 14:53:27,272 - INFO - [The Hindu] Page content loaded.
2026-03-13 14:53:27,384 - INFO - [The Hindu] Success with 'selenium_browser'. Found content (378 words).
2026-03-13 14:53:27,452 - INFO - Saved article: Kollam Mayor announces major infrastructure and welfare projects - The Hindu from The Hindu
2026-03-13 14:53:28,438 - INFO - [The Hindu] Article: https://www.thehindu.com/news/national/karnataka/were-planning-to-seek-additional-water-from-maharashtra-says-minister/article70739915.ece
2026-03-13 14:53:28,438 - INFO - [The Hindu] Attempt 1/1: Trying with 'selenium_browser' strategy...
2026-03-13 14:53:29,581 - INFO - [The Hindu] Page content loaded.
2026-03-13 14:53:29,628 - INFO - [The Hindu] Success with 'selenium_browser'. Found content (215 words).
2026-03-13 14:53:29,685 - INFO - Saved article: We’re planning to seek additional water from Maharashtra, says Minister - The Hindu from The Hindu
2026-03-13 14:53:30,944 - INFO - [The Hindu] (Thread) Finished. Attempting to shut down its Selenium driver.
2026-03-13 14:53:31,061 - INFO - [The Hindu] (Thread) driver.quit() successful.
2026-03-13 14:53:31,061 - INFO - Shutting down thread pool (wait=False)...
2026-03-13 14:53:31,061 - INFO - Scraped: 10 The Hindu, 4 Times of India, 2 The Guardian, 2 BBC articles. (Total saved: 18)
2026-03-13 14:53:31,061 - INFO - --- Scraping job finished ---
2026-03-13 14:53:31,068 - INFO - --- Scraper service stopped and database connection closed. ---
2026-03-13 14:53:31,068 - INFO - --- Main thread finished. Forcing process exit to kill zombie threads. ---
