2026-03-14 10:36:14,726 - INFO - Initializing database connection at: news_articles.db
2026-03-14 10:36:14,726 - INFO - --- Scraper service started (CI Mode: Run Once) ---
2026-03-14 10:36:14,727 - INFO - --- Starting new scraping job (Parallel Mode) ---
2026-03-14 10:36:14,727 - INFO - Creating new robust session with 3 retries on 5xx/connection/read errors.
2026-03-14 10:36:14,727 - INFO - Proxy is DISABLED.
2026-03-14 10:36:14,728 - INFO - Starting scrape for BBC RSS feed: http://feeds.bbci.co.uk/news/world/rss.xml
2026-03-14 10:36:14,728 - INFO - [Times of India] (Thread) requires Selenium. Initializing driver...
2026-03-14 10:36:14,728 - INFO - Initializing headless Selenium Chrome driver (using SeleniumManager)...
2026-03-14 10:36:14,729 - INFO - Starting scrape for The Guardian RSS feed: https://www.theguardian.com/world/rss
2026-03-14 10:36:14,730 - INFO - [The Hindu] (Thread) requires Selenium. Initializing driver...
2026-03-14 10:36:14,730 - INFO - Initializing headless Selenium Chrome driver (using SeleniumManager)...
2026-03-14 10:36:14,730 - INFO - Submitted 4 jobs to thread pool. Waiting up to 300s for completion...
2026-03-14 10:36:14,841 - INFO - Found 38 articles in BBC RSS feed. Processing up to 10.
2026-03-14 10:36:14,841 - INFO - [BBC] Article: https://www.bbc.com/news/articles/cq8gj9n12g8o?at_medium=RSS&at_campaign=rss
2026-03-14 10:36:14,841 - INFO - [BBC] Attempt 1/1: Trying with 'requests_browser' strategy...
2026-03-14 10:36:14,893 - INFO - Found 45 articles in The Guardian RSS feed. Processing up to 10.
2026-03-14 10:36:14,893 - INFO - [The Guardian] Article: https://www.theguardian.com/world/2026/mar/13/france-returns-sacred-djidji-ayokwe-talking-drum-looted-from-cote-divoire
2026-03-14 10:36:14,893 - INFO - [The Guardian] Attempt 1/1: Trying with 'requests_browser' strategy...
2026-03-14 10:36:14,949 - INFO - [The Guardian] Success with 'requests_browser'. Found content (512 words).
2026-03-14 10:36:15,006 - INFO - Duplicate article skipped: France returns sacred talking drum looted from Côte d’Ivoire over 100 years ago | Côte d’Ivoire | The Guardian from The Guardian
2026-03-14 10:36:15,061 - INFO - [BBC] Success with 'requests_browser'. Found content (422 words).
2026-03-14 10:36:15,099 - INFO - Duplicate article skipped: More US Marines and warships to be moved to Middle East, reports say from BBC
2026-03-14 10:36:15,852 - INFO - [BBC] Article: https://www.bbc.com/news/articles/cev7111kx9wo?at_medium=RSS&at_campaign=rss
2026-03-14 10:36:15,852 - INFO - [BBC] Attempt 1/1: Trying with 'requests_browser' strategy...
2026-03-14 10:36:15,893 - INFO - [BBC] Success with 'requests_browser'. Found content (972 words).
2026-03-14 10:36:15,936 - INFO - Duplicate article skipped: Rescuers blame weather and 'underprepared skiers’ for rise in avalanche deaths from BBC
2026-03-14 10:36:16,234 - INFO - [The Guardian] Article: https://www.theguardian.com/us-news/2026/mar/12/trump-immigration-deportations-eswatini
2026-03-14 10:36:16,234 - INFO - [The Guardian] Attempt 1/1: Trying with 'requests_browser' strategy...
2026-03-14 10:36:16,278 - INFO - [The Guardian] Success with 'requests_browser'. Found content (535 words).
2026-03-14 10:36:16,315 - INFO - Duplicate article skipped: Eswatini says it received more ‘third country’ deportees as part of deal with Trump administration | US immigration | The Guardian from The Guardian
2026-03-14 10:36:16,679 - INFO - [BBC] Article: https://www.bbc.com/news/articles/c79505804lpo?at_medium=RSS&at_campaign=rss
2026-03-14 10:36:16,679 - INFO - [BBC] Attempt 1/1: Trying with 'requests_browser' strategy...
2026-03-14 10:36:16,718 - INFO - [BBC] Success with 'requests_browser'. Found content (1016 words).
2026-03-14 10:36:16,760 - INFO - Duplicate article skipped: Under drone fire, exiled Kurds wait to confront Iranian regime from BBC
2026-03-14 10:36:16,823 - INFO - [The Guardian] Article: https://www.theguardian.com/global-development/2026/mar/12/uk-government-axes-flagship-global-health-project
2026-03-14 10:36:16,823 - INFO - [The Guardian] Attempt 1/1: Trying with 'requests_browser' strategy...
2026-03-14 10:36:16,950 - INFO - [The Guardian] Success with 'requests_browser'. Found content (626 words).
2026-03-14 10:36:16,985 - INFO - Duplicate article skipped: UK government axes flagship global health project | Global development | The Guardian from The Guardian
2026-03-14 10:36:17,664 - INFO - [BBC] Article: https://www.bbc.com/news/articles/cwyg4j58gdyo?at_medium=RSS&at_campaign=rss
2026-03-14 10:36:17,664 - INFO - [BBC] Attempt 1/1: Trying with 'requests_browser' strategy...
2026-03-14 10:36:17,698 - INFO - [BBC] Success with 'requests_browser'. Found content (215 words).
2026-03-14 10:36:17,737 - INFO - Saved article: Explosion at Amsterdam Jewish school 'a deliberate attack' says mayor from BBC
2026-03-14 10:36:18,269 - INFO - [The Guardian] Article: https://www.theguardian.com/global-development/2026/mar/12/invasive-ai-led-mass-surveillance-in-africa-violating-freedoms-warn-experts
2026-03-14 10:36:18,269 - INFO - [The Guardian] Attempt 1/1: Trying with 'requests_browser' strategy...
2026-03-14 10:36:18,320 - INFO - [The Guardian] Success with 'requests_browser'. Found content (621 words).
2026-03-14 10:36:18,353 - INFO - Duplicate article skipped: ‘Invasive’ AI-led mass surveillance in Africa violating freedoms, warn experts | Global development | The Guardian from The Guardian
2026-03-14 10:36:18,591 - INFO - [BBC] Article: https://www.bbc.com/news/articles/cn9ewxq98e5o?at_medium=RSS&at_campaign=rss
2026-03-14 10:36:18,591 - INFO - [BBC] Attempt 1/1: Trying with 'requests_browser' strategy...
2026-03-14 10:36:18,622 - INFO - [BBC] Success with 'requests_browser'. Found content (515 words).
2026-03-14 10:36:18,663 - INFO - Duplicate article skipped: LA28 Epstein fallout: City Council urges Wasserman investigation from BBC
2026-03-14 10:36:19,037 - INFO - [The Guardian] Article: https://www.theguardian.com/world/2026/mar/11/at-least-17-killed-after-drone-strikes-school-in-sudan
2026-03-14 10:36:19,037 - INFO - [The Guardian] Attempt 1/1: Trying with 'requests_browser' strategy...
2026-03-14 10:36:19,164 - INFO - [The Guardian] Success with 'requests_browser'. Found content (363 words).
2026-03-14 10:36:19,233 - INFO - Duplicate article skipped: At least 17 killed after drone strikes school in Sudan | Sudan | The Guardian from The Guardian
2026-03-14 10:36:19,328 - INFO - [BBC] Article: https://www.bbc.com/news/articles/c1l76346dvlo?at_medium=RSS&at_campaign=rss
2026-03-14 10:36:19,328 - INFO - [BBC] Attempt 1/1: Trying with 'requests_browser' strategy...
2026-03-14 10:36:19,360 - INFO - [BBC] Success with 'requests_browser'. Found content (506 words).
2026-03-14 10:36:19,396 - INFO - Duplicate article skipped: Charges dropped against Georgia teens whose teacher died during toilet paper prank from BBC
2026-03-14 10:36:20,370 - INFO - [BBC] Article: https://www.bbc.com/news/articles/cdxz0jpzk4do?at_medium=RSS&at_campaign=rss
2026-03-14 10:36:20,370 - INFO - [BBC] Attempt 1/1: Trying with 'requests_browser' strategy...
2026-03-14 10:36:20,380 - INFO - [The Guardian] Article: https://www.theguardian.com/world/2026/mar/13/uruguayan-drug-trafficking-suspect-sebastian-marset-arrested-bolivia
2026-03-14 10:36:20,380 - INFO - [The Guardian] Attempt 1/1: Trying with 'requests_browser' strategy...
2026-03-14 10:36:20,420 - INFO - [BBC] Success with 'requests_browser'. Found content (708 words).
2026-03-14 10:36:20,460 - INFO - Duplicate article skipped: Family of Michigan synagogue suspect killed in Lebanon airstrike, officials say from BBC
2026-03-14 10:36:20,468 - INFO - [The Guardian] Success with 'requests_browser'. Found content (471 words).
2026-03-14 10:36:20,506 - INFO - Duplicate article skipped: Bolivia arrests alleged drug kingpin accused of putting hit on Paraguayan prosecutor | Bolivia | The Guardian from The Guardian
2026-03-14 10:36:20,985 - INFO - [BBC] Article: https://www.bbc.com/news/articles/c1d6l67122wo?at_medium=RSS&at_campaign=rss
2026-03-14 10:36:20,985 - INFO - [BBC] Attempt 1/1: Trying with 'requests_browser' strategy...
2026-03-14 10:36:21,019 - INFO - [BBC] Success with 'requests_browser'. Found content (685 words).
2026-03-14 10:36:21,060 - INFO - Duplicate article skipped: Ukraine and allies fear easing Russian sanctions will prolong war from BBC
2026-03-14 10:36:21,184 - INFO - [The Guardian] Article: https://www.theguardian.com/us-news/ng-interactive/2026/mar/13/honduras-family-immigration-deportation
2026-03-14 10:36:21,184 - INFO - [The Guardian] Attempt 1/1: Trying with 'requests_browser' strategy...
2026-03-14 10:36:21,240 - INFO - [The Guardian] Success with 'requests_browser'. Found content (2720 words).
2026-03-14 10:36:21,279 - INFO - Duplicate article skipped: An environmental activist and her family escaped death threats in Honduras. ICE deported her husband anyway | US immigration | The Guardian from The Guardian
2026-03-14 10:36:22,100 - INFO - [BBC] Article: https://www.bbc.com/news/articles/cr45v7ey91eo?at_medium=RSS&at_campaign=rss
2026-03-14 10:36:22,100 - INFO - [BBC] Attempt 1/1: Trying with 'requests_browser' strategy...
2026-03-14 10:36:22,129 - INFO - [BBC] Success with 'requests_browser'. Found content (381 words).
2026-03-14 10:36:22,169 - INFO - Duplicate article skipped: Pink Floyd guitar sold for record-breaking $14.6m from BBC
2026-03-14 10:36:22,224 - INFO - [The Guardian] Article: https://www.theguardian.com/world/2026/mar/13/cuba-us-talks-miguel-diaz-canel-trump
2026-03-14 10:36:22,224 - INFO - [The Guardian] Attempt 1/1: Trying with 'requests_browser' strategy...
2026-03-14 10:36:22,271 - INFO - [The Guardian] Success with 'requests_browser'. Found content (715 words).
2026-03-14 10:36:22,309 - INFO - Duplicate article skipped: Cuban president confirms talks with Trump officials amid US blockade | Cuba | The Guardian from The Guardian
2026-03-14 10:36:23,145 - INFO - [The Guardian] Article: https://www.theguardian.com/uk-news/2026/mar/13/king-charles-alberta-separatism-canada-first-nations
2026-03-14 10:36:23,145 - INFO - [The Guardian] Attempt 1/1: Trying with 'requests_browser' strategy...
2026-03-14 10:36:23,188 - INFO - [The Guardian] Success with 'requests_browser'. Found content (552 words).
2026-03-14 10:36:23,226 - INFO - Duplicate article skipped: King Charles concerned about Alberta separatist movement, First Nation chief says | King Charles III | The Guardian from The Guardian
2026-03-14 10:36:23,550 - INFO - [BBC] Article: https://www.bbc.com/news/articles/cwy6z25y7z0o?at_medium=RSS&at_campaign=rss
2026-03-14 10:36:23,550 - INFO - [BBC] Attempt 1/1: Trying with 'requests_browser' strategy...
2026-03-14 10:36:23,588 - INFO - [BBC] Success with 'requests_browser'. Found content (587 words).
2026-03-14 10:36:23,629 - INFO - Duplicate article skipped: Judge says 'no evidence' to justify Federal Reserve probe from BBC
2026-03-14 10:36:24,009 - INFO - [The Guardian] Article: https://www.theguardian.com/world/2026/mar/12/two-plasma-donors-die-private-canada-clinics
2026-03-14 10:36:24,009 - INFO - [The Guardian] Attempt 1/1: Trying with 'requests_browser' strategy...
2026-03-14 10:36:24,055 - INFO - [The Guardian] Success with 'requests_browser'. Found content (1291 words).
2026-03-14 10:36:24,088 - INFO - Duplicate article skipped: Two people die after donating plasma at Canadian clinics under federal investigation | Canada | The Guardian from The Guardian
2026-03-14 10:36:29,495 - INFO - Selenium driver initialized successfully.
2026-03-14 10:36:29,495 - INFO - Starting scrape for Times of India RSS feed: https://timesofindia.indiatimes.com/rssfeeds/296589292.cms
2026-03-14 10:36:29,497 - INFO - Selenium driver initialized successfully.
2026-03-14 10:36:29,497 - INFO - Starting scrape for The Hindu RSS feed: https://www.thehindu.com/news/national/feeder/default.rss
2026-03-14 10:36:29,615 - INFO - Found 100 articles in The Hindu RSS feed. Processing up to 10.
2026-03-14 10:36:29,615 - INFO - [The Hindu] Article: https://www.thehindu.com/news/national/kerala/youths-booked-for-attempting-to-drive-car-into-building-secretariat/article70742286.ece
2026-03-14 10:36:29,616 - INFO - [The Hindu] Attempt 1/1: Trying with 'selenium_browser' strategy...
2026-03-14 10:36:29,727 - INFO - Found 20 articles in Times of India RSS feed. Processing up to 10.
2026-03-14 10:36:29,728 - INFO - [Times of India] Article: https://timesofindia.indiatimes.com/world/middle-east/uae-news-dubai-global-village-cancels-eid-al-fitr-fireworks-remains-closed-until-further-notice/articleshow/129572243.cms
2026-03-14 10:36:29,728 - INFO - [Times of India] Attempt 1/1: Trying with 'selenium_browser' strategy...
2026-03-14 10:36:38,143 - INFO - [The Hindu] Page content loaded.
2026-03-14 10:36:39,588 - INFO - [The Hindu] Success with 'selenium_browser'. Found content (112 words).
2026-03-14 10:36:39,748 - INFO - Saved article: Youths booked for 'attempting' to drive car into building Secretariat - The Hindu from The Hindu
2026-03-14 10:36:40,942 - INFO - [The Hindu] Article: https://www.thehindu.com/news/national/kerala/gang-rivalry-in-kollam-key-accused-in-gym-santhosh-murder-case-hacked-to-death-in-broad-daylight/article70742761.ece
2026-03-14 10:36:40,942 - INFO - [The Hindu] Attempt 1/1: Trying with 'selenium_browser' strategy...
2026-03-14 10:36:43,930 - INFO - [The Hindu] Page content loaded.
2026-03-14 10:36:44,313 - INFO - [The Hindu] Success with 'selenium_browser'. Found content (269 words).
2026-03-14 10:36:44,636 - INFO - Saved article: Gang rivalry in Kollam: key accused in Gym Santhosh murder case hacked to death in broad daylight - The Hindu from The Hindu
2026-03-14 10:36:45,566 - INFO - [The Hindu] Article: https://www.thehindu.com/news/national/trump-gas-prices-will-come-tumbling-down-once-this-war-is-over/article70742862.ece
2026-03-14 10:36:45,566 - INFO - [The Hindu] Attempt 1/1: Trying with 'selenium_browser' strategy...
2026-03-14 10:36:59,622 - WARNING - [The Hindu] Page timed out (10s). No <p> tags found. Proceeding anyway.
2026-03-14 10:36:59,792 - WARNING - [The Hindu] FAILED with 'selenium_browser' (content was too short: 65 words).
2026-03-14 10:36:59,792 - ERROR - [The Hindu] All scrape strategies failed for https://www.thehindu.com/news/national/trump-gas-prices-will-come-tumbling-down-once-this-war-is-over/article70742862.ece. Falling back to RSS description.
2026-03-14 10:36:59,793 - INFO - Saved article: Trump: ‘Gas prices will come tumbling down once this war is over’ from The Hindu
2026-03-14 10:37:00,595 - INFO - [The Hindu] Article: https://www.thehindu.com/news/cities/Mangalore/udupi-excise-deputy-commissioner-accused-of-possessing-disproportionate-assets/article70742657.ece
2026-03-14 10:37:00,595 - INFO - [The Hindu] Attempt 1/1: Trying with 'selenium_browser' strategy...
2026-03-14 10:37:01,544 - INFO - [The Hindu] Page content loaded.
2026-03-14 10:37:01,743 - INFO - [The Hindu] Success with 'selenium_browser'. Found content (129 words).
2026-03-14 10:37:01,845 - INFO - Saved article: Udupi Excise Deputy Commissioner accused of possessing disproportionate assets - The Hindu from The Hindu
2026-03-14 10:37:02,685 - INFO - [The Hindu] Article: https://www.thehindu.com/news/national/kerala/10-crore-sanctioned-for-land-acquisition-for-kadalundi-railway-overbridge/article70742776.ece
2026-03-14 10:37:02,685 - INFO - [The Hindu] Attempt 1/1: Trying with 'selenium_browser' strategy...
2026-03-14 10:37:29,747 - ERROR - [Times of India] Request failed for strategy 'selenium_browser' on URL https://timesofindia.indiatimes.com/world/middle-east/uae-news-dubai-global-village-cancels-eid-al-fitr-fireworks-remains-closed-until-further-notice/articleshow/129572243.cms: Message: timeout: Timed out receiving message from renderer: 59.944
  (Session info: chrome=145.0.7632.116)
Stacktrace:
#0 0x55afce707b6a <unknown>
#1 0x55afce11aa32 <unknown>
#2 0x55afce102007 <unknown>
#3 0x55afce101c16 <unknown>
#4 0x55afce0ff731 <unknown>
#5 0x55afce1000bf <unknown>
#6 0x55afce10f560 <unknown>
#7 0x55afce129707 <unknown>
#8 0x55afce1308db <unknown>
#9 0x55afce100829 <unknown>
#10 0x55afce12949c <unknown>
#11 0x55afce1b86e1 <unknown>
#12 0x55afce161c0f <unknown>
#13 0x55afce1629d1 <unknown>
#14 0x55afce6cc6b9 <unknown>
#15 0x55afce6cf5c1 <unknown>
#16 0x55afce6b8e29 <unknown>
#17 0x55afce6d017e <unknown>
#18 0x55afce69f4b0 <unknown>
#19 0x55afce6f4578 <unknown>
#20 0x55afce6f474b <unknown>
#21 0x55afce7061a3 <unknown>
#22 0x7f275289caa4 <unknown>
#23 0x7f2752929c6c <unknown>

2026-03-14 10:37:29,747 - ERROR - [Times of India] All scrape strategies failed for https://timesofindia.indiatimes.com/world/middle-east/uae-news-dubai-global-village-cancels-eid-al-fitr-fireworks-remains-closed-until-further-notice/articleshow/129572243.cms. Falling back to RSS description.
2026-03-14 10:37:29,751 - INFO - Saved article: UAE News: Dubai Global Village cancels Eid Al Fitr fireworks, remains closed until further notice from Times of India
2026-03-14 10:37:30,501 - INFO - [Times of India] Article: https://timesofindia.indiatimes.com/world/middle-east/iran-considers-allowing-a-limited-number-of-oil-tankers-to-pass-through-the-strait-of-hormuz/articleshow/129569651.cms
2026-03-14 10:37:30,501 - INFO - [Times of India] Attempt 1/1: Trying with 'selenium_browser' strategy...
2026-03-14 10:37:31,761 - INFO - [Times of India] Page content loaded.
2026-03-14 10:37:31,926 - INFO - [Times of India] Success with 'selenium_browser'. Found content (399 words).
2026-03-14 10:37:32,021 - INFO - Duplicate article skipped: Iran considers allowing oil tankers to pass through the Strait of Hormuz - but there is a condition - The Times of India from Times of India
2026-03-14 10:37:32,948 - INFO - [Times of India] Article: https://timesofindia.indiatimes.com/world/middle-east/iran-strike-on-uaes-fujairah-port-oil-terminal-triggers-huge-fire/articleshow/129571008.cms
2026-03-14 10:37:32,948 - INFO - [Times of India] Attempt 1/1: Trying with 'selenium_browser' strategy...
2026-03-14 10:37:34,851 - INFO - [Times of India] Page content loaded.
2026-03-14 10:37:34,990 - INFO - [Times of India] Success with 'selenium_browser'. Found content (322 words).
2026-03-14 10:37:35,057 - INFO - Duplicate article skipped: Iran strike on UAE's Fujairah port oil terminal triggers huge fire - The Times of India from Times of India
2026-03-14 10:37:35,859 - INFO - [Times of India] Article: https://timesofindia.indiatimes.com/defence/international/inside-irans-war-tunnel-huge-collection-of-drones-displayed-under-khameneis-images-watch/articleshow/129569211.cms
2026-03-14 10:37:35,859 - INFO - [Times of India] Attempt 1/1: Trying with 'selenium_browser' strategy...
2026-03-14 10:37:37,252 - INFO - [Times of India] Page content loaded.
2026-03-14 10:37:37,302 - INFO - [Times of India] Success with 'selenium_browser'. Found content (164 words).
2026-03-14 10:37:37,330 - INFO - Saved article: Inside Iran's war tunnel: Huge collection of drones displayed under Khamenei's images - watch - The Times of India from Times of India
2026-03-14 10:37:38,453 - INFO - [Times of India] Article: https://timesofindia.indiatimes.com/world/middle-east/did-trump-reject-putins-iran-deal-to-end-war-what-was-the-offer/articleshow/129570719.cms
2026-03-14 10:37:38,453 - INFO - [Times of India] Attempt 1/1: Trying with 'selenium_browser' strategy...
2026-03-14 10:37:39,313 - INFO - [Times of India] Page content loaded.
2026-03-14 10:37:39,474 - INFO - [Times of India] Success with 'selenium_browser'. Found content (687 words).
2026-03-14 10:37:39,539 - INFO - Duplicate article skipped: Did Trump reject Putin's Iran deal to end war? What was the offer - The Times of India from Times of India
2026-03-14 10:37:40,445 - INFO - [Times of India] Article: https://timesofindia.indiatimes.com/world/europe/explosion-damages-jewish-school-in-amsterdam-mayor-calls-it-targeted-attack/articleshow/129570199.cms
2026-03-14 10:37:40,445 - INFO - [Times of India] Attempt 1/1: Trying with 'selenium_browser' strategy...
2026-03-14 10:37:41,569 - INFO - [Times of India] Page content loaded.
2026-03-14 10:37:41,730 - INFO - [Times of India] Success with 'selenium_browser'. Found content (240 words).
2026-03-14 10:37:41,802 - INFO - Duplicate article skipped: Explosion damages Jewish school in Amsterdam; mayor calls it targeted attack - The Times of India from Times of India
2026-03-14 10:37:43,118 - INFO - [Times of India] Article: https://timesofindia.indiatimes.com/world/europe/how-ukraine-trip-unravelled-banksys-true-identity/articleshow/129569595.cms
2026-03-14 10:37:43,118 - INFO - [Times of India] Attempt 1/1: Trying with 'selenium_browser' strategy...
2026-03-14 10:37:44,198 - INFO - [Times of India] Page content loaded.
2026-03-14 10:37:44,430 - INFO - [Times of India] Success with 'selenium_browser'. Found content (1286 words).
2026-03-14 10:37:44,606 - INFO - Duplicate article skipped: How Ukraine trip unravelled Banksy's 'true identity' | World News - The Times of India from Times of India
2026-03-14 10:37:45,158 - INFO - [Times of India] Article: https://timesofindia.indiatimes.com/world/middle-east/uae-news-authorities-warn-of-one-of-the-most-destructive-cyber-threats-as-wiper-malware-risk-rises/articleshow/129569324.cms
2026-03-14 10:37:45,158 - INFO - [Times of India] Attempt 1/1: Trying with 'selenium_browser' strategy...
2026-03-14 10:37:46,046 - INFO - [Times of India] Page content loaded.
2026-03-14 10:37:46,232 - INFO - [Times of India] Success with 'selenium_browser'. Found content (512 words).
2026-03-14 10:37:46,300 - INFO - Duplicate article skipped: Cyber Threats: UAE News: Authorities warn of ‘one of the most destructive’ cyber threats as Wiper malware risk rises | World News - The Times of India from Times of India
2026-03-14 10:37:47,783 - INFO - [Times of India] Article: https://timesofindia.indiatimes.com/world/us/washington-flight-disruptions-operations-resume-after-chemical-smell-triggers-ground-stop/articleshow/129568628.cms
2026-03-14 10:37:47,783 - INFO - [Times of India] Attempt 1/1: Trying with 'selenium_browser' strategy...
2026-03-14 10:37:48,803 - INFO - [Times of India] Page content loaded.
2026-03-14 10:37:48,941 - INFO - [Times of India] Success with 'selenium_browser'. Found content (216 words).
2026-03-14 10:37:49,018 - INFO - Duplicate article skipped: Washington flight disruptions: Operations resume after chemical smell triggers ground stop - The Times of India from Times of India
2026-03-14 10:37:50,433 - INFO - [Times of India] Article: https://timesofindia.indiatimes.com/world/middle-east/saudi-arabia-filipino-domestic-worker-arrested-in-madinah-after-child-fatally-stabbed-at-home/articleshow/129568408.cms
2026-03-14 10:37:50,433 - INFO - [Times of India] Attempt 1/1: Trying with 'selenium_browser' strategy...
2026-03-14 10:37:51,476 - INFO - [Times of India] Page content loaded.
2026-03-14 10:37:51,629 - INFO - [Times of India] Success with 'selenium_browser'. Found content (174 words).
2026-03-14 10:37:51,741 - INFO - Duplicate article skipped: Saudi Arabia: Filipino domestic worker arrested in Madinah after child fatally stabbed at home | World News - The Times of India from Times of India
2026-03-14 10:37:52,903 - INFO - [Times of India] (Thread) Finished. Attempting to shut down its Selenium driver.
2026-03-14 10:37:53,410 - INFO - [Times of India] (Thread) driver.quit() successful.
2026-03-14 10:38:02,705 - ERROR - [The Hindu] Request failed for strategy 'selenium_browser' on URL https://www.thehindu.com/news/national/kerala/10-crore-sanctioned-for-land-acquisition-for-kadalundi-railway-overbridge/article70742776.ece: Message: timeout: Timed out receiving message from renderer: 59.140
  (Session info: chrome=145.0.7632.116)
Stacktrace:
#0 0x559a7221fb6a <unknown>
#1 0x559a71c32a32 <unknown>
#2 0x559a71c1a007 <unknown>
#3 0x559a71c19c16 <unknown>
#4 0x559a71c17731 <unknown>
#5 0x559a71c180bf <unknown>
#6 0x559a71c27560 <unknown>
#7 0x559a71c41707 <unknown>
#8 0x559a71c488db <unknown>
#9 0x559a71c18829 <unknown>
#10 0x559a71c4149c <unknown>
#11 0x559a71cd06e1 <unknown>
#12 0x559a71c79c0f <unknown>
#13 0x559a71c7a9d1 <unknown>
#14 0x559a721e46b9 <unknown>
#15 0x559a721e75c1 <unknown>
#16 0x559a721d0e29 <unknown>
#17 0x559a721e817e <unknown>
#18 0x559a721b74b0 <unknown>
#19 0x559a7220c578 <unknown>
#20 0x559a7220c74b <unknown>
#21 0x559a7221e1a3 <unknown>
#22 0x7f069fe9caa4 <unknown>
#23 0x7f069ff29c6c <unknown>

2026-03-14 10:38:02,705 - ERROR - [The Hindu] All scrape strategies failed for https://www.thehindu.com/news/national/kerala/10-crore-sanctioned-for-land-acquisition-for-kadalundi-railway-overbridge/article70742776.ece. Falling back to RSS description.
2026-03-14 10:38:02,706 - INFO - Saved article: ₹10 crore sanctioned for land acquisition for Kadalundi railway overbridge from The Hindu
2026-03-14 10:38:03,245 - INFO - [The Hindu] Article: https://www.thehindu.com/videos/watch-india-must-find-sources-of-sustainable-energy-to-curb-inflation-the-hindu-editorial/article70742840.ece
2026-03-14 10:38:03,245 - INFO - [The Hindu] Attempt 1/1: Trying with 'selenium_browser' strategy...
2026-03-14 10:38:04,166 - INFO - [The Hindu] Page content loaded.
2026-03-14 10:38:04,255 - INFO - [The Hindu] Success with 'selenium_browser'. Found content (159 words).
2026-03-14 10:38:04,315 - INFO - Saved article: Watch: India must find sources of sustainable energy to curb inflation | The Hindu Editorial - The Hindu from The Hindu
2026-03-14 10:38:05,308 - INFO - [The Hindu] Article: https://www.thehindu.com/news/national/karnataka/real-estate-businessman-in-karnataka-arrested-for-cheating-temple-devotees-of-215-lakh-with-government-loan-scheme-claim/article70742503.ece
2026-03-14 10:38:05,308 - INFO - [The Hindu] Attempt 1/1: Trying with 'selenium_browser' strategy...
2026-03-14 10:39:05,327 - ERROR - [The Hindu] Request failed for strategy 'selenium_browser' on URL https://www.thehindu.com/news/national/karnataka/real-estate-businessman-in-karnataka-arrested-for-cheating-temple-devotees-of-215-lakh-with-government-loan-scheme-claim/article70742503.ece: Message: timeout: Timed out receiving message from renderer: 59.962
  (Session info: chrome=145.0.7632.116)
Stacktrace:
#0 0x559a7221fb6a <unknown>
#1 0x559a71c32a32 <unknown>
#2 0x559a71c1a007 <unknown>
#3 0x559a71c19c16 <unknown>
#4 0x559a71c17731 <unknown>
#5 0x559a71c180bf <unknown>
#6 0x559a71c27560 <unknown>
#7 0x559a71c41707 <unknown>
#8 0x559a71c488db <unknown>
#9 0x559a71c18829 <unknown>
#10 0x559a71c4149c <unknown>
#11 0x559a71cd06e1 <unknown>
#12 0x559a71c79c0f <unknown>
#13 0x559a71c7a9d1 <unknown>
#14 0x559a721e46b9 <unknown>
#15 0x559a721e75c1 <unknown>
#16 0x559a721d0e29 <unknown>
#17 0x559a721e817e <unknown>
#18 0x559a721b74b0 <unknown>
#19 0x559a7220c578 <unknown>
#20 0x559a7220c74b <unknown>
#21 0x559a7221e1a3 <unknown>
#22 0x7f069fe9caa4 <unknown>
#23 0x7f069ff29c6c <unknown>

2026-03-14 10:39:05,327 - ERROR - [The Hindu] All scrape strategies failed for https://www.thehindu.com/news/national/karnataka/real-estate-businessman-in-karnataka-arrested-for-cheating-temple-devotees-of-215-lakh-with-government-loan-scheme-claim/article70742503.ece. Falling back to RSS description.
2026-03-14 10:39:05,330 - INFO - Saved article: Real estate businessman in Karnataka arrested for cheating temple devotees of ₹2.15 lakh with government loan scheme claim from The Hindu
2026-03-14 10:39:06,184 - INFO - [The Hindu] Article: https://www.thehindu.com/news/national/tamil-nadu/tamil-nadu-govt-appoints-senior-ips-officer-bala-naga-devi-as-dgp-intelligence/article70742780.ece
2026-03-14 10:39:06,184 - INFO - [The Hindu] Attempt 1/1: Trying with 'selenium_browser' strategy...
2026-03-14 10:39:07,863 - INFO - [The Hindu] Page content loaded.
2026-03-14 10:39:08,025 - INFO - [The Hindu] Success with 'selenium_browser'. Found content (117 words).
2026-03-14 10:39:08,110 - INFO - Saved article: Tamil Nadu govt. appoints senior IPS officer Bala Naga Devi as DGP, Intelligence - The Hindu from The Hindu
2026-03-14 10:39:09,086 - INFO - [The Hindu] Article: https://www.thehindu.com/shorts/watch-pm-modi-says-congress-failed-to-act-responsibly-during-war-situation/article70742830.ece
2026-03-14 10:39:09,086 - INFO - [The Hindu] Attempt 1/1: Trying with 'selenium_browser' strategy...
2026-03-14 10:39:20,346 - WARNING - [The Hindu] Page timed out (10s). No <p> tags found. Proceeding anyway.
2026-03-14 10:39:20,371 - WARNING - [The Hindu] FAILED with 'selenium_browser' (content was too short: 68 words).
2026-03-14 10:39:20,371 - ERROR - [The Hindu] All scrape strategies failed for https://www.thehindu.com/shorts/watch-pm-modi-says-congress-failed-to-act-responsibly-during-war-situation/article70742830.ece. Falling back to RSS description.
2026-03-14 10:39:20,373 - INFO - Saved article: Watch: PM Modi says Congress failed to act responsibly during war situation from The Hindu
2026-03-14 10:39:21,376 - INFO - [The Hindu] Article: https://www.thehindu.com/news/national/telangana/nearly-237-lakh-domestic-cylinders-delivered-in-telangana-on-march-13-12000-more-than-daily-average/article70742763.ece
2026-03-14 10:39:21,376 - INFO - [The Hindu] Attempt 1/1: Trying with 'selenium_browser' strategy...
2026-03-14 10:39:45,426 - INFO - [The Hindu] Page content loaded.
2026-03-14 10:39:45,641 - INFO - [The Hindu] Success with 'selenium_browser'. Found content (152 words).
2026-03-14 10:39:45,743 - INFO - Saved article: Nearly 2.37 lakh domestic cylinders delivered in Telangana on March 13; 12,000 more than daily average - The Hindu from The Hindu
2026-03-14 10:39:47,019 - INFO - [The Hindu] (Thread) Finished. Attempting to shut down its Selenium driver.
2026-03-14 10:39:47,199 - INFO - [The Hindu] (Thread) driver.quit() successful.
2026-03-14 10:39:47,200 - INFO - Shutting down thread pool (wait=False)...
2026-03-14 10:39:47,200 - INFO - Scraped: 10 The Hindu, 0 The Guardian, 1 BBC, 2 Times of India articles. (Total saved: 13)
2026-03-14 10:39:47,200 - INFO - --- Scraping job finished ---
2026-03-14 10:39:47,205 - INFO - --- Scraper service stopped and database connection closed. ---
2026-03-14 10:39:47,205 - INFO - --- Main thread finished. Forcing process exit to kill zombie threads. ---
