2026-03-12 22:33:28,528 - INFO - Initializing database connection at: news_articles.db
2026-03-12 22:33:28,529 - INFO - --- Scraper service started (CI Mode: Run Once) ---
2026-03-12 22:33:28,529 - INFO - --- Starting new scraping job (Parallel Mode) ---
2026-03-12 22:33:28,529 - INFO - Creating new robust session with 3 retries on 5xx/connection/read errors.
2026-03-12 22:33:28,530 - INFO - Proxy is DISABLED.
2026-03-12 22:33:28,530 - INFO - Starting scrape for BBC RSS feed: http://feeds.bbci.co.uk/news/world/rss.xml
2026-03-12 22:33:28,530 - INFO - [Times of India] (Thread) requires Selenium. Initializing driver...
2026-03-12 22:33:28,530 - INFO - Initializing headless Selenium Chrome driver (using SeleniumManager)...
2026-03-12 22:33:28,531 - INFO - Starting scrape for The Guardian RSS feed: https://www.theguardian.com/world/rss
2026-03-12 22:33:28,531 - INFO - [The Hindu] (Thread) requires Selenium. Initializing driver...
2026-03-12 22:33:28,531 - INFO - Initializing headless Selenium Chrome driver (using SeleniumManager)...
2026-03-12 22:33:28,532 - INFO - Submitted 4 jobs to thread pool. Waiting up to 300s for completion...
2026-03-12 22:33:28,668 - INFO - Found 45 articles in The Guardian RSS feed. Processing up to 10.
2026-03-12 22:33:28,668 - INFO - [The Guardian] Article: https://www.theguardian.com/us-news/2026/mar/12/trump-immigration-deportations-eswatini
2026-03-12 22:33:28,668 - INFO - [The Guardian] Attempt 1/1: Trying with 'requests_browser' strategy...
2026-03-12 22:33:28,727 - INFO - Found 33 articles in BBC RSS feed. Processing up to 10.
2026-03-12 22:33:28,727 - INFO - [BBC] Article: https://www.bbc.com/news/articles/cdxg599655vo?at_medium=RSS&at_campaign=rss
2026-03-12 22:33:28,727 - INFO - [BBC] Attempt 1/1: Trying with 'requests_browser' strategy...
2026-03-12 22:33:28,882 - INFO - [BBC] Success with 'requests_browser'. Found content (596 words).
2026-03-12 22:33:28,930 - INFO - Duplicate article skipped: Iran's new Supreme Leader vows to continue blocking Strait of Hormuz from BBC
2026-03-12 22:33:28,938 - INFO - [The Guardian] Success with 'requests_browser'. Found content (528 words).
2026-03-12 22:33:28,973 - INFO - Duplicate article skipped: Eswatini says it received more ‘third country’ deportees as part of deal with Trump administration | Trump administration | The Guardian from The Guardian
2026-03-12 22:33:30,168 - INFO - [The Guardian] Article: https://www.theguardian.com/global-development/2026/mar/12/uk-government-axes-flagship-global-health-project
2026-03-12 22:33:30,168 - INFO - [The Guardian] Attempt 1/1: Trying with 'requests_browser' strategy...
2026-03-12 22:33:30,228 - INFO - [The Guardian] Success with 'requests_browser'. Found content (626 words).
2026-03-12 22:33:30,263 - INFO - Duplicate article skipped: UK government axes flagship global health project | Global development | The Guardian from The Guardian
2026-03-12 22:33:30,364 - INFO - [BBC] Article: https://www.bbc.com/news/articles/cy8lzn2ejpjo?at_medium=RSS&at_campaign=rss
2026-03-12 22:33:30,364 - INFO - [BBC] Attempt 1/1: Trying with 'requests_browser' strategy...
2026-03-12 22:33:30,401 - INFO - [BBC] Success with 'requests_browser'. Found content (518 words).
2026-03-12 22:33:30,438 - INFO - Duplicate article skipped: Emirati minister tells BBC Iran must end strikes on Gulf from BBC
2026-03-12 22:33:31,112 - INFO - [The Guardian] Article: https://www.theguardian.com/global-development/2026/mar/12/invasive-ai-led-mass-surveillance-in-africa-violating-freedoms-warn-experts
2026-03-12 22:33:31,113 - INFO - [The Guardian] Attempt 1/1: Trying with 'requests_browser' strategy...
2026-03-12 22:33:31,300 - INFO - [The Guardian] Success with 'requests_browser'. Found content (621 words).
2026-03-12 22:33:31,335 - INFO - Duplicate article skipped: ‘Invasive’ AI-led mass surveillance in Africa violating freedoms, warn experts | Global development | The Guardian from The Guardian
2026-03-12 22:33:31,527 - INFO - [BBC] Article: https://www.bbc.com/news/articles/c8jxnjvjkg7o?at_medium=RSS&at_campaign=rss
2026-03-12 22:33:31,527 - INFO - [BBC] Attempt 1/1: Trying with 'requests_browser' strategy...
2026-03-12 22:33:31,554 - INFO - [BBC] Success with 'requests_browser'. Found content (421 words).
2026-03-12 22:33:31,594 - INFO - Duplicate article skipped: Nepal: Rapper-politician Balendra Shah's party wins Nepal election from BBC
2026-03-12 22:33:32,323 - INFO - [The Guardian] Article: https://www.theguardian.com/world/2026/mar/11/at-least-17-killed-after-drone-strikes-school-in-sudan
2026-03-12 22:33:32,323 - INFO - [The Guardian] Attempt 1/1: Trying with 'requests_browser' strategy...
2026-03-12 22:33:32,378 - INFO - [The Guardian] Success with 'requests_browser'. Found content (363 words).
2026-03-12 22:33:32,419 - INFO - Duplicate article skipped: At least 17 killed after drone strikes school in Sudan | Sudan | The Guardian from The Guardian
2026-03-12 22:33:32,808 - INFO - [BBC] Article: https://www.bbc.com/news/articles/cm2xrz71zm3o?at_medium=RSS&at_campaign=rss
2026-03-12 22:33:32,808 - INFO - [BBC] Attempt 1/1: Trying with 'requests_browser' strategy...
2026-03-12 22:33:32,843 - INFO - [BBC] Success with 'requests_browser'. Found content (636 words).
2026-03-12 22:33:32,885 - INFO - Duplicate article skipped: Israel drops charges against soldiers accused of abusing Gaza detainee from BBC
2026-03-12 22:33:33,203 - INFO - [The Guardian] Article: https://www.theguardian.com/world/2026/mar/11/drone-attack-goma-eastern-democratic-republic-of-the-congo-m23-rebels
2026-03-12 22:33:33,203 - INFO - [The Guardian] Attempt 1/1: Trying with 'requests_browser' strategy...
2026-03-12 22:33:33,388 - INFO - [The Guardian] Success with 'requests_browser'. Found content (551 words).
2026-03-12 22:33:33,431 - INFO - Duplicate article skipped: French aid worker among three killed in drone strike in east DRC, M23 rebels say | Democratic Republic of the Congo | The Guardian from The Guardian
2026-03-12 22:33:33,513 - INFO - [BBC] Article: https://www.bbc.com/news/articles/cpqw0jgn5xgo?at_medium=RSS&at_campaign=rss
2026-03-12 22:33:33,513 - INFO - [BBC] Attempt 1/1: Trying with 'requests_browser' strategy...
2026-03-12 22:33:33,546 - INFO - [BBC] Success with 'requests_browser'. Found content (594 words).
2026-03-12 22:33:33,609 - INFO - Duplicate article skipped: France's ghost car scandal that allowed one million illegal vehicles onto the roads from BBC
2026-03-12 22:33:34,311 - INFO - [BBC] Article: https://www.bbc.com/news/articles/c5y4e3pzvl0o?at_medium=RSS&at_campaign=rss
2026-03-12 22:33:34,311 - INFO - [BBC] Attempt 1/1: Trying with 'requests_browser' strategy...
2026-03-12 22:33:34,341 - INFO - [BBC] Success with 'requests_browser'. Found content (339 words).
2026-03-12 22:33:34,378 - INFO - Duplicate article skipped: Parents accused of hiding daughter's HIV infection and neglect from BBC
2026-03-12 22:33:34,687 - INFO - [The Guardian] Article: https://www.theguardian.com/world/2026/mar/12/two-plasma-donors-die-private-canada-clinics
2026-03-12 22:33:34,687 - INFO - [The Guardian] Attempt 1/1: Trying with 'requests_browser' strategy...
2026-03-12 22:33:34,733 - INFO - [The Guardian] Success with 'requests_browser'. Found content (1291 words).
2026-03-12 22:33:34,767 - INFO - Duplicate article skipped: Two people die after donating plasma at Canadian clinics under federal investigation | Canada | The Guardian from The Guardian
2026-03-12 22:33:35,512 - INFO - [The Guardian] Article: https://www.theguardian.com/world/2026/mar/12/quit-fossil-fuels-to-stem-deadly-floods-in-brazils-coffee-heartland-say-scientists
2026-03-12 22:33:35,512 - INFO - [The Guardian] Attempt 1/1: Trying with 'requests_browser' strategy...
2026-03-12 22:33:35,684 - INFO - [BBC] Article: https://www.bbc.com/news/articles/cp9meeek051o?at_medium=RSS&at_campaign=rss
2026-03-12 22:33:35,684 - INFO - [BBC] Attempt 1/1: Trying with 'requests_browser' strategy...
2026-03-12 22:33:35,685 - INFO - [The Guardian] Success with 'requests_browser'. Found content (723 words).
2026-03-12 22:33:35,725 - INFO - Duplicate article skipped: Quit fossil fuels to stem deadly floods in Brazil’s coffee heartland, say scientists | Extreme weather | The Guardian from The Guardian
2026-03-12 22:33:35,755 - INFO - [BBC] Success with 'requests_browser'. Found content (786 words).
2026-03-12 22:33:35,798 - INFO - Duplicate article skipped: China approves 'ethnic unity' law requiring minorities to learn Mandarin from BBC
2026-03-12 22:33:36,534 - INFO - [BBC] Article: https://www.bbc.com/news/articles/cr4576v66kno?at_medium=RSS&at_campaign=rss
2026-03-12 22:33:36,534 - INFO - [BBC] Attempt 1/1: Trying with 'requests_browser' strategy...
2026-03-12 22:33:36,588 - INFO - [BBC] Success with 'requests_browser'. Found content (1807 words).
2026-03-12 22:33:36,635 - INFO - Duplicate article skipped: Epstein used modelling agent to recruit girls, Brazilian women tell BBC from BBC
2026-03-12 22:33:36,885 - INFO - Selenium driver initialized successfully.
2026-03-12 22:33:36,885 - INFO - Starting scrape for The Hindu RSS feed: https://www.thehindu.com/news/national/feeder/default.rss
2026-03-12 22:33:36,886 - INFO - Selenium driver initialized successfully.
2026-03-12 22:33:36,887 - INFO - Starting scrape for Times of India RSS feed: https://timesofindia.indiatimes.com/rssfeeds/296589292.cms
2026-03-12 22:33:37,037 - INFO - [The Guardian] Article: https://www.theguardian.com/world/2026/mar/11/el-salvador-mass-incarceration-crimes-against-humanity-study
2026-03-12 22:33:37,037 - INFO - [The Guardian] Attempt 1/1: Trying with 'requests_browser' strategy...
2026-03-12 22:33:37,106 - INFO - Found 20 articles in Times of India RSS feed. Processing up to 10.
2026-03-12 22:33:37,106 - INFO - [Times of India] Article: https://timesofindia.indiatimes.com/world/middle-east/us-israel-iran-war-news-live-udates-middle-east-crisis-conflict-drone-ballistic-missile-attacks-explosions-gulf-countries-dubai-flights-news-status-donald-trump-netanyahu-mojtaba-khamenei/liveblog/129485596.cms
2026-03-12 22:33:37,106 - INFO - [Times of India] Attempt 1/1: Trying with 'selenium_browser' strategy...
2026-03-12 22:33:37,113 - INFO - Found 100 articles in The Hindu RSS feed. Processing up to 10.
2026-03-12 22:33:37,113 - INFO - [The Hindu] Article: https://www.thehindu.com/news/national/tamil-nadu/inspector-suspended-over-murder-of-teenage-girl-in-thoothukudi/article70735418.ece
2026-03-12 22:33:37,113 - INFO - [The Hindu] Attempt 1/1: Trying with 'selenium_browser' strategy...
2026-03-12 22:33:37,210 - INFO - [The Guardian] Success with 'requests_browser'. Found content (594 words).
2026-03-12 22:33:37,248 - INFO - Duplicate article skipped: El Salvador’s mass arrest policy may have led to crimes against humanity, study shows | El Salvador | The Guardian from The Guardian
2026-03-12 22:33:37,753 - INFO - [BBC] Article: https://www.bbc.com/news/articles/c0j5lx75vg3o?at_medium=RSS&at_campaign=rss
2026-03-12 22:33:37,753 - INFO - [BBC] Attempt 1/1: Trying with 'requests_browser' strategy...
2026-03-12 22:33:37,793 - INFO - [BBC] Success with 'requests_browser'. Found content (410 words).
2026-03-12 22:33:37,862 - INFO - Duplicate article skipped: Nineteen jailed over Moscow's deadly Crocus City Concert hall attack from BBC
2026-03-12 22:33:38,586 - INFO - [BBC] Article: https://www.bbc.com/news/articles/c07jr2pe5j9o?at_medium=RSS&at_campaign=rss
2026-03-12 22:33:38,586 - INFO - [BBC] Attempt 1/1: Trying with 'requests_browser' strategy...
2026-03-12 22:33:38,655 - INFO - [BBC] Success with 'requests_browser'. Found content (490 words).
2026-03-12 22:33:38,684 - INFO - [The Guardian] Article: https://www.theguardian.com/world/2026/mar/11/argentina-asylum-brasil-elections
2026-03-12 22:33:38,684 - INFO - [The Guardian] Attempt 1/1: Trying with 'requests_browser' strategy...
2026-03-12 22:33:38,724 - INFO - Duplicate article skipped: Noma head chef René Redzepi resigns after abuse allegations and protests from BBC
2026-03-12 22:33:38,747 - INFO - [The Guardian] Success with 'requests_browser'. Found content (685 words).
2026-03-12 22:33:38,785 - INFO - Duplicate article skipped: Argentina grants asylum to Brasília rioter in move that may sway Brazil vote | Argentina | The Guardian from The Guardian
2026-03-12 22:33:39,485 - INFO - [The Guardian] Article: https://www.theguardian.com/world/2026/mar/11/jose-antonio-kast-pinochet-fan-chile-far-right
2026-03-12 22:33:39,485 - INFO - [The Guardian] Attempt 1/1: Trying with 'requests_browser' strategy...
2026-03-12 22:33:39,627 - INFO - [The Guardian] Success with 'requests_browser'. Found content (1085 words).
2026-03-12 22:33:39,845 - INFO - Duplicate article skipped: José Antonio Kast, the Pinochet fan about to swerve Chile to the far right | Chile | The Guardian from The Guardian
2026-03-12 22:33:45,317 - INFO - [The Hindu] Page content loaded.
2026-03-12 22:33:46,986 - INFO - [The Hindu] Success with 'selenium_browser'. Found content (568 words).
2026-03-12 22:33:47,081 - INFO - Saved article: Inspector suspended over murder of teenage girl in Thoothukudi - The Hindu from The Hindu
2026-03-12 22:33:48,027 - INFO - [The Hindu] Article: https://www.thehindu.com/news/national/kerala/kochi-corporation-weighs-fresh-options-as-ksinc-faces-criticism-over-ro-ro-service/article70735793.ece
2026-03-12 22:33:48,028 - INFO - [The Hindu] Attempt 1/1: Trying with 'selenium_browser' strategy...
2026-03-12 22:33:50,625 - INFO - [The Hindu] Page content loaded.
2026-03-12 22:33:50,712 - INFO - [The Hindu] Success with 'selenium_browser'. Found content (452 words).
2026-03-12 22:33:50,932 - INFO - Duplicate article skipped: Kochi Corporation weighs fresh options as KSINC faces criticism over ro-ro service - The Hindu from The Hindu
2026-03-12 22:33:52,387 - INFO - [The Hindu] Article: https://www.thehindu.com/news/national/pm-modi-hits-out-at-those-creating-panic-on-lpg-asks-states-to-monitor-black-marketers-hoarders/article70736696.ece
2026-03-12 22:33:52,388 - INFO - [The Hindu] Attempt 1/1: Trying with 'selenium_browser' strategy...
2026-03-12 22:33:53,512 - INFO - [The Hindu] Page content loaded.
2026-03-12 22:33:53,685 - INFO - [The Hindu] Success with 'selenium_browser'. Found content (863 words).
2026-03-12 22:33:53,753 - INFO - Duplicate article skipped: LPG crisis: PM Modi hits out at those creating panic; asks States to monitor black marketers, hoarders - The Hindu from The Hindu
2026-03-12 22:33:55,077 - INFO - [The Hindu] Article: https://www.thehindu.com/news/national/kerala/kerala-nurses-on-the-warpath-over-long-overdue-wage-revision/article70734307.ece
2026-03-12 22:33:55,077 - INFO - [The Hindu] Attempt 1/1: Trying with 'selenium_browser' strategy...
2026-03-12 22:33:56,093 - INFO - [The Hindu] Page content loaded.
2026-03-12 22:33:56,218 - INFO - [The Hindu] Success with 'selenium_browser'. Found content (1564 words).
2026-03-12 22:33:56,298 - INFO - Duplicate article skipped: Kerala nurses on the warpath over long-overdue wage revision - The Hindu from The Hindu
2026-03-12 22:33:57,256 - INFO - [The Hindu] Article: https://www.thehindu.com/news/national/tamil-nadu/cctv-cameras-control-centre-installed-in-ambur-town-to-prevent-crime/article70735316.ece
2026-03-12 22:33:57,256 - INFO - [The Hindu] Attempt 1/1: Trying with 'selenium_browser' strategy...
2026-03-12 22:33:58,442 - INFO - [The Hindu] Page content loaded.
2026-03-12 22:33:58,606 - INFO - [The Hindu] Success with 'selenium_browser'. Found content (353 words).
2026-03-12 22:33:58,690 - INFO - Duplicate article skipped: CCTV cameras, control centre installed in Ambur town to prevent crime - The Hindu from The Hindu
2026-03-12 22:33:59,634 - INFO - [The Hindu] Article: https://www.thehindu.com/news/national/kerala/hc-disqualification-of-sndp-yogam-director-boarda-test-of-kerala-govts-mettle/article70735868.ece
2026-03-12 22:33:59,634 - INFO - [The Hindu] Attempt 1/1: Trying with 'selenium_browser' strategy...
2026-03-12 22:34:01,048 - INFO - [The Hindu] Page content loaded.
2026-03-12 22:34:01,093 - INFO - [The Hindu] Success with 'selenium_browser'. Found content (487 words).
2026-03-12 22:34:01,167 - INFO - Duplicate article skipped: HC disqualification of SNDP Yogam director board a test of Kerala govt.’s mettle - The Hindu from The Hindu
2026-03-12 22:34:02,227 - INFO - [The Hindu] Article: https://www.thehindu.com/news/national/bihar/behind-the-crumbling-walls-of-bihars-balirajgarh-fort-a-tale-of-monumental-neglect/article70736677.ece
2026-03-12 22:34:02,228 - INFO - [The Hindu] Attempt 1/1: Trying with 'selenium_browser' strategy...
2026-03-12 22:34:04,811 - INFO - [The Hindu] Page content loaded.
2026-03-12 22:34:05,194 - INFO - [The Hindu] Success with 'selenium_browser'. Found content (777 words).
2026-03-12 22:34:05,517 - INFO - Duplicate article skipped: Behind the crumbling walls of Bihar’s Balirajgarh Fort, a tale of monumental neglect - The Hindu from The Hindu
2026-03-12 22:34:06,512 - INFO - [The Hindu] Article: https://www.thehindu.com/news/national/kerala/ldfs-development-narrative-in-kollam-constituency-will-face-a-stiff-challenge-from-udf/article70735704.ece
2026-03-12 22:34:06,512 - INFO - [The Hindu] Attempt 1/1: Trying with 'selenium_browser' strategy...
2026-03-12 22:34:08,359 - INFO - [The Hindu] Page content loaded.
2026-03-12 22:34:08,738 - INFO - [The Hindu] Success with 'selenium_browser'. Found content (507 words).
2026-03-12 22:34:08,823 - INFO - Duplicate article skipped: LDF’s development narrative in Kollam constituency will face a stiff challenge from UDF - The Hindu from The Hindu
2026-03-12 22:34:09,505 - INFO - [The Hindu] Article: https://www.thehindu.com/news/national/telangana/ramchander-rao-flags-governance-failures-wants-cm-to-focus-on-public-hardships/article70734918.ece
2026-03-12 22:34:09,505 - INFO - [The Hindu] Attempt 1/1: Trying with 'selenium_browser' strategy...
2026-03-12 22:34:12,018 - INFO - [The Hindu] Page content loaded.
2026-03-12 22:34:12,117 - INFO - [The Hindu] Success with 'selenium_browser'. Found content (356 words).
2026-03-12 22:34:12,249 - INFO - Duplicate article skipped: Ramchander Rao flags ‘governance failures,’ wants CM to focus on public hardships - The Hindu from The Hindu
2026-03-12 22:34:12,803 - INFO - [The Hindu] Article: https://www.thehindu.com/news/national/karnataka/international-flower-market-proposed-near-nandi-cross/article70734860.ece
2026-03-12 22:34:12,803 - INFO - [The Hindu] Attempt 1/1: Trying with 'selenium_browser' strategy...
2026-03-12 22:34:14,975 - INFO - [The Hindu] Page content loaded.
2026-03-12 22:34:15,033 - INFO - [The Hindu] Success with 'selenium_browser'. Found content (218 words).
2026-03-12 22:34:15,122 - INFO - Duplicate article skipped: International flower market proposed near Nandi Cross - The Hindu from The Hindu
2026-03-12 22:34:16,469 - INFO - [The Hindu] (Thread) Finished. Attempting to shut down its Selenium driver.
2026-03-12 22:34:16,704 - INFO - [The Hindu] (Thread) driver.quit() successful.
2026-03-12 22:34:37,125 - ERROR - [Times of India] Request failed for strategy 'selenium_browser' on URL https://timesofindia.indiatimes.com/world/middle-east/us-israel-iran-war-news-live-udates-middle-east-crisis-conflict-drone-ballistic-missile-attacks-explosions-gulf-countries-dubai-flights-news-status-donald-trump-netanyahu-mojtaba-khamenei/liveblog/129485596.cms: Message: timeout: Timed out receiving message from renderer: 59.755
  (Session info: chrome=145.0.7632.116)
Stacktrace:
#0 0x561624206b6a <unknown>
#1 0x561623c19a32 <unknown>
#2 0x561623c01007 <unknown>
#3 0x561623c00c16 <unknown>
#4 0x561623bfe731 <unknown>
#5 0x561623bff0bf <unknown>
#6 0x561623c0e560 <unknown>
#7 0x561623c28707 <unknown>
#8 0x561623c2f8db <unknown>
#9 0x561623bff829 <unknown>
#10 0x561623c2849c <unknown>
#11 0x561623cb76e1 <unknown>
#12 0x561623c60c0f <unknown>
#13 0x561623c619d1 <unknown>
#14 0x5616241cb6b9 <unknown>
#15 0x5616241ce5c1 <unknown>
#16 0x5616241b7e29 <unknown>
#17 0x5616241cf17e <unknown>
#18 0x56162419e4b0 <unknown>
#19 0x5616241f3578 <unknown>
#20 0x5616241f374b <unknown>
#21 0x5616242051a3 <unknown>
#22 0x7fc19309caa4 <unknown>
#23 0x7fc193129c6c <unknown>

2026-03-12 22:34:37,125 - ERROR - [Times of India] All scrape strategies failed for https://timesofindia.indiatimes.com/world/middle-east/us-israel-iran-war-news-live-udates-middle-east-crisis-conflict-drone-ballistic-missile-attacks-explosions-gulf-countries-dubai-flights-news-status-donald-trump-netanyahu-mojtaba-khamenei/liveblog/129485596.cms. Falling back to RSS description.
2026-03-12 22:34:37,125 - INFO - Duplicate article skipped: US-Israel-Iran War News Live Updates: Saudi intercepts drone headed to Shaybah oil field; Israeli strikes 10 Hezbollah targets in Beirut from Times of India
2026-03-12 22:34:37,695 - INFO - [Times of India] Article: https://timesofindia.indiatimes.com/world/us/who-was-old-dominion-university-shooter-mohamed-jalloh-an-isis-supporter-released-from-prison-in-2024/articleshow/129524408.cms
2026-03-12 22:34:37,696 - INFO - [Times of India] Attempt 1/1: Trying with 'selenium_browser' strategy...
2026-03-12 22:34:38,560 - INFO - [Times of India] Page content loaded.
2026-03-12 22:34:38,704 - INFO - [Times of India] Success with 'selenium_browser'. Found content (380 words).
2026-03-12 22:34:38,802 - INFO - Saved article: Who was Old Dominion University shooter Mohamed Jalloh? An ISIS supporter, released from prison in 2024 - The Times of India from Times of India
2026-03-12 22:34:40,053 - INFO - [Times of India] Article: https://timesofindia.indiatimes.com/world/middle-east/uae-news-hotels-refuse-to-raise-prices-for-stranded-tourists-as-flights-cancelled-across-the-emirates-amid-iran-vs-us-israel-war/articleshow/129523235.cms
2026-03-12 22:34:40,054 - INFO - [Times of India] Attempt 1/1: Trying with 'selenium_browser' strategy...
2026-03-12 22:34:43,187 - INFO - [Times of India] Page content loaded.
2026-03-12 22:34:43,351 - INFO - [Times of India] Success with 'selenium_browser'. Found content (876 words).
2026-03-12 22:34:43,443 - INFO - Duplicate article skipped: UAE news: Hotels refuse to raise prices for stranded tourists as flights cancelled across the emirates amid Iran vs US-Israel war - The Times of India from Times of India
2026-03-12 22:34:43,959 - INFO - [Times of India] Article: https://timesofindia.indiatimes.com/world/us/are-you-scared-youll-get-deported-two-indian-origin-men-clash-on-social-media-over-h-1b-one-of-them-is-texas-gop-chairman/articleshow/129523221.cms
2026-03-12 22:34:43,959 - INFO - [Times of India] Attempt 1/1: Trying with 'selenium_browser' strategy...
2026-03-12 22:34:45,186 - INFO - [Times of India] Page content loaded.
2026-03-12 22:34:45,329 - INFO - [Times of India] Success with 'selenium_browser'. Found content (394 words).
2026-03-12 22:34:45,408 - INFO - Duplicate article skipped: 'Are you scared you'll get deported': Two Indian-origin men clash on social media over H-1B. One of them is Texas GOP chairman - The Times of India from Times of India
2026-03-12 22:34:46,310 - INFO - [Times of India] Article: https://timesofindia.indiatimes.com/world/middle-east/qatar-news-travel-influencer-drives-across-doha-desert-to-riyadh-viral-video-shows-escape-route-amid-iran-vs-us-israel-war/articleshow/129520932.cms
2026-03-12 22:34:46,311 - INFO - [Times of India] Attempt 1/1: Trying with 'selenium_browser' strategy...
2026-03-12 22:34:47,669 - INFO - [Times of India] Page content loaded.
2026-03-12 22:34:47,854 - INFO - [Times of India] Success with 'selenium_browser'. Found content (823 words).
2026-03-12 22:34:47,912 - INFO - Duplicate article skipped: Qatar news: Travel influencer drives across Doha desert to Riyadh, viral video shows escape route amid Iran vs US-Israel war - The Times of India from Times of India
2026-03-12 22:34:48,690 - INFO - [Times of India] Article: https://timesofindia.indiatimes.com/world/us/let-there-be-as-much-outrage-zohran-mamdani-reacts-to-criticism-after-hosting-first-iftar-at-new-york-city-hall/articleshow/129520510.cms
2026-03-12 22:34:48,691 - INFO - [Times of India] Attempt 1/1: Trying with 'selenium_browser' strategy...
2026-03-12 22:34:49,714 - INFO - [Times of India] Page content loaded.
2026-03-12 22:34:49,883 - INFO - [Times of India] Success with 'selenium_browser'. Found content (350 words).
2026-03-12 22:34:49,946 - INFO - Duplicate article skipped: Zohran Mamdani: 'Let there be as much outrage': Zohran Mamdani reacts to criticism after hosting first iftar at New York City Hall - The Times of India from Times of India
2026-03-12 22:34:51,146 - INFO - [Times of India] Article: https://timesofindia.indiatimes.com/world/middle-east/why-is-it-called-the-middle-east-the-1902-story-most-people-dont-know/articleshow/129393856.cms
2026-03-12 22:34:51,147 - INFO - [Times of India] Attempt 1/1: Trying with 'selenium_browser' strategy...
2026-03-12 22:34:52,018 - INFO - [Times of India] Page content loaded.
2026-03-12 22:34:52,187 - INFO - [Times of India] Success with 'selenium_browser'. Found content (506 words).
2026-03-12 22:34:52,251 - INFO - Duplicate article skipped: Why is it called the ‘Middle East’: The 1902 story most people don’t know | World News - The Times of India from Times of India
2026-03-12 22:34:52,955 - INFO - [Times of India] Article: https://timesofindia.indiatimes.com/world/us/no-dont-do-that-hillary-clinton-pulls-back-as-bill-clinton-nudges-her-toward-busy-crosswalk-watch-video/articleshow/129517161.cms
2026-03-12 22:34:52,955 - INFO - [Times of India] Attempt 1/1: Trying with 'selenium_browser' strategy...
2026-03-12 22:34:53,700 - INFO - [Times of India] Page content loaded.
2026-03-12 22:34:53,850 - INFO - [Times of India] Success with 'selenium_browser'. Found content (298 words).
2026-03-12 22:34:53,918 - INFO - Duplicate article skipped: ‘No, don’t do that’: Hillary Clinton pulls back as Bill Clinton nudges her toward busy crosswalk — watch video - The Times of India from Times of India
2026-03-12 22:34:54,796 - INFO - [Times of India] Article: https://timesofindia.indiatimes.com/world/us/old-dominion-university-shooting-gunman-opens-fire-inside-campus-building-two-critically-injured/articleshow/129518819.cms
2026-03-12 22:34:54,796 - INFO - [Times of India] Attempt 1/1: Trying with 'selenium_browser' strategy...
2026-03-12 22:34:55,630 - INFO - [Times of India] Page content loaded.
2026-03-12 22:34:55,796 - INFO - [Times of India] Success with 'selenium_browser'. Found content (517 words).
2026-03-12 22:34:55,856 - INFO - Duplicate article skipped: Old Dominion University shooting: Gunman opens fire inside campus building, two critically injured | World News - The Times of India from Times of India
2026-03-12 22:34:57,326 - INFO - [Times of India] Article: https://timesofindia.indiatimes.com/world/us/active-shooter-at-us-synagogue-smoke-billowing-from-building-police-on-scene/articleshow/129518605.cms
2026-03-12 22:34:57,327 - INFO - [Times of India] Attempt 1/1: Trying with 'selenium_browser' strategy...
2026-03-12 22:35:01,466 - INFO - [Times of India] Page content loaded.
2026-03-12 22:35:01,593 - INFO - [Times of India] Success with 'selenium_browser'. Found content (293 words).
2026-03-12 22:35:01,663 - INFO - Duplicate article skipped: Temple Israel: Shooting at US synagogue: Suspect dead; Trump terms attack 'terrible thing' - The Times of India from Times of India
2026-03-12 22:35:02,859 - INFO - [Times of India] (Thread) Finished. Attempting to shut down its Selenium driver.
2026-03-12 22:35:03,166 - INFO - [Times of India] (Thread) driver.quit() successful.
2026-03-12 22:35:03,167 - INFO - Shutting down thread pool (wait=False)...
2026-03-12 22:35:03,167 - INFO - Scraped: 1 The Hindu, 0 BBC, 0 The Guardian, 1 Times of India articles. (Total saved: 2)
2026-03-12 22:35:03,167 - INFO - --- Scraping job finished ---
2026-03-12 22:35:03,173 - INFO - --- Scraper service stopped and database connection closed. ---
2026-03-12 22:35:03,173 - INFO - --- Main thread finished. Forcing process exit to kill zombie threads. ---
