2026-03-09 17:02:33,955 - INFO - Initializing database connection at: news_articles.db
2026-03-09 17:02:33,955 - INFO - --- Scraper service started (CI Mode: Run Once) ---
2026-03-09 17:02:33,955 - INFO - --- Starting new scraping job (Parallel Mode) ---
2026-03-09 17:02:33,956 - INFO - Creating new robust session with 3 retries on 5xx/connection/read errors.
2026-03-09 17:02:33,956 - INFO - Proxy is DISABLED.
2026-03-09 17:02:33,956 - INFO - Starting scrape for BBC RSS feed: http://feeds.bbci.co.uk/news/world/rss.xml
2026-03-09 17:02:33,957 - INFO - [Times of India] (Thread) requires Selenium. Initializing driver...
2026-03-09 17:02:33,957 - INFO - Initializing headless Selenium Chrome driver (using SeleniumManager)...
2026-03-09 17:02:33,958 - INFO - Starting scrape for The Guardian RSS feed: https://www.theguardian.com/world/rss
2026-03-09 17:02:33,958 - INFO - [The Hindu] (Thread) requires Selenium. Initializing driver...
2026-03-09 17:02:33,958 - INFO - Submitted 4 jobs to thread pool. Waiting up to 300s for completion...
2026-03-09 17:02:33,958 - INFO - Initializing headless Selenium Chrome driver (using SeleniumManager)...
2026-03-09 17:02:34,060 - INFO - Found 45 articles in The Guardian RSS feed. Processing up to 10.
2026-03-09 17:02:34,060 - INFO - [The Guardian] Article: https://www.theguardian.com/world/2026/mar/07/descendants-of-zimbabwe-resistance-heroes-urge-uk-to-locate-looted-skulls
2026-03-09 17:02:34,060 - INFO - [The Guardian] Attempt 1/1: Trying with 'requests_browser' strategy...
2026-03-09 17:02:34,089 - INFO - [The Guardian] Success with 'requests_browser'. Found content (878 words).
2026-03-09 17:02:34,127 - INFO - Duplicate article skipped: Descendants of Zimbabwe resistance heroes urge UK to locate looted skulls | Zimbabwe | The Guardian from The Guardian
2026-03-09 17:02:34,353 - INFO - Found 29 articles in BBC RSS feed. Processing up to 10.
2026-03-09 17:02:34,353 - INFO - [BBC] Article: https://www.bbc.com/news/articles/c78xxg05w0zo?at_medium=RSS&at_campaign=rss
2026-03-09 17:02:34,353 - INFO - [BBC] Attempt 1/1: Trying with 'requests_browser' strategy...
2026-03-09 17:02:34,646 - INFO - [BBC] Success with 'requests_browser'. Found content (803 words).
2026-03-09 17:02:34,692 - INFO - Duplicate article skipped: Who is Mojtaba Khamenei, Iran's new supreme leader? from BBC
2026-03-09 17:02:35,040 - INFO - [The Guardian] Article: https://www.theguardian.com/global-development/2026/mar/06/generic-drugs-weight-loss-semaglutide-ozempic-wegovy-diabetes-obesity-study
2026-03-09 17:02:35,040 - INFO - [The Guardian] Attempt 1/1: Trying with 'requests_browser' strategy...
2026-03-09 17:02:35,062 - INFO - [The Guardian] Success with 'requests_browser'. Found content (612 words).
2026-03-09 17:02:35,098 - INFO - Duplicate article skipped: Weight-loss jab could be made for $3 a month, study finds | Global health | The Guardian from The Guardian
2026-03-09 17:02:35,699 - INFO - [BBC] Article: https://www.bbc.com/news/articles/c79542n0grwo?at_medium=RSS&at_campaign=rss
2026-03-09 17:02:35,699 - INFO - [BBC] Attempt 1/1: Trying with 'requests_browser' strategy...
2026-03-09 17:02:35,741 - INFO - [BBC] Success with 'requests_browser'. Found content (939 words).
2026-03-09 17:02:35,781 - INFO - Duplicate article skipped: G7 to take 'necessary measures' to support energy supplies from BBC
2026-03-09 17:02:36,586 - INFO - [The Guardian] Article: https://www.theguardian.com/world/2026/mar/05/three-men-deported-us-eswatini-legal-case-detention
2026-03-09 17:02:36,586 - INFO - [The Guardian] Attempt 1/1: Trying with 'requests_browser' strategy...
2026-03-09 17:02:36,609 - INFO - [The Guardian] Success with 'requests_browser'. Found content (520 words).
2026-03-09 17:02:36,617 - INFO - [BBC] Article: https://www.bbc.com/news/articles/c2e4yxj0pd3o?at_medium=RSS&at_campaign=rss
2026-03-09 17:02:36,617 - INFO - [BBC] Attempt 1/1: Trying with 'requests_browser' strategy...
2026-03-09 17:02:36,647 - INFO - Duplicate article skipped: Three men deported by US file legal case against Eswatini over detention | Eswatini | The Guardian from The Guardian
2026-03-09 17:02:36,670 - INFO - [BBC] Success with 'requests_browser'. Found content (582 words).
2026-03-09 17:02:36,710 - INFO - Duplicate article skipped: Iris Dena: Torpedoed Iranian warship was offered sanctuary in India from BBC
2026-03-09 17:02:37,304 - INFO - [The Guardian] Article: https://www.theguardian.com/world/2026/mar/05/south-africa-president-cyril-ramaphosa-calls-donald-trump-policy-white-afrikaners-racist
2026-03-09 17:02:37,304 - INFO - [The Guardian] Attempt 1/1: Trying with 'requests_browser' strategy...
2026-03-09 17:02:37,324 - INFO - [The Guardian] Success with 'requests_browser'. Found content (410 words).
2026-03-09 17:02:37,358 - INFO - Duplicate article skipped: South Africa’s president calls Trump’s policy to offer refuge to white Afrikaners ‘racist’ | South Africa | The Guardian from The Guardian
2026-03-09 17:02:37,858 - INFO - [BBC] Article: https://www.bbc.com/news/articles/cy8lwnyj40eo?at_medium=RSS&at_campaign=rss
2026-03-09 17:02:37,858 - INFO - [BBC] Attempt 1/1: Trying with 'requests_browser' strategy...
2026-03-09 17:02:37,880 - INFO - [BBC] Success with 'requests_browser'. Found content (289 words).
2026-03-09 17:02:37,911 - INFO - Duplicate article skipped: Naveed Akram: Alleged Bondi gunman seeks court order to suppress family's identity from BBC
2026-03-09 17:02:38,478 - INFO - [The Guardian] Article: https://www.theguardian.com/sport/2026/mar/05/lewis-hamilton-race-africa-grand-prix-retiring-formula-one-colonial
2026-03-09 17:02:38,479 - INFO - [The Guardian] Attempt 1/1: Trying with 'requests_browser' strategy...
2026-03-09 17:02:38,635 - INFO - [The Guardian] Success with 'requests_browser'. Found content (409 words).
2026-03-09 17:02:38,669 - INFO - [BBC] Article: https://www.bbc.com/news/articles/ce8wk563473o?at_medium=RSS&at_campaign=rss
2026-03-09 17:02:38,669 - INFO - [BBC] Attempt 1/1: Trying with 'requests_browser' strategy...
2026-03-09 17:02:38,670 - INFO - Duplicate article skipped: Lewis Hamilton sets sights on racing in an African grand prix before retiring | Lewis Hamilton | The Guardian from The Guardian
2026-03-09 17:02:38,694 - INFO - [BBC] Success with 'requests_browser'. Found content (327 words).
2026-03-09 17:02:38,726 - INFO - Duplicate article skipped: US embassy explosion in Oslo: Police release images of suspect from BBC
2026-03-09 17:02:39,403 - INFO - [The Guardian] Article: https://www.theguardian.com/world/2026/mar/08/haiti-immigrant-mexico-tapachula
2026-03-09 17:02:39,403 - INFO - [The Guardian] Attempt 1/1: Trying with 'requests_browser' strategy...
2026-03-09 17:02:39,409 - INFO - [BBC] Article: https://www.bbc.com/news/articles/c1w5yq924j1o?at_medium=RSS&at_campaign=rss
2026-03-09 17:02:39,409 - INFO - [BBC] Attempt 1/1: Trying with 'requests_browser' strategy...
2026-03-09 17:02:39,443 - INFO - [BBC] Success with 'requests_browser'. Found content (294 words).
2026-03-09 17:02:39,507 - INFO - [The Guardian] Success with 'requests_browser'. Found content (2248 words).
2026-03-09 17:02:39,522 - INFO - Duplicate article skipped: New Zealand: Bag of cannabis and cash accidentally donated to NZ charity shop from BBC
2026-03-09 17:02:39,550 - INFO - Duplicate article skipped: ‘I am trying to live’: Haitians in Mexico seek community despite broken immigration systems | World news | The Guardian from The Guardian
2026-03-09 17:02:40,627 - INFO - [The Guardian] Article: https://www.theguardian.com/world/2026/mar/08/british-columbia-canada-daylight-saving-time
2026-03-09 17:02:40,627 - INFO - [The Guardian] Attempt 1/1: Trying with 'requests_browser' strategy...
2026-03-09 17:02:40,634 - INFO - [BBC] Article: https://www.bbc.com/news/articles/cjrqg80y57po?at_medium=RSS&at_campaign=rss
2026-03-09 17:02:40,636 - INFO - [BBC] Attempt 1/1: Trying with 'requests_browser' strategy...
2026-03-09 17:02:40,655 - INFO - [The Guardian] Success with 'requests_browser'. Found content (601 words).
2026-03-09 17:02:40,697 - INFO - Duplicate article skipped: Time for a change: British Columbia decides to keep daylight saving time permanently | Canada | The Guardian from The Guardian
2026-03-09 17:02:40,712 - INFO - [BBC] Success with 'requests_browser'. Found content (414 words).
2026-03-09 17:02:40,751 - INFO - Duplicate article skipped: Guinea opposition leader Diallo calls for 'direct resistance' as political parties dissolved from BBC
2026-03-09 17:02:41,912 - INFO - [The Guardian] Article: https://www.theguardian.com/world/2026/mar/07/peru-nightclub-bombing
2026-03-09 17:02:41,912 - INFO - [The Guardian] Attempt 1/1: Trying with 'requests_browser' strategy...
2026-03-09 17:02:41,931 - INFO - [The Guardian] Success with 'requests_browser'. Found content (288 words).
2026-03-09 17:02:41,964 - INFO - Duplicate article skipped: Bombing at nightclub in Peru injures 33 people, including minors | Peru | The Guardian from The Guardian
2026-03-09 17:02:42,113 - INFO - [BBC] Article: https://www.bbc.com/news/articles/cwy8e978xl8o?at_medium=RSS&at_campaign=rss
2026-03-09 17:02:42,113 - INFO - [BBC] Attempt 1/1: Trying with 'requests_browser' strategy...
2026-03-09 17:02:42,155 - INFO - [BBC] Success with 'requests_browser'. Found content (1327 words).
2026-03-09 17:02:42,197 - INFO - Duplicate article skipped: Five Iranian women footballers 'in Australian safe house' after Asian Cup protest from BBC
2026-03-09 17:02:42,854 - INFO - [BBC] Article: https://www.bbc.com/news/articles/c204ymjnn80o?at_medium=RSS&at_campaign=rss
2026-03-09 17:02:42,854 - INFO - [BBC] Attempt 1/1: Trying with 'requests_browser' strategy...
2026-03-09 17:02:42,887 - INFO - [BBC] Success with 'requests_browser'. Found content (562 words).
2026-03-09 17:02:42,925 - INFO - Duplicate article skipped: Istanbul's ex-mayor Ekrem Imamoglu on trial for corruption charges from BBC
2026-03-09 17:02:43,420 - INFO - [The Guardian] Article: https://www.theguardian.com/us-news/2026/mar/07/trump-shield-of-americas-summit
2026-03-09 17:02:43,420 - INFO - [The Guardian] Attempt 1/1: Trying with 'requests_browser' strategy...
2026-03-09 17:02:43,444 - INFO - [The Guardian] Success with 'requests_browser'. Found content (714 words).
2026-03-09 17:02:43,483 - INFO - Duplicate article skipped: Trump convenes ‘Shield of Americas’ summit with 12 Latin American leaders | Donald Trump | The Guardian from The Guardian
2026-03-09 17:02:44,140 - INFO - [The Guardian] Article: https://www.theguardian.com/us-news/2026/mar/07/deaf-six-year-old-deported-colombia
2026-03-09 17:02:44,140 - INFO - [The Guardian] Attempt 1/1: Trying with 'requests_browser' strategy...
2026-03-09 17:02:44,162 - INFO - [The Guardian] Success with 'requests_browser'. Found content (766 words).
2026-03-09 17:02:44,198 - INFO - Duplicate article skipped: ICE deports family, including deaf boy who wasn’t given his assistive devices | California | The Guardian from The Guardian
2026-03-09 17:02:44,338 - INFO - [BBC] Article: https://www.bbc.com/news/articles/crl4wx8ydxeo?at_medium=RSS&at_campaign=rss
2026-03-09 17:02:44,338 - INFO - [BBC] Attempt 1/1: Trying with 'requests_browser' strategy...
2026-03-09 17:02:44,370 - INFO - [BBC] Success with 'requests_browser'. Found content (362 words).
2026-03-09 17:02:44,406 - INFO - Duplicate article skipped: N Korea cancels Pyongyang Marathon for 'some reasons' from BBC
2026-03-09 17:02:44,449 - INFO - Selenium driver initialized successfully.
2026-03-09 17:02:44,449 - INFO - Starting scrape for The Hindu RSS feed: https://www.thehindu.com/news/national/feeder/default.rss
2026-03-09 17:02:44,450 - INFO - Selenium driver initialized successfully.
2026-03-09 17:02:44,450 - INFO - Starting scrape for Times of India RSS feed: https://timesofindia.indiatimes.com/rssfeeds/296589292.cms
2026-03-09 17:02:44,558 - INFO - Found 100 articles in The Hindu RSS feed. Processing up to 10.
2026-03-09 17:02:44,558 - INFO - [The Hindu] Article: https://www.thehindu.com/news/national/centre-sends-feelers-to-opposition-on-implementation-of-womens-reservation-bill/article70723157.ece
2026-03-09 17:02:44,558 - INFO - [The Hindu] Attempt 1/1: Trying with 'selenium_browser' strategy...
2026-03-09 17:02:44,644 - INFO - Found 20 articles in Times of India RSS feed. Processing up to 10.
2026-03-09 17:02:44,644 - INFO - [Times of India] Article: https://timesofindia.indiatimes.com/world/middle-east/us-israel-iran-war-news-live-udates-middle-east-crisis-conflict-drone-ballistic-missile-attacks-explosions-flights-status-dubai-uae-qatar-tehran-gulf-donald-trump-netanyahu-khamenei/liveblog/129286007.cms
2026-03-09 17:02:44,644 - INFO - [Times of India] Attempt 1/1: Trying with 'selenium_browser' strategy...
2026-03-09 17:02:49,233 - INFO - [The Hindu] Page content loaded.
2026-03-09 17:02:50,610 - INFO - [The Hindu] Success with 'selenium_browser'. Found content (543 words).
2026-03-09 17:02:51,475 - INFO - Saved article: Centre sends feelers to Opposition on implementation of Women’s Reservation Bill - The Hindu from The Hindu
2026-03-09 17:02:52,481 - INFO - [The Hindu] Article: https://www.thehindu.com/news/national/andhra-pradesh/doctor-arrested-in-pg-medicos-suspicious-death-case/article70723583.ece
2026-03-09 17:02:52,482 - INFO - [The Hindu] Attempt 1/1: Trying with 'selenium_browser' strategy...
2026-03-09 17:02:55,333 - INFO - [The Hindu] Page content loaded.
2026-03-09 17:02:55,580 - INFO - [The Hindu] Success with 'selenium_browser'. Found content (209 words).
2026-03-09 17:02:55,789 - INFO - Saved article: Doctor arrested in PG medico’s suspicious death case - The Hindu from The Hindu
2026-03-09 17:02:56,425 - INFO - [The Hindu] Article: https://www.thehindu.com/news/national/kerala/professors-promoted-as-principals-in-government-arts-and-science-colleges/article70723607.ece
2026-03-09 17:02:56,425 - INFO - [The Hindu] Attempt 1/1: Trying with 'selenium_browser' strategy...
2026-03-09 17:02:58,099 - INFO - [The Hindu] Page content loaded.
2026-03-09 17:02:58,556 - INFO - [The Hindu] Success with 'selenium_browser'. Found content (290 words).
2026-03-09 17:02:58,903 - INFO - Saved article: Professors promoted as principals in government arts and science colleges - The Hindu from The Hindu
2026-03-09 17:02:59,649 - INFO - [The Hindu] Article: https://www.thehindu.com/news/national/karnataka/hotels-may-shut-if-lpg-supply-not-resumed-bengaluru-hotels-association/article70723551.ece
2026-03-09 17:02:59,649 - INFO - [The Hindu] Attempt 1/1: Trying with 'selenium_browser' strategy...
2026-03-09 17:03:01,552 - INFO - [The Hindu] Page content loaded.
2026-03-09 17:03:01,610 - INFO - [The Hindu] Success with 'selenium_browser'. Found content (432 words).
2026-03-09 17:03:01,704 - INFO - Saved article: Hotels may shut if LPG supply not resumed: Bengaluru Hotels Association - The Hindu from The Hindu
2026-03-09 17:03:02,229 - INFO - [The Hindu] Article: https://www.thehindu.com/news/national/karnataka/courts-cannot-become-forum-for-personal-vendetta-if-every-broken-relationship-is-clothed-as-criminality-karnataka-hc/article70723189.ece
2026-03-09 17:03:02,229 - INFO - [The Hindu] Attempt 1/1: Trying with 'selenium_browser' strategy...
2026-03-09 17:03:02,997 - INFO - [The Hindu] Page content loaded.
2026-03-09 17:03:03,131 - INFO - [The Hindu] Success with 'selenium_browser'. Found content (401 words).
2026-03-09 17:03:03,222 - INFO - Saved article: Courts cannot become forum for personal vendetta if every broken relationship is clothed as criminality: Karnataka HC - The Hindu from The Hindu
2026-03-09 17:03:04,133 - INFO - [The Hindu] Article: https://www.thehindu.com/news/national/karnataka/protest-staged-in-kalaburagi-against-hike-in-lpg-prices/article70723376.ece
2026-03-09 17:03:04,133 - INFO - [The Hindu] Attempt 1/1: Trying with 'selenium_browser' strategy...
2026-03-09 17:03:05,538 - INFO - [The Hindu] Page content loaded.
2026-03-09 17:03:05,587 - INFO - [The Hindu] Success with 'selenium_browser'. Found content (276 words).
2026-03-09 17:03:05,641 - INFO - Saved article: Protest staged in Kalaburagi against hike in LPG prices - The Hindu from The Hindu
2026-03-09 17:03:06,170 - INFO - [The Hindu] Article: https://www.thehindu.com/news/national/telangana/police-must-adapt-to-new-age-crimes-says-chief-minister/article70723686.ece
2026-03-09 17:03:06,170 - INFO - [The Hindu] Attempt 1/1: Trying with 'selenium_browser' strategy...
2026-03-09 17:03:07,431 - INFO - [The Hindu] Page content loaded.
2026-03-09 17:03:07,512 - INFO - [The Hindu] Success with 'selenium_browser'. Found content (420 words).
2026-03-09 17:03:07,603 - INFO - Saved article: Police must adapt to new-age crimes, says Chief Minister - The Hindu from The Hindu
2026-03-09 17:03:09,037 - INFO - [The Hindu] Article: https://www.thehindu.com/news/national/kerala/as-summer-sets-in-residents-raise-concern-over-water-shortage-in-kochi/article70708080.ece
2026-03-09 17:03:09,038 - INFO - [The Hindu] Attempt 1/1: Trying with 'selenium_browser' strategy...
2026-03-09 17:03:10,380 - INFO - [The Hindu] Page content loaded.
2026-03-09 17:03:10,424 - INFO - [The Hindu] Success with 'selenium_browser'. Found content (352 words).
2026-03-09 17:03:10,493 - INFO - Saved article: As summer sets in, residents raise concern over water shortage in Kochi - The Hindu from The Hindu
2026-03-09 17:03:11,937 - INFO - [The Hindu] Article: https://www.thehindu.com/news/national/kerala/power-sector-reforms-kerala-receives-nod-for-a-further-2924-crore-borrowing-space/article70723659.ece
2026-03-09 17:03:11,937 - INFO - [The Hindu] Attempt 1/1: Trying with 'selenium_browser' strategy...
2026-03-09 17:03:13,627 - INFO - [The Hindu] Page content loaded.
2026-03-09 17:03:13,692 - INFO - [The Hindu] Success with 'selenium_browser'. Found content (122 words).
2026-03-09 17:03:13,829 - INFO - Saved article: Power sector reforms: Kerala receives nod for a further ₹2,924-crore borrowing space - The Hindu from The Hindu
2026-03-09 17:03:14,335 - INFO - [The Hindu] Article: https://www.thehindu.com/news/national/kerala/medical-negligence-hc-asks-govt-to-provide-free-medical-assistance-education-to-child/article70723469.ece
2026-03-09 17:03:14,336 - INFO - [The Hindu] Attempt 1/1: Trying with 'selenium_browser' strategy...
2026-03-09 17:03:15,326 - INFO - [The Hindu] Page content loaded.
2026-03-09 17:03:15,367 - INFO - [The Hindu] Success with 'selenium_browser'. Found content (247 words).
2026-03-09 17:03:15,443 - INFO - Saved article: Medical negligence: HC asks govt. to provide free medical assistance, education to child - The Hindu from The Hindu
2026-03-09 17:03:16,182 - INFO - [The Hindu] (Thread) Finished. Attempting to shut down its Selenium driver.
2026-03-09 17:03:16,343 - INFO - [The Hindu] (Thread) driver.quit() successful.
2026-03-09 17:03:44,673 - ERROR - [Times of India] Request failed for strategy 'selenium_browser' on URL https://timesofindia.indiatimes.com/world/middle-east/us-israel-iran-war-news-live-udates-middle-east-crisis-conflict-drone-ballistic-missile-attacks-explosions-flights-status-dubai-uae-qatar-tehran-gulf-donald-trump-netanyahu-khamenei/liveblog/129286007.cms: Message: timeout: Timed out receiving message from renderer: 59.741
  (Session info: chrome=145.0.7632.116)
Stacktrace:
#0 0x562709d91b6a <unknown>
#1 0x5627097a4a32 <unknown>
#2 0x56270978c007 <unknown>
#3 0x56270978bc16 <unknown>
#4 0x562709789731 <unknown>
#5 0x56270978a0bf <unknown>
#6 0x562709799560 <unknown>
#7 0x5627097b3707 <unknown>
#8 0x5627097ba8db <unknown>
#9 0x56270978a829 <unknown>
#10 0x5627097b349c <unknown>
#11 0x5627098426e1 <unknown>
#12 0x5627097ebc0f <unknown>
#13 0x5627097ec9d1 <unknown>
#14 0x562709d566b9 <unknown>
#15 0x562709d595c1 <unknown>
#16 0x562709d42e29 <unknown>
#17 0x562709d5a17e <unknown>
#18 0x562709d294b0 <unknown>
#19 0x562709d7e578 <unknown>
#20 0x562709d7e74b <unknown>
#21 0x562709d901a3 <unknown>
#22 0x7f5e75c9caa4 <unknown>
#23 0x7f5e75d29c6c <unknown>

2026-03-09 17:03:44,674 - ERROR - [Times of India] All scrape strategies failed for https://timesofindia.indiatimes.com/world/middle-east/us-israel-iran-war-news-live-udates-middle-east-crisis-conflict-drone-ballistic-missile-attacks-explosions-flights-status-dubai-uae-qatar-tehran-gulf-donald-trump-netanyahu-khamenei/liveblog/129286007.cms. Falling back to RSS description.
2026-03-09 17:03:44,674 - INFO - Duplicate article skipped: US-Israel-Iran War News Live Updates: Iran fires first wave of missiles at Israel under new Supreme Leader Mojtaba Khamenei from Times of India
2026-03-09 17:03:45,322 - INFO - [Times of India] Article: https://timesofindia.indiatimes.com/world/us/elderly-us-couple-married-for-70-years-die-holding-hands-after-fatal-car-crash-they-chose-each-other-every-day/articleshow/129339572.cms
2026-03-09 17:03:45,322 - INFO - [Times of India] Attempt 1/1: Trying with 'selenium_browser' strategy...
2026-03-09 17:03:48,336 - INFO - [Times of India] Page content loaded.
2026-03-09 17:03:48,668 - INFO - [Times of India] Success with 'selenium_browser'. Found content (358 words).
2026-03-09 17:03:48,831 - INFO - Saved article: Elderly US couple married for 70 years die holding hands after fatal car crash: ‘They chose each other every day’ - The Times of India from Times of India
2026-03-09 17:03:49,953 - INFO - [Times of India] Article: https://timesofindia.indiatimes.com/etimes/trending/was-britains-queen-charlotte-black-netflixs-bridgerton-star-insists-she-was-a-woman-of-colour/articleshow/129332164.cms
2026-03-09 17:03:49,953 - INFO - [Times of India] Attempt 1/1: Trying with 'selenium_browser' strategy...
2026-03-09 17:03:53,984 - INFO - [Times of India] Page content loaded.
2026-03-09 17:03:54,118 - INFO - [Times of India] Success with 'selenium_browser'. Found content (1754 words).
2026-03-09 17:03:54,273 - INFO - Saved article: Was Britain’s Queen Charlotte black? Netflix’s Bridgerton star insists ‘she was a woman of colour’ | - The Times of India from Times of India
2026-03-09 17:03:55,624 - INFO - [Times of India] Article: https://timesofindia.indiatimes.com/science/nasa-breaks-a-50-year-rule-astronauts-can-finally-take-smartphones-to-the-moon/articleshow/129335534.cms
2026-03-09 17:03:55,625 - INFO - [Times of India] Attempt 1/1: Trying with 'selenium_browser' strategy...
2026-03-09 17:03:57,162 - INFO - [Times of India] Page content loaded.
2026-03-09 17:03:57,330 - INFO - [Times of India] Success with 'selenium_browser'. Found content (774 words).
2026-03-09 17:03:57,388 - INFO - Saved article: NASA breaks a 50-year rule: Astronauts can finally take smartphones to the Moon | - The Times of India from Times of India
2026-03-09 17:03:57,985 - INFO - [Times of India] Article: https://timesofindia.indiatimes.com/world/us/stabbed-37-times-with-kitchen-knife-indian-origin-varinder-singh-found-guilty-for-sister-in-laws-murder-in-california/articleshow/129342302.cms
2026-03-09 17:03:57,986 - INFO - [Times of India] Attempt 1/1: Trying with 'selenium_browser' strategy...
2026-03-09 17:03:58,530 - INFO - [Times of India] Page content loaded.
2026-03-09 17:03:58,743 - INFO - [Times of India] Success with 'selenium_browser'. Found content (353 words).
2026-03-09 17:03:58,805 - INFO - Saved article: Stabbed 37 times with kitchen knife: Indian-origin Varinder Singh found guilty for sister-in-law's murder in California - The Times of India from Times of India
2026-03-09 17:03:59,389 - INFO - [Times of India] Article: https://timesofindia.indiatimes.com/world/middle-east/from-apology-to-choosing-mojtaba-khamenei-the-growing-rift-between-iranian-leadership/articleshow/129340736.cms
2026-03-09 17:03:59,389 - INFO - [Times of India] Attempt 1/1: Trying with 'selenium_browser' strategy...
2026-03-09 17:04:00,120 - INFO - [Times of India] Page content loaded.
2026-03-09 17:04:00,325 - INFO - [Times of India] Success with 'selenium_browser'. Found content (852 words).
2026-03-09 17:04:00,384 - INFO - Saved article: From apology to choosing Mojtaba Khamenei: The growing rift between Iranian leadership - The Times of India from Times of India
2026-03-09 17:04:01,326 - INFO - [Times of India] Article: https://timesofindia.indiatimes.com/world/middle-east/after-oil-war-of-water-why-desalination-plants-are-turning-into-targets-in-middle-east-explained/articleshow/129334653.cms
2026-03-09 17:04:01,327 - INFO - [Times of India] Attempt 1/1: Trying with 'selenium_browser' strategy...
2026-03-09 17:04:01,955 - INFO - [Times of India] Page content loaded.
2026-03-09 17:04:02,135 - INFO - [Times of India] Success with 'selenium_browser'. Found content (852 words).
2026-03-09 17:04:02,207 - INFO - Duplicate article skipped: After oil, war of water? Why desalination plants are turning into targets in Middle East – explained - The Times of India from Times of India
2026-03-09 17:04:03,667 - INFO - [Times of India] Article: https://timesofindia.indiatimes.com/defence/international/from-shahed-drones-to-b-2-bombers-10-weapons-shaping-the-us-iran-war/articleshow/129338175.cms
2026-03-09 17:04:03,667 - INFO - [Times of India] Attempt 1/1: Trying with 'selenium_browser' strategy...
2026-03-09 17:04:04,266 - INFO - [Times of India] Page content loaded.
2026-03-09 17:04:04,324 - INFO - [Times of India] Success with 'selenium_browser'. Found content (2143 words).
2026-03-09 17:04:04,357 - INFO - Saved article: From Shahed drones to B-2 bombers: 10 weapons deciding the fate of US-Iran war - The Times of India from Times of India
2026-03-09 17:04:05,493 - INFO - [Times of India] Article: https://timesofindia.indiatimes.com/world/middle-east/london-mansions-to-dubai-villas-inside-irans-new-supreme-leader-mojtaba-khameneis-global-property-empire/articleshow/129339210.cms
2026-03-09 17:04:05,493 - INFO - [Times of India] Attempt 1/1: Trying with 'selenium_browser' strategy...
2026-03-09 17:04:06,482 - INFO - [Times of India] Page content loaded.
2026-03-09 17:04:06,682 - INFO - [Times of India] Success with 'selenium_browser'. Found content (939 words).
2026-03-09 17:04:06,744 - INFO - Saved article: Khamenei: London mansions to Dubai villas: Inside Iran’s new supreme leader Mojtaba Khamenei’s global property empire - The Times of India from Times of India
2026-03-09 17:04:08,189 - INFO - [Times of India] Article: https://timesofindia.indiatimes.com/world/us/donald-trump-urges-tankers-to-show-some-guts-in-strait-of-hormuz-as-oil-prices-surge/articleshow/129339605.cms
2026-03-09 17:04:08,190 - INFO - [Times of India] Attempt 1/1: Trying with 'selenium_browser' strategy...
2026-03-09 17:04:08,713 - INFO - [Times of India] Page content loaded.
2026-03-09 17:04:08,868 - INFO - [Times of India] Success with 'selenium_browser'. Found content (367 words).
2026-03-09 17:04:08,933 - INFO - Saved article: Donald Trump urges tankers to ‘show some guts’ in Strait of Hormuz as oil prices surge - The Times of India from Times of India
2026-03-09 17:04:10,168 - INFO - [Times of India] (Thread) Finished. Attempting to shut down its Selenium driver.
2026-03-09 17:04:10,344 - INFO - [Times of India] (Thread) driver.quit() successful.
2026-03-09 17:04:10,344 - INFO - Shutting down thread pool (wait=False)...
2026-03-09 17:04:10,344 - INFO - Scraped: 0 The Guardian, 0 BBC, 8 Times of India, 10 The Hindu articles. (Total saved: 18)
2026-03-09 17:04:10,344 - INFO - --- Scraping job finished ---
2026-03-09 17:04:10,350 - INFO - --- Scraper service stopped and database connection closed. ---
2026-03-09 17:04:10,350 - INFO - --- Main thread finished. Forcing process exit to kill zombie threads. ---
