2026-03-14 05:14:42,894 - INFO - Initializing database connection at: news_articles.db
2026-03-14 05:14:42,894 - INFO - --- Scraper service started (CI Mode: Run Once) ---
2026-03-14 05:14:42,894 - INFO - --- Starting new scraping job (Parallel Mode) ---
2026-03-14 05:14:42,894 - INFO - Creating new robust session with 3 retries on 5xx/connection/read errors.
2026-03-14 05:14:42,895 - INFO - Proxy is DISABLED.
2026-03-14 05:14:42,895 - INFO - Starting scrape for BBC RSS feed: http://feeds.bbci.co.uk/news/world/rss.xml
2026-03-14 05:14:42,895 - INFO - [Times of India] (Thread) requires Selenium. Initializing driver...
2026-03-14 05:14:42,895 - INFO - Initializing headless Selenium Chrome driver (using SeleniumManager)...
2026-03-14 05:14:42,896 - INFO - Starting scrape for The Guardian RSS feed: https://www.theguardian.com/world/rss
2026-03-14 05:14:42,896 - INFO - [The Hindu] (Thread) requires Selenium. Initializing driver...
2026-03-14 05:14:42,896 - INFO - Initializing headless Selenium Chrome driver (using SeleniumManager)...
2026-03-14 05:14:42,897 - INFO - Submitted 4 jobs to thread pool. Waiting up to 300s for completion...
2026-03-14 05:14:42,963 - INFO - Found 38 articles in BBC RSS feed. Processing up to 10.
2026-03-14 05:14:42,963 - INFO - [BBC] Article: https://www.bbc.com/news/articles/cq8gj9n12g8o?at_medium=RSS&at_campaign=rss
2026-03-14 05:14:42,963 - INFO - [BBC] Attempt 1/1: Trying with 'requests_browser' strategy...
2026-03-14 05:14:43,082 - INFO - Found 45 articles in The Guardian RSS feed. Processing up to 10.
2026-03-14 05:14:43,082 - INFO - [The Guardian] Article: https://www.theguardian.com/world/2026/mar/13/france-returns-sacred-djidji-ayokwe-talking-drum-looted-from-cote-divoire
2026-03-14 05:14:43,082 - INFO - [The Guardian] Attempt 1/1: Trying with 'requests_browser' strategy...
2026-03-14 05:14:43,184 - INFO - [The Guardian] Success with 'requests_browser'. Found content (512 words).
2026-03-14 05:14:43,234 - INFO - Duplicate article skipped: France returns sacred talking drum looted from Côte d’Ivoire over 100 years ago | Côte d’Ivoire | The Guardian from The Guardian
2026-03-14 05:14:43,259 - INFO - [BBC] Success with 'requests_browser'. Found content (422 words).
2026-03-14 05:14:43,299 - INFO - Saved article: More US Marines and warships to be moved to Middle East, reports say from BBC
2026-03-14 05:14:43,788 - INFO - [The Guardian] Article: https://www.theguardian.com/us-news/2026/mar/12/trump-immigration-deportations-eswatini
2026-03-14 05:14:43,788 - INFO - [The Guardian] Attempt 1/1: Trying with 'requests_browser' strategy...
2026-03-14 05:14:43,853 - INFO - [The Guardian] Success with 'requests_browser'. Found content (535 words).
2026-03-14 05:14:43,890 - INFO - Duplicate article skipped: Eswatini says it received more ‘third country’ deportees as part of deal with Trump administration | US immigration | The Guardian from The Guardian
2026-03-14 05:14:44,489 - INFO - [The Guardian] Article: https://www.theguardian.com/global-development/2026/mar/12/uk-government-axes-flagship-global-health-project
2026-03-14 05:14:44,489 - INFO - [The Guardian] Attempt 1/1: Trying with 'requests_browser' strategy...
2026-03-14 05:14:44,542 - INFO - [The Guardian] Success with 'requests_browser'. Found content (626 words).
2026-03-14 05:14:44,577 - INFO - Duplicate article skipped: UK government axes flagship global health project | Global development | The Guardian from The Guardian
2026-03-14 05:14:44,620 - INFO - [BBC] Article: https://www.bbc.com/news/articles/c78xxyyqwe7o?at_medium=RSS&at_campaign=rss
2026-03-14 05:14:44,620 - INFO - [BBC] Attempt 1/1: Trying with 'requests_browser' strategy...
2026-03-14 05:14:44,688 - INFO - [BBC] Success with 'requests_browser'. Found content (1642 words).
2026-03-14 05:14:44,735 - INFO - Duplicate article skipped: Xi Jinping: Why is the Chinese leader's anti-corruption drive still going on? from BBC
2026-03-14 05:14:45,737 - INFO - [The Guardian] Article: https://www.theguardian.com/global-development/2026/mar/12/invasive-ai-led-mass-surveillance-in-africa-violating-freedoms-warn-experts
2026-03-14 05:14:45,738 - INFO - [The Guardian] Attempt 1/1: Trying with 'requests_browser' strategy...
2026-03-14 05:14:45,815 - INFO - [The Guardian] Success with 'requests_browser'. Found content (621 words).
2026-03-14 05:14:45,851 - INFO - Duplicate article skipped: ‘Invasive’ AI-led mass surveillance in Africa violating freedoms, warn experts | Global development | The Guardian from The Guardian
2026-03-14 05:14:46,073 - INFO - [BBC] Article: https://www.bbc.com/news/articles/cy0dz5ql17vo?at_medium=RSS&at_campaign=rss
2026-03-14 05:14:46,073 - INFO - [BBC] Attempt 1/1: Trying with 'requests_browser' strategy...
2026-03-14 05:14:46,111 - INFO - [BBC] Success with 'requests_browser'. Found content (603 words).
2026-03-14 05:14:46,151 - INFO - Duplicate article skipped: All six crew members killed after US refuelling plane crashes in Iraq from BBC
2026-03-14 05:14:46,963 - INFO - [BBC] Article: https://www.bbc.com/news/articles/cn9ewxq98e5o?at_medium=RSS&at_campaign=rss
2026-03-14 05:14:46,963 - INFO - [BBC] Attempt 1/1: Trying with 'requests_browser' strategy...
2026-03-14 05:14:46,997 - INFO - [BBC] Success with 'requests_browser'. Found content (515 words).
2026-03-14 05:14:47,041 - INFO - Saved article: LA28 Epstein fallout: City Council urges Wasserman investigation from BBC
2026-03-14 05:14:47,133 - INFO - [The Guardian] Article: https://www.theguardian.com/world/2026/mar/11/at-least-17-killed-after-drone-strikes-school-in-sudan
2026-03-14 05:14:47,134 - INFO - [The Guardian] Attempt 1/1: Trying with 'requests_browser' strategy...
2026-03-14 05:14:47,215 - INFO - [The Guardian] Success with 'requests_browser'. Found content (363 words).
2026-03-14 05:14:47,260 - INFO - Duplicate article skipped: At least 17 killed after drone strikes school in Sudan | Sudan | The Guardian from The Guardian
2026-03-14 05:14:48,200 - INFO - [BBC] Article: https://www.bbc.com/news/articles/cdxz0jpzk4do?at_medium=RSS&at_campaign=rss
2026-03-14 05:14:48,200 - INFO - [BBC] Attempt 1/1: Trying with 'requests_browser' strategy...
2026-03-14 05:14:48,235 - INFO - [BBC] Success with 'requests_browser'. Found content (713 words).
2026-03-14 05:14:48,297 - INFO - Duplicate article skipped: Family of Michigan synagogue suspect killed in Lebanon airstrike, officials say from BBC
2026-03-14 05:14:48,714 - INFO - [The Guardian] Article: https://www.theguardian.com/world/2026/mar/13/uruguayan-drug-trafficking-suspect-sebastian-marset-arrested-bolivia
2026-03-14 05:14:48,714 - INFO - [The Guardian] Attempt 1/1: Trying with 'requests_browser' strategy...
2026-03-14 05:14:48,775 - INFO - [The Guardian] Success with 'requests_browser'. Found content (471 words).
2026-03-14 05:14:48,809 - INFO - Duplicate article skipped: Bolivia arrests alleged drug kingpin accused of putting hit on Paraguayan prosecutor | Bolivia | The Guardian from The Guardian
2026-03-14 05:14:49,541 - INFO - [BBC] Article: https://www.bbc.com/news/articles/c79505804lpo?at_medium=RSS&at_campaign=rss
2026-03-14 05:14:49,541 - INFO - [BBC] Attempt 1/1: Trying with 'requests_browser' strategy...
2026-03-14 05:14:49,594 - INFO - [BBC] Success with 'requests_browser'. Found content (1016 words).
2026-03-14 05:14:49,638 - INFO - Duplicate article skipped: Under drone fire, exiled Kurds wait to confront Iranian regime from BBC
2026-03-14 05:14:50,222 - INFO - [The Guardian] Article: https://www.theguardian.com/us-news/ng-interactive/2026/mar/13/honduras-family-immigration-deportation
2026-03-14 05:14:50,222 - INFO - [The Guardian] Attempt 1/1: Trying with 'requests_browser' strategy...
2026-03-14 05:14:50,383 - INFO - [The Guardian] Success with 'requests_browser'. Found content (2720 words).
2026-03-14 05:14:50,422 - INFO - Duplicate article skipped: An environmental activist and her family escaped death threats in Honduras. ICE deported her husband anyway | US immigration | The Guardian from The Guardian
2026-03-14 05:14:50,594 - INFO - Selenium driver initialized successfully.
2026-03-14 05:14:50,595 - INFO - Starting scrape for Times of India RSS feed: https://timesofindia.indiatimes.com/rssfeeds/296589292.cms
2026-03-14 05:14:50,595 - INFO - Selenium driver initialized successfully.
2026-03-14 05:14:50,596 - INFO - Starting scrape for The Hindu RSS feed: https://www.thehindu.com/news/national/feeder/default.rss
2026-03-14 05:14:50,643 - INFO - Found 20 articles in Times of India RSS feed. Processing up to 10.
2026-03-14 05:14:50,643 - INFO - [Times of India] Article: https://timesofindia.indiatimes.com/world/middle-east/saudi-arabia-filipino-domestic-worker-arrested-in-madinah-after-child-fatally-stabbed-at-home/articleshow/129568408.cms
2026-03-14 05:14:50,643 - INFO - [Times of India] Attempt 1/1: Trying with 'selenium_browser' strategy...
2026-03-14 05:14:50,679 - INFO - [BBC] Article: https://www.bbc.com/news/articles/c1l76346dvlo?at_medium=RSS&at_campaign=rss
2026-03-14 05:14:50,680 - INFO - [BBC] Attempt 1/1: Trying with 'requests_browser' strategy...
2026-03-14 05:14:50,715 - INFO - [BBC] Success with 'requests_browser'. Found content (506 words).
2026-03-14 05:14:50,756 - INFO - Saved article: Charges dropped against Georgia teens whose teacher died during toilet paper prank from BBC
2026-03-14 05:14:50,770 - INFO - Found 100 articles in The Hindu RSS feed. Processing up to 10.
2026-03-14 05:14:50,770 - INFO - [The Hindu] Article: https://www.thehindu.com/news/national/bihar/debut-in-politics-nishant-kumar-remains-busy-with-party-activities/article70740341.ece
2026-03-14 05:14:50,770 - INFO - [The Hindu] Attempt 1/1: Trying with 'selenium_browser' strategy...
2026-03-14 05:14:51,104 - INFO - [The Guardian] Article: https://www.theguardian.com/world/2026/mar/13/cuba-us-talks-miguel-diaz-canel-trump
2026-03-14 05:14:51,104 - INFO - [The Guardian] Attempt 1/1: Trying with 'requests_browser' strategy...
2026-03-14 05:14:51,164 - INFO - [The Guardian] Success with 'requests_browser'. Found content (715 words).
2026-03-14 05:14:51,205 - INFO - Duplicate article skipped: Cuban president confirms talks with Trump officials amid US blockade | Cuba | The Guardian from The Guardian
2026-03-14 05:14:51,910 - INFO - [BBC] Article: https://www.bbc.com/news/articles/c1d6l67122wo?at_medium=RSS&at_campaign=rss
2026-03-14 05:14:51,911 - INFO - [BBC] Attempt 1/1: Trying with 'requests_browser' strategy...
2026-03-14 05:14:51,956 - INFO - [BBC] Success with 'requests_browser'. Found content (685 words).
2026-03-14 05:14:52,028 - INFO - Duplicate article skipped: Ukraine and allies fear easing Russian sanctions will prolong war from BBC
2026-03-14 05:14:52,601 - INFO - [The Guardian] Article: https://www.theguardian.com/uk-news/2026/mar/13/king-charles-alberta-separatism-canada-first-nations
2026-03-14 05:14:52,601 - INFO - [The Guardian] Attempt 1/1: Trying with 'requests_browser' strategy...
2026-03-14 05:14:52,766 - INFO - [The Guardian] Success with 'requests_browser'. Found content (552 words).
2026-03-14 05:14:52,958 - INFO - Duplicate article skipped: King Charles concerned about Alberta separatist movement, First Nation chief says | King Charles III | The Guardian from The Guardian
2026-03-14 05:14:53,258 - INFO - [BBC] Article: https://www.bbc.com/news/articles/cr45v7ey91eo?at_medium=RSS&at_campaign=rss
2026-03-14 05:14:53,259 - INFO - [BBC] Attempt 1/1: Trying with 'requests_browser' strategy...
2026-03-14 05:14:53,379 - INFO - [BBC] Success with 'requests_browser'. Found content (381 words).
2026-03-14 05:14:53,502 - INFO - Duplicate article skipped: Pink Floyd guitar sold for record-breaking $14.6m from BBC
2026-03-14 05:14:54,217 - INFO - [The Guardian] Article: https://www.theguardian.com/world/2026/mar/12/two-plasma-donors-die-private-canada-clinics
2026-03-14 05:14:54,217 - INFO - [The Guardian] Attempt 1/1: Trying with 'requests_browser' strategy...
2026-03-14 05:14:54,260 - INFO - [BBC] Article: https://www.bbc.com/sport/formula1/articles/c875vw1lwjzo?at_medium=RSS&at_campaign=rss
2026-03-14 05:14:54,260 - INFO - [BBC] Attempt 1/1: Trying with 'requests_browser' strategy...
2026-03-14 05:14:54,335 - INFO - [BBC] Success with 'requests_browser'. Found content (425 words).
2026-03-14 05:14:54,413 - INFO - Duplicate article skipped: Bahrain and Saudi Arabia GPs to be cancelled amid Middle East war - BBC Sport from BBC
2026-03-14 05:14:54,461 - INFO - [The Guardian] Success with 'requests_browser'. Found content (1291 words).
2026-03-14 05:14:54,547 - INFO - Duplicate article skipped: Two people die after donating plasma at Canadian clinics under federal investigation | Canada | The Guardian from The Guardian
2026-03-14 05:15:04,756 - INFO - [The Hindu] Page content loaded.
2026-03-14 05:15:05,038 - INFO - [The Hindu] Success with 'selenium_browser'. Found content (804 words).
2026-03-14 05:15:05,430 - INFO - Saved article: Debut in politics, Nishant Kumar remains busy with party activities - The Hindu from The Hindu
2026-03-14 05:15:06,193 - INFO - [The Hindu] Article: https://www.thehindu.com/news/national/madhya-pradesh/bhopal-gas-tragedy-madhya-pradesh-hc-asks-government-to-share-clean-up-plan/article70740415.ece
2026-03-14 05:15:06,193 - INFO - [The Hindu] Attempt 1/1: Trying with 'selenium_browser' strategy...
2026-03-14 05:15:08,918 - INFO - [The Hindu] Page content loaded.
2026-03-14 05:15:09,116 - INFO - [The Hindu] Success with 'selenium_browser'. Found content (380 words).
2026-03-14 05:15:09,266 - INFO - Saved article: Bhopal gas tragedy: Madhya Pradesh HC asks government to share clean-up plan - The Hindu from The Hindu
2026-03-14 05:15:10,183 - INFO - [The Hindu] Article: https://www.thehindu.com/news/national/uttar-pradesh/rahul-gandhi-remembered-kanshi-ram-ahead-of-birth-anniversary-vows-to-fight-for-marginalised/article70740493.ece
2026-03-14 05:15:10,183 - INFO - [The Hindu] Attempt 1/1: Trying with 'selenium_browser' strategy...
2026-03-14 05:15:14,387 - INFO - [The Hindu] Page content loaded.
2026-03-14 05:15:14,740 - INFO - [The Hindu] Success with 'selenium_browser'. Found content (628 words).
2026-03-14 05:15:14,981 - INFO - Saved article: Rahul Gandhi pays tribute to Kanshi Ram ahead of birth anniversary, vows to fight for marginalised - The Hindu from The Hindu
2026-03-14 05:15:16,058 - INFO - [The Hindu] Article: https://www.thehindu.com/news/national/manipur/attack-on-manipur-woman-nhrc-issues-notice-to-delhi-police/article70740010.ece
2026-03-14 05:15:16,059 - INFO - [The Hindu] Attempt 1/1: Trying with 'selenium_browser' strategy...
2026-03-14 05:15:18,814 - INFO - [The Hindu] Page content loaded.
2026-03-14 05:15:18,870 - INFO - [The Hindu] Success with 'selenium_browser'. Found content (127 words).
2026-03-14 05:15:18,949 - INFO - Saved article: Attack on Manipur woman: NHRC issues notice to Delhi Police - The Hindu from The Hindu
2026-03-14 05:15:20,051 - INFO - [The Hindu] Article: https://www.thehindu.com/news/national/11-indian-nationals-charged-in-us-over-visa-fraud-scheme/article70742228.ece
2026-03-14 05:15:20,051 - INFO - [The Hindu] Attempt 1/1: Trying with 'selenium_browser' strategy...
2026-03-14 05:15:21,677 - INFO - [The Hindu] Page content loaded.
2026-03-14 05:15:21,764 - INFO - [The Hindu] Success with 'selenium_browser'. Found content (504 words).
2026-03-14 05:15:21,863 - INFO - Saved article: 11 Indian nationals charged in U.S. over visa fraud scheme - The Hindu from The Hindu
2026-03-14 05:15:22,583 - INFO - [The Hindu] Article: https://www.thehindu.com/sci-tech/science/pi-day-2026-significance-of-the-mathematical-constant-%CF%80/article70742211.ece
2026-03-14 05:15:22,584 - INFO - [The Hindu] Attempt 1/1: Trying with 'selenium_browser' strategy...
2026-03-14 05:15:24,494 - INFO - [The Hindu] Page content loaded.
2026-03-14 05:15:24,728 - INFO - [The Hindu] Success with 'selenium_browser'. Found content (610 words).
2026-03-14 05:15:24,820 - INFO - Saved article: Pi Day 2026: significance of the mathematical constant π - The Hindu from The Hindu
2026-03-14 05:15:25,572 - INFO - [The Hindu] Article: https://www.thehindu.com/news/national/telangana/the-curious-case-of-scrs-twin-stations/article70740177.ece
2026-03-14 05:15:25,572 - INFO - [The Hindu] Attempt 1/1: Trying with 'selenium_browser' strategy...
2026-03-14 05:15:27,425 - INFO - [The Hindu] Page content loaded.
2026-03-14 05:15:27,477 - INFO - [The Hindu] Success with 'selenium_browser'. Found content (605 words).
2026-03-14 05:15:27,571 - INFO - Saved article: The curious case of SCR’s twin stations - The Hindu from The Hindu
2026-03-14 05:15:28,968 - INFO - [The Hindu] Article: https://www.thehindu.com/news/national/what-are-the-changes-being-proposed-to-transgender-persons-protection-of-rights-act-2019-explained/article70742191.ece
2026-03-14 05:15:28,968 - INFO - [The Hindu] Attempt 1/1: Trying with 'selenium_browser' strategy...
2026-03-14 05:15:30,622 - INFO - [The Hindu] Page content loaded.
2026-03-14 05:15:30,994 - INFO - [The Hindu] Success with 'selenium_browser'. Found content (1999 words).
2026-03-14 05:15:31,067 - INFO - Duplicate article skipped: What are the changes being proposed to Transgender Persons (Protection of Rights) Act, 2019 | Explained - The Hindu from The Hindu
2026-03-14 05:15:31,866 - INFO - [The Hindu] Article: https://www.thehindu.com/sci-tech/health/india-roots-for-benefits-system-at-pandemic-agreement-talks/article70731886.ece
2026-03-14 05:15:31,866 - INFO - [The Hindu] Attempt 1/1: Trying with 'selenium_browser' strategy...
2026-03-14 05:15:32,787 - INFO - [The Hindu] Page content loaded.
2026-03-14 05:15:32,838 - INFO - [The Hindu] Success with 'selenium_browser'. Found content (625 words).
2026-03-14 05:15:32,920 - INFO - Duplicate article skipped: India roots for benefits system at pandemic agreement talks - The Hindu from The Hindu
2026-03-14 05:15:34,289 - INFO - [The Hindu] Article: https://www.thehindu.com/news/national/west-bengal/cm-mamata-announces-development-boards-for-marginalised-communities-ahead-of-bengal-assembly-polls/article70739716.ece
2026-03-14 05:15:34,289 - INFO - [The Hindu] Attempt 1/1: Trying with 'selenium_browser' strategy...
2026-03-14 05:15:35,516 - INFO - [The Hindu] Page content loaded.
2026-03-14 05:15:35,591 - INFO - [The Hindu] Success with 'selenium_browser'. Found content (337 words).
2026-03-14 05:15:35,678 - INFO - Duplicate article skipped: CM Mamata announces development boards for marginalised communities ahead of Bengal Assembly polls - The Hindu from The Hindu
2026-03-14 05:15:37,098 - INFO - [The Hindu] (Thread) Finished. Attempting to shut down its Selenium driver.
2026-03-14 05:15:37,288 - INFO - [The Hindu] (Thread) driver.quit() successful.
2026-03-14 05:15:50,659 - ERROR - [Times of India] Request failed for strategy 'selenium_browser' on URL https://timesofindia.indiatimes.com/world/middle-east/saudi-arabia-filipino-domestic-worker-arrested-in-madinah-after-child-fatally-stabbed-at-home/articleshow/129568408.cms: Message: timeout: Timed out receiving message from renderer: 59.763
  (Session info: chrome=145.0.7632.159)
Stacktrace:
#0 0x55d5c4f3ab6a <unknown>
#1 0x55d5c494da32 <unknown>
#2 0x55d5c4935007 <unknown>
#3 0x55d5c4934c16 <unknown>
#4 0x55d5c4932731 <unknown>
#5 0x55d5c49330bf <unknown>
#6 0x55d5c4942560 <unknown>
#7 0x55d5c495c707 <unknown>
#8 0x55d5c49638db <unknown>
#9 0x55d5c4933829 <unknown>
#10 0x55d5c495c49c <unknown>
#11 0x55d5c49eb6e1 <unknown>
#12 0x55d5c4994c0f <unknown>
#13 0x55d5c49959d1 <unknown>
#14 0x55d5c4eff6b9 <unknown>
#15 0x55d5c4f025c1 <unknown>
#16 0x55d5c4eebe29 <unknown>
#17 0x55d5c4f0317e <unknown>
#18 0x55d5c4ed24b0 <unknown>
#19 0x55d5c4f27578 <unknown>
#20 0x55d5c4f2774b <unknown>
#21 0x55d5c4f391a3 <unknown>
#22 0x7f1ca169caa4 <unknown>
#23 0x7f1ca1729c6c <unknown>

2026-03-14 05:15:50,659 - ERROR - [Times of India] All scrape strategies failed for https://timesofindia.indiatimes.com/world/middle-east/saudi-arabia-filipino-domestic-worker-arrested-in-madinah-after-child-fatally-stabbed-at-home/articleshow/129568408.cms. Falling back to RSS description.
2026-03-14 05:15:50,661 - INFO - Saved article: Saudi Arabia: Filipino domestic worker arrested in Madinah after child fatally stabbed at home from Times of India
2026-03-14 05:15:51,631 - INFO - [Times of India] Article: https://timesofindia.indiatimes.com/world/middle-east/white-house-now-begging-india-iran-fm-araghchi-mocks-us-u-turn-on-russian-oil/articleshow/129568264.cms
2026-03-14 05:15:51,631 - INFO - [Times of India] Attempt 1/1: Trying with 'selenium_browser' strategy...
2026-03-14 05:15:52,811 - INFO - [Times of India] Page content loaded.
2026-03-14 05:15:52,978 - INFO - [Times of India] Success with 'selenium_browser'. Found content (419 words).
2026-03-14 05:15:53,056 - INFO - Saved article: India Russian Oil Imports: 'White House now begging India': Iran FM Araghchi mocks US U-turn on Russian oil - The Times of India from Times of India
2026-03-14 05:15:53,618 - INFO - [Times of India] Article: https://timesofindia.indiatimes.com/world/middle-east/video-israel-shares-video-claiming-cluster-bomb-from-iranian-missile-fell-inside-empty-school/articleshow/129568146.cms
2026-03-14 05:15:53,619 - INFO - [Times of India] Attempt 1/1: Trying with 'selenium_browser' strategy...
2026-03-14 05:15:55,914 - INFO - [Times of India] Page content loaded.
2026-03-14 05:15:56,029 - INFO - [Times of India] Success with 'selenium_browser'. Found content (241 words).
2026-03-14 05:15:56,128 - INFO - Saved article: Video: Israel shares video claiming cluster bomb from Iranian missile fell inside empty school - The Times of India from Times of India
2026-03-14 05:15:57,235 - INFO - [Times of India] Article: https://timesofindia.indiatimes.com/world/middle-east/israels-strike-kills-12-medical-workers-at-lebanon-clinic-amid-escalating-middle-east-conflict/articleshow/129567808.cms
2026-03-14 05:15:57,235 - INFO - [Times of India] Attempt 1/1: Trying with 'selenium_browser' strategy...
2026-03-14 05:15:59,011 - INFO - [Times of India] Page content loaded.
2026-03-14 05:15:59,147 - INFO - [Times of India] Success with 'selenium_browser'. Found content (295 words).
2026-03-14 05:15:59,240 - INFO - Saved article: Israel's strike kills 12 medical workers at Lebanon clinic amid escalating Middle East conflict - The Times of India from Times of India
2026-03-14 05:16:00,147 - INFO - [Times of India] Article: https://timesofindia.indiatimes.com/world/middle-east/dubai-news-evacuate-the-office-standard-chartered-responds-to-viral-rumours-in-uae-emirate-amid-iran-vs-us-israel-war/articleshow/129564634.cms
2026-03-14 05:16:00,147 - INFO - [Times of India] Attempt 1/1: Trying with 'selenium_browser' strategy...
2026-03-14 05:16:01,870 - INFO - [Times of India] Page content loaded.
2026-03-14 05:16:02,059 - INFO - [Times of India] Success with 'selenium_browser'. Found content (969 words).
2026-03-14 05:16:02,114 - INFO - Duplicate article skipped: Dubai news: ‘Evacuate the office?’ Standard Chartered responds to viral rumours in UAE emirate amid Iran vs US-Israel war - The Times of India from Times of India
2026-03-14 05:16:02,885 - INFO - [Times of India] Article: https://timesofindia.indiatimes.com/world/middle-east/why-the-us-is-sending-assault-ship-uss-tripoli-thousands-of-marines-to-the-middle-east-and-what-it-means-for-iran-vs-israel-war/articleshow/129564511.cms
2026-03-14 05:16:02,886 - INFO - [Times of India] Attempt 1/1: Trying with 'selenium_browser' strategy...
2026-03-14 05:16:05,656 - INFO - [Times of India] Page content loaded.
2026-03-14 05:16:05,871 - INFO - [Times of India] Success with 'selenium_browser'. Found content (1004 words).
2026-03-14 05:16:05,944 - INFO - Duplicate article skipped: Uss Tripoli: Why the US is sending assault ship USS Tripoli, thousands of marines to the Middle East and what it means for Iran vs Israel war - The Times of India from Times of India
2026-03-14 05:16:06,609 - INFO - [Times of India] Article: https://timesofindia.indiatimes.com/world/rest-of-world/france-returns-african-talking-drum-the-sacred-instrument-that-once-spoke-to-entire-villages-and-warned-of-danger/articleshow/129564543.cms
2026-03-14 05:16:06,609 - INFO - [Times of India] Attempt 1/1: Trying with 'selenium_browser' strategy...
2026-03-14 05:16:07,465 - INFO - [Times of India] Page content loaded.
2026-03-14 05:16:07,619 - INFO - [Times of India] Success with 'selenium_browser'. Found content (945 words).
2026-03-14 05:16:07,677 - INFO - Duplicate article skipped: Djidji Ayokwe: France returns African talking drum: The sacred instrument that once 'spoke' to entire villages and warned of danger | World News - The Times of India from Times of India
2026-03-14 05:16:08,633 - INFO - [Times of India] Article: https://timesofindia.indiatimes.com/world/us/first-photo-released-of-man-who-rammed-car-into-michigan-jewish-preschool/articleshow/129564529.cms
2026-03-14 05:16:08,633 - INFO - [Times of India] Attempt 1/1: Trying with 'selenium_browser' strategy...
2026-03-14 05:16:09,757 - INFO - [Times of India] Page content loaded.
2026-03-14 05:16:09,888 - INFO - [Times of India] Success with 'selenium_browser'. Found content (266 words).
2026-03-14 05:16:09,955 - INFO - Duplicate article skipped: First photo released of man who rammed car into Michigan Jewish preschool - The Times of India from Times of India
2026-03-14 05:16:10,713 - INFO - [Times of India] Article: https://timesofindia.indiatimes.com/world/us/not-stuck-by-choice-indian-american-explains-why-h-1b-visas-are-dominated-by-indians-and-green-cards-trap-them-in-temporary-status/articleshow/129564486.cms
2026-03-14 05:16:10,714 - INFO - [Times of India] Attempt 1/1: Trying with 'selenium_browser' strategy...
2026-03-14 05:16:11,839 - INFO - [Times of India] Page content loaded.
2026-03-14 05:16:12,000 - INFO - [Times of India] Success with 'selenium_browser'. Found content (440 words).
2026-03-14 05:16:12,062 - INFO - Duplicate article skipped: H-1B Visa: 'Not stuck by choice': Indian American explains why H-1B visas are dominated by Indians and Green Cards trap them in temporary status - The Times of India from Times of India
2026-03-14 05:16:12,647 - INFO - [Times of India] Article: https://timesofindia.indiatimes.com/etimes/trending/almost-love-trap-explained-what-is-limerence-trend-in-modern-dating-that-makes-you-think-about-someone-24/7/articleshow/129564157.cms
2026-03-14 05:16:12,647 - INFO - [Times of India] Attempt 1/1: Trying with 'selenium_browser' strategy...
2026-03-14 05:16:14,344 - INFO - [Times of India] Page content loaded.
2026-03-14 05:16:14,484 - INFO - [Times of India] Success with 'selenium_browser'. Found content (1251 words).
2026-03-14 05:16:14,552 - INFO - Duplicate article skipped: ‘Almost love’ trap explained: What is limerence trend in modern dating that makes you think about someone 24/7? - The Times of India from Times of India
2026-03-14 05:16:15,118 - INFO - [Times of India] (Thread) Finished. Attempting to shut down its Selenium driver.
2026-03-14 05:16:15,470 - INFO - [Times of India] (Thread) driver.quit() successful.
2026-03-14 05:16:15,470 - INFO - Shutting down thread pool (wait=False)...
2026-03-14 05:16:15,470 - INFO - Scraped: 4 Times of India, 7 The Hindu, 3 BBC, 0 The Guardian articles. (Total saved: 14)
2026-03-14 05:16:15,470 - INFO - --- Scraping job finished ---
2026-03-14 05:16:15,476 - INFO - --- Scraper service stopped and database connection closed. ---
2026-03-14 05:16:15,476 - INFO - --- Main thread finished. Forcing process exit to kill zombie threads. ---
