2026-03-14 13:06:32,673 - INFO - Initializing database connection at: news_articles.db
2026-03-14 13:06:32,674 - INFO - --- Scraper service started (CI Mode: Run Once) ---
2026-03-14 13:06:32,674 - INFO - --- Starting new scraping job (Parallel Mode) ---
2026-03-14 13:06:32,674 - INFO - Creating new robust session with 3 retries on 5xx/connection/read errors.
2026-03-14 13:06:32,674 - INFO - Proxy is DISABLED.
2026-03-14 13:06:32,675 - INFO - Starting scrape for BBC RSS feed: http://feeds.bbci.co.uk/news/world/rss.xml
2026-03-14 13:06:32,675 - INFO - [Times of India] (Thread) requires Selenium. Initializing driver...
2026-03-14 13:06:32,675 - INFO - Initializing headless Selenium Chrome driver (using SeleniumManager)...
2026-03-14 13:06:32,676 - INFO - Starting scrape for The Guardian RSS feed: https://www.theguardian.com/world/rss
2026-03-14 13:06:32,676 - INFO - [The Hindu] (Thread) requires Selenium. Initializing driver...
2026-03-14 13:06:32,676 - INFO - Initializing headless Selenium Chrome driver (using SeleniumManager)...
2026-03-14 13:06:32,676 - INFO - Submitted 4 jobs to thread pool. Waiting up to 300s for completion...
2026-03-14 13:06:32,828 - INFO - Found 45 articles in The Guardian RSS feed. Processing up to 10.
2026-03-14 13:06:32,828 - INFO - [The Guardian] Article: https://www.theguardian.com/world/2026/mar/13/france-returns-sacred-djidji-ayokwe-talking-drum-looted-from-cote-divoire
2026-03-14 13:06:32,829 - INFO - [The Guardian] Attempt 1/1: Trying with 'requests_browser' strategy...
2026-03-14 13:06:32,899 - INFO - [The Guardian] Success with 'requests_browser'. Found content (512 words).
2026-03-14 13:06:32,953 - INFO - Duplicate article skipped: France returns sacred talking drum looted from Côte d’Ivoire over 100 years ago | Côte d’Ivoire | The Guardian from The Guardian
2026-03-14 13:06:33,074 - INFO - Found 39 articles in BBC RSS feed. Processing up to 10.
2026-03-14 13:06:33,074 - INFO - [BBC] Article: https://www.bbc.com/news/articles/c8jxzlwvd8ro?at_medium=RSS&at_campaign=rss
2026-03-14 13:06:33,074 - INFO - [BBC] Attempt 1/1: Trying with 'requests_browser' strategy...
2026-03-14 13:06:33,434 - INFO - [BBC] Success with 'requests_browser'. Found content (885 words).
2026-03-14 13:06:33,499 - INFO - Saved article: Kharg Island: Why has it been targeted by the US? from BBC
2026-03-14 13:06:34,096 - INFO - [The Guardian] Article: https://www.theguardian.com/us-news/2026/mar/12/trump-immigration-deportations-eswatini
2026-03-14 13:06:34,096 - INFO - [The Guardian] Attempt 1/1: Trying with 'requests_browser' strategy...
2026-03-14 13:06:34,145 - INFO - [The Guardian] Success with 'requests_browser'. Found content (535 words).
2026-03-14 13:06:34,181 - INFO - Duplicate article skipped: Eswatini says it received more ‘third country’ deportees as part of deal with Trump administration | US immigration | The Guardian from The Guardian
2026-03-14 13:06:34,687 - INFO - [BBC] Article: https://www.bbc.com/news/articles/cvg3xk6xgyzo?at_medium=RSS&at_campaign=rss
2026-03-14 13:06:34,687 - INFO - [BBC] Attempt 1/1: Trying with 'requests_browser' strategy...
2026-03-14 13:06:34,718 - INFO - [BBC] Success with 'requests_browser'. Found content (345 words).
2026-03-14 13:06:34,761 - INFO - Saved article: Hamas urges key ally Iran to halt attacks on Gulf states from BBC
2026-03-14 13:06:35,520 - INFO - [The Guardian] Article: https://www.theguardian.com/global-development/2026/mar/12/uk-government-axes-flagship-global-health-project
2026-03-14 13:06:35,520 - INFO - [The Guardian] Attempt 1/1: Trying with 'requests_browser' strategy...
2026-03-14 13:06:35,572 - INFO - [The Guardian] Success with 'requests_browser'. Found content (626 words).
2026-03-14 13:06:35,607 - INFO - Duplicate article skipped: UK government axes flagship global health project | Global development | The Guardian from The Guardian
2026-03-14 13:06:35,773 - INFO - [BBC] Article: https://www.bbc.com/news/articles/cq8gj9n12g8o?at_medium=RSS&at_campaign=rss
2026-03-14 13:06:35,773 - INFO - [BBC] Attempt 1/1: Trying with 'requests_browser' strategy...
2026-03-14 13:06:35,808 - INFO - [BBC] Success with 'requests_browser'. Found content (422 words).
2026-03-14 13:06:35,848 - INFO - Duplicate article skipped: More US Marines and warships to be moved to Middle East, reports say from BBC
2026-03-14 13:06:36,494 - INFO - [BBC] Article: https://www.bbc.com/news/articles/cwyg4j58gdyo?at_medium=RSS&at_campaign=rss
2026-03-14 13:06:36,494 - INFO - [BBC] Attempt 1/1: Trying with 'requests_browser' strategy...
2026-03-14 13:06:36,524 - INFO - [BBC] Success with 'requests_browser'. Found content (289 words).
2026-03-14 13:06:36,560 - INFO - Duplicate article skipped: Explosion at Amsterdam Jewish school 'a deliberate attack' says mayor from BBC
2026-03-14 13:06:36,607 - INFO - [The Guardian] Article: https://www.theguardian.com/global-development/2026/mar/12/invasive-ai-led-mass-surveillance-in-africa-violating-freedoms-warn-experts
2026-03-14 13:06:36,607 - INFO - [The Guardian] Attempt 1/1: Trying with 'requests_browser' strategy...
2026-03-14 13:06:36,659 - INFO - [The Guardian] Success with 'requests_browser'. Found content (621 words).
2026-03-14 13:06:36,695 - INFO - Duplicate article skipped: ‘Invasive’ AI-led mass surveillance in Africa violating freedoms, warn experts | Global development | The Guardian from The Guardian
2026-03-14 13:06:37,477 - INFO - [BBC] Article: https://www.bbc.com/news/articles/cev7111kx9wo?at_medium=RSS&at_campaign=rss
2026-03-14 13:06:37,477 - INFO - [BBC] Attempt 1/1: Trying with 'requests_browser' strategy...
2026-03-14 13:06:37,517 - INFO - [BBC] Success with 'requests_browser'. Found content (972 words).
2026-03-14 13:06:37,560 - INFO - Duplicate article skipped: Rescuers blame weather and 'underprepared skiers’ for rise in avalanche deaths from BBC
2026-03-14 13:06:38,028 - INFO - [The Guardian] Article: https://www.theguardian.com/world/2026/mar/11/at-least-17-killed-after-drone-strikes-school-in-sudan
2026-03-14 13:06:38,028 - INFO - [The Guardian] Attempt 1/1: Trying with 'requests_browser' strategy...
2026-03-14 13:06:38,083 - INFO - [The Guardian] Success with 'requests_browser'. Found content (363 words).
2026-03-14 13:06:38,155 - INFO - Duplicate article skipped: At least 17 killed after drone strikes school in Sudan | Sudan | The Guardian from The Guardian
2026-03-14 13:06:38,826 - INFO - [BBC] Article: https://www.bbc.com/news/articles/cn9ewxq98e5o?at_medium=RSS&at_campaign=rss
2026-03-14 13:06:38,826 - INFO - [BBC] Attempt 1/1: Trying with 'requests_browser' strategy...
2026-03-14 13:06:38,862 - INFO - [BBC] Success with 'requests_browser'. Found content (515 words).
2026-03-14 13:06:38,903 - INFO - Duplicate article skipped: LA28 Epstein fallout: City Council urges Wasserman investigation from BBC
2026-03-14 13:06:38,921 - INFO - [The Guardian] Article: https://www.theguardian.com/world/2026/mar/13/uruguayan-drug-trafficking-suspect-sebastian-marset-arrested-bolivia
2026-03-14 13:06:38,921 - INFO - [The Guardian] Attempt 1/1: Trying with 'requests_browser' strategy...
2026-03-14 13:06:39,041 - INFO - [The Guardian] Success with 'requests_browser'. Found content (471 words).
2026-03-14 13:06:39,078 - INFO - Duplicate article skipped: Bolivia arrests alleged drug kingpin accused of putting hit on Paraguayan prosecutor | Bolivia | The Guardian from The Guardian
2026-03-14 13:06:39,727 - INFO - [BBC] Article: https://www.bbc.com/news/articles/c1l76346dvlo?at_medium=RSS&at_campaign=rss
2026-03-14 13:06:39,727 - INFO - [BBC] Attempt 1/1: Trying with 'requests_browser' strategy...
2026-03-14 13:06:39,760 - INFO - [BBC] Success with 'requests_browser'. Found content (506 words).
2026-03-14 13:06:39,795 - INFO - Duplicate article skipped: Charges dropped against Georgia teens whose teacher died during toilet paper prank from BBC
2026-03-14 13:06:40,147 - INFO - [The Guardian] Article: https://www.theguardian.com/us-news/ng-interactive/2026/mar/13/honduras-family-immigration-deportation
2026-03-14 13:06:40,147 - INFO - [The Guardian] Attempt 1/1: Trying with 'requests_browser' strategy...
2026-03-14 13:06:40,212 - INFO - [The Guardian] Success with 'requests_browser'. Found content (2720 words).
2026-03-14 13:06:40,253 - INFO - Duplicate article skipped: An environmental activist and her family escaped death threats in Honduras. ICE deported her husband anyway | US immigration | The Guardian from The Guardian
2026-03-14 13:06:40,330 - INFO - Selenium driver initialized successfully.
2026-03-14 13:06:40,330 - INFO - Starting scrape for The Hindu RSS feed: https://www.thehindu.com/news/national/feeder/default.rss
2026-03-14 13:06:40,331 - INFO - Selenium driver initialized successfully.
2026-03-14 13:06:40,331 - INFO - Starting scrape for Times of India RSS feed: https://timesofindia.indiatimes.com/rssfeeds/296589292.cms
2026-03-14 13:06:40,501 - INFO - Found 20 articles in Times of India RSS feed. Processing up to 10.
2026-03-14 13:06:40,501 - INFO - [Times of India] Article: https://timesofindia.indiatimes.com/world/middle-east/uae-news-dubai-global-village-cancels-eid-al-fitr-fireworks-remains-closed-until-further-notice/articleshow/129572243.cms
2026-03-14 13:06:40,502 - INFO - [Times of India] Attempt 1/1: Trying with 'selenium_browser' strategy...
2026-03-14 13:06:40,527 - INFO - Found 100 articles in The Hindu RSS feed. Processing up to 10.
2026-03-14 13:06:40,528 - INFO - [The Hindu] Article: https://www.thehindu.com/news/national/maharashtra/41-of-166-tiger-deaths-in-country-last-year-reported-in-maharashtra/article70742772.ece
2026-03-14 13:06:40,528 - INFO - [The Hindu] Attempt 1/1: Trying with 'selenium_browser' strategy...
2026-03-14 13:06:40,734 - INFO - [BBC] Article: https://www.bbc.com/news/articles/cdxz0jpzk4do?at_medium=RSS&at_campaign=rss
2026-03-14 13:06:40,734 - INFO - [BBC] Attempt 1/1: Trying with 'requests_browser' strategy...
2026-03-14 13:06:40,767 - INFO - [BBC] Success with 'requests_browser'. Found content (708 words).
2026-03-14 13:06:40,806 - INFO - Duplicate article skipped: Family of Michigan synagogue suspect killed in Lebanon airstrike, officials say from BBC
2026-03-14 13:06:41,531 - INFO - [The Guardian] Article: https://www.theguardian.com/world/2026/mar/13/cuba-us-talks-miguel-diaz-canel-trump
2026-03-14 13:06:41,531 - INFO - [The Guardian] Attempt 1/1: Trying with 'requests_browser' strategy...
2026-03-14 13:06:41,601 - INFO - [The Guardian] Success with 'requests_browser'. Found content (715 words).
2026-03-14 13:06:41,694 - INFO - Duplicate article skipped: Cuban president confirms talks with Trump officials amid US blockade | Cuba | The Guardian from The Guardian
2026-03-14 13:06:42,251 - INFO - [BBC] Article: https://www.bbc.com/news/articles/c1d6l67122wo?at_medium=RSS&at_campaign=rss
2026-03-14 13:06:42,251 - INFO - [BBC] Attempt 1/1: Trying with 'requests_browser' strategy...
2026-03-14 13:06:42,324 - INFO - [BBC] Success with 'requests_browser'. Found content (685 words).
2026-03-14 13:06:42,389 - INFO - Duplicate article skipped: Ukraine and allies fear easing Russian sanctions will prolong war from BBC
2026-03-14 13:06:42,579 - INFO - [The Guardian] Article: https://www.theguardian.com/uk-news/2026/mar/13/king-charles-alberta-separatism-canada-first-nations
2026-03-14 13:06:42,579 - INFO - [The Guardian] Attempt 1/1: Trying with 'requests_browser' strategy...
2026-03-14 13:06:42,720 - INFO - [The Guardian] Success with 'requests_browser'. Found content (552 words).
2026-03-14 13:06:43,026 - INFO - Duplicate article skipped: King Charles concerned about Alberta separatist movement, First Nation chief says | King Charles III | The Guardian from The Guardian
2026-03-14 13:06:43,806 - INFO - [BBC] Article: https://www.bbc.com/news/articles/cr45v7ey91eo?at_medium=RSS&at_campaign=rss
2026-03-14 13:06:43,806 - INFO - [BBC] Attempt 1/1: Trying with 'requests_browser' strategy...
2026-03-14 13:06:43,900 - INFO - [BBC] Success with 'requests_browser'. Found content (381 words).
2026-03-14 13:06:44,027 - INFO - Duplicate article skipped: Pink Floyd guitar sold for record-breaking $14.6m from BBC
2026-03-14 13:06:44,204 - INFO - [The Guardian] Article: https://www.theguardian.com/world/2026/mar/12/two-plasma-donors-die-private-canada-clinics
2026-03-14 13:06:44,204 - INFO - [The Guardian] Attempt 1/1: Trying with 'requests_browser' strategy...
2026-03-14 13:06:44,379 - INFO - [The Guardian] Success with 'requests_browser'. Found content (1291 words).
2026-03-14 13:06:44,503 - INFO - Duplicate article skipped: Two people die after donating plasma at Canadian clinics under federal investigation | Canada | The Guardian from The Guardian
2026-03-14 13:06:45,167 - INFO - [The Hindu] Page content loaded.
2026-03-14 13:06:45,363 - INFO - [The Hindu] Success with 'selenium_browser'. Found content (581 words).
2026-03-14 13:06:45,562 - INFO - Saved article: 41 of 166 tiger deaths in country last year reported in Maharashtra - The Hindu from The Hindu
2026-03-14 13:06:46,583 - INFO - [The Hindu] Article: https://www.thehindu.com/news/national/andhra-pradesh/scientific-restoration-of-alipiri-padalamandapam-in-tirupati-enters-crucial-phase/article70743235.ece
2026-03-14 13:06:46,583 - INFO - [The Hindu] Attempt 1/1: Trying with 'selenium_browser' strategy...
2026-03-14 13:07:13,533 - INFO - [The Hindu] Page content loaded.
2026-03-14 13:07:13,614 - INFO - [The Hindu] Success with 'selenium_browser'. Found content (350 words).
2026-03-14 13:07:13,774 - INFO - Saved article: Scientific restoration of Alipiri Padalamandapam in Tirupati enters crucial phase - The Hindu from The Hindu
2026-03-14 13:07:14,705 - INFO - [The Hindu] Article: https://www.thehindu.com/news/national/karnataka/judge-advises-women-to-be-aware-of-their-rights-and-laws/article70739555.ece
2026-03-14 13:07:14,705 - INFO - [The Hindu] Attempt 1/1: Trying with 'selenium_browser' strategy...
2026-03-14 13:07:15,767 - INFO - [The Hindu] Page content loaded.
2026-03-14 13:07:16,095 - INFO - [The Hindu] Success with 'selenium_browser'. Found content (229 words).
2026-03-14 13:07:16,188 - INFO - Saved article: Judge advises women to be aware of their rights and laws - The Hindu from The Hindu
2026-03-14 13:07:17,540 - INFO - [The Hindu] Article: https://www.thehindu.com/news/national/telangana/nigerian-national-deported-for-eight-year-illegal-stay-in-india/article70743164.ece
2026-03-14 13:07:17,540 - INFO - [The Hindu] Attempt 1/1: Trying with 'selenium_browser' strategy...
2026-03-14 13:07:40,524 - ERROR - [Times of India] Request failed for strategy 'selenium_browser' on URL https://timesofindia.indiatimes.com/world/middle-east/uae-news-dubai-global-village-cancels-eid-al-fitr-fireworks-remains-closed-until-further-notice/articleshow/129572243.cms: Message: timeout: Timed out receiving message from renderer: 59.672
  (Session info: chrome=145.0.7632.116)
Stacktrace:
#0 0x564aa4f75b6a <unknown>
#1 0x564aa4988a32 <unknown>
#2 0x564aa4970007 <unknown>
#3 0x564aa496fc16 <unknown>
#4 0x564aa496d731 <unknown>
#5 0x564aa496e0bf <unknown>
#6 0x564aa497d560 <unknown>
#7 0x564aa4997707 <unknown>
#8 0x564aa499e8db <unknown>
#9 0x564aa496e829 <unknown>
#10 0x564aa499749c <unknown>
#11 0x564aa4a266e1 <unknown>
#12 0x564aa49cfc0f <unknown>
#13 0x564aa49d09d1 <unknown>
#14 0x564aa4f3a6b9 <unknown>
#15 0x564aa4f3d5c1 <unknown>
#16 0x564aa4f26e29 <unknown>
#17 0x564aa4f3e17e <unknown>
#18 0x564aa4f0d4b0 <unknown>
#19 0x564aa4f62578 <unknown>
#20 0x564aa4f6274b <unknown>
#21 0x564aa4f741a3 <unknown>
#22 0x7f458229caa4 <unknown>
#23 0x7f4582329c6c <unknown>

2026-03-14 13:07:40,524 - ERROR - [Times of India] All scrape strategies failed for https://timesofindia.indiatimes.com/world/middle-east/uae-news-dubai-global-village-cancels-eid-al-fitr-fireworks-remains-closed-until-further-notice/articleshow/129572243.cms. Falling back to RSS description.
2026-03-14 13:07:40,525 - INFO - Duplicate article skipped: UAE News: Dubai Global Village cancels Eid Al Fitr fireworks, remains closed until further notice from Times of India
2026-03-14 13:07:41,530 - INFO - [Times of India] Article: https://timesofindia.indiatimes.com/world/middle-east/iran-considers-allowing-a-limited-number-of-oil-tankers-to-pass-through-the-strait-of-hormuz/articleshow/129569651.cms
2026-03-14 13:07:41,530 - INFO - [Times of India] Attempt 1/1: Trying with 'selenium_browser' strategy...
2026-03-14 13:07:42,738 - INFO - [Times of India] Page content loaded.
2026-03-14 13:07:42,910 - INFO - [Times of India] Success with 'selenium_browser'. Found content (399 words).
2026-03-14 13:07:43,007 - INFO - Duplicate article skipped: Iran considers allowing oil tankers to pass through the Strait of Hormuz - but there is a condition - The Times of India from Times of India
2026-03-14 13:07:43,821 - INFO - [Times of India] Article: https://timesofindia.indiatimes.com/world/middle-east/iran-strike-on-uaes-fujairah-port-oil-terminal-triggers-huge-fire/articleshow/129571008.cms
2026-03-14 13:07:43,821 - INFO - [Times of India] Attempt 1/1: Trying with 'selenium_browser' strategy...
2026-03-14 13:07:45,153 - INFO - [Times of India] Page content loaded.
2026-03-14 13:07:45,348 - INFO - [Times of India] Success with 'selenium_browser'. Found content (322 words).
2026-03-14 13:07:45,424 - INFO - Duplicate article skipped: Iran strike on UAE's Fujairah port oil terminal triggers huge fire - The Times of India from Times of India
2026-03-14 13:07:46,368 - INFO - [Times of India] Article: https://timesofindia.indiatimes.com/defence/international/inside-irans-war-tunnel-huge-collection-of-drones-displayed-under-khameneis-images-watch/articleshow/129569211.cms
2026-03-14 13:07:46,368 - INFO - [Times of India] Attempt 1/1: Trying with 'selenium_browser' strategy...
2026-03-14 13:07:47,651 - INFO - [Times of India] Page content loaded.
2026-03-14 13:07:47,704 - INFO - [Times of India] Success with 'selenium_browser'. Found content (164 words).
2026-03-14 13:07:47,728 - INFO - Duplicate article skipped: Inside Iran's war tunnel: Huge collection of drones displayed under Khamenei's images - watch - The Times of India from Times of India
2026-03-14 13:07:49,012 - INFO - [Times of India] Article: https://timesofindia.indiatimes.com/world/middle-east/did-trump-reject-putins-iran-deal-to-end-war-what-was-the-offer/articleshow/129570719.cms
2026-03-14 13:07:49,012 - INFO - [Times of India] Attempt 1/1: Trying with 'selenium_browser' strategy...
2026-03-14 13:07:50,095 - INFO - [Times of India] Page content loaded.
2026-03-14 13:07:50,307 - INFO - [Times of India] Success with 'selenium_browser'. Found content (687 words).
2026-03-14 13:07:50,375 - INFO - Duplicate article skipped: Did Trump reject Putin's Iran deal to end war? What was the offer - The Times of India from Times of India
2026-03-14 13:07:51,624 - INFO - [Times of India] Article: https://timesofindia.indiatimes.com/world/europe/explosion-damages-jewish-school-in-amsterdam-mayor-calls-it-targeted-attack/articleshow/129570199.cms
2026-03-14 13:07:51,624 - INFO - [Times of India] Attempt 1/1: Trying with 'selenium_browser' strategy...
2026-03-14 13:07:53,196 - INFO - [Times of India] Page content loaded.
2026-03-14 13:07:53,398 - INFO - [Times of India] Success with 'selenium_browser'. Found content (240 words).
2026-03-14 13:07:53,464 - INFO - Duplicate article skipped: Explosion damages Jewish school in Amsterdam; mayor calls it targeted attack - The Times of India from Times of India
2026-03-14 13:07:53,982 - INFO - [Times of India] Article: https://timesofindia.indiatimes.com/world/europe/how-ukraine-trip-unravelled-banksys-true-identity/articleshow/129569595.cms
2026-03-14 13:07:53,983 - INFO - [Times of India] Attempt 1/1: Trying with 'selenium_browser' strategy...
2026-03-14 13:07:54,638 - INFO - [Times of India] Page content loaded.
2026-03-14 13:07:54,829 - INFO - [Times of India] Success with 'selenium_browser'. Found content (1286 words).
2026-03-14 13:07:54,908 - INFO - Duplicate article skipped: How Ukraine trip unravelled Banksy's 'true identity' | World News - The Times of India from Times of India
2026-03-14 13:07:56,341 - INFO - [Times of India] Article: https://timesofindia.indiatimes.com/world/middle-east/uae-news-authorities-warn-of-one-of-the-most-destructive-cyber-threats-as-wiper-malware-risk-rises/articleshow/129569324.cms
2026-03-14 13:07:56,341 - INFO - [Times of India] Attempt 1/1: Trying with 'selenium_browser' strategy...
2026-03-14 13:07:57,432 - INFO - [Times of India] Page content loaded.
2026-03-14 13:07:57,634 - INFO - [Times of India] Success with 'selenium_browser'. Found content (512 words).
2026-03-14 13:07:57,700 - INFO - Duplicate article skipped: Cyber Threats: UAE News: Authorities warn of ‘one of the most destructive’ cyber threats as Wiper malware risk rises | World News - The Times of India from Times of India
2026-03-14 13:07:58,867 - INFO - [Times of India] Article: https://timesofindia.indiatimes.com/world/us/washington-flight-disruptions-operations-resume-after-chemical-smell-triggers-ground-stop/articleshow/129568628.cms
2026-03-14 13:07:58,867 - INFO - [Times of India] Attempt 1/1: Trying with 'selenium_browser' strategy...
2026-03-14 13:08:00,033 - INFO - [Times of India] Page content loaded.
2026-03-14 13:08:00,199 - INFO - [Times of India] Success with 'selenium_browser'. Found content (216 words).
2026-03-14 13:08:00,269 - INFO - Duplicate article skipped: Washington flight disruptions: Operations resume after chemical smell triggers ground stop - The Times of India from Times of India
2026-03-14 13:08:00,819 - INFO - [Times of India] Article: https://timesofindia.indiatimes.com/world/middle-east/saudi-arabia-filipino-domestic-worker-arrested-in-madinah-after-child-fatally-stabbed-at-home/articleshow/129568408.cms
2026-03-14 13:08:00,819 - INFO - [Times of India] Attempt 1/1: Trying with 'selenium_browser' strategy...
2026-03-14 13:08:01,715 - INFO - [Times of India] Page content loaded.
2026-03-14 13:08:01,897 - INFO - [Times of India] Success with 'selenium_browser'. Found content (174 words).
2026-03-14 13:08:02,009 - INFO - Duplicate article skipped: Saudi Arabia: Filipino domestic worker arrested in Madinah after child fatally stabbed at home | World News - The Times of India from Times of India
2026-03-14 13:08:03,092 - INFO - [Times of India] (Thread) Finished. Attempting to shut down its Selenium driver.
2026-03-14 13:08:03,494 - INFO - [Times of India] (Thread) driver.quit() successful.
2026-03-14 13:08:17,564 - ERROR - [The Hindu] Request failed for strategy 'selenium_browser' on URL https://www.thehindu.com/news/national/telangana/nigerian-national-deported-for-eight-year-illegal-stay-in-india/article70743164.ece: Message: timeout: Timed out receiving message from renderer: 58.802
  (Session info: chrome=145.0.7632.116)
Stacktrace:
#0 0x563655184b6a <unknown>
#1 0x563654b97a32 <unknown>
#2 0x563654b7f007 <unknown>
#3 0x563654b7ec16 <unknown>
#4 0x563654b7c731 <unknown>
#5 0x563654b7d0bf <unknown>
#6 0x563654b8c560 <unknown>
#7 0x563654ba6707 <unknown>
#8 0x563654bad8db <unknown>
#9 0x563654b7d829 <unknown>
#10 0x563654ba649c <unknown>
#11 0x563654c356e1 <unknown>
#12 0x563654bdec0f <unknown>
#13 0x563654bdf9d1 <unknown>
#14 0x5636551496b9 <unknown>
#15 0x56365514c5c1 <unknown>
#16 0x563655135e29 <unknown>
#17 0x56365514d17e <unknown>
#18 0x56365511c4b0 <unknown>
#19 0x563655171578 <unknown>
#20 0x56365517174b <unknown>
#21 0x5636551831a3 <unknown>
#22 0x7f559669caa4 <unknown>
#23 0x7f5596729c6c <unknown>

2026-03-14 13:08:17,564 - ERROR - [The Hindu] All scrape strategies failed for https://www.thehindu.com/news/national/telangana/nigerian-national-deported-for-eight-year-illegal-stay-in-india/article70743164.ece. Falling back to RSS description.
2026-03-14 13:08:17,566 - INFO - Saved article: Nigerian national deported for eight-year illegal stay in India from The Hindu
2026-03-14 13:08:18,814 - INFO - [The Hindu] Article: https://www.thehindu.com/news/national/telangana/hyderabad-regional-ring-rail-survey-gets-green-signal-from-centre-congress-mp-kiran-kumar-reddy/article70743049.ece
2026-03-14 13:08:18,814 - INFO - [The Hindu] Attempt 1/1: Trying with 'selenium_browser' strategy...
2026-03-14 13:09:18,835 - ERROR - [The Hindu] Request failed for strategy 'selenium_browser' on URL https://www.thehindu.com/news/national/telangana/hyderabad-regional-ring-rail-survey-gets-green-signal-from-centre-congress-mp-kiran-kumar-reddy/article70743049.ece: Message: timeout: Timed out receiving message from renderer: 59.947
  (Session info: chrome=145.0.7632.116)
Stacktrace:
#0 0x563655184b6a <unknown>
#1 0x563654b97a32 <unknown>
#2 0x563654b7f007 <unknown>
#3 0x563654b7ec16 <unknown>
#4 0x563654b7c731 <unknown>
#5 0x563654b7d0bf <unknown>
#6 0x563654b8c560 <unknown>
#7 0x563654ba6707 <unknown>
#8 0x563654bad8db <unknown>
#9 0x563654b7d829 <unknown>
#10 0x563654ba649c <unknown>
#11 0x563654c356e1 <unknown>
#12 0x563654bdec0f <unknown>
#13 0x563654bdf9d1 <unknown>
#14 0x5636551496b9 <unknown>
#15 0x56365514c5c1 <unknown>
#16 0x563655135e29 <unknown>
#17 0x56365514d17e <unknown>
#18 0x56365511c4b0 <unknown>
#19 0x563655171578 <unknown>
#20 0x56365517174b <unknown>
#21 0x5636551831a3 <unknown>
#22 0x7f559669caa4 <unknown>
#23 0x7f5596729c6c <unknown>

2026-03-14 13:09:18,835 - ERROR - [The Hindu] All scrape strategies failed for https://www.thehindu.com/news/national/telangana/hyderabad-regional-ring-rail-survey-gets-green-signal-from-centre-congress-mp-kiran-kumar-reddy/article70743049.ece. Falling back to RSS description.
2026-03-14 13:09:18,837 - INFO - Saved article: Hyderabad Regional Ring Rail survey gets green signal from Centre: Congress MP Kiran Kumar Reddy from The Hindu
2026-03-14 13:09:19,903 - INFO - [The Hindu] Article: https://www.thehindu.com/news/cities/bangalore/foreign-tourists-facing-travel-disruptions-in-karnataka-urged-to-contact-tourism-department/article70743160.ece
2026-03-14 13:09:19,903 - INFO - [The Hindu] Attempt 1/1: Trying with 'selenium_browser' strategy...
2026-03-14 13:09:21,092 - INFO - [The Hindu] Page content loaded.
2026-03-14 13:09:21,179 - WARNING - [The Hindu] FAILED with 'selenium_browser' (content was too short: 74 words).
2026-03-14 13:09:21,179 - ERROR - [The Hindu] All scrape strategies failed for https://www.thehindu.com/news/cities/bangalore/foreign-tourists-facing-travel-disruptions-in-karnataka-urged-to-contact-tourism-department/article70743160.ece. Falling back to RSS description.
2026-03-14 13:09:21,185 - INFO - Saved article: Foreign tourists facing travel disruptions in Karnataka urged to contact Tourism Department from The Hindu
2026-03-14 13:09:22,288 - INFO - [The Hindu] Article: https://www.thehindu.com/news/cities/Hyderabad/man-arrested-for-injecting-his-hiv-positive-blood-into-woman-after-wedding-called-off/article70742928.ece
2026-03-14 13:09:22,289 - INFO - [The Hindu] Attempt 1/1: Trying with 'selenium_browser' strategy...
2026-03-14 13:09:56,356 - INFO - [The Hindu] Page content loaded.
2026-03-14 13:09:56,459 - INFO - [The Hindu] Success with 'selenium_browser'. Found content (310 words).
2026-03-14 13:09:56,545 - INFO - Saved article: Man arrested for injecting his HIV-positive blood into woman after wedding called off - The Hindu from The Hindu
2026-03-14 13:09:57,827 - INFO - [The Hindu] Article: https://www.thehindu.com/news/national/telangana/rera-mandates-bharathi-builders-to-refund-buyers-with-interest-for-uninitiated-kompally-project/article70740769.ece
2026-03-14 13:09:57,827 - INFO - [The Hindu] Attempt 1/1: Trying with 'selenium_browser' strategy...
2026-03-14 13:09:58,806 - INFO - [The Hindu] Page content loaded.
2026-03-14 13:09:58,857 - INFO - [The Hindu] Success with 'selenium_browser'. Found content (179 words).
2026-03-14 13:09:58,917 - INFO - Saved article: RERA mandates Bharathi Builders to refund buyers with interest for uninitiated Kompally project - The Hindu from The Hindu
2026-03-14 13:10:00,224 - INFO - [The Hindu] Article: https://www.thehindu.com/news/national/karnataka/chincholi-to-be-developed-as-mini-tourist-circuit-says-priyank-kharge/article70743189.ece
2026-03-14 13:10:00,224 - INFO - [The Hindu] Attempt 1/1: Trying with 'selenium_browser' strategy...
2026-03-14 13:10:01,290 - INFO - [The Hindu] Page content loaded.
2026-03-14 13:10:01,482 - INFO - [The Hindu] Success with 'selenium_browser'. Found content (537 words).
2026-03-14 13:10:01,569 - INFO - Saved article: Chincholi to be developed as mini tourist circuit, says Priyank Kharge - The Hindu from The Hindu
2026-03-14 13:10:02,612 - INFO - [The Hindu] Article: https://www.thehindu.com/news/national/uttar-pradesh/mayawati-accuses-congress-of-misusing-kanshi-rams-name-for-political-gains/article70743312.ece
2026-03-14 13:10:02,613 - INFO - [The Hindu] Attempt 1/1: Trying with 'selenium_browser' strategy...
2026-03-14 13:10:03,696 - INFO - [The Hindu] Page content loaded.
2026-03-14 13:10:03,798 - INFO - [The Hindu] Success with 'selenium_browser'. Found content (687 words).
2026-03-14 13:10:03,853 - INFO - Saved article: Mayawati accuses Congress of misusing Kanshi Ram's name for political gains - The Hindu from The Hindu
2026-03-14 13:10:04,628 - INFO - [The Hindu] (Thread) Finished. Attempting to shut down its Selenium driver.
2026-03-14 13:10:04,825 - INFO - [The Hindu] (Thread) driver.quit() successful.
2026-03-14 13:10:04,825 - INFO - Shutting down thread pool (wait=False)...
2026-03-14 13:10:04,825 - INFO - Scraped: 0 The Guardian, 2 BBC, 0 Times of India, 10 The Hindu articles. (Total saved: 12)
2026-03-14 13:10:04,825 - INFO - --- Scraping job finished ---
2026-03-14 13:10:04,831 - INFO - --- Scraper service stopped and database connection closed. ---
2026-03-14 13:10:04,831 - INFO - --- Main thread finished. Forcing process exit to kill zombie threads. ---
