2026-03-09 08:55:09,094 - INFO - Initializing database connection at: news_articles.db
2026-03-09 08:55:09,094 - INFO - --- Scraper service started (CI Mode: Run Once) ---
2026-03-09 08:55:09,094 - INFO - --- Starting new scraping job (Parallel Mode) ---
2026-03-09 08:55:09,094 - INFO - Creating new robust session with 3 retries on 5xx/connection/read errors.
2026-03-09 08:55:09,095 - INFO - Proxy is DISABLED.
2026-03-09 08:55:09,095 - INFO - Starting scrape for BBC RSS feed: http://feeds.bbci.co.uk/news/world/rss.xml
2026-03-09 08:55:09,096 - INFO - [Times of India] (Thread) requires Selenium. Initializing driver...
2026-03-09 08:55:09,096 - INFO - Starting scrape for The Guardian RSS feed: https://www.theguardian.com/world/rss
2026-03-09 08:55:09,096 - INFO - Initializing headless Selenium Chrome driver (using SeleniumManager)...
2026-03-09 08:55:09,096 - INFO - [The Hindu] (Thread) requires Selenium. Initializing driver...
2026-03-09 08:55:09,096 - INFO - Submitted 4 jobs to thread pool. Waiting up to 300s for completion...
2026-03-09 08:55:09,097 - INFO - Initializing headless Selenium Chrome driver (using SeleniumManager)...
2026-03-09 08:55:09,354 - INFO - Found 45 articles in The Guardian RSS feed. Processing up to 10.
2026-03-09 08:55:09,354 - INFO - [The Guardian] Article: https://www.theguardian.com/world/2026/mar/07/descendants-of-zimbabwe-resistance-heroes-urge-uk-to-locate-looted-skulls
2026-03-09 08:55:09,354 - INFO - [The Guardian] Attempt 1/1: Trying with 'requests_browser' strategy...
2026-03-09 08:55:09,397 - INFO - [The Guardian] Success with 'requests_browser'. Found content (878 words).
2026-03-09 08:55:09,436 - INFO - Duplicate article skipped: Descendants of Zimbabwe resistance heroes urge UK to locate looted skulls | Zimbabwe | The Guardian from The Guardian
2026-03-09 08:55:09,466 - INFO - Found 25 articles in BBC RSS feed. Processing up to 10.
2026-03-09 08:55:09,466 - INFO - [BBC] Article: https://www.bbc.com/news/articles/c78xxg05w0zo?at_medium=RSS&at_campaign=rss
2026-03-09 08:55:09,466 - INFO - [BBC] Attempt 1/1: Trying with 'requests_browser' strategy...
2026-03-09 08:55:09,609 - INFO - [BBC] Success with 'requests_browser'. Found content (795 words).
2026-03-09 08:55:09,649 - INFO - Duplicate article skipped: Who is Mojtaba Khamenei, Iran's new supreme leader? from BBC
2026-03-09 08:55:10,006 - INFO - [The Guardian] Article: https://www.theguardian.com/global-development/2026/mar/06/generic-drugs-weight-loss-semaglutide-ozempic-wegovy-diabetes-obesity-study
2026-03-09 08:55:10,006 - INFO - [The Guardian] Attempt 1/1: Trying with 'requests_browser' strategy...
2026-03-09 08:55:10,042 - INFO - [The Guardian] Success with 'requests_browser'. Found content (612 words).
2026-03-09 08:55:10,077 - INFO - Duplicate article skipped: Weight-loss jab could be made for $3 a month, study finds | Global health | The Guardian from The Guardian
2026-03-09 08:55:10,492 - INFO - [BBC] Article: https://www.bbc.com/news/articles/c79542n0grwo?at_medium=RSS&at_campaign=rss
2026-03-09 08:55:10,492 - INFO - [BBC] Attempt 1/1: Trying with 'requests_browser' strategy...
2026-03-09 08:55:10,537 - INFO - [BBC] Success with 'requests_browser'. Found content (557 words).
2026-03-09 08:55:10,578 - INFO - Duplicate article skipped: G7 nations to hold emergency meeting on oil as stock markets sink from BBC
2026-03-09 08:55:11,207 - INFO - [The Guardian] Article: https://www.theguardian.com/world/2026/mar/05/three-men-deported-us-eswatini-legal-case-detention
2026-03-09 08:55:11,207 - INFO - [The Guardian] Attempt 1/1: Trying with 'requests_browser' strategy...
2026-03-09 08:55:11,243 - INFO - [The Guardian] Success with 'requests_browser'. Found content (520 words).
2026-03-09 08:55:11,279 - INFO - Duplicate article skipped: Three men deported by US file legal case against Eswatini over detention | Eswatini | The Guardian from The Guardian
2026-03-09 08:55:11,454 - INFO - [BBC] Article: https://www.bbc.com/news/articles/ckg2pm2kvkeo?at_medium=RSS&at_campaign=rss
2026-03-09 08:55:11,454 - INFO - [BBC] Attempt 1/1: Trying with 'requests_browser' strategy...
2026-03-09 08:55:11,496 - INFO - [BBC] Success with 'requests_browser'. Found content (307 words).
2026-03-09 08:55:11,536 - INFO - Duplicate article skipped: Rihanna's Beverly Hills home hit by gunfire, police say from BBC
2026-03-09 08:55:12,237 - INFO - [The Guardian] Article: https://www.theguardian.com/world/2026/mar/05/south-africa-president-cyril-ramaphosa-calls-donald-trump-policy-white-afrikaners-racist
2026-03-09 08:55:12,237 - INFO - [The Guardian] Attempt 1/1: Trying with 'requests_browser' strategy...
2026-03-09 08:55:12,259 - INFO - [BBC] Article: https://www.bbc.com/news/articles/cy8lwnyj40eo?at_medium=RSS&at_campaign=rss
2026-03-09 08:55:12,259 - INFO - [BBC] Attempt 1/1: Trying with 'requests_browser' strategy...
2026-03-09 08:55:12,272 - INFO - [The Guardian] Success with 'requests_browser'. Found content (410 words).
2026-03-09 08:55:12,309 - INFO - Duplicate article skipped: South Africa’s president calls Trump’s policy to offer refuge to white Afrikaners ‘racist’ | South Africa | The Guardian from The Guardian
2026-03-09 08:55:12,326 - INFO - [BBC] Success with 'requests_browser'. Found content (289 words).
2026-03-09 08:55:12,380 - INFO - Saved article: Naveed Akram: Alleged Bondi gunman seeks court order to suppress family's identity from BBC
2026-03-09 08:55:13,442 - INFO - [BBC] Article: https://www.bbc.com/news/articles/c204ymjnn80o?at_medium=RSS&at_campaign=rss
2026-03-09 08:55:13,442 - INFO - [BBC] Attempt 1/1: Trying with 'requests_browser' strategy...
2026-03-09 08:55:13,491 - INFO - [BBC] Success with 'requests_browser'. Found content (522 words).
2026-03-09 08:55:13,535 - INFO - Saved article: Istanbul's ex-mayor Ekrem Imamoglu to stand trial on corruption charges from BBC
2026-03-09 08:55:13,723 - INFO - [The Guardian] Article: https://www.theguardian.com/sport/2026/mar/05/lewis-hamilton-race-africa-grand-prix-retiring-formula-one-colonial
2026-03-09 08:55:13,723 - INFO - [The Guardian] Attempt 1/1: Trying with 'requests_browser' strategy...
2026-03-09 08:55:13,845 - INFO - [The Guardian] Success with 'requests_browser'. Found content (409 words).
2026-03-09 08:55:13,882 - INFO - Duplicate article skipped: Lewis Hamilton sets sights on racing in an African grand prix before retiring | Lewis Hamilton | The Guardian from The Guardian
2026-03-09 08:55:14,687 - INFO - [BBC] Article: https://www.bbc.com/news/articles/cwy8e978xl8o?at_medium=RSS&at_campaign=rss
2026-03-09 08:55:14,687 - INFO - [BBC] Attempt 1/1: Trying with 'requests_browser' strategy...
2026-03-09 08:55:14,738 - INFO - [BBC] Success with 'requests_browser'. Found content (997 words).
2026-03-09 08:55:14,809 - INFO - Saved article: Iran football team: Australia urged to protect Lionesses after elimination at Asian Cup from BBC
2026-03-09 08:55:14,888 - INFO - [The Guardian] Article: https://www.theguardian.com/world/2026/mar/08/haiti-immigrant-mexico-tapachula
2026-03-09 08:55:14,888 - INFO - [The Guardian] Attempt 1/1: Trying with 'requests_browser' strategy...
2026-03-09 08:55:14,933 - INFO - [The Guardian] Success with 'requests_browser'. Found content (2248 words).
2026-03-09 08:55:14,975 - INFO - Duplicate article skipped: ‘I am trying to live’: Haitians in Mexico seek community despite broken immigration systems | World news | The Guardian from The Guardian
2026-03-09 08:55:15,509 - INFO - [BBC] Article: https://www.bbc.com/news/articles/cwy92qpv424o?at_medium=RSS&at_campaign=rss
2026-03-09 08:55:15,509 - INFO - [BBC] Attempt 1/1: Trying with 'requests_browser' strategy...
2026-03-09 08:55:15,561 - INFO - [BBC] Success with 'requests_browser'. Found content (765 words).
2026-03-09 08:55:15,601 - INFO - Duplicate article skipped: Porn ban: Australians must prove they are over 18 to access adult content under new laws from BBC
2026-03-09 08:55:16,329 - INFO - [The Guardian] Article: https://www.theguardian.com/world/2026/mar/08/british-columbia-canada-daylight-saving-time
2026-03-09 08:55:16,329 - INFO - [The Guardian] Attempt 1/1: Trying with 'requests_browser' strategy...
2026-03-09 08:55:16,330 - INFO - [BBC] Article: https://www.bbc.com/news/articles/c5yjegg892lo?at_medium=RSS&at_campaign=rss
2026-03-09 08:55:16,331 - INFO - [BBC] Attempt 1/1: Trying with 'requests_browser' strategy...
2026-03-09 08:55:16,379 - INFO - [The Guardian] Success with 'requests_browser'. Found content (601 words).
2026-03-09 08:55:16,416 - INFO - Duplicate article skipped: Time for a change: British Columbia decides to keep daylight saving time permanently | Canada | The Guardian from The Guardian
2026-03-09 08:55:16,422 - INFO - [BBC] Success with 'requests_browser'. Found content (352 words).
2026-03-09 08:55:16,460 - INFO - Duplicate article skipped: Explosion at US embassy in Oslo may have been terrorism, Norway police say from BBC
2026-03-09 08:55:16,719 - INFO - Selenium driver initialized successfully.
2026-03-09 08:55:16,719 - INFO - Starting scrape for The Hindu RSS feed: https://www.thehindu.com/news/national/feeder/default.rss
2026-03-09 08:55:16,721 - INFO - Selenium driver initialized successfully.
2026-03-09 08:55:16,721 - INFO - Starting scrape for Times of India RSS feed: https://timesofindia.indiatimes.com/rssfeeds/296589292.cms
2026-03-09 08:55:16,959 - INFO - Found 100 articles in The Hindu RSS feed. Processing up to 10.
2026-03-09 08:55:16,960 - INFO - [The Hindu] Article: https://www.thehindu.com/news/national/namibian-cheetah-gives-birth-to-five-cubs-in-kuno-national-park-total-count-rises-to-53/article70721781.ece
2026-03-09 08:55:16,960 - INFO - [The Hindu] Attempt 1/1: Trying with 'selenium_browser' strategy...
2026-03-09 08:55:16,964 - INFO - Found 20 articles in Times of India RSS feed. Processing up to 10.
2026-03-09 08:55:16,964 - INFO - [Times of India] Article: https://timesofindia.indiatimes.com/world/middle-east/us-israel-iran-war-news-live-udates-middle-east-crisis-conflict-drone-ballistic-missile-attacks-explosions-flights-status-dubai-uae-qatar-tehran-gulf-donald-trump-netanyahu-khamenei/liveblog/129286007.cms
2026-03-09 08:55:16,964 - INFO - [Times of India] Attempt 1/1: Trying with 'selenium_browser' strategy...
2026-03-09 08:55:17,420 - INFO - [The Guardian] Article: https://www.theguardian.com/world/2026/mar/07/peru-nightclub-bombing
2026-03-09 08:55:17,421 - INFO - [The Guardian] Attempt 1/1: Trying with 'requests_browser' strategy...
2026-03-09 08:55:17,458 - INFO - [The Guardian] Success with 'requests_browser'. Found content (288 words).
2026-03-09 08:55:17,504 - INFO - Duplicate article skipped: Bombing at nightclub in Peru injures 33 people, including minors | Peru | The Guardian from The Guardian
2026-03-09 08:55:17,899 - INFO - [BBC] Article: https://www.bbc.com/news/articles/c93w6y0lnd9o?at_medium=RSS&at_campaign=rss
2026-03-09 08:55:17,899 - INFO - [BBC] Attempt 1/1: Trying with 'requests_browser' strategy...
2026-03-09 08:55:17,947 - INFO - [BBC] Success with 'requests_browser'. Found content (490 words).
2026-03-09 08:55:17,998 - INFO - Duplicate article skipped: Rapper-politician Balendra Shah unseats Nepal's ex-PM as he heads for victory from BBC
2026-03-09 08:55:18,848 - INFO - [The Guardian] Article: https://www.theguardian.com/us-news/2026/mar/07/trump-shield-of-americas-summit
2026-03-09 08:55:18,849 - INFO - [The Guardian] Attempt 1/1: Trying with 'requests_browser' strategy...
2026-03-09 08:55:18,913 - INFO - [The Guardian] Success with 'requests_browser'. Found content (714 words).
2026-03-09 08:55:19,005 - INFO - Duplicate article skipped: Trump convenes ‘Shield of Americas’ summit with 12 Latin American leaders | Donald Trump | The Guardian from The Guardian
2026-03-09 08:55:19,188 - INFO - [BBC] Article: https://www.bbc.com/news/articles/cx2r1xldl1ko?at_medium=RSS&at_campaign=rss
2026-03-09 08:55:19,188 - INFO - [BBC] Attempt 1/1: Trying with 'requests_browser' strategy...
2026-03-09 08:55:19,473 - INFO - [BBC] Success with 'requests_browser'. Found content (715 words).
2026-03-09 08:55:19,596 - INFO - Duplicate article skipped: War fuels debate in Cyprus over UK military bases from BBC
2026-03-09 08:55:19,841 - INFO - [The Guardian] Article: https://www.theguardian.com/us-news/2026/mar/07/deaf-six-year-old-deported-colombia
2026-03-09 08:55:19,841 - INFO - [The Guardian] Attempt 1/1: Trying with 'requests_browser' strategy...
2026-03-09 08:55:20,048 - INFO - [The Guardian] Success with 'requests_browser'. Found content (766 words).
2026-03-09 08:55:20,144 - INFO - Duplicate article skipped: ICE deports family, including deaf boy who wasn’t given his assistive devices | California | The Guardian from The Guardian
2026-03-09 08:55:21,764 - INFO - [The Hindu] Page content loaded.
2026-03-09 08:55:22,764 - INFO - [The Hindu] Success with 'selenium_browser'. Found content (203 words).
2026-03-09 08:55:23,001 - INFO - Saved article: Namibian cheetah gives birth to five cubs in Kuno National Park; total count rises to 53 - The Hindu from The Hindu
2026-03-09 08:55:23,588 - INFO - [The Hindu] Article: https://www.thehindu.com/news/national/bihar/rajya-sabha-polls-bjp-appoints-central-observers-in-bihar-haryana-odisha/article70721672.ece
2026-03-09 08:55:23,588 - INFO - [The Hindu] Attempt 1/1: Trying with 'selenium_browser' strategy...
2026-03-09 08:55:26,709 - INFO - [The Hindu] Page content loaded.
2026-03-09 08:55:26,975 - INFO - [The Hindu] Success with 'selenium_browser'. Found content (95 words).
2026-03-09 08:55:27,175 - INFO - Saved article: Rajya Sabha polls: BJP appoints Central observers in Bihar, Haryana, Odisha - The Hindu from The Hindu
2026-03-09 08:55:27,745 - INFO - [The Hindu] Article: https://www.thehindu.com/news/national/sir-in-wb-supreme-court-to-consider-plea-against-deletion-of-electors-from-electoral-rolls/article70721548.ece
2026-03-09 08:55:27,745 - INFO - [The Hindu] Attempt 1/1: Trying with 'selenium_browser' strategy...
2026-03-09 08:55:29,248 - INFO - [The Hindu] Page content loaded.
2026-03-09 08:55:29,389 - INFO - [The Hindu] Success with 'selenium_browser'. Found content (375 words).
2026-03-09 08:55:29,757 - INFO - Saved article: SIR in W.B.: Supreme Court to consider plea against deletion of electors from electoral rolls - The Hindu from The Hindu
2026-03-09 08:55:30,328 - INFO - [The Hindu] Article: https://www.thehindu.com/news/national/telangana/telangana-man-arrested-for-drowning-three-minor-daughters-in-lake-lodges-complaint-with-wife/article70721674.ece
2026-03-09 08:55:30,328 - INFO - [The Hindu] Attempt 1/1: Trying with 'selenium_browser' strategy...
2026-03-09 08:55:36,451 - INFO - [The Hindu] Page content loaded.
2026-03-09 08:55:36,532 - INFO - [The Hindu] Success with 'selenium_browser'. Found content (221 words).
2026-03-09 08:55:36,604 - INFO - Saved article: Telangana: Man arrested for drowning three minor daughters in lake - The Hindu from The Hindu
2026-03-09 08:55:37,391 - INFO - [The Hindu] Article: https://www.thehindu.com/news/national/tamil-nadu/karur-stampede-case-cbi-summons-vijay-on-march-10-for-further-questioning/article70721675.ece
2026-03-09 08:55:37,391 - INFO - [The Hindu] Attempt 1/1: Trying with 'selenium_browser' strategy...
2026-03-09 08:55:38,001 - INFO - [The Hindu] Page content loaded.
2026-03-09 08:55:38,075 - INFO - [The Hindu] Success with 'selenium_browser'. Found content (267 words).
2026-03-09 08:55:38,177 - INFO - Saved article: Karur stampede case: CBI summons Vijay on March 10 for further questioning - The Hindu from The Hindu
2026-03-09 08:55:39,090 - INFO - [The Hindu] Article: https://www.thehindu.com/news/national/kerala/four-killed-as-bikes-collide-at-nedumangad-in-kerala/article70721562.ece
2026-03-09 08:55:39,091 - INFO - [The Hindu] Attempt 1/1: Trying with 'selenium_browser' strategy...
2026-03-09 08:55:40,198 - INFO - [The Hindu] Page content loaded.
2026-03-09 08:55:40,284 - INFO - [The Hindu] Success with 'selenium_browser'. Found content (169 words).
2026-03-09 08:55:40,371 - INFO - Saved article: Four killed as bikes collide at Nedumangad in Kerala - The Hindu from The Hindu
2026-03-09 08:55:41,687 - INFO - [The Hindu] Article: https://www.thehindu.com/news/national/meghalaya-cm-sangma-condemns-delhi-assault-says-racial-bullying-against-northeast-people-not-acceptable/article70721663.ece
2026-03-09 08:55:41,687 - INFO - [The Hindu] Attempt 1/1: Trying with 'selenium_browser' strategy...
2026-03-09 08:55:42,684 - INFO - [The Hindu] Page content loaded.
2026-03-09 08:55:42,777 - INFO - [The Hindu] Success with 'selenium_browser'. Found content (225 words).
2026-03-09 08:55:42,870 - INFO - Saved article: Meghalaya CM Sangma condemns Delhi assault, says racial bullying against northeast people not acceptable - The Hindu from The Hindu
2026-03-09 08:55:43,419 - INFO - [The Hindu] Article: https://www.thehindu.com/news/national/kerala/kerala-private-sector-nurses-strike-disrupts-hospital-services-in-kozhikode/article70721559.ece
2026-03-09 08:55:43,419 - INFO - [The Hindu] Attempt 1/1: Trying with 'selenium_browser' strategy...
2026-03-09 08:55:44,614 - INFO - [The Hindu] Page content loaded.
2026-03-09 08:55:44,945 - INFO - [The Hindu] Success with 'selenium_browser'. Found content (317 words).
2026-03-09 08:55:45,045 - INFO - Saved article: Kerala private sector nurses’ strike disrupts hospital services; protests in Kozhikode - The Hindu from The Hindu
2026-03-09 08:55:46,283 - INFO - [The Hindu] Article: https://www.thehindu.com/news/cities/Hyderabad/telangana-cm-inaugurates-bam-rukn-ud-dowla-in-hyderabad-wants-lake-policing-for-womens-safety/article70721474.ece
2026-03-09 08:55:46,283 - INFO - [The Hindu] Attempt 1/1: Trying with 'selenium_browser' strategy...
2026-03-09 08:55:48,277 - INFO - [The Hindu] Page content loaded.
2026-03-09 08:55:48,405 - INFO - [The Hindu] Success with 'selenium_browser'. Found content (291 words).
2026-03-09 08:55:48,495 - INFO - Saved article: Telangana CM inaugurates Bam Rukn-ud-Dowla in Hyderabad; wants lake policing for women’s safety - The Hindu from The Hindu
2026-03-09 08:55:49,056 - INFO - [The Hindu] Article: https://www.thehindu.com/news/national/karnataka/karnatakas-guarantee-schemes-have-made-women-self-reliant-says-minister-hk-patil/article70719757.ece
2026-03-09 08:55:49,057 - INFO - [The Hindu] Attempt 1/1: Trying with 'selenium_browser' strategy...
2026-03-09 08:55:50,088 - INFO - [The Hindu] Page content loaded.
2026-03-09 08:55:50,288 - INFO - [The Hindu] Success with 'selenium_browser'. Found content (265 words).
2026-03-09 08:55:50,389 - INFO - Saved article: Karnataka’s guarantee schemes have made women self reliant, says Minister H.K. Patil - The Hindu from The Hindu
2026-03-09 08:55:50,903 - INFO - [The Hindu] (Thread) Finished. Attempting to shut down its Selenium driver.
2026-03-09 08:55:51,046 - INFO - [The Hindu] (Thread) driver.quit() successful.
2026-03-09 08:56:16,981 - ERROR - [Times of India] Request failed for strategy 'selenium_browser' on URL https://timesofindia.indiatimes.com/world/middle-east/us-israel-iran-war-news-live-udates-middle-east-crisis-conflict-drone-ballistic-missile-attacks-explosions-flights-status-dubai-uae-qatar-tehran-gulf-donald-trump-netanyahu-khamenei/liveblog/129286007.cms: Message: timeout: Timed out receiving message from renderer: 59.562
  (Session info: chrome=145.0.7632.116)
Stacktrace:
#0 0x5603981f2b6a <unknown>
#1 0x560397c05a32 <unknown>
#2 0x560397bed007 <unknown>
#3 0x560397becc16 <unknown>
#4 0x560397bea731 <unknown>
#5 0x560397beb0bf <unknown>
#6 0x560397bfa560 <unknown>
#7 0x560397c14707 <unknown>
#8 0x560397c1b8db <unknown>
#9 0x560397beb829 <unknown>
#10 0x560397c1449c <unknown>
#11 0x560397ca36e1 <unknown>
#12 0x560397c4cc0f <unknown>
#13 0x560397c4d9d1 <unknown>
#14 0x5603981b76b9 <unknown>
#15 0x5603981ba5c1 <unknown>
#16 0x5603981a3e29 <unknown>
#17 0x5603981bb17e <unknown>
#18 0x56039818a4b0 <unknown>
#19 0x5603981df578 <unknown>
#20 0x5603981df74b <unknown>
#21 0x5603981f11a3 <unknown>
#22 0x7fb325c9caa4 <unknown>
#23 0x7fb325d29c6c <unknown>

2026-03-09 08:56:16,981 - ERROR - [Times of India] All scrape strategies failed for https://timesofindia.indiatimes.com/world/middle-east/us-israel-iran-war-news-live-udates-middle-east-crisis-conflict-drone-ballistic-missile-attacks-explosions-flights-status-dubai-uae-qatar-tehran-gulf-donald-trump-netanyahu-khamenei/liveblog/129286007.cms. Falling back to RSS description.
2026-03-09 08:56:16,982 - INFO - Duplicate article skipped: US-Israel-Iran War News Live Updates: Iran fires first wave of missiles at Israel under new Supreme Leader Mojtaba Khamenei from Times of India
2026-03-09 08:56:17,709 - INFO - [Times of India] Article: https://timesofindia.indiatimes.com/science/black-rain-in-tehran-how-oil-fires-smoke-and-atmospheric-pollution-can-turn-rainfall-black-and-potentially-harmful-aimed-israel-iran-strike/articleshow/129319558.cms
2026-03-09 08:56:17,709 - INFO - [Times of India] Attempt 1/1: Trying with 'selenium_browser' strategy...
2026-03-09 08:56:21,181 - INFO - [Times of India] Page content loaded.
2026-03-09 08:56:21,435 - INFO - [Times of India] Success with 'selenium_browser'. Found content (654 words).
2026-03-09 08:56:21,543 - INFO - Saved article: What is black rain? How oil fires, smoke, and atmospheric pollution can turn rainfall dark and potentially harmful | - The Times of India from Times of India
2026-03-09 08:56:22,980 - INFO - [Times of India] Article: https://timesofindia.indiatimes.com/science/can-chickpeas-grow-in-moon-soil-new-study-reveals-surprising-results-for-space-farming/articleshow/129318097.cms
2026-03-09 08:56:22,981 - INFO - [Times of India] Attempt 1/1: Trying with 'selenium_browser' strategy...
2026-03-09 08:56:24,470 - INFO - [Times of India] Page content loaded.
2026-03-09 08:56:24,642 - INFO - [Times of India] Success with 'selenium_browser'. Found content (555 words).
2026-03-09 08:56:24,743 - INFO - Saved article: Chickpeas Grow In Moon Soil: Can chickpeas grow in Moon soil? New study reveals surprising results for space farming | - The Times of India from Times of India
2026-03-09 08:56:25,713 - INFO - [Times of India] Article: https://timesofindia.indiatimes.com/defence/international/human-rights-watch-accuses-israel-of-using-white-phosphorus-in-lebanon-why-the-weapon-is-controversial/articleshow/129315994.cms
2026-03-09 08:56:25,713 - INFO - [Times of India] Attempt 1/1: Trying with 'selenium_browser' strategy...
2026-03-09 08:56:28,411 - INFO - [Times of India] Page content loaded.
2026-03-09 08:56:28,537 - INFO - [Times of India] Success with 'selenium_browser'. Found content (620 words).
2026-03-09 08:56:28,603 - INFO - Saved article: Human Rights Watch accuses Israel of using white phosphorus in Lebanon: Why the weapon is controversial - The Times of India from Times of India
2026-03-09 08:56:29,145 - INFO - [Times of India] Article: https://timesofindia.indiatimes.com/world/middle-east/qatar-airways-announces-limited-flights-from-march-9-11-amid-airspace-closure/articleshow/129318727.cms
2026-03-09 08:56:29,145 - INFO - [Times of India] Attempt 1/1: Trying with 'selenium_browser' strategy...
2026-03-09 08:56:30,130 - INFO - [Times of India] Page content loaded.
2026-03-09 08:56:30,290 - INFO - [Times of India] Success with 'selenium_browser'. Found content (502 words).
2026-03-09 08:56:30,354 - INFO - Saved article: Qatar Airways announces limited flights from March 9-11 amid airspace closure | World News - The Times of India from Times of India
2026-03-09 08:56:31,588 - INFO - [Times of India] Article: https://timesofindia.indiatimes.com/world/middle-east/uae-gold-prices-swing-again-dubai-rates-drop-dh10-in-a-day-after-hitting-record-highs/articleshow/129318137.cms
2026-03-09 08:56:31,588 - INFO - [Times of India] Attempt 1/1: Trying with 'selenium_browser' strategy...
2026-03-09 08:56:33,389 - INFO - [Times of India] Page content loaded.
2026-03-09 08:56:33,560 - INFO - [Times of India] Success with 'selenium_browser'. Found content (453 words).
2026-03-09 08:56:33,638 - INFO - Saved article: Uae Gold Prices: UAE gold prices swing again: Dubai rates drop Dh10 in a day after hitting record highs | World News - The Times of India from Times of India
2026-03-09 08:56:34,597 - INFO - [Times of India] Article: https://timesofindia.indiatimes.com/world/middle-east/aed-91-4-million-raised-dubais-most-noble-number-charity-auction-supports-child-hunger-campaign/articleshow/129316816.cms
2026-03-09 08:56:34,597 - INFO - [Times of India] Attempt 1/1: Trying with 'selenium_browser' strategy...
2026-03-09 08:56:35,787 - INFO - [Times of India] Page content loaded.
2026-03-09 08:56:35,942 - INFO - [Times of India] Success with 'selenium_browser'. Found content (1007 words).
2026-03-09 08:56:36,003 - INFO - Saved article: AED 91.4 million raised: Dubai’s ‘most noble number’ charity auction supports child hunger campaign | World News - The Times of India from Times of India
2026-03-09 08:56:36,582 - INFO - [Times of India] Article: https://timesofindia.indiatimes.com/world/rest-of-world/how-did-whales-end-up-in-a-desert-egypts-40-million-year-old-valley-of-the-whales-reveals-the-answer/articleshow/129311306.cms
2026-03-09 08:56:36,582 - INFO - [Times of India] Attempt 1/1: Trying with 'selenium_browser' strategy...
2026-03-09 08:56:37,767 - INFO - [Times of India] Page content loaded.
2026-03-09 08:56:37,937 - INFO - [Times of India] Success with 'selenium_browser'. Found content (479 words).
2026-03-09 08:56:37,993 - INFO - Duplicate article skipped: How did whales end up in a desert? Egypt’s 40-million-year-old ‘Valley of the Whales’ reveals the answer | World News - The Times of India from Times of India
2026-03-09 08:56:38,991 - INFO - [Times of India] Article: https://timesofindia.indiatimes.com/science/floating-snowmen-in-space-explained-msu-student-solves-a-billion-year-old-kuiper-belt-puzzle/articleshow/129312174.cms
2026-03-09 08:56:38,991 - INFO - [Times of India] Attempt 1/1: Trying with 'selenium_browser' strategy...
2026-03-09 08:56:39,882 - INFO - [Times of India] Page content loaded.
2026-03-09 08:56:40,009 - INFO - [Times of India] Success with 'selenium_browser'. Found content (796 words).
2026-03-09 08:56:40,059 - INFO - Duplicate article skipped: Floating ‘snowmen’ in space explained: MSU student solves a billion-year-old Kuiper Belt puzzle | - The Times of India from Times of India
2026-03-09 08:56:40,906 - INFO - [Times of India] Article: https://timesofindia.indiatimes.com/world/middle-east/oman-announces-early-release-of-salaries-for-public-and-private-sector-employees-ahead-of-eid-al-fitr-2026/articleshow/129312287.cms
2026-03-09 08:56:40,906 - INFO - [Times of India] Attempt 1/1: Trying with 'selenium_browser' strategy...
2026-03-09 08:56:41,729 - INFO - [Times of India] Page content loaded.
2026-03-09 08:56:41,879 - INFO - [Times of India] Success with 'selenium_browser'. Found content (394 words).
2026-03-09 08:56:41,933 - INFO - Duplicate article skipped: Oman announces early release of salaries for public and private sector employees ahead of Eid Al Fitr 2026 | World News - The Times of India from Times of India
2026-03-09 08:56:43,161 - INFO - [Times of India] (Thread) Finished. Attempting to shut down its Selenium driver.
2026-03-09 08:56:43,494 - INFO - [Times of India] (Thread) driver.quit() successful.
2026-03-09 08:56:43,494 - INFO - Shutting down thread pool (wait=False)...
2026-03-09 08:56:43,494 - INFO - Scraped: 3 BBC, 6 Times of India, 0 The Guardian, 10 The Hindu articles. (Total saved: 19)
2026-03-09 08:56:43,494 - INFO - --- Scraping job finished ---
2026-03-09 08:56:43,500 - INFO - --- Scraper service stopped and database connection closed. ---
2026-03-09 08:56:43,500 - INFO - --- Main thread finished. Forcing process exit to kill zombie threads. ---
