2026-03-14 06:57:44,935 - INFO - Initializing database connection at: news_articles.db
2026-03-14 06:57:44,936 - INFO - --- Scraper service started (CI Mode: Run Once) ---
2026-03-14 06:57:44,936 - INFO - --- Starting new scraping job (Parallel Mode) ---
2026-03-14 06:57:44,936 - INFO - Creating new robust session with 3 retries on 5xx/connection/read errors.
2026-03-14 06:57:44,936 - INFO - Proxy is DISABLED.
2026-03-14 06:57:44,937 - INFO - Starting scrape for BBC RSS feed: http://feeds.bbci.co.uk/news/world/rss.xml
2026-03-14 06:57:44,937 - INFO - [Times of India] (Thread) requires Selenium. Initializing driver...
2026-03-14 06:57:44,937 - INFO - Initializing headless Selenium Chrome driver (using SeleniumManager)...
2026-03-14 06:57:44,938 - INFO - Starting scrape for The Guardian RSS feed: https://www.theguardian.com/world/rss
2026-03-14 06:57:44,941 - INFO - [The Hindu] (Thread) requires Selenium. Initializing driver...
2026-03-14 06:57:44,941 - INFO - Initializing headless Selenium Chrome driver (using SeleniumManager)...
2026-03-14 06:57:44,941 - INFO - Submitted 4 jobs to thread pool. Waiting up to 300s for completion...
2026-03-14 06:57:45,160 - INFO - Found 45 articles in The Guardian RSS feed. Processing up to 10.
2026-03-14 06:57:45,160 - INFO - [The Guardian] Article: https://www.theguardian.com/world/2026/mar/13/france-returns-sacred-djidji-ayokwe-talking-drum-looted-from-cote-divoire
2026-03-14 06:57:45,160 - INFO - [The Guardian] Attempt 1/1: Trying with 'requests_browser' strategy...
2026-03-14 06:57:45,219 - INFO - [The Guardian] Success with 'requests_browser'. Found content (512 words).
2026-03-14 06:57:45,274 - INFO - Duplicate article skipped: France returns sacred talking drum looted from Côte d’Ivoire over 100 years ago | Côte d’Ivoire | The Guardian from The Guardian
2026-03-14 06:57:45,342 - INFO - Found 38 articles in BBC RSS feed. Processing up to 10.
2026-03-14 06:57:45,342 - INFO - [BBC] Article: https://www.bbc.com/news/articles/cq8gj9n12g8o?at_medium=RSS&at_campaign=rss
2026-03-14 06:57:45,342 - INFO - [BBC] Attempt 1/1: Trying with 'requests_browser' strategy...
2026-03-14 06:57:45,645 - INFO - [BBC] Success with 'requests_browser'. Found content (422 words).
2026-03-14 06:57:45,684 - INFO - Duplicate article skipped: More US Marines and warships to be moved to Middle East, reports say from BBC
2026-03-14 06:57:46,631 - INFO - [The Guardian] Article: https://www.theguardian.com/us-news/2026/mar/12/trump-immigration-deportations-eswatini
2026-03-14 06:57:46,631 - INFO - [The Guardian] Attempt 1/1: Trying with 'requests_browser' strategy...
2026-03-14 06:57:46,686 - INFO - [The Guardian] Success with 'requests_browser'. Found content (535 words).
2026-03-14 06:57:46,721 - INFO - Duplicate article skipped: Eswatini says it received more ‘third country’ deportees as part of deal with Trump administration | US immigration | The Guardian from The Guardian
2026-03-14 06:57:46,745 - INFO - [BBC] Article: https://www.bbc.com/news/articles/cn9ewxq98e5o?at_medium=RSS&at_campaign=rss
2026-03-14 06:57:46,745 - INFO - [BBC] Attempt 1/1: Trying with 'requests_browser' strategy...
2026-03-14 06:57:46,783 - INFO - [BBC] Success with 'requests_browser'. Found content (515 words).
2026-03-14 06:57:46,822 - INFO - Duplicate article skipped: LA28 Epstein fallout: City Council urges Wasserman investigation from BBC
2026-03-14 06:57:47,246 - INFO - [The Guardian] Article: https://www.theguardian.com/global-development/2026/mar/12/uk-government-axes-flagship-global-health-project
2026-03-14 06:57:47,246 - INFO - [The Guardian] Attempt 1/1: Trying with 'requests_browser' strategy...
2026-03-14 06:57:47,293 - INFO - [The Guardian] Success with 'requests_browser'. Found content (626 words).
2026-03-14 06:57:47,329 - INFO - Duplicate article skipped: UK government axes flagship global health project | Global development | The Guardian from The Guardian
2026-03-14 06:57:47,997 - INFO - [The Guardian] Article: https://www.theguardian.com/global-development/2026/mar/12/invasive-ai-led-mass-surveillance-in-africa-violating-freedoms-warn-experts
2026-03-14 06:57:47,997 - INFO - [The Guardian] Attempt 1/1: Trying with 'requests_browser' strategy...
2026-03-14 06:57:48,042 - INFO - [The Guardian] Success with 'requests_browser'. Found content (621 words).
2026-03-14 06:57:48,078 - INFO - Duplicate article skipped: ‘Invasive’ AI-led mass surveillance in Africa violating freedoms, warn experts | Global development | The Guardian from The Guardian
2026-03-14 06:57:48,307 - INFO - [BBC] Article: https://www.bbc.com/news/articles/cdxz0jpzk4do?at_medium=RSS&at_campaign=rss
2026-03-14 06:57:48,307 - INFO - [BBC] Attempt 1/1: Trying with 'requests_browser' strategy...
2026-03-14 06:57:48,347 - INFO - [BBC] Success with 'requests_browser'. Found content (708 words).
2026-03-14 06:57:48,387 - INFO - Duplicate article skipped: Family of Michigan synagogue suspect killed in Lebanon airstrike, officials say from BBC
2026-03-14 06:57:49,154 - INFO - [BBC] Article: https://www.bbc.com/news/articles/c79505804lpo?at_medium=RSS&at_campaign=rss
2026-03-14 06:57:49,154 - INFO - [BBC] Attempt 1/1: Trying with 'requests_browser' strategy...
2026-03-14 06:57:49,201 - INFO - [BBC] Success with 'requests_browser'. Found content (1016 words).
2026-03-14 06:57:49,242 - INFO - Duplicate article skipped: Under drone fire, exiled Kurds wait to confront Iranian regime from BBC
2026-03-14 06:57:49,500 - INFO - [The Guardian] Article: https://www.theguardian.com/world/2026/mar/11/at-least-17-killed-after-drone-strikes-school-in-sudan
2026-03-14 06:57:49,500 - INFO - [The Guardian] Attempt 1/1: Trying with 'requests_browser' strategy...
2026-03-14 06:57:49,553 - INFO - [The Guardian] Success with 'requests_browser'. Found content (363 words).
2026-03-14 06:57:49,597 - INFO - Duplicate article skipped: At least 17 killed after drone strikes school in Sudan | Sudan | The Guardian from The Guardian
2026-03-14 06:57:50,216 - INFO - [The Guardian] Article: https://www.theguardian.com/world/2026/mar/13/uruguayan-drug-trafficking-suspect-sebastian-marset-arrested-bolivia
2026-03-14 06:57:50,216 - INFO - [The Guardian] Attempt 1/1: Trying with 'requests_browser' strategy...
2026-03-14 06:57:50,262 - INFO - [The Guardian] Success with 'requests_browser'. Found content (471 words).
2026-03-14 06:57:50,323 - INFO - Duplicate article skipped: Bolivia arrests alleged drug kingpin accused of putting hit on Paraguayan prosecutor | Bolivia | The Guardian from The Guardian
2026-03-14 06:57:50,641 - INFO - [BBC] Article: https://www.bbc.com/news/articles/c1l76346dvlo?at_medium=RSS&at_campaign=rss
2026-03-14 06:57:50,641 - INFO - [BBC] Attempt 1/1: Trying with 'requests_browser' strategy...
2026-03-14 06:57:50,676 - INFO - [BBC] Success with 'requests_browser'. Found content (506 words).
2026-03-14 06:57:50,712 - INFO - Duplicate article skipped: Charges dropped against Georgia teens whose teacher died during toilet paper prank from BBC
2026-03-14 06:57:51,002 - INFO - [The Guardian] Article: https://www.theguardian.com/us-news/ng-interactive/2026/mar/13/honduras-family-immigration-deportation
2026-03-14 06:57:51,002 - INFO - [The Guardian] Attempt 1/1: Trying with 'requests_browser' strategy...
2026-03-14 06:57:51,055 - INFO - [The Guardian] Success with 'requests_browser'. Found content (2720 words).
2026-03-14 06:57:51,091 - INFO - Duplicate article skipped: An environmental activist and her family escaped death threats in Honduras. ICE deported her husband anyway | US immigration | The Guardian from The Guardian
2026-03-14 06:57:51,325 - INFO - [BBC] Article: https://www.bbc.com/news/articles/c1d6l67122wo?at_medium=RSS&at_campaign=rss
2026-03-14 06:57:51,325 - INFO - [BBC] Attempt 1/1: Trying with 'requests_browser' strategy...
2026-03-14 06:57:51,363 - INFO - [BBC] Success with 'requests_browser'. Found content (685 words).
2026-03-14 06:57:51,400 - INFO - Duplicate article skipped: Ukraine and allies fear easing Russian sanctions will prolong war from BBC
2026-03-14 06:57:52,027 - INFO - [BBC] Article: https://www.bbc.com/news/articles/cr45v7ey91eo?at_medium=RSS&at_campaign=rss
2026-03-14 06:57:52,027 - INFO - [BBC] Attempt 1/1: Trying with 'requests_browser' strategy...
2026-03-14 06:57:52,063 - INFO - [BBC] Success with 'requests_browser'. Found content (381 words).
2026-03-14 06:57:52,098 - INFO - Duplicate article skipped: Pink Floyd guitar sold for record-breaking $14.6m from BBC
2026-03-14 06:57:52,186 - INFO - [The Guardian] Article: https://www.theguardian.com/world/2026/mar/13/cuba-us-talks-miguel-diaz-canel-trump
2026-03-14 06:57:52,186 - INFO - [The Guardian] Attempt 1/1: Trying with 'requests_browser' strategy...
2026-03-14 06:57:52,234 - INFO - [The Guardian] Success with 'requests_browser'. Found content (715 words).
2026-03-14 06:57:52,267 - INFO - Duplicate article skipped: Cuban president confirms talks with Trump officials amid US blockade | Cuba | The Guardian from The Guardian
2026-03-14 06:57:53,306 - INFO - [BBC] Article: https://www.bbc.com/news/articles/cwy6z25y7z0o?at_medium=RSS&at_campaign=rss
2026-03-14 06:57:53,306 - INFO - [BBC] Attempt 1/1: Trying with 'requests_browser' strategy...
2026-03-14 06:57:53,344 - INFO - [BBC] Success with 'requests_browser'. Found content (587 words).
2026-03-14 06:57:53,402 - INFO - Saved article: Judge says 'no evidence' to justify Federal Reserve probe from BBC
2026-03-14 06:57:53,449 - INFO - [The Guardian] Article: https://www.theguardian.com/uk-news/2026/mar/13/king-charles-alberta-separatism-canada-first-nations
2026-03-14 06:57:53,449 - INFO - [The Guardian] Attempt 1/1: Trying with 'requests_browser' strategy...
2026-03-14 06:57:53,493 - INFO - [The Guardian] Success with 'requests_browser'. Found content (552 words).
2026-03-14 06:57:53,528 - INFO - Duplicate article skipped: King Charles concerned about Alberta separatist movement, First Nation chief says | King Charles III | The Guardian from The Guardian
2026-03-14 06:57:54,113 - INFO - [The Guardian] Article: https://www.theguardian.com/world/2026/mar/12/two-plasma-donors-die-private-canada-clinics
2026-03-14 06:57:54,113 - INFO - [The Guardian] Attempt 1/1: Trying with 'requests_browser' strategy...
2026-03-14 06:57:54,163 - INFO - [The Guardian] Success with 'requests_browser'. Found content (1291 words).
2026-03-14 06:57:54,195 - INFO - Duplicate article skipped: Two people die after donating plasma at Canadian clinics under federal investigation | Canada | The Guardian from The Guardian
2026-03-14 06:57:54,581 - INFO - [BBC] Article: https://www.bbc.com/news/articles/cx2lzlydg93o?at_medium=RSS&at_campaign=rss
2026-03-14 06:57:54,581 - INFO - [BBC] Attempt 1/1: Trying with 'requests_browser' strategy...
2026-03-14 06:57:54,618 - INFO - [BBC] Success with 'requests_browser'. Found content (340 words).
2026-03-14 06:57:54,659 - INFO - Duplicate article skipped: Sheriff in Nancy Guthrie case believes they know kidnapper's motive from BBC
2026-03-14 06:57:55,307 - INFO - [BBC] Article: https://www.bbc.com/sport/formula1/articles/c875vw1lwjzo?at_medium=RSS&at_campaign=rss
2026-03-14 06:57:55,308 - INFO - [BBC] Attempt 1/1: Trying with 'requests_browser' strategy...
2026-03-14 06:57:55,343 - INFO - [BBC] Success with 'requests_browser'. Found content (425 words).
2026-03-14 06:57:55,375 - INFO - Duplicate article skipped: Bahrain and Saudi Arabia GPs to be cancelled amid Middle East war - BBC Sport from BBC
2026-03-14 06:57:56,132 - INFO - Selenium driver initialized successfully.
2026-03-14 06:57:56,132 - INFO - Selenium driver initialized successfully.
2026-03-14 06:57:56,133 - INFO - Starting scrape for The Hindu RSS feed: https://www.thehindu.com/news/national/feeder/default.rss
2026-03-14 06:57:56,133 - INFO - Starting scrape for Times of India RSS feed: https://timesofindia.indiatimes.com/rssfeeds/296589292.cms
2026-03-14 06:57:56,218 - INFO - Found 20 articles in Times of India RSS feed. Processing up to 10.
2026-03-14 06:57:56,219 - INFO - [Times of India] Article: https://timesofindia.indiatimes.com/world/middle-east/uae-news-authorities-warn-of-one-of-the-most-destructive-cyber-threats-as-wiper-malware-risk-rises/articleshow/129569324.cms
2026-03-14 06:57:56,219 - INFO - [Times of India] Attempt 1/1: Trying with 'selenium_browser' strategy...
2026-03-14 06:57:56,256 - INFO - Found 100 articles in The Hindu RSS feed. Processing up to 10.
2026-03-14 06:57:56,256 - INFO - [The Hindu] Article: https://www.thehindu.com/news/national/karnataka/karnataka-high-court-upholds-kptcl-regulations-entrusting-departmental-inquiries-to-lokayukta/article70740395.ece
2026-03-14 06:57:56,256 - INFO - [The Hindu] Attempt 1/1: Trying with 'selenium_browser' strategy...
2026-03-14 06:58:04,604 - INFO - [The Hindu] Page content loaded.
2026-03-14 06:58:05,149 - INFO - [The Hindu] Success with 'selenium_browser'. Found content (335 words).
2026-03-14 06:58:05,454 - INFO - Saved article: Karnataka High Court upholds KPTCL regulations entrusting departmental inquiries to Lokayukta - The Hindu from The Hindu
2026-03-14 06:58:06,579 - INFO - [The Hindu] Article: https://www.thehindu.com/news/national/centre-releases-sonam-wangchuk-detention-under-nsa/article70742477.ece
2026-03-14 06:58:06,580 - INFO - [The Hindu] Attempt 1/1: Trying with 'selenium_browser' strategy...
2026-03-14 06:58:09,879 - INFO - [The Hindu] Page content loaded.
2026-03-14 06:58:10,012 - INFO - [The Hindu] Success with 'selenium_browser'. Found content (323 words).
2026-03-14 06:58:10,240 - INFO - Saved article: Centre revokes detention of climate activist Sonam Wangchuk under NSA - The Hindu from The Hindu
2026-03-14 06:58:11,018 - INFO - [The Hindu] Article: https://www.thehindu.com/news/national/karnataka/case-against-school-after-kids-allegedly-forced-to-stand-in-blazing-sun-in-yelahanka/article70742405.ece
2026-03-14 06:58:11,018 - INFO - [The Hindu] Attempt 1/1: Trying with 'selenium_browser' strategy...
2026-03-14 06:58:12,255 - INFO - [The Hindu] Page content loaded.
2026-03-14 06:58:12,467 - INFO - [The Hindu] Success with 'selenium_browser'. Found content (213 words).
2026-03-14 06:58:12,571 - INFO - Saved article: Case against school after kids allegedly forced to stand in blazing sun in Yelahanka - The Hindu from The Hindu
2026-03-14 06:58:13,494 - INFO - [The Hindu] Article: https://www.thehindu.com/news/national/nine-judge-sc-bench-to-hear-arguments-on-march-17-on-definition-of-industry/article70742485.ece
2026-03-14 06:58:13,494 - INFO - [The Hindu] Attempt 1/1: Trying with 'selenium_browser' strategy...
2026-03-14 06:58:56,250 - ERROR - [Times of India] Request failed for strategy 'selenium_browser' on URL https://timesofindia.indiatimes.com/world/middle-east/uae-news-authorities-warn-of-one-of-the-most-destructive-cyber-threats-as-wiper-malware-risk-rises/articleshow/129569324.cms: Message: timeout: Timed out receiving message from renderer: 59.916
  (Session info: chrome=145.0.7632.116)
Stacktrace:
#0 0x559111f88b6a <unknown>
#1 0x55911199ba32 <unknown>
#2 0x559111983007 <unknown>
#3 0x559111982c16 <unknown>
#4 0x559111980731 <unknown>
#5 0x5591119810bf <unknown>
#6 0x559111990560 <unknown>
#7 0x5591119aa707 <unknown>
#8 0x5591119b18db <unknown>
#9 0x559111981829 <unknown>
#10 0x5591119aa49c <unknown>
#11 0x559111a396e1 <unknown>
#12 0x5591119e2c0f <unknown>
#13 0x5591119e39d1 <unknown>
#14 0x559111f4d6b9 <unknown>
#15 0x559111f505c1 <unknown>
#16 0x559111f39e29 <unknown>
#17 0x559111f5117e <unknown>
#18 0x559111f204b0 <unknown>
#19 0x559111f75578 <unknown>
#20 0x559111f7574b <unknown>
#21 0x559111f871a3 <unknown>
#22 0x7f60f869caa4 <unknown>
#23 0x7f60f8729c6c <unknown>

2026-03-14 06:58:56,250 - ERROR - [Times of India] All scrape strategies failed for https://timesofindia.indiatimes.com/world/middle-east/uae-news-authorities-warn-of-one-of-the-most-destructive-cyber-threats-as-wiper-malware-risk-rises/articleshow/129569324.cms. Falling back to RSS description.
2026-03-14 06:58:56,253 - INFO - Saved article: UAE News: Authorities warn of ‘one of the most destructive’ cyber threats as Wiper malware risk rises from Times of India
2026-03-14 06:58:56,866 - INFO - [Times of India] Article: https://timesofindia.indiatimes.com/world/us/washington-flight-disruptions-operations-resume-after-chemical-smell-triggers-ground-stop/articleshow/129568628.cms
2026-03-14 06:58:56,866 - INFO - [Times of India] Attempt 1/1: Trying with 'selenium_browser' strategy...
2026-03-14 06:59:00,554 - INFO - [Times of India] Page content loaded.
2026-03-14 06:59:00,710 - INFO - [Times of India] Success with 'selenium_browser'. Found content (216 words).
2026-03-14 06:59:00,782 - INFO - Saved article: Washington flight disruptions: Operations resume after chemical smell triggers ground stop - The Times of India from Times of India
2026-03-14 06:59:02,261 - INFO - [Times of India] Article: https://timesofindia.indiatimes.com/world/middle-east/saudi-arabia-filipino-domestic-worker-arrested-in-madinah-after-child-fatally-stabbed-at-home/articleshow/129568408.cms
2026-03-14 06:59:02,261 - INFO - [Times of India] Attempt 1/1: Trying with 'selenium_browser' strategy...
2026-03-14 06:59:04,772 - INFO - [Times of India] Page content loaded.
2026-03-14 06:59:04,962 - INFO - [Times of India] Success with 'selenium_browser'. Found content (116 words).
2026-03-14 06:59:05,057 - INFO - Duplicate article skipped: Saudi Arabia: Filipino domestic worker arrested in Madinah after child fatally stabbed at home | World News - The Times of India from Times of India
2026-03-14 06:59:06,165 - INFO - [Times of India] Article: https://timesofindia.indiatimes.com/world/middle-east/white-house-now-begging-india-iran-fm-araghchi-mocks-us-u-turn-on-russian-oil/articleshow/129568264.cms
2026-03-14 06:59:06,166 - INFO - [Times of India] Attempt 1/1: Trying with 'selenium_browser' strategy...
2026-03-14 06:59:07,571 - INFO - [Times of India] Page content loaded.
2026-03-14 06:59:07,748 - INFO - [Times of India] Success with 'selenium_browser'. Found content (420 words).
2026-03-14 06:59:07,827 - INFO - Duplicate article skipped: India Russian Oil Imports: 'White House now begging India': Iran FM Araghchi mocks US U-turn on Russian oil - The Times of India from Times of India
2026-03-14 06:59:08,529 - INFO - [Times of India] Article: https://timesofindia.indiatimes.com/world/middle-east/video-israel-shares-video-claiming-cluster-bomb-from-iranian-missile-fell-inside-empty-school/articleshow/129568146.cms
2026-03-14 06:59:08,529 - INFO - [Times of India] Attempt 1/1: Trying with 'selenium_browser' strategy...
2026-03-14 06:59:10,708 - INFO - [Times of India] Page content loaded.
2026-03-14 06:59:10,887 - INFO - [Times of India] Success with 'selenium_browser'. Found content (241 words).
2026-03-14 06:59:10,943 - INFO - Duplicate article skipped: Video: Israel shares video claiming cluster bomb from Iranian missile fell inside empty school - The Times of India from Times of India
2026-03-14 06:59:11,536 - INFO - [Times of India] Article: https://timesofindia.indiatimes.com/world/middle-east/israels-strike-kills-12-medical-workers-at-lebanon-clinic-amid-escalating-middle-east-conflict/articleshow/129567808.cms
2026-03-14 06:59:11,536 - INFO - [Times of India] Attempt 1/1: Trying with 'selenium_browser' strategy...
2026-03-14 06:59:12,706 - INFO - [Times of India] Page content loaded.
2026-03-14 06:59:12,886 - INFO - [Times of India] Success with 'selenium_browser'. Found content (309 words).
2026-03-14 06:59:12,941 - INFO - Duplicate article skipped: Israel's strike kills 12 medical workers at Lebanon clinic amid escalating Middle East conflict - The Times of India from Times of India
2026-03-14 06:59:13,481 - INFO - [Times of India] Article: https://timesofindia.indiatimes.com/world/middle-east/dubai-news-evacuate-the-office-standard-chartered-responds-to-viral-rumours-in-uae-emirate-amid-iran-vs-us-israel-war/articleshow/129564634.cms
2026-03-14 06:59:13,481 - INFO - [Times of India] Attempt 1/1: Trying with 'selenium_browser' strategy...
2026-03-14 06:59:13,546 - ERROR - [The Hindu] Request failed for strategy 'selenium_browser' on URL https://www.thehindu.com/news/national/nine-judge-sc-bench-to-hear-arguments-on-march-17-on-definition-of-industry/article70742485.ece: Message: timeout: Timed out receiving message from renderer: 59.746
  (Session info: chrome=145.0.7632.116)
Stacktrace:
#0 0x55a06c018b6a <unknown>
#1 0x55a06ba2ba32 <unknown>
#2 0x55a06ba13007 <unknown>
#3 0x55a06ba12c16 <unknown>
#4 0x55a06ba10731 <unknown>
#5 0x55a06ba110bf <unknown>
#6 0x55a06ba20560 <unknown>
#7 0x55a06ba3a707 <unknown>
#8 0x55a06ba418db <unknown>
#9 0x55a06ba11829 <unknown>
#10 0x55a06ba3a49c <unknown>
#11 0x55a06bac96e1 <unknown>
#12 0x55a06ba72c0f <unknown>
#13 0x55a06ba739d1 <unknown>
#14 0x55a06bfdd6b9 <unknown>
#15 0x55a06bfe05c1 <unknown>
#16 0x55a06bfc9e29 <unknown>
#17 0x55a06bfe117e <unknown>
#18 0x55a06bfb04b0 <unknown>
#19 0x55a06c005578 <unknown>
#20 0x55a06c00574b <unknown>
#21 0x55a06c0171a3 <unknown>
#22 0x7fc60e89caa4 <unknown>
#23 0x7fc60e929c6c <unknown>

2026-03-14 06:59:13,546 - ERROR - [The Hindu] All scrape strategies failed for https://www.thehindu.com/news/national/nine-judge-sc-bench-to-hear-arguments-on-march-17-on-definition-of-industry/article70742485.ece. Falling back to RSS description.
2026-03-14 06:59:13,550 - INFO - Saved article: Nine-judge SC Bench to hear arguments on March 17 on definition of 'industry' from The Hindu
2026-03-14 06:59:14,347 - INFO - [The Hindu] Article: https://www.thehindu.com/news/cities/Hyderabad/telangana-civil-supplies-minister-to-meet-with-lpg-distributors-association-on-march-14/article70742387.ece
2026-03-14 06:59:14,348 - INFO - [The Hindu] Attempt 1/1: Trying with 'selenium_browser' strategy...
2026-03-14 06:59:15,114 - INFO - [Times of India] Page content loaded.
2026-03-14 06:59:15,275 - INFO - [Times of India] Success with 'selenium_browser'. Found content (982 words).
2026-03-14 06:59:15,379 - INFO - Duplicate article skipped: Dubai news: ‘Evacuate the office?’ Standard Chartered responds to viral rumours in UAE emirate amid Iran vs US-Israel war - The Times of India from Times of India
2026-03-14 06:59:16,686 - INFO - [Times of India] Article: https://timesofindia.indiatimes.com/world/middle-east/why-the-us-is-sending-assault-ship-uss-tripoli-thousands-of-marines-to-the-middle-east-and-what-it-means-for-iran-vs-israel-war/articleshow/129564511.cms
2026-03-14 06:59:16,686 - INFO - [Times of India] Attempt 1/1: Trying with 'selenium_browser' strategy...
2026-03-14 06:59:17,730 - INFO - [The Hindu] Page content loaded.
2026-03-14 06:59:17,909 - INFO - [The Hindu] Success with 'selenium_browser'. Found content (152 words).
2026-03-14 06:59:18,027 - INFO - Saved article: Telangana Civil Supplies Minister to meet with LPG Distributors Association on March 14 - The Hindu from The Hindu
2026-03-14 06:59:19,344 - INFO - [The Hindu] Article: https://www.thehindu.com/news/national/bihar/syed-ata-hasnain-bihar-governor-swear-in-on-march-14-2026/article70742457.ece
2026-03-14 06:59:19,345 - INFO - [The Hindu] Attempt 1/1: Trying with 'selenium_browser' strategy...
2026-03-14 06:59:20,399 - INFO - [The Hindu] Page content loaded.
2026-03-14 06:59:20,490 - INFO - [The Hindu] Success with 'selenium_browser'. Found content (114 words).
2026-03-14 06:59:20,780 - INFO - Saved article: Lt Gen (Retd) Syed Ata Hasnain sworn in as Bihar Governor - The Hindu from The Hindu
2026-03-14 06:59:22,250 - INFO - [The Hindu] Article: https://www.thehindu.com/news/national/maharashtra/several-maharashtra-cities-record-temperatures-above-40c-rain-and-thunderstorms-predicted-from-march-17/article70740453.ece
2026-03-14 06:59:22,250 - INFO - [The Hindu] Attempt 1/1: Trying with 'selenium_browser' strategy...
2026-03-14 06:59:24,489 - INFO - [The Hindu] Page content loaded.
2026-03-14 06:59:24,993 - INFO - [The Hindu] Success with 'selenium_browser'. Found content (241 words).
2026-03-14 06:59:25,224 - INFO - Saved article: Several Maharashtra Cities Record Temperatures Above 40°C; Rain and Thunderstorms Predicted from March 17 - The Hindu from The Hindu
2026-03-14 06:59:26,310 - INFO - [The Hindu] Article: https://www.thehindu.com/news/national/haryana/petrol-diesel-and-domestic-lpg-supply-in-the-state-remains-normal-says-haryana-civil-supplies-minister/article70740151.ece
2026-03-14 06:59:26,310 - INFO - [The Hindu] Attempt 1/1: Trying with 'selenium_browser' strategy...
2026-03-14 06:59:32,460 - INFO - [Times of India] Page content loaded.
2026-03-14 06:59:32,602 - INFO - [Times of India] Success with 'selenium_browser'. Found content (1018 words).
2026-03-14 06:59:32,677 - INFO - Duplicate article skipped: Uss Tripoli: Why the US is sending assault ship USS Tripoli, thousands of marines to the Middle East and what it means for Iran vs Israel war - The Times of India from Times of India
2026-03-14 06:59:33,497 - INFO - [Times of India] Article: https://timesofindia.indiatimes.com/world/rest-of-world/france-returns-african-talking-drum-the-sacred-instrument-that-once-spoke-to-entire-villages-and-warned-of-danger/articleshow/129564543.cms
2026-03-14 06:59:33,497 - INFO - [Times of India] Attempt 1/1: Trying with 'selenium_browser' strategy...
2026-03-14 06:59:34,121 - INFO - [Times of India] Page content loaded.
2026-03-14 06:59:34,314 - INFO - [Times of India] Success with 'selenium_browser'. Found content (945 words).
2026-03-14 06:59:34,381 - INFO - Duplicate article skipped: Djidji Ayokwe: France returns African talking drum: The sacred instrument that once 'spoke' to entire villages and warned of danger | World News - The Times of India from Times of India
2026-03-14 06:59:35,826 - INFO - [Times of India] Article: https://timesofindia.indiatimes.com/world/us/first-photo-released-of-man-who-rammed-car-into-michigan-jewish-preschool/articleshow/129564529.cms
2026-03-14 06:59:35,826 - INFO - [Times of India] Attempt 1/1: Trying with 'selenium_browser' strategy...
2026-03-14 06:59:37,460 - INFO - [Times of India] Page content loaded.
2026-03-14 06:59:37,580 - INFO - [Times of India] Success with 'selenium_browser'. Found content (266 words).
2026-03-14 06:59:37,656 - INFO - Duplicate article skipped: First photo released of man who rammed car into Michigan Jewish preschool - The Times of India from Times of India
2026-03-14 06:59:38,190 - INFO - [Times of India] (Thread) Finished. Attempting to shut down its Selenium driver.
2026-03-14 06:59:38,516 - INFO - [Times of India] (Thread) driver.quit() successful.
2026-03-14 07:00:26,332 - ERROR - [The Hindu] Request failed for strategy 'selenium_browser' on URL https://www.thehindu.com/news/national/haryana/petrol-diesel-and-domestic-lpg-supply-in-the-state-remains-normal-says-haryana-civil-supplies-minister/article70740151.ece: Message: timeout: Timed out receiving message from renderer: 59.116
  (Session info: chrome=145.0.7632.116)
Stacktrace:
#0 0x55a06c018b6a <unknown>
#1 0x55a06ba2ba32 <unknown>
#2 0x55a06ba13007 <unknown>
#3 0x55a06ba12c16 <unknown>
#4 0x55a06ba10731 <unknown>
#5 0x55a06ba110bf <unknown>
#6 0x55a06ba20560 <unknown>
#7 0x55a06ba3a707 <unknown>
#8 0x55a06ba418db <unknown>
#9 0x55a06ba11829 <unknown>
#10 0x55a06ba3a49c <unknown>
#11 0x55a06bac96e1 <unknown>
#12 0x55a06ba72c0f <unknown>
#13 0x55a06ba739d1 <unknown>
#14 0x55a06bfdd6b9 <unknown>
#15 0x55a06bfe05c1 <unknown>
#16 0x55a06bfc9e29 <unknown>
#17 0x55a06bfe117e <unknown>
#18 0x55a06bfb04b0 <unknown>
#19 0x55a06c005578 <unknown>
#20 0x55a06c00574b <unknown>
#21 0x55a06c0171a3 <unknown>
#22 0x7fc60e89caa4 <unknown>
#23 0x7fc60e929c6c <unknown>

2026-03-14 07:00:26,332 - ERROR - [The Hindu] All scrape strategies failed for https://www.thehindu.com/news/national/haryana/petrol-diesel-and-domestic-lpg-supply-in-the-state-remains-normal-says-haryana-civil-supplies-minister/article70740151.ece. Falling back to RSS description.
2026-03-14 07:00:26,334 - INFO - Saved article: Petrol, diesel, and domestic LPG supply in the State remains normal, says Haryana Civil Supplies Minister from The Hindu
2026-03-14 07:00:27,635 - INFO - [The Hindu] Article: https://www.thehindu.com/news/national/bihar/debut-in-politics-nishant-kumar-remains-busy-with-party-activities/article70740341.ece
2026-03-14 07:00:27,635 - INFO - [The Hindu] Attempt 1/1: Trying with 'selenium_browser' strategy...
2026-03-14 07:00:29,498 - INFO - [The Hindu] Page content loaded.
2026-03-14 07:00:29,573 - INFO - [The Hindu] Success with 'selenium_browser'. Found content (815 words).
2026-03-14 07:00:29,654 - INFO - Duplicate article skipped: Debut in politics, Nishant Kumar remains busy with party activities - The Hindu from The Hindu
2026-03-14 07:00:30,499 - INFO - [The Hindu] Article: https://www.thehindu.com/news/national/madhya-pradesh/bhopal-gas-tragedy-madhya-pradesh-hc-asks-government-to-share-clean-up-plan/article70740415.ece
2026-03-14 07:00:30,499 - INFO - [The Hindu] Attempt 1/1: Trying with 'selenium_browser' strategy...
2026-03-14 07:00:31,078 - INFO - [The Hindu] Page content loaded.
2026-03-14 07:00:31,224 - INFO - [The Hindu] Success with 'selenium_browser'. Found content (380 words).
2026-03-14 07:00:31,311 - INFO - Duplicate article skipped: Bhopal gas tragedy: Madhya Pradesh HC asks government to share clean-up plan - The Hindu from The Hindu
2026-03-14 07:00:32,490 - INFO - [The Hindu] (Thread) Finished. Attempting to shut down its Selenium driver.
2026-03-14 07:00:32,654 - INFO - [The Hindu] (Thread) driver.quit() successful.
2026-03-14 07:00:32,654 - INFO - Shutting down thread pool (wait=False)...
2026-03-14 07:00:32,654 - INFO - Scraped: 0 The Guardian, 1 BBC, 2 Times of India, 8 The Hindu articles. (Total saved: 11)
2026-03-14 07:00:32,654 - INFO - --- Scraping job finished ---
2026-03-14 07:00:32,660 - INFO - --- Scraper service stopped and database connection closed. ---
2026-03-14 07:00:32,660 - INFO - --- Main thread finished. Forcing process exit to kill zombie threads. ---
