2026-03-12 10:49:27,250 - INFO - Initializing database connection at: news_articles.db
2026-03-12 10:49:27,251 - INFO - --- Scraper service started (CI Mode: Run Once) ---
2026-03-12 10:49:27,251 - INFO - --- Starting new scraping job (Parallel Mode) ---
2026-03-12 10:49:27,251 - INFO - Creating new robust session with 3 retries on 5xx/connection/read errors.
2026-03-12 10:49:27,251 - INFO - Proxy is DISABLED.
2026-03-12 10:49:27,252 - INFO - Starting scrape for BBC RSS feed: http://feeds.bbci.co.uk/news/world/rss.xml
2026-03-12 10:49:27,252 - INFO - [Times of India] (Thread) requires Selenium. Initializing driver...
2026-03-12 10:49:27,252 - INFO - Initializing headless Selenium Chrome driver (using SeleniumManager)...
2026-03-12 10:49:27,252 - INFO - Starting scrape for The Guardian RSS feed: https://www.theguardian.com/world/rss
2026-03-12 10:49:27,253 - INFO - [The Hindu] (Thread) requires Selenium. Initializing driver...
2026-03-12 10:49:27,253 - INFO - Initializing headless Selenium Chrome driver (using SeleniumManager)...
2026-03-12 10:49:27,253 - INFO - Submitted 4 jobs to thread pool. Waiting up to 300s for completion...
2026-03-12 10:49:27,386 - INFO - Found 45 articles in The Guardian RSS feed. Processing up to 10.
2026-03-12 10:49:27,386 - INFO - [The Guardian] Article: https://www.theguardian.com/global-development/2026/mar/12/invasive-ai-led-mass-surveillance-in-africa-violating-freedoms-warn-experts
2026-03-12 10:49:27,386 - INFO - [The Guardian] Attempt 1/1: Trying with 'requests_browser' strategy...
2026-03-12 10:49:27,452 - INFO - [The Guardian] Success with 'requests_browser'. Found content (621 words).
2026-03-12 10:49:27,493 - INFO - Duplicate article skipped: ‘Invasive’ AI-led mass surveillance in Africa violating freedoms, warn experts | Global development | The Guardian from The Guardian
2026-03-12 10:49:27,645 - INFO - Found 23 articles in BBC RSS feed. Processing up to 10.
2026-03-12 10:49:27,645 - INFO - [BBC] Article: https://www.bbc.com/news/articles/cp9meeek051o?at_medium=RSS&at_campaign=rss
2026-03-12 10:49:27,645 - INFO - [BBC] Attempt 1/1: Trying with 'requests_browser' strategy...
2026-03-12 10:49:27,819 - INFO - [BBC] Success with 'requests_browser'. Found content (786 words).
2026-03-12 10:49:27,863 - INFO - Saved article: China approves 'ethnic unity' law requiring minorities to learn Mandarin from BBC
2026-03-12 10:49:28,609 - INFO - [BBC] Article: https://www.bbc.com/news/articles/cr4576v66kno?at_medium=RSS&at_campaign=rss
2026-03-12 10:49:28,609 - INFO - [BBC] Attempt 1/1: Trying with 'requests_browser' strategy...
2026-03-12 10:49:28,673 - INFO - [BBC] Success with 'requests_browser'. Found content (1807 words).
2026-03-12 10:49:28,746 - INFO - Duplicate article skipped: Epstein used modelling agent to recruit girls, Brazilian women tell BBC from BBC
2026-03-12 10:49:28,970 - INFO - [The Guardian] Article: https://www.theguardian.com/world/2026/mar/11/at-least-17-killed-after-drone-strikes-school-in-sudan
2026-03-12 10:49:28,970 - INFO - [The Guardian] Attempt 1/1: Trying with 'requests_browser' strategy...
2026-03-12 10:49:29,038 - INFO - [The Guardian] Success with 'requests_browser'. Found content (363 words).
2026-03-12 10:49:29,079 - INFO - Duplicate article skipped: At least 17 killed after drone strikes school in Sudan | Sudan | The Guardian from The Guardian
2026-03-12 10:49:29,539 - INFO - [BBC] Article: https://www.bbc.com/news/articles/crm8rxwyyz8o?at_medium=RSS&at_campaign=rss
2026-03-12 10:49:29,539 - INFO - [BBC] Attempt 1/1: Trying with 'requests_browser' strategy...
2026-03-12 10:49:29,588 - INFO - [BBC] Success with 'requests_browser'. Found content (1136 words).
2026-03-12 10:49:29,632 - INFO - Duplicate article skipped: War in Ukraine spills into Hungarian election from BBC
2026-03-12 10:49:30,055 - INFO - [The Guardian] Article: https://www.theguardian.com/world/2026/mar/11/drone-attack-goma-eastern-democratic-republic-of-the-congo-m23-rebels
2026-03-12 10:49:30,055 - INFO - [The Guardian] Attempt 1/1: Trying with 'requests_browser' strategy...
2026-03-12 10:49:30,122 - INFO - [The Guardian] Success with 'requests_browser'. Found content (551 words).
2026-03-12 10:49:30,166 - INFO - Duplicate article skipped: French aid worker among three killed in drone strike in east DRC, M23 rebels say | Democratic Republic of the Congo | The Guardian from The Guardian
2026-03-12 10:49:30,561 - INFO - [BBC] Article: https://www.bbc.com/news/articles/c07jr2pe5j9o?at_medium=RSS&at_campaign=rss
2026-03-12 10:49:30,561 - INFO - [BBC] Attempt 1/1: Trying with 'requests_browser' strategy...
2026-03-12 10:49:30,600 - INFO - [BBC] Success with 'requests_browser'. Found content (490 words).
2026-03-12 10:49:30,638 - INFO - Duplicate article skipped: Noma head chef René Redzepi resigns after abuse allegations and protests from BBC
2026-03-12 10:49:31,439 - INFO - [The Guardian] Article: https://www.theguardian.com/world/2026/mar/11/nigerian-soldiers-killed-jihadist-raids-north-east
2026-03-12 10:49:31,439 - INFO - [The Guardian] Attempt 1/1: Trying with 'requests_browser' strategy...
2026-03-12 10:49:31,616 - INFO - [BBC] Article: https://www.bbc.com/news/articles/ce947x4m0e1o?at_medium=RSS&at_campaign=rss
2026-03-12 10:49:31,616 - INFO - [BBC] Attempt 1/1: Trying with 'requests_browser' strategy...
2026-03-12 10:49:31,658 - INFO - [BBC] Success with 'requests_browser'. Found content (354 words).
2026-03-12 10:49:31,702 - INFO - Saved article: Ethiopia flood death toll in Gamo Zone rises above 60 from BBC
2026-03-12 10:49:31,892 - INFO - [The Guardian] Success with 'requests_browser'. Found content (428 words).
2026-03-12 10:49:31,925 - INFO - Duplicate article skipped: At least 65 Nigerian soldiers killed in jihadist raids in country’s north-east | Nigeria | The Guardian from The Guardian
2026-03-12 10:49:33,083 - INFO - [The Guardian] Article: https://www.theguardian.com/us-news/2026/mar/11/rfk-vaccine-trials-guinea-bissau
2026-03-12 10:49:33,083 - INFO - [The Guardian] Attempt 1/1: Trying with 'requests_browser' strategy...
2026-03-12 10:49:33,116 - INFO - [BBC] Article: https://www.bbc.com/news/articles/cn87ndvklr2o?at_medium=RSS&at_campaign=rss
2026-03-12 10:49:33,116 - INFO - [BBC] Attempt 1/1: Trying with 'requests_browser' strategy...
2026-03-12 10:49:33,159 - INFO - [BBC] Success with 'requests_browser'. Found content (581 words).
2026-03-12 10:49:33,220 - INFO - Saved article: Hozier, Jessie Buckley and Bruce Springsteen record Shane MacGowan tribute album from BBC
2026-03-12 10:49:33,301 - INFO - [The Guardian] Success with 'requests_browser'. Found content (1242 words).
2026-03-12 10:49:33,336 - INFO - Duplicate article skipped: Experts fear ‘unethical’ vaccine trial in Africa is ‘prototype’ for US studies under RFK Jr | US healthcare | The Guardian from The Guardian
2026-03-12 10:49:33,879 - INFO - [BBC] Article: https://www.bbc.com/news/articles/cwykd08eyg5o?at_medium=RSS&at_campaign=rss
2026-03-12 10:49:33,879 - INFO - [BBC] Attempt 1/1: Trying with 'requests_browser' strategy...
2026-03-12 10:49:33,928 - INFO - [BBC] Success with 'requests_browser'. Found content (1149 words).
2026-03-12 10:49:33,976 - INFO - Saved article: The Pussycat Dolls to reunite as a trio for new single and world tour from BBC
2026-03-12 10:49:34,124 - INFO - [The Guardian] Article: https://www.theguardian.com/world/2026/mar/12/quit-fossil-fuels-to-stem-deadly-floods-in-brazils-coffee-heartland-say-scientists
2026-03-12 10:49:34,124 - INFO - [The Guardian] Attempt 1/1: Trying with 'requests_browser' strategy...
2026-03-12 10:49:34,574 - INFO - [The Guardian] Success with 'requests_browser'. Found content (723 words).
2026-03-12 10:49:34,609 - INFO - Duplicate article skipped: Quit fossil fuels to stem deadly floods in Brazil’s coffee heartland, say scientists | Extreme weather | The Guardian from The Guardian
2026-03-12 10:49:35,051 - INFO - Selenium driver initialized successfully.
2026-03-12 10:49:35,051 - INFO - Starting scrape for The Hindu RSS feed: https://www.thehindu.com/news/national/feeder/default.rss
2026-03-12 10:49:35,052 - INFO - Selenium driver initialized successfully.
2026-03-12 10:49:35,053 - INFO - Starting scrape for Times of India RSS feed: https://timesofindia.indiatimes.com/rssfeeds/296589292.cms
2026-03-12 10:49:35,201 - INFO - Found 100 articles in The Hindu RSS feed. Processing up to 10.
2026-03-12 10:49:35,201 - INFO - [The Hindu] Article: https://www.thehindu.com/news/national/tamil-nadu/tn-cm-stalin-condemns-assassination-attempt-on-farooq-abdullah/article70734378.ece
2026-03-12 10:49:35,201 - INFO - [The Hindu] Attempt 1/1: Trying with 'selenium_browser' strategy...
2026-03-12 10:49:35,225 - INFO - Found 20 articles in Times of India RSS feed. Processing up to 10.
2026-03-12 10:49:35,225 - INFO - [Times of India] Article: https://timesofindia.indiatimes.com/world/middle-east/us-israel-iran-war-news-live-udates-middle-east-crisis-conflict-drone-ballistic-missile-attacks-explosions-gulf-countries-dubai-flights-news-status-donald-trump-netanyahu-mojtaba-khamenei/liveblog/129485596.cms
2026-03-12 10:49:35,225 - INFO - [Times of India] Attempt 1/1: Trying with 'selenium_browser' strategy...
2026-03-12 10:49:35,373 - INFO - [BBC] Article: https://www.bbc.com/news/articles/cz7gd57z33zo?at_medium=RSS&at_campaign=rss
2026-03-12 10:49:35,373 - INFO - [BBC] Attempt 1/1: Trying with 'requests_browser' strategy...
2026-03-12 10:49:35,426 - INFO - [BBC] Success with 'requests_browser'. Found content (494 words).
2026-03-12 10:49:35,480 - INFO - Saved article: Kenya arrests Chinese national over attempt to smuggle 2,000 queen ants from BBC
2026-03-12 10:49:35,552 - INFO - [The Guardian] Article: https://www.theguardian.com/world/2026/mar/11/el-salvador-mass-incarceration-crimes-against-humanity-study
2026-03-12 10:49:35,552 - INFO - [The Guardian] Attempt 1/1: Trying with 'requests_browser' strategy...
2026-03-12 10:49:35,622 - INFO - [The Guardian] Success with 'requests_browser'. Found content (594 words).
2026-03-12 10:49:35,667 - INFO - Duplicate article skipped: El Salvador’s mass arrest policy may have led to crimes against humanity, study shows | El Salvador | The Guardian from The Guardian
2026-03-12 10:49:36,027 - INFO - [BBC] Article: https://www.bbc.com/sport/tennis/articles/cly09grr65xo?at_medium=RSS&at_campaign=rss
2026-03-12 10:49:36,027 - INFO - [BBC] Attempt 1/1: Trying with 'requests_browser' strategy...
2026-03-12 10:49:36,098 - INFO - [BBC] Success with 'requests_browser'. Found content (894 words).
2026-03-12 10:49:36,188 - INFO - Saved article: Indian Wells: Jack Draper fights back for 'huge' Indian Wells win over Novak Djokovic - BBC Sport from BBC
2026-03-12 10:49:36,928 - INFO - [The Guardian] Article: https://www.theguardian.com/world/2026/mar/11/argentina-asylum-brasil-elections
2026-03-12 10:49:36,928 - INFO - [The Guardian] Attempt 1/1: Trying with 'requests_browser' strategy...
2026-03-12 10:49:37,181 - INFO - [The Guardian] Success with 'requests_browser'. Found content (685 words).
2026-03-12 10:49:37,188 - INFO - [BBC] Article: https://www.bbc.com/news/articles/c62g90w8dkko?at_medium=RSS&at_campaign=rss
2026-03-12 10:49:37,188 - INFO - [BBC] Attempt 1/1: Trying with 'requests_browser' strategy...
2026-03-12 10:49:37,285 - INFO - Duplicate article skipped: Argentina grants asylum to Brasília rioter in move that may sway Brazil vote | Argentina | The Guardian from The Guardian
2026-03-12 10:49:37,327 - INFO - [BBC] Success with 'requests_browser'. Found content (716 words).
2026-03-12 10:49:37,493 - INFO - Duplicate article skipped: Kanye West ordered to pay $140K in Malibu mansion renovation case from BBC
2026-03-12 10:49:38,049 - INFO - [The Guardian] Article: https://www.theguardian.com/world/2026/mar/11/jose-antonio-kast-pinochet-fan-chile-far-right
2026-03-12 10:49:38,049 - INFO - [The Guardian] Attempt 1/1: Trying with 'requests_browser' strategy...
2026-03-12 10:49:38,350 - INFO - [The Guardian] Success with 'requests_browser'. Found content (1085 words).
2026-03-12 10:49:38,548 - INFO - Duplicate article skipped: José Antonio Kast, the Pinochet fan about to swerve Chile to the far right | Chile | The Guardian from The Guardian
2026-03-12 10:49:39,166 - INFO - [The Guardian] Article: https://www.theguardian.com/world/2026/mar/10/haiti-president-jovenel-moise-trial
2026-03-12 10:49:39,166 - INFO - [The Guardian] Attempt 1/1: Trying with 'requests_browser' strategy...
2026-03-12 10:49:39,472 - INFO - [The Guardian] Success with 'requests_browser'. Found content (720 words).
2026-03-12 10:49:39,833 - INFO - Duplicate article skipped: Haiti president’s assassination driven by greed and power, US prosecutors say | Haiti | The Guardian from The Guardian
2026-03-12 10:50:35,218 - ERROR - [The Hindu] Request failed for strategy 'selenium_browser' on URL https://www.thehindu.com/news/national/tamil-nadu/tn-cm-stalin-condemns-assassination-attempt-on-farooq-abdullah/article70734378.ece: Message: timeout: Timed out receiving message from renderer: 59.874
  (Session info: chrome=145.0.7632.116)
Stacktrace:
#0 0x5651683c2b6a <unknown>
#1 0x565167dd5a32 <unknown>
#2 0x565167dbd007 <unknown>
#3 0x565167dbcc16 <unknown>
#4 0x565167dba731 <unknown>
#5 0x565167dbb0bf <unknown>
#6 0x565167dca560 <unknown>
#7 0x565167de4707 <unknown>
#8 0x565167deb8db <unknown>
#9 0x565167dbb829 <unknown>
#10 0x565167de449c <unknown>
#11 0x565167e736e1 <unknown>
#12 0x565167e1cc0f <unknown>
#13 0x565167e1d9d1 <unknown>
#14 0x5651683876b9 <unknown>
#15 0x56516838a5c1 <unknown>
#16 0x565168373e29 <unknown>
#17 0x56516838b17e <unknown>
#18 0x56516835a4b0 <unknown>
#19 0x5651683af578 <unknown>
#20 0x5651683af74b <unknown>
#21 0x5651683c11a3 <unknown>
#22 0x7ff35f29caa4 <unknown>
#23 0x7ff35f329c6c <unknown>

2026-03-12 10:50:35,219 - ERROR - [The Hindu] All scrape strategies failed for https://www.thehindu.com/news/national/tamil-nadu/tn-cm-stalin-condemns-assassination-attempt-on-farooq-abdullah/article70734378.ece. Falling back to RSS description.
2026-03-12 10:50:35,220 - INFO - Saved article: T.N. CM Stalin condemns assassination attempt on Farooq Abdullah from The Hindu
2026-03-12 10:50:35,272 - ERROR - [Times of India] Request failed for strategy 'selenium_browser' on URL https://timesofindia.indiatimes.com/world/middle-east/us-israel-iran-war-news-live-udates-middle-east-crisis-conflict-drone-ballistic-missile-attacks-explosions-gulf-countries-dubai-flights-news-status-donald-trump-netanyahu-mojtaba-khamenei/liveblog/129485596.cms: Message: timeout: Timed out receiving message from renderer: 59.748
  (Session info: chrome=145.0.7632.116)
Stacktrace:
#0 0x560add53fb6a <unknown>
#1 0x560adcf52a32 <unknown>
#2 0x560adcf3a007 <unknown>
#3 0x560adcf39c16 <unknown>
#4 0x560adcf37731 <unknown>
#5 0x560adcf380bf <unknown>
#6 0x560adcf47560 <unknown>
#7 0x560adcf61707 <unknown>
#8 0x560adcf688db <unknown>
#9 0x560adcf38829 <unknown>
#10 0x560adcf6149c <unknown>
#11 0x560adcff06e1 <unknown>
#12 0x560adcf99c0f <unknown>
#13 0x560adcf9a9d1 <unknown>
#14 0x560add5046b9 <unknown>
#15 0x560add5075c1 <unknown>
#16 0x560add4f0e29 <unknown>
#17 0x560add50817e <unknown>
#18 0x560add4d74b0 <unknown>
#19 0x560add52c578 <unknown>
#20 0x560add52c74b <unknown>
#21 0x560add53e1a3 <unknown>
#22 0x7fb96669caa4 <unknown>
#23 0x7fb966729c6c <unknown>

2026-03-12 10:50:35,272 - ERROR - [Times of India] All scrape strategies failed for https://timesofindia.indiatimes.com/world/middle-east/us-israel-iran-war-news-live-udates-middle-east-crisis-conflict-drone-ballistic-missile-attacks-explosions-gulf-countries-dubai-flights-news-status-donald-trump-netanyahu-mojtaba-khamenei/liveblog/129485596.cms. Falling back to RSS description.
2026-03-12 10:50:35,273 - INFO - Duplicate article skipped: US-Israel-Iran War News Live Updates: Saudi intercepts drone headed to Shaybah oil field; Israeli strikes 10 Hezbollah targets in Beirut from Times of India
2026-03-12 10:50:36,106 - INFO - [Times of India] Article: https://timesofindia.indiatimes.com/world/middle-east/citibank-temporarily-shuts-most-uae-branches-from-march-1214-shifts-staff-to-remote-work/articleshow/129502733.cms
2026-03-12 10:50:36,106 - INFO - [Times of India] Attempt 1/1: Trying with 'selenium_browser' strategy...
2026-03-12 10:50:36,355 - INFO - [The Hindu] Article: https://www.thehindu.com/news/national/tamil-nadu/ed-wants-tn-minister-anitha-radhakrishnans-assets-case-moved-from-thoothukudi-to-madurai/article70734394.ece
2026-03-12 10:50:36,355 - INFO - [The Hindu] Attempt 1/1: Trying with 'selenium_browser' strategy...
2026-03-12 10:50:37,327 - INFO - [Times of India] Page content loaded.
2026-03-12 10:50:37,556 - INFO - [Times of India] Success with 'selenium_browser'. Found content (527 words).
2026-03-12 10:50:37,641 - INFO - Saved article: Citibank temporarily shuts most UAE branches from March 12–14, shifts staff to remote work | World News - The Times of India from Times of India
2026-03-12 10:50:38,301 - INFO - [Times of India] Article: https://timesofindia.indiatimes.com/science/scientists-capture-trees-glowing-with-electricity-during-thunderstorms/articleshow/129501399.cms
2026-03-12 10:50:38,301 - INFO - [Times of India] Attempt 1/1: Trying with 'selenium_browser' strategy...
2026-03-12 10:50:41,066 - INFO - [Times of India] Page content loaded.
2026-03-12 10:50:41,538 - INFO - [Times of India] Success with 'selenium_browser'. Found content (483 words).
2026-03-12 10:50:41,591 - INFO - [The Hindu] Page content loaded.
2026-03-12 10:50:41,758 - INFO - Saved article: Scientists capture trees glowing with electricity during thunderstorms | - The Times of India from Times of India
2026-03-12 10:50:41,803 - INFO - [The Hindu] Success with 'selenium_browser'. Found content (556 words).
2026-03-12 10:50:41,890 - INFO - Saved article: ED wants T.N. Minister Anitha Radhakrishnan’s assets case moved from Thoothukudi to Madurai - The Hindu from The Hindu
2026-03-12 10:50:42,806 - INFO - [Times of India] Article: https://timesofindia.indiatimes.com/world/rest-of-world/run-completely-by-indians-canadian-chairman-faces-backlash-for-calling-out-indian-origin-members-in-government-agency/articleshow/129501012.cms
2026-03-12 10:50:42,806 - INFO - [Times of India] Attempt 1/1: Trying with 'selenium_browser' strategy...
2026-03-12 10:50:42,934 - INFO - [The Hindu] Article: https://www.thehindu.com/news/national/kerala/cpim-humiliated-and-forced-out-g-sudhakaran-says-ramesh-chennithala/article70734656.ece
2026-03-12 10:50:42,935 - INFO - [The Hindu] Attempt 1/1: Trying with 'selenium_browser' strategy...
2026-03-12 10:50:43,957 - INFO - [Times of India] Page content loaded.
2026-03-12 10:50:43,992 - INFO - [The Hindu] Page content loaded.
2026-03-12 10:50:44,132 - INFO - [The Hindu] Success with 'selenium_browser'. Found content (392 words).
2026-03-12 10:50:44,313 - INFO - Saved article: Kerala: CPI(M) ‘humiliated and forced out’ G. Sudhakaran, says Ramesh Chennithala - The Hindu from The Hindu
2026-03-12 10:50:44,322 - INFO - [Times of India] Success with 'selenium_browser'. Found content (480 words).
2026-03-12 10:50:44,450 - INFO - Saved article: Indian-Origin Officials: “Run completely by Indians?”: Canadian Chairman faces backlash for calling out Indian-origin members in government agency - The Times of India from Times of India
2026-03-12 10:50:45,361 - INFO - [Times of India] Article: https://timesofindia.indiatimes.com/world/rest-of-world/why-archaeologists-dont-want-to-open-chinas-2200-year-old-emperor-qin-shi-huangs-tomb-the-reason-will-shock-you/articleshow/129498388.cms
2026-03-12 10:50:45,361 - INFO - [Times of India] Attempt 1/1: Trying with 'selenium_browser' strategy...
2026-03-12 10:50:45,544 - INFO - [The Hindu] Article: https://www.thehindu.com/shorts/watch-farooq-abdullah-raises-police-lapse-after-wedding-shooting-scare/article70734680.ece
2026-03-12 10:50:45,544 - INFO - [The Hindu] Attempt 1/1: Trying with 'selenium_browser' strategy...
2026-03-12 10:50:47,137 - INFO - [Times of India] Page content loaded.
2026-03-12 10:50:47,318 - INFO - [Times of India] Success with 'selenium_browser'. Found content (826 words).
2026-03-12 10:50:47,375 - INFO - Duplicate article skipped: Qin Shi Huang’s Tomb: Why archaeologists don’t want to open China’s 2,200-year-old emperor Qin Shi Huang’s tomb; the reason will shock you | World News - The Times of India from Times of India
2026-03-12 10:50:48,690 - INFO - [Times of India] Article: https://timesofindia.indiatimes.com/science/interstellar-comet-3i/atlas-packed-with-alcohol-stuns-astronomers-heres-what-its-alien-chemistry-could-reveal-about-planet-formation/articleshow/129494966.cms
2026-03-12 10:50:48,691 - INFO - [Times of India] Attempt 1/1: Trying with 'selenium_browser' strategy...
2026-03-12 10:50:49,494 - INFO - [Times of India] Page content loaded.
2026-03-12 10:50:49,628 - INFO - [Times of India] Success with 'selenium_browser'. Found content (515 words).
2026-03-12 10:50:49,676 - INFO - Duplicate article skipped: Interstellar comet 3I/ATLAS packed with alcohol stuns astronomers: Here’s what its alien chemistry could reveal about planet formation | - The Times of India from Times of India
2026-03-12 10:50:50,867 - INFO - [Times of India] Article: https://timesofindia.indiatimes.com/world/middle-east/dubai-announces-eid-al-fitr-2026-holiday-for-public-sector-employees-four-day-break-confirmed/articleshow/129497390.cms
2026-03-12 10:50:50,867 - INFO - [Times of India] Attempt 1/1: Trying with 'selenium_browser' strategy...
2026-03-12 10:50:51,580 - INFO - [Times of India] Page content loaded.
2026-03-12 10:50:51,744 - INFO - [Times of India] Success with 'selenium_browser'. Found content (621 words).
2026-03-12 10:50:51,817 - INFO - Duplicate article skipped: Eid Al Fitr 2026 Holiday Dubai: Dubai announces Eid Al Fitr 2026 holiday for public sector employees; four-day break confirmed | World News - The Times of India from Times of India
2026-03-12 10:50:52,743 - INFO - [Times of India] Article: https://timesofindia.indiatimes.com/world/middle-east/dubai-miracle-garden-offers-free-entry-for-uae-residents-from-march-15-to-31-dates-and-best-timings-to-visit/articleshow/129495777.cms
2026-03-12 10:50:52,743 - INFO - [Times of India] Attempt 1/1: Trying with 'selenium_browser' strategy...
2026-03-12 10:50:53,338 - INFO - [Times of India] Page content loaded.
2026-03-12 10:50:53,485 - INFO - [Times of India] Success with 'selenium_browser'. Found content (579 words).
2026-03-12 10:50:53,554 - INFO - Duplicate article skipped: Dubai Miracle Garden: Dubai Miracle Garden offers free entry for UAE residents from March 15 to 31: Dates and best timings to visit | World News - The Times of India from Times of India
2026-03-12 10:50:54,831 - INFO - [Times of India] Article: https://timesofindia.indiatimes.com/world/middle-east/why-touching-shrapnel-could-be-deadly-uae-ministry-of-interior-issues-urgent-public-advisory/articleshow/129490727.cms
2026-03-12 10:50:54,831 - INFO - [Times of India] Attempt 1/1: Trying with 'selenium_browser' strategy...
2026-03-12 10:50:55,524 - INFO - [Times of India] Page content loaded.
2026-03-12 10:50:55,660 - INFO - [Times of India] Success with 'selenium_browser'. Found content (520 words).
2026-03-12 10:50:55,720 - INFO - Duplicate article skipped: Qatar News: Why touching shrapnel could be deadly: UAE Ministry of Interior issues urgent public advisory | World News - The Times of India from Times of India
2026-03-12 10:50:56,445 - INFO - [Times of India] Article: https://timesofindia.indiatimes.com/science/scientists-reveal-the-surprising-lunar-site-china-may-target-for-its-2030-moon-landing/articleshow/129493430.cms
2026-03-12 10:50:56,445 - INFO - [Times of India] Attempt 1/1: Trying with 'selenium_browser' strategy...
2026-03-12 10:50:57,744 - WARNING - [The Hindu] Page timed out (10s). No <p> tags found. Proceeding anyway.
2026-03-12 10:50:58,176 - WARNING - [The Hindu] FAILED with 'selenium_browser' (content was too short: 59 words).
2026-03-12 10:50:58,176 - ERROR - [The Hindu] All scrape strategies failed for https://www.thehindu.com/shorts/watch-farooq-abdullah-raises-police-lapse-after-wedding-shooting-scare/article70734680.ece. Falling back to RSS description.
2026-03-12 10:50:58,180 - INFO - Saved article: Watch: Farooq Abdullah raises police lapse after wedding shooting scare from The Hindu
2026-03-12 10:50:58,758 - INFO - [The Hindu] Article: https://www.thehindu.com/news/national/telangana/telangana-may-get-relief-from-heat-as-imd-forecasts-thunderstorms-in-several-districts-on-march-15-and-16/article70734579.ece
2026-03-12 10:50:58,758 - INFO - [The Hindu] Attempt 1/1: Trying with 'selenium_browser' strategy...
2026-03-12 10:50:59,714 - INFO - [Times of India] Page content loaded.
2026-03-12 10:50:59,939 - INFO - [The Hindu] Page content loaded.
2026-03-12 10:51:00,073 - INFO - [Times of India] Success with 'selenium_browser'. Found content (581 words).
2026-03-12 10:51:00,304 - INFO - Duplicate article skipped: China Moon Mission : Scientists reveal the surprising lunar site China may target for its 2030 moon landing | - The Times of India from Times of India
2026-03-12 10:51:00,336 - INFO - [The Hindu] Success with 'selenium_browser'. Found content (306 words).
2026-03-12 10:51:00,434 - INFO - Saved article: Telangana may get relief from heat as IMD forecasts thunderstorms in several districts on March 15 and 16 - The Hindu from The Hindu
2026-03-12 10:51:01,095 - INFO - [Times of India] (Thread) Finished. Attempting to shut down its Selenium driver.
2026-03-12 10:51:01,408 - INFO - [Times of India] (Thread) driver.quit() successful.
2026-03-12 10:51:01,567 - INFO - [The Hindu] Article: https://www.thehindu.com/news/national/jammu-and-kashmir/terror-funding-case-supreme-court-grants-bail-to-kashmiri-separatist-leader-shabir-ahmed-shah/article70734382.ece
2026-03-12 10:51:01,567 - INFO - [The Hindu] Attempt 1/1: Trying with 'selenium_browser' strategy...
2026-03-12 10:51:03,175 - INFO - [The Hindu] Page content loaded.
2026-03-12 10:51:03,223 - INFO - [The Hindu] Success with 'selenium_browser'. Found content (440 words).
2026-03-12 10:51:03,307 - INFO - Saved article: Terror-funding case: Supreme Court grants bail to Kashmiri separatist leader Shabir Ahmed Shah - The Hindu from The Hindu
2026-03-12 10:51:03,930 - INFO - [The Hindu] Article: https://www.thehindu.com/news/national/kerala/kerala-cm-condemns-assassination-attempt-on-former-jk-cm-farooq-abdullah/article70734337.ece
2026-03-12 10:51:03,930 - INFO - [The Hindu] Attempt 1/1: Trying with 'selenium_browser' strategy...
2026-03-12 10:51:05,655 - INFO - [The Hindu] Page content loaded.
2026-03-12 10:51:05,721 - INFO - [The Hindu] Success with 'selenium_browser'. Found content (113 words).
2026-03-12 10:51:05,808 - INFO - Saved article: Kerala CM condemns assassination attempt on former J&K CM Farooq Abdullah - The Hindu from The Hindu
2026-03-12 10:51:06,563 - INFO - [The Hindu] Article: https://www.thehindu.com/news/national/women-in-agri-food-sector-should-get-greater-role-in-policy-formation-decision-making-president-murmu/article70734469.ece
2026-03-12 10:51:06,563 - INFO - [The Hindu] Attempt 1/1: Trying with 'selenium_browser' strategy...
2026-03-12 10:51:08,281 - INFO - [The Hindu] Page content loaded.
2026-03-12 10:51:08,324 - INFO - [The Hindu] Success with 'selenium_browser'. Found content (613 words).
2026-03-12 10:51:08,409 - INFO - Saved article: Women in agri-food sector should get greater role in policy formation, decision making: President Murmu - The Hindu from The Hindu
2026-03-12 10:51:09,221 - INFO - [The Hindu] Article: https://www.thehindu.com/news/national/jammu-and-kashmir/farooq-abdullah-links-assassination-attempt-to-deeply-rooted-hatred-in-india-demands-probe/article70734437.ece
2026-03-12 10:51:09,221 - INFO - [The Hindu] Attempt 1/1: Trying with 'selenium_browser' strategy...
2026-03-12 10:51:10,238 - INFO - [The Hindu] Page content loaded.
2026-03-12 10:51:10,282 - INFO - [The Hindu] Success with 'selenium_browser'. Found content (487 words).
2026-03-12 10:51:10,342 - INFO - Saved article: Farooq Abdullah links assassination attempt to ‘deeply rooted hatred’ in India, demands probe - The Hindu from The Hindu
2026-03-12 10:51:11,022 - INFO - [The Hindu] Article: https://www.thehindu.com/news/national/manipur/held-captive-21-nagas-released-in-manipurs-restive-ukhrul-district/article70734439.ece
2026-03-12 10:51:11,022 - INFO - [The Hindu] Attempt 1/1: Trying with 'selenium_browser' strategy...
2026-03-12 10:51:12,664 - INFO - [The Hindu] Page content loaded.
2026-03-12 10:51:12,727 - INFO - [The Hindu] Success with 'selenium_browser'. Found content (374 words).
2026-03-12 10:51:12,804 - INFO - Saved article: Held captive, 21 Nagas released in Manipur’s restive Ukhrul district - The Hindu from The Hindu
2026-03-12 10:51:14,254 - INFO - [The Hindu] (Thread) Finished. Attempting to shut down its Selenium driver.
2026-03-12 10:51:14,438 - INFO - [The Hindu] (Thread) driver.quit() successful.
2026-03-12 10:51:14,438 - INFO - Shutting down thread pool (wait=False)...
2026-03-12 10:51:14,438 - INFO - Scraped: 3 Times of India, 10 The Hindu, 6 BBC, 0 The Guardian articles. (Total saved: 19)
2026-03-12 10:51:14,438 - INFO - --- Scraping job finished ---
2026-03-12 10:51:14,443 - INFO - --- Scraper service stopped and database connection closed. ---
2026-03-12 10:51:14,443 - INFO - --- Main thread finished. Forcing process exit to kill zombie threads. ---
