2026-03-12 20:42:52,778 - INFO - Initializing database connection at: news_articles.db
2026-03-12 20:42:52,778 - INFO - --- Scraper service started (CI Mode: Run Once) ---
2026-03-12 20:42:52,778 - INFO - --- Starting new scraping job (Parallel Mode) ---
2026-03-12 20:42:52,778 - INFO - Creating new robust session with 3 retries on 5xx/connection/read errors.
2026-03-12 20:42:52,779 - INFO - Proxy is DISABLED.
2026-03-12 20:42:52,779 - INFO - Starting scrape for BBC RSS feed: http://feeds.bbci.co.uk/news/world/rss.xml
2026-03-12 20:42:52,780 - INFO - [Times of India] (Thread) requires Selenium. Initializing driver...
2026-03-12 20:42:52,780 - INFO - Initializing headless Selenium Chrome driver (using SeleniumManager)...
2026-03-12 20:42:52,780 - INFO - Starting scrape for The Guardian RSS feed: https://www.theguardian.com/world/rss
2026-03-12 20:42:52,781 - INFO - [The Hindu] (Thread) requires Selenium. Initializing driver...
2026-03-12 20:42:52,781 - INFO - Initializing headless Selenium Chrome driver (using SeleniumManager)...
2026-03-12 20:42:52,781 - INFO - Submitted 4 jobs to thread pool. Waiting up to 300s for completion...
2026-03-12 20:42:52,869 - INFO - Found 33 articles in BBC RSS feed. Processing up to 10.
2026-03-12 20:42:52,869 - INFO - [BBC] Article: https://www.bbc.com/news/articles/cdxg599655vo?at_medium=RSS&at_campaign=rss
2026-03-12 20:42:52,869 - INFO - [BBC] Attempt 1/1: Trying with 'requests_browser' strategy...
2026-03-12 20:42:52,979 - INFO - Found 45 articles in The Guardian RSS feed. Processing up to 10.
2026-03-12 20:42:52,979 - INFO - [The Guardian] Article: https://www.theguardian.com/us-news/2026/mar/12/trump-immigration-deportations-eswatini
2026-03-12 20:42:52,979 - INFO - [The Guardian] Attempt 1/1: Trying with 'requests_browser' strategy...
2026-03-12 20:42:53,118 - INFO - [The Guardian] Success with 'requests_browser'. Found content (497 words).
2026-03-12 20:42:53,175 - INFO - Saved article: Eswatini says it received more ‘third country’ deportees as part of deal with Trump administration | Trump administration | The Guardian from The Guardian
2026-03-12 20:42:53,422 - INFO - [BBC] Success with 'requests_browser'. Found content (596 words).
2026-03-12 20:42:53,462 - INFO - Saved article: Iran's new Supreme Leader vows to continue blocking Strait of Hormuz from BBC
2026-03-12 20:42:54,547 - INFO - [The Guardian] Article: https://www.theguardian.com/global-development/2026/mar/12/uk-government-axes-flagship-global-health-project
2026-03-12 20:42:54,547 - INFO - [The Guardian] Attempt 1/1: Trying with 'requests_browser' strategy...
2026-03-12 20:42:54,615 - INFO - [The Guardian] Success with 'requests_browser'. Found content (626 words).
2026-03-12 20:42:54,651 - INFO - Duplicate article skipped: UK government axes flagship global health project | Global development | The Guardian from The Guardian
2026-03-12 20:42:54,813 - INFO - [BBC] Article: https://www.bbc.com/news/articles/cy8lzn2ejpjo?at_medium=RSS&at_campaign=rss
2026-03-12 20:42:54,813 - INFO - [BBC] Attempt 1/1: Trying with 'requests_browser' strategy...
2026-03-12 20:42:54,852 - INFO - [BBC] Success with 'requests_browser'. Found content (518 words).
2026-03-12 20:42:54,891 - INFO - Saved article: Emirati minister tells BBC Iran must end strikes on Gulf from BBC
2026-03-12 20:42:55,998 - INFO - [The Guardian] Article: https://www.theguardian.com/global-development/2026/mar/12/invasive-ai-led-mass-surveillance-in-africa-violating-freedoms-warn-experts
2026-03-12 20:42:55,998 - INFO - [The Guardian] Attempt 1/1: Trying with 'requests_browser' strategy...
2026-03-12 20:42:56,053 - INFO - [The Guardian] Success with 'requests_browser'. Found content (621 words).
2026-03-12 20:42:56,088 - INFO - [BBC] Article: https://www.bbc.com/news/articles/c8jxnjvjkg7o?at_medium=RSS&at_campaign=rss
2026-03-12 20:42:56,088 - INFO - [BBC] Attempt 1/1: Trying with 'requests_browser' strategy...
2026-03-12 20:42:56,089 - INFO - Duplicate article skipped: ‘Invasive’ AI-led mass surveillance in Africa violating freedoms, warn experts | Global development | The Guardian from The Guardian
2026-03-12 20:42:56,116 - INFO - [BBC] Success with 'requests_browser'. Found content (421 words).
2026-03-12 20:42:56,153 - INFO - Duplicate article skipped: Nepal: Rapper-politician Balendra Shah's party wins Nepal election from BBC
2026-03-12 20:42:56,840 - INFO - [The Guardian] Article: https://www.theguardian.com/world/2026/mar/11/at-least-17-killed-after-drone-strikes-school-in-sudan
2026-03-12 20:42:56,840 - INFO - [The Guardian] Attempt 1/1: Trying with 'requests_browser' strategy...
2026-03-12 20:42:56,899 - INFO - [The Guardian] Success with 'requests_browser'. Found content (363 words).
2026-03-12 20:42:56,943 - INFO - Duplicate article skipped: At least 17 killed after drone strikes school in Sudan | Sudan | The Guardian from The Guardian
2026-03-12 20:42:57,649 - INFO - [BBC] Article: https://www.bbc.com/news/articles/cm2xrz71zm3o?at_medium=RSS&at_campaign=rss
2026-03-12 20:42:57,649 - INFO - [BBC] Attempt 1/1: Trying with 'requests_browser' strategy...
2026-03-12 20:42:57,683 - INFO - [BBC] Success with 'requests_browser'. Found content (636 words).
2026-03-12 20:42:57,723 - INFO - Saved article: Israel drops charges against soldiers accused of abusing Gaza detainee from BBC
2026-03-12 20:42:58,004 - INFO - [The Guardian] Article: https://www.theguardian.com/world/2026/mar/11/drone-attack-goma-eastern-democratic-republic-of-the-congo-m23-rebels
2026-03-12 20:42:58,004 - INFO - [The Guardian] Attempt 1/1: Trying with 'requests_browser' strategy...
2026-03-12 20:42:58,068 - INFO - [The Guardian] Success with 'requests_browser'. Found content (551 words).
2026-03-12 20:42:58,113 - INFO - Duplicate article skipped: French aid worker among three killed in drone strike in east DRC, M23 rebels say | Democratic Republic of the Congo | The Guardian from The Guardian
2026-03-12 20:42:59,052 - INFO - [BBC] Article: https://www.bbc.com/news/articles/cpqw0jgn5xgo?at_medium=RSS&at_campaign=rss
2026-03-12 20:42:59,052 - INFO - [BBC] Attempt 1/1: Trying with 'requests_browser' strategy...
2026-03-12 20:42:59,069 - INFO - [The Guardian] Article: https://www.theguardian.com/world/2026/mar/12/two-plasma-donors-die-private-canada-clinics
2026-03-12 20:42:59,070 - INFO - [The Guardian] Attempt 1/1: Trying with 'requests_browser' strategy...
2026-03-12 20:42:59,086 - INFO - [BBC] Success with 'requests_browser'. Found content (594 words).
2026-03-12 20:42:59,155 - INFO - Saved article: France's ghost car scandal that allowed one million illegal vehicles onto the roads from BBC
2026-03-12 20:42:59,196 - INFO - [The Guardian] Success with 'requests_browser'. Found content (1291 words).
2026-03-12 20:42:59,228 - INFO - Duplicate article skipped: Two people die after donating plasma at Canadian clinics under federal investigation | Canada | The Guardian from The Guardian
2026-03-12 20:42:59,809 - INFO - [BBC] Article: https://www.bbc.com/news/articles/c5y4e3pzvl0o?at_medium=RSS&at_campaign=rss
2026-03-12 20:42:59,809 - INFO - [BBC] Attempt 1/1: Trying with 'requests_browser' strategy...
2026-03-12 20:42:59,839 - INFO - [BBC] Success with 'requests_browser'. Found content (339 words).
2026-03-12 20:42:59,876 - INFO - Saved article: Parents accused of hiding daughter's HIV infection and neglect from BBC
2026-03-12 20:43:00,078 - INFO - [The Guardian] Article: https://www.theguardian.com/world/2026/mar/12/quit-fossil-fuels-to-stem-deadly-floods-in-brazils-coffee-heartland-say-scientists
2026-03-12 20:43:00,078 - INFO - [The Guardian] Attempt 1/1: Trying with 'requests_browser' strategy...
2026-03-12 20:43:00,213 - INFO - [The Guardian] Success with 'requests_browser'. Found content (723 words).
2026-03-12 20:43:00,247 - INFO - Duplicate article skipped: Quit fossil fuels to stem deadly floods in Brazil’s coffee heartland, say scientists | Extreme weather | The Guardian from The Guardian
2026-03-12 20:43:01,030 - INFO - [BBC] Article: https://www.bbc.com/news/articles/cp9meeek051o?at_medium=RSS&at_campaign=rss
2026-03-12 20:43:01,030 - INFO - [BBC] Attempt 1/1: Trying with 'requests_browser' strategy...
2026-03-12 20:43:01,070 - INFO - [BBC] Success with 'requests_browser'. Found content (786 words).
2026-03-12 20:43:01,111 - INFO - Duplicate article skipped: China approves 'ethnic unity' law requiring minorities to learn Mandarin from BBC
2026-03-12 20:43:01,688 - INFO - [The Guardian] Article: https://www.theguardian.com/world/2026/mar/11/el-salvador-mass-incarceration-crimes-against-humanity-study
2026-03-12 20:43:01,688 - INFO - [The Guardian] Attempt 1/1: Trying with 'requests_browser' strategy...
2026-03-12 20:43:01,826 - INFO - [The Guardian] Success with 'requests_browser'. Found content (594 words).
2026-03-12 20:43:01,867 - INFO - Duplicate article skipped: El Salvador’s mass arrest policy may have led to crimes against humanity, study shows | El Salvador | The Guardian from The Guardian
2026-03-12 20:43:02,112 - INFO - [BBC] Article: https://www.bbc.com/news/articles/cr4576v66kno?at_medium=RSS&at_campaign=rss
2026-03-12 20:43:02,112 - INFO - [BBC] Attempt 1/1: Trying with 'requests_browser' strategy...
2026-03-12 20:43:02,167 - INFO - [BBC] Success with 'requests_browser'. Found content (1807 words).
2026-03-12 20:43:02,211 - INFO - Selenium driver initialized successfully.
2026-03-12 20:43:02,212 - INFO - Selenium driver initialized successfully.
2026-03-12 20:43:02,212 - INFO - Starting scrape for Times of India RSS feed: https://timesofindia.indiatimes.com/rssfeeds/296589292.cms
2026-03-12 20:43:02,219 - INFO - Starting scrape for The Hindu RSS feed: https://www.thehindu.com/news/national/feeder/default.rss
2026-03-12 20:43:02,219 - INFO - Duplicate article skipped: Epstein used modelling agent to recruit girls, Brazilian women tell BBC from BBC
2026-03-12 20:43:02,358 - INFO - Found 100 articles in The Hindu RSS feed. Processing up to 10.
2026-03-12 20:43:02,358 - INFO - [The Hindu] Article: https://www.thehindu.com/news/national/kerala/kochi-corporation-weighs-fresh-options-as-ksinc-faces-criticism-over-ro-ro-service/article70735793.ece
2026-03-12 20:43:02,358 - INFO - [The Hindu] Attempt 1/1: Trying with 'selenium_browser' strategy...
2026-03-12 20:43:02,663 - INFO - [The Guardian] Article: https://www.theguardian.com/world/2026/mar/11/argentina-asylum-brasil-elections
2026-03-12 20:43:02,663 - INFO - [The Guardian] Attempt 1/1: Trying with 'requests_browser' strategy...
2026-03-12 20:43:02,797 - INFO - [The Guardian] Success with 'requests_browser'. Found content (685 words).
2026-03-12 20:43:02,835 - INFO - Duplicate article skipped: Argentina grants asylum to Brasília rioter in move that may sway Brazil vote | Argentina | The Guardian from The Guardian
2026-03-12 20:43:02,847 - INFO - [BBC] Article: https://www.bbc.com/news/articles/c0j5lx75vg3o?at_medium=RSS&at_campaign=rss
2026-03-12 20:43:02,847 - INFO - [BBC] Attempt 1/1: Trying with 'requests_browser' strategy...
2026-03-12 20:43:02,881 - INFO - [BBC] Success with 'requests_browser'. Found content (410 words).
2026-03-12 20:43:02,928 - INFO - Duplicate article skipped: Nineteen jailed over Moscow's deadly Crocus City Concert hall attack from BBC
2026-03-12 20:43:02,936 - INFO - Found 20 articles in Times of India RSS feed. Processing up to 10.
2026-03-12 20:43:02,936 - INFO - [Times of India] Article: https://timesofindia.indiatimes.com/world/middle-east/us-israel-iran-war-news-live-udates-middle-east-crisis-conflict-drone-ballistic-missile-attacks-explosions-gulf-countries-dubai-flights-news-status-donald-trump-netanyahu-mojtaba-khamenei/liveblog/129485596.cms
2026-03-12 20:43:02,936 - INFO - [Times of India] Attempt 1/1: Trying with 'selenium_browser' strategy...
2026-03-12 20:43:03,685 - INFO - [The Guardian] Article: https://www.theguardian.com/world/2026/mar/11/jose-antonio-kast-pinochet-fan-chile-far-right
2026-03-12 20:43:03,685 - INFO - [The Guardian] Attempt 1/1: Trying with 'requests_browser' strategy...
2026-03-12 20:43:03,829 - INFO - [The Guardian] Success with 'requests_browser'. Found content (1085 words).
2026-03-12 20:43:03,888 - INFO - Duplicate article skipped: José Antonio Kast, the Pinochet fan about to swerve Chile to the far right | Chile | The Guardian from The Guardian
2026-03-12 20:43:04,262 - INFO - [BBC] Article: https://www.bbc.com/news/articles/c07jr2pe5j9o?at_medium=RSS&at_campaign=rss
2026-03-12 20:43:04,262 - INFO - [BBC] Attempt 1/1: Trying with 'requests_browser' strategy...
2026-03-12 20:43:04,420 - INFO - [BBC] Success with 'requests_browser'. Found content (490 words).
2026-03-12 20:43:04,490 - INFO - Duplicate article skipped: Noma head chef René Redzepi resigns after abuse allegations and protests from BBC
2026-03-12 20:43:08,789 - INFO - [The Hindu] Page content loaded.
2026-03-12 20:43:09,098 - INFO - [The Hindu] Success with 'selenium_browser'. Found content (452 words).
2026-03-12 20:43:09,194 - INFO - Saved article: Kochi Corporation weighs fresh options as KSINC faces criticism over ro-ro service - The Hindu from The Hindu
2026-03-12 20:43:10,215 - INFO - [The Hindu] Article: https://www.thehindu.com/news/national/pm-modi-hits-out-at-those-creating-panic-on-lpg-asks-states-to-monitor-black-marketers-hoarders/article70736696.ece
2026-03-12 20:43:10,215 - INFO - [The Hindu] Attempt 1/1: Trying with 'selenium_browser' strategy...
2026-03-12 20:43:16,449 - INFO - [The Hindu] Page content loaded.
2026-03-12 20:43:16,648 - INFO - [The Hindu] Success with 'selenium_browser'. Found content (863 words).
2026-03-12 20:43:17,042 - INFO - Saved article: LPG crisis: PM Modi hits out at those creating panic; asks States to monitor black marketers, hoarders - The Hindu from The Hindu
2026-03-12 20:43:18,144 - INFO - [The Hindu] Article: https://www.thehindu.com/news/national/kerala/kerala-nurses-on-the-warpath-over-long-overdue-wage-revision/article70734307.ece
2026-03-12 20:43:18,144 - INFO - [The Hindu] Attempt 1/1: Trying with 'selenium_browser' strategy...
2026-03-12 20:43:20,085 - INFO - [The Hindu] Page content loaded.
2026-03-12 20:43:20,157 - INFO - [The Hindu] Success with 'selenium_browser'. Found content (1564 words).
2026-03-12 20:43:20,248 - INFO - Saved article: Kerala nurses on the warpath over long-overdue wage revision - The Hindu from The Hindu
2026-03-12 20:43:20,969 - INFO - [The Hindu] Article: https://www.thehindu.com/news/national/tamil-nadu/cctv-cameras-control-centre-installed-in-ambur-town-to-prevent-crime/article70735316.ece
2026-03-12 20:43:20,969 - INFO - [The Hindu] Attempt 1/1: Trying with 'selenium_browser' strategy...
2026-03-12 20:43:25,416 - INFO - [The Hindu] Page content loaded.
2026-03-12 20:43:25,478 - INFO - [The Hindu] Success with 'selenium_browser'. Found content (353 words).
2026-03-12 20:43:25,545 - INFO - Saved article: CCTV cameras, control centre installed in Ambur town to prevent crime - The Hindu from The Hindu
2026-03-12 20:43:26,367 - INFO - [The Hindu] Article: https://www.thehindu.com/news/national/kerala/hc-disqualification-of-sndp-yogam-director-boarda-test-of-kerala-govts-mettle/article70735868.ece
2026-03-12 20:43:26,367 - INFO - [The Hindu] Attempt 1/1: Trying with 'selenium_browser' strategy...
2026-03-12 20:43:28,824 - INFO - [The Hindu] Page content loaded.
2026-03-12 20:43:28,940 - INFO - [The Hindu] Success with 'selenium_browser'. Found content (487 words).
2026-03-12 20:43:29,057 - INFO - Saved article: HC disqualification of SNDP Yogam director board a test of Kerala govt.’s mettle - The Hindu from The Hindu
2026-03-12 20:43:29,602 - INFO - [The Hindu] Article: https://www.thehindu.com/news/national/bihar/behind-the-crumbling-walls-of-bihars-balirajgarh-fort-a-tale-of-monumental-neglect/article70736677.ece
2026-03-12 20:43:29,602 - INFO - [The Hindu] Attempt 1/1: Trying with 'selenium_browser' strategy...
2026-03-12 20:43:31,119 - INFO - [The Hindu] Page content loaded.
2026-03-12 20:43:31,282 - INFO - [The Hindu] Success with 'selenium_browser'. Found content (777 words).
2026-03-12 20:43:31,374 - INFO - Saved article: Behind the crumbling walls of Bihar’s Balirajgarh Fort, a tale of monumental neglect - The Hindu from The Hindu
2026-03-12 20:43:32,296 - INFO - [The Hindu] Article: https://www.thehindu.com/news/national/kerala/ldfs-development-narrative-in-kollam-constituency-will-face-a-stiff-challenge-from-udf/article70735704.ece
2026-03-12 20:43:32,296 - INFO - [The Hindu] Attempt 1/1: Trying with 'selenium_browser' strategy...
2026-03-12 20:43:34,218 - INFO - [The Hindu] Page content loaded.
2026-03-12 20:43:34,262 - INFO - [The Hindu] Success with 'selenium_browser'. Found content (507 words).
2026-03-12 20:43:34,348 - INFO - Saved article: LDF’s development narrative in Kollam constituency will face a stiff challenge from UDF - The Hindu from The Hindu
2026-03-12 20:43:35,221 - INFO - [The Hindu] Article: https://www.thehindu.com/news/national/telangana/ramchander-rao-flags-governance-failures-wants-cm-to-focus-on-public-hardships/article70734918.ece
2026-03-12 20:43:35,221 - INFO - [The Hindu] Attempt 1/1: Trying with 'selenium_browser' strategy...
2026-03-12 20:43:36,424 - INFO - [The Hindu] Page content loaded.
2026-03-12 20:43:36,759 - INFO - [The Hindu] Success with 'selenium_browser'. Found content (356 words).
2026-03-12 20:43:36,879 - INFO - Saved article: Ramchander Rao flags ‘governance failures,’ wants CM to focus on public hardships - The Hindu from The Hindu
2026-03-12 20:43:37,766 - INFO - [The Hindu] Article: https://www.thehindu.com/news/national/karnataka/international-flower-market-proposed-near-nandi-cross/article70734860.ece
2026-03-12 20:43:37,767 - INFO - [The Hindu] Attempt 1/1: Trying with 'selenium_browser' strategy...
2026-03-12 20:43:39,204 - INFO - [The Hindu] Page content loaded.
2026-03-12 20:43:39,263 - INFO - [The Hindu] Success with 'selenium_browser'. Found content (218 words).
2026-03-12 20:43:39,342 - INFO - Saved article: International flower market proposed near Nandi Cross - The Hindu from The Hindu
2026-03-12 20:43:40,313 - INFO - [The Hindu] Article: https://www.thehindu.com/news/national/karnataka/dy-sp-seniority-revision-under-way-promotions-to-follow-committee-report-parameshwara/article70735522.ece
2026-03-12 20:43:40,313 - INFO - [The Hindu] Attempt 1/1: Trying with 'selenium_browser' strategy...
2026-03-12 20:43:41,757 - INFO - [The Hindu] Page content loaded.
2026-03-12 20:43:42,003 - INFO - [The Hindu] Success with 'selenium_browser'. Found content (285 words).
2026-03-12 20:43:42,126 - INFO - Saved article: Dy. SP seniority revision under way; promotions to follow committee report: Parameshwara - The Hindu from The Hindu
2026-03-12 20:43:43,034 - INFO - [The Hindu] (Thread) Finished. Attempting to shut down its Selenium driver.
2026-03-12 20:43:43,208 - INFO - [The Hindu] (Thread) driver.quit() successful.
2026-03-12 20:44:02,953 - ERROR - [Times of India] Request failed for strategy 'selenium_browser' on URL https://timesofindia.indiatimes.com/world/middle-east/us-israel-iran-war-news-live-udates-middle-east-crisis-conflict-drone-ballistic-missile-attacks-explosions-gulf-countries-dubai-flights-news-status-donald-trump-netanyahu-mojtaba-khamenei/liveblog/129485596.cms: Message: timeout: Timed out receiving message from renderer: 59.420
  (Session info: chrome=145.0.7632.116)
Stacktrace:
#0 0x56360704cb6a <unknown>
#1 0x563606a5fa32 <unknown>
#2 0x563606a47007 <unknown>
#3 0x563606a46c16 <unknown>
#4 0x563606a44731 <unknown>
#5 0x563606a450bf <unknown>
#6 0x563606a54560 <unknown>
#7 0x563606a6e707 <unknown>
#8 0x563606a758db <unknown>
#9 0x563606a45829 <unknown>
#10 0x563606a6e49c <unknown>
#11 0x563606afd6e1 <unknown>
#12 0x563606aa6c0f <unknown>
#13 0x563606aa79d1 <unknown>
#14 0x5636070116b9 <unknown>
#15 0x5636070145c1 <unknown>
#16 0x563606ffde29 <unknown>
#17 0x56360701517e <unknown>
#18 0x563606fe44b0 <unknown>
#19 0x563607039578 <unknown>
#20 0x56360703974b <unknown>
#21 0x56360704b1a3 <unknown>
#22 0x7f709049caa4 <unknown>
#23 0x7f7090529c6c <unknown>

2026-03-12 20:44:02,953 - ERROR - [Times of India] All scrape strategies failed for https://timesofindia.indiatimes.com/world/middle-east/us-israel-iran-war-news-live-udates-middle-east-crisis-conflict-drone-ballistic-missile-attacks-explosions-gulf-countries-dubai-flights-news-status-donald-trump-netanyahu-mojtaba-khamenei/liveblog/129485596.cms. Falling back to RSS description.
2026-03-12 20:44:02,954 - INFO - Duplicate article skipped: US-Israel-Iran War News Live Updates: Saudi intercepts drone headed to Shaybah oil field; Israeli strikes 10 Hezbollah targets in Beirut from Times of India
2026-03-12 20:44:04,006 - INFO - [Times of India] Article: https://timesofindia.indiatimes.com/world/middle-east/uae-news-hotels-refuse-to-raise-prices-for-stranded-tourists-as-flights-cancelled-across-the-emirates-amid-iran-vs-us-israel-war/articleshow/129523235.cms
2026-03-12 20:44:04,006 - INFO - [Times of India] Attempt 1/1: Trying with 'selenium_browser' strategy...
2026-03-12 20:44:08,539 - INFO - [Times of India] Page content loaded.
2026-03-12 20:44:08,840 - INFO - [Times of India] Success with 'selenium_browser'. Found content (876 words).
2026-03-12 20:44:09,067 - INFO - Saved article: UAE news: Hotels refuse to raise prices for stranded tourists as flights cancelled across the emirates amid Iran vs US-Israel war - The Times of India from Times of India
2026-03-12 20:44:09,728 - INFO - [Times of India] Article: https://timesofindia.indiatimes.com/world/us/are-you-scared-youll-get-deported-two-indian-origin-men-clash-on-social-media-over-h-1b-one-of-them-is-texas-gop-chairman/articleshow/129523221.cms
2026-03-12 20:44:09,728 - INFO - [Times of India] Attempt 1/1: Trying with 'selenium_browser' strategy...
2026-03-12 20:44:15,174 - INFO - [Times of India] Page content loaded.
2026-03-12 20:44:15,477 - INFO - [Times of India] Success with 'selenium_browser'. Found content (394 words).
2026-03-12 20:44:15,553 - INFO - Saved article: 'Are you scared you'll get deported': Two Indian-origin men clash on social media over H-1B. One of them is Texas GOP chairman - The Times of India from Times of India
2026-03-12 20:44:16,349 - INFO - [Times of India] Article: https://timesofindia.indiatimes.com/world/middle-east/qatar-news-travel-influencer-drives-across-doha-desert-to-riyadh-viral-video-shows-escape-route-amid-iran-vs-us-israel-war/articleshow/129520932.cms
2026-03-12 20:44:16,349 - INFO - [Times of India] Attempt 1/1: Trying with 'selenium_browser' strategy...
2026-03-12 20:44:17,547 - INFO - [Times of India] Page content loaded.
2026-03-12 20:44:17,671 - INFO - [Times of India] Success with 'selenium_browser'. Found content (823 words).
2026-03-12 20:44:17,758 - INFO - Saved article: Qatar news: Travel influencer drives across Doha desert to Riyadh, viral video shows escape route amid Iran vs US-Israel war - The Times of India from Times of India
2026-03-12 20:44:19,174 - INFO - [Times of India] Article: https://timesofindia.indiatimes.com/world/us/let-there-be-as-much-outrage-zohran-mamdani-reacts-to-criticism-after-hosting-first-iftar-at-new-york-city-hall/articleshow/129520510.cms
2026-03-12 20:44:19,174 - INFO - [Times of India] Attempt 1/1: Trying with 'selenium_browser' strategy...
2026-03-12 20:44:25,571 - INFO - [Times of India] Page content loaded.
2026-03-12 20:44:25,694 - INFO - [Times of India] Success with 'selenium_browser'. Found content (350 words).
2026-03-12 20:44:25,757 - INFO - Duplicate article skipped: Zohran Mamdani: 'Let there be as much outrage': Zohran Mamdani reacts to criticism after hosting first iftar at New York City Hall - The Times of India from Times of India
2026-03-12 20:44:27,159 - INFO - [Times of India] Article: https://timesofindia.indiatimes.com/world/middle-east/why-is-it-called-the-middle-east-the-1902-story-most-people-dont-know/articleshow/129393856.cms
2026-03-12 20:44:27,160 - INFO - [Times of India] Attempt 1/1: Trying with 'selenium_browser' strategy...
2026-03-12 20:44:29,950 - INFO - [Times of India] Page content loaded.
2026-03-12 20:44:30,130 - INFO - [Times of India] Success with 'selenium_browser'. Found content (506 words).
2026-03-12 20:44:30,193 - INFO - Duplicate article skipped: Why is it called the ‘Middle East’: The 1902 story most people don’t know | World News - The Times of India from Times of India
2026-03-12 20:44:31,358 - INFO - [Times of India] Article: https://timesofindia.indiatimes.com/world/us/no-dont-do-that-hillary-clinton-pulls-back-as-bill-clinton-nudges-her-toward-busy-crosswalk-watch-video/articleshow/129517161.cms
2026-03-12 20:44:31,358 - INFO - [Times of India] Attempt 1/1: Trying with 'selenium_browser' strategy...
2026-03-12 20:44:37,984 - INFO - [Times of India] Page content loaded.
2026-03-12 20:44:38,100 - INFO - [Times of India] Success with 'selenium_browser'. Found content (298 words).
2026-03-12 20:44:38,159 - INFO - Duplicate article skipped: ‘No, don’t do that’: Hillary Clinton pulls back as Bill Clinton nudges her toward busy crosswalk — watch video - The Times of India from Times of India
2026-03-12 20:44:39,338 - INFO - [Times of India] Article: https://timesofindia.indiatimes.com/world/us/old-dominion-university-shooting-gunman-opens-fire-inside-campus-building-two-critically-injured/articleshow/129518819.cms
2026-03-12 20:44:39,338 - INFO - [Times of India] Attempt 1/1: Trying with 'selenium_browser' strategy...
2026-03-12 20:44:45,957 - INFO - [Times of India] Page content loaded.
2026-03-12 20:44:46,067 - INFO - [Times of India] Success with 'selenium_browser'. Found content (517 words).
2026-03-12 20:44:46,124 - INFO - Duplicate article skipped: Old Dominion University shooting: Gunman opens fire inside campus building, two critically injured | World News - The Times of India from Times of India
2026-03-12 20:44:47,179 - INFO - [Times of India] Article: https://timesofindia.indiatimes.com/world/us/active-shooter-at-us-synagogue-smoke-billowing-from-building-police-on-scene/articleshow/129518605.cms
2026-03-12 20:44:47,180 - INFO - [Times of India] Attempt 1/1: Trying with 'selenium_browser' strategy...
2026-03-12 20:44:48,270 - INFO - [Times of India] Page content loaded.
2026-03-12 20:44:48,391 - INFO - [Times of India] Success with 'selenium_browser'. Found content (280 words).
2026-03-12 20:44:48,458 - INFO - Duplicate article skipped: Temple Israel: Shooting at US synagogue: Suspect dead; Trump terms attack 'terrible thing' - The Times of India from Times of India
2026-03-12 20:44:49,099 - INFO - [Times of India] Article: https://timesofindia.indiatimes.com/world/us/vivek-ramaswamys-wife-campaigns-for-him-in-new-ad-for-ohio-guv-election-introduces-savithri-amid-trolling/articleshow/129517407.cms
2026-03-12 20:44:49,099 - INFO - [Times of India] Attempt 1/1: Trying with 'selenium_browser' strategy...
2026-03-12 20:44:50,163 - INFO - [Times of India] Page content loaded.
2026-03-12 20:44:50,289 - INFO - [Times of India] Success with 'selenium_browser'. Found content (403 words).
2026-03-12 20:44:50,368 - INFO - Duplicate article skipped: Vivek Ramaswamy's wife campaigns for him in new ad for Ohio Guv election, introduces 'Savithri' amid trolling - The Times of India from Times of India
2026-03-12 20:44:51,112 - INFO - [Times of India] (Thread) Finished. Attempting to shut down its Selenium driver.
2026-03-12 20:44:51,397 - INFO - [Times of India] (Thread) driver.quit() successful.
2026-03-12 20:44:51,397 - INFO - Shutting down thread pool (wait=False)...
2026-03-12 20:44:51,397 - INFO - Scraped: 3 Times of India, 10 The Hindu, 1 The Guardian, 5 BBC articles. (Total saved: 19)
2026-03-12 20:44:51,397 - INFO - --- Scraping job finished ---
2026-03-12 20:44:51,402 - INFO - --- Scraper service stopped and database connection closed. ---
2026-03-12 20:44:51,403 - INFO - --- Main thread finished. Forcing process exit to kill zombie threads. ---
