2026-03-12 13:15:34,627 - INFO - Initializing database connection at: news_articles.db
2026-03-12 13:15:34,627 - INFO - --- Scraper service started (CI Mode: Run Once) ---
2026-03-12 13:15:34,627 - INFO - --- Starting new scraping job (Parallel Mode) ---
2026-03-12 13:15:34,627 - INFO - Creating new robust session with 3 retries on 5xx/connection/read errors.
2026-03-12 13:15:34,628 - INFO - Proxy is DISABLED.
2026-03-12 13:15:34,628 - INFO - Starting scrape for BBC RSS feed: http://feeds.bbci.co.uk/news/world/rss.xml
2026-03-12 13:15:34,629 - INFO - [Times of India] (Thread) requires Selenium. Initializing driver...
2026-03-12 13:15:34,629 - INFO - Initializing headless Selenium Chrome driver (using SeleniumManager)...
2026-03-12 13:15:34,629 - INFO - Starting scrape for The Guardian RSS feed: https://www.theguardian.com/world/rss
2026-03-12 13:15:34,630 - INFO - [The Hindu] (Thread) requires Selenium. Initializing driver...
2026-03-12 13:15:34,630 - INFO - Initializing headless Selenium Chrome driver (using SeleniumManager)...
2026-03-12 13:15:34,630 - INFO - Submitted 4 jobs to thread pool. Waiting up to 300s for completion...
2026-03-12 13:15:34,755 - INFO - Found 45 articles in The Guardian RSS feed. Processing up to 10.
2026-03-12 13:15:34,755 - INFO - [The Guardian] Article: https://www.theguardian.com/global-development/2026/mar/12/uk-government-axes-flagship-global-health-project
2026-03-12 13:15:34,755 - INFO - [The Guardian] Attempt 1/1: Trying with 'requests_browser' strategy...
2026-03-12 13:15:34,801 - INFO - [The Guardian] Success with 'requests_browser'. Found content (626 words).
2026-03-12 13:15:34,860 - INFO - Saved article: UK government axes flagship global health project | Global development | The Guardian from The Guardian
2026-03-12 13:15:34,869 - INFO - Found 27 articles in BBC RSS feed. Processing up to 10.
2026-03-12 13:15:34,869 - INFO - [BBC] Article: https://www.bbc.com/news/articles/c5y5rldz897o?at_medium=RSS&at_campaign=rss
2026-03-12 13:15:34,869 - INFO - [BBC] Attempt 1/1: Trying with 'requests_browser' strategy...
2026-03-12 13:15:35,021 - INFO - [BBC] Success with 'requests_browser'. Found content (779 words).
2026-03-12 13:15:35,060 - INFO - Saved article: 'Fingers on the trigger': Deadly warnings for Iranians being urged to take action from BBC
2026-03-12 13:15:35,435 - INFO - [The Guardian] Article: https://www.theguardian.com/global-development/2026/mar/12/invasive-ai-led-mass-surveillance-in-africa-violating-freedoms-warn-experts
2026-03-12 13:15:35,435 - INFO - [The Guardian] Attempt 1/1: Trying with 'requests_browser' strategy...
2026-03-12 13:15:35,487 - INFO - [The Guardian] Success with 'requests_browser'. Found content (621 words).
2026-03-12 13:15:35,522 - INFO - Duplicate article skipped: ‘Invasive’ AI-led mass surveillance in Africa violating freedoms, warn experts | Global development | The Guardian from The Guardian
2026-03-12 13:15:35,920 - INFO - [BBC] Article: https://www.bbc.com/news/articles/cp9meeek051o?at_medium=RSS&at_campaign=rss
2026-03-12 13:15:35,920 - INFO - [BBC] Attempt 1/1: Trying with 'requests_browser' strategy...
2026-03-12 13:15:35,958 - INFO - [BBC] Success with 'requests_browser'. Found content (786 words).
2026-03-12 13:15:35,998 - INFO - Duplicate article skipped: China approves 'ethnic unity' law requiring minorities to learn Mandarin from BBC
2026-03-12 13:15:36,604 - INFO - [BBC] Article: https://www.bbc.com/news/articles/cr4576v66kno?at_medium=RSS&at_campaign=rss
2026-03-12 13:15:36,604 - INFO - [BBC] Attempt 1/1: Trying with 'requests_browser' strategy...
2026-03-12 13:15:36,653 - INFO - [BBC] Success with 'requests_browser'. Found content (1807 words).
2026-03-12 13:15:36,699 - INFO - Duplicate article skipped: Epstein used modelling agent to recruit girls, Brazilian women tell BBC from BBC
2026-03-12 13:15:36,867 - INFO - [The Guardian] Article: https://www.theguardian.com/world/2026/mar/11/at-least-17-killed-after-drone-strikes-school-in-sudan
2026-03-12 13:15:36,867 - INFO - [The Guardian] Attempt 1/1: Trying with 'requests_browser' strategy...
2026-03-12 13:15:37,100 - INFO - [The Guardian] Success with 'requests_browser'. Found content (363 words).
2026-03-12 13:15:37,151 - INFO - Duplicate article skipped: At least 17 killed after drone strikes school in Sudan | Sudan | The Guardian from The Guardian
2026-03-12 13:15:37,903 - INFO - [BBC] Article: https://www.bbc.com/news/articles/c0j5lx75vg3o?at_medium=RSS&at_campaign=rss
2026-03-12 13:15:37,903 - INFO - [BBC] Attempt 1/1: Trying with 'requests_browser' strategy...
2026-03-12 13:15:37,935 - INFO - [BBC] Success with 'requests_browser'. Found content (367 words).
2026-03-12 13:15:37,976 - INFO - Saved article: Nineteen jailed over Moscow's deadly Crocus City Concert hall attack from BBC
2026-03-12 13:15:38,264 - INFO - [The Guardian] Article: https://www.theguardian.com/world/2026/mar/11/drone-attack-goma-eastern-democratic-republic-of-the-congo-m23-rebels
2026-03-12 13:15:38,264 - INFO - [The Guardian] Attempt 1/1: Trying with 'requests_browser' strategy...
2026-03-12 13:15:38,322 - INFO - [The Guardian] Success with 'requests_browser'. Found content (551 words).
2026-03-12 13:15:38,371 - INFO - Duplicate article skipped: French aid worker among three killed in drone strike in east DRC, M23 rebels say | Democratic Republic of the Congo | The Guardian from The Guardian
2026-03-12 13:15:38,998 - INFO - [BBC] Article: https://www.bbc.com/news/articles/c07jr2pe5j9o?at_medium=RSS&at_campaign=rss
2026-03-12 13:15:38,998 - INFO - [BBC] Attempt 1/1: Trying with 'requests_browser' strategy...
2026-03-12 13:15:39,031 - INFO - [BBC] Success with 'requests_browser'. Found content (490 words).
2026-03-12 13:15:39,060 - INFO - [The Guardian] Article: https://www.theguardian.com/world/2026/mar/11/nigerian-soldiers-killed-jihadist-raids-north-east
2026-03-12 13:15:39,066 - INFO - [The Guardian] Attempt 1/1: Trying with 'requests_browser' strategy...
2026-03-12 13:15:39,073 - INFO - Duplicate article skipped: Noma head chef René Redzepi resigns after abuse allegations and protests from BBC
2026-03-12 13:15:39,259 - INFO - [The Guardian] Success with 'requests_browser'. Found content (428 words).
2026-03-12 13:15:39,318 - INFO - Duplicate article skipped: At least 65 Nigerian soldiers killed in jihadist raids in country’s north-east | Nigeria | The Guardian from The Guardian
2026-03-12 13:15:40,314 - INFO - [BBC] Article: https://www.bbc.com/news/articles/cn87ndvklr2o?at_medium=RSS&at_campaign=rss
2026-03-12 13:15:40,315 - INFO - [BBC] Attempt 1/1: Trying with 'requests_browser' strategy...
2026-03-12 13:15:40,349 - INFO - [BBC] Success with 'requests_browser'. Found content (581 words).
2026-03-12 13:15:40,399 - INFO - Duplicate article skipped: Hozier, Jessie Buckley and Bruce Springsteen record Shane MacGowan tribute album from BBC
2026-03-12 13:15:40,718 - INFO - [The Guardian] Article: https://www.theguardian.com/world/2026/mar/12/quit-fossil-fuels-to-stem-deadly-floods-in-brazils-coffee-heartland-say-scientists
2026-03-12 13:15:40,718 - INFO - [The Guardian] Attempt 1/1: Trying with 'requests_browser' strategy...
2026-03-12 13:15:40,772 - INFO - [The Guardian] Success with 'requests_browser'. Found content (723 words).
2026-03-12 13:15:40,806 - INFO - Duplicate article skipped: Quit fossil fuels to stem deadly floods in Brazil’s coffee heartland, say scientists | Extreme weather | The Guardian from The Guardian
2026-03-12 13:15:41,417 - INFO - [BBC] Article: https://www.bbc.com/news/articles/cz7gd57z33zo?at_medium=RSS&at_campaign=rss
2026-03-12 13:15:41,417 - INFO - [BBC] Attempt 1/1: Trying with 'requests_browser' strategy...
2026-03-12 13:15:41,445 - INFO - [The Guardian] Article: https://www.theguardian.com/world/2026/mar/11/el-salvador-mass-incarceration-crimes-against-humanity-study
2026-03-12 13:15:41,445 - INFO - [The Guardian] Attempt 1/1: Trying with 'requests_browser' strategy...
2026-03-12 13:15:41,453 - INFO - [BBC] Success with 'requests_browser'. Found content (494 words).
2026-03-12 13:15:41,498 - INFO - Duplicate article skipped: Kenya arrests Chinese national over attempt to smuggle 2,000 queen ants from BBC
2026-03-12 13:15:41,629 - INFO - [The Guardian] Success with 'requests_browser'. Found content (594 words).
2026-03-12 13:15:41,665 - INFO - Duplicate article skipped: El Salvador’s mass arrest policy may have led to crimes against humanity, study shows | El Salvador | The Guardian from The Guardian
2026-03-12 13:15:42,345 - INFO - [The Guardian] Article: https://www.theguardian.com/world/2026/mar/11/argentina-asylum-brasil-elections
2026-03-12 13:15:42,345 - INFO - [The Guardian] Attempt 1/1: Trying with 'requests_browser' strategy...
2026-03-12 13:15:42,397 - INFO - [The Guardian] Success with 'requests_browser'. Found content (685 words).
2026-03-12 13:15:42,437 - INFO - Duplicate article skipped: Argentina grants asylum to Brasília rioter in move that may sway Brazil vote | Argentina | The Guardian from The Guardian
2026-03-12 13:15:42,459 - INFO - [BBC] Article: https://www.bbc.com/news/articles/cd9gwdgg38vo?at_medium=RSS&at_campaign=rss
2026-03-12 13:15:42,459 - INFO - [BBC] Attempt 1/1: Trying with 'requests_browser' strategy...
2026-03-12 13:15:42,485 - INFO - [BBC] Success with 'requests_browser'. Found content (270 words).
2026-03-12 13:15:42,524 - INFO - Saved article: Nasa spacecraft weighing 1,300lb re-enters Earth's atmosphere from BBC
2026-03-12 13:15:42,914 - INFO - Selenium driver initialized successfully.
2026-03-12 13:15:42,915 - INFO - Starting scrape for Times of India RSS feed: https://timesofindia.indiatimes.com/rssfeeds/296589292.cms
2026-03-12 13:15:42,916 - INFO - Selenium driver initialized successfully.
2026-03-12 13:15:42,916 - INFO - Starting scrape for The Hindu RSS feed: https://www.thehindu.com/news/national/feeder/default.rss
2026-03-12 13:15:43,023 - INFO - Found 20 articles in Times of India RSS feed. Processing up to 10.
2026-03-12 13:15:43,023 - INFO - [Times of India] Article: https://timesofindia.indiatimes.com/world/middle-east/us-israel-iran-war-news-live-udates-middle-east-crisis-conflict-drone-ballistic-missile-attacks-explosions-gulf-countries-dubai-flights-news-status-donald-trump-netanyahu-mojtaba-khamenei/liveblog/129485596.cms
2026-03-12 13:15:43,023 - INFO - [Times of India] Attempt 1/1: Trying with 'selenium_browser' strategy...
2026-03-12 13:15:43,157 - INFO - Found 100 articles in The Hindu RSS feed. Processing up to 10.
2026-03-12 13:15:43,157 - INFO - [The Hindu] Article: https://www.thehindu.com/news/national/karnataka/court-sentences-man-to-7-years-of-rigorous-imprisonment-in-robbery-case/article70734673.ece
2026-03-12 13:15:43,157 - INFO - [The Hindu] Attempt 1/1: Trying with 'selenium_browser' strategy...
2026-03-12 13:15:43,290 - INFO - [BBC] Article: https://www.bbc.com/news/articles/ce947x4m0e1o?at_medium=RSS&at_campaign=rss
2026-03-12 13:15:43,290 - INFO - [BBC] Attempt 1/1: Trying with 'requests_browser' strategy...
2026-03-12 13:15:43,322 - INFO - [BBC] Success with 'requests_browser'. Found content (354 words).
2026-03-12 13:15:43,390 - INFO - Duplicate article skipped: Ethiopia flood death toll in Gamo Zone rises above 60 from BBC
2026-03-12 13:15:43,683 - INFO - [The Guardian] Article: https://www.theguardian.com/world/2026/mar/11/jose-antonio-kast-pinochet-fan-chile-far-right
2026-03-12 13:15:43,683 - INFO - [The Guardian] Attempt 1/1: Trying with 'requests_browser' strategy...
2026-03-12 13:15:43,868 - INFO - [The Guardian] Success with 'requests_browser'. Found content (1085 words).
2026-03-12 13:15:43,936 - INFO - Duplicate article skipped: José Antonio Kast, the Pinochet fan about to swerve Chile to the far right | Chile | The Guardian from The Guardian
2026-03-12 13:15:44,503 - INFO - [BBC] Article: https://www.bbc.com/news/articles/cly09j2542no?at_medium=RSS&at_campaign=rss
2026-03-12 13:15:44,503 - INFO - [BBC] Attempt 1/1: Trying with 'requests_browser' strategy...
2026-03-12 13:15:44,558 - INFO - [BBC] Success with 'requests_browser'. Found content (320 words).
2026-03-12 13:15:44,654 - INFO - Saved article: Jo Malone sued by Estée Lauder for using her name in Zara collaboration from BBC
2026-03-12 13:15:44,834 - INFO - [The Guardian] Article: https://www.theguardian.com/world/2026/mar/10/haiti-president-jovenel-moise-trial
2026-03-12 13:15:44,834 - INFO - [The Guardian] Attempt 1/1: Trying with 'requests_browser' strategy...
2026-03-12 13:15:44,893 - INFO - [The Guardian] Success with 'requests_browser'. Found content (720 words).
2026-03-12 13:15:44,999 - INFO - Duplicate article skipped: Haiti president’s assassination driven by greed and power, US prosecutors say | Haiti | The Guardian from The Guardian
2026-03-12 13:16:43,055 - ERROR - [Times of India] Request failed for strategy 'selenium_browser' on URL https://timesofindia.indiatimes.com/world/middle-east/us-israel-iran-war-news-live-udates-middle-east-crisis-conflict-drone-ballistic-missile-attacks-explosions-gulf-countries-dubai-flights-news-status-donald-trump-netanyahu-mojtaba-khamenei/liveblog/129485596.cms: Message: timeout: Timed out receiving message from renderer: 59.738
  (Session info: chrome=145.0.7632.116)
Stacktrace:
#0 0x561278189b6a <unknown>
#1 0x561277b9ca32 <unknown>
#2 0x561277b84007 <unknown>
#3 0x561277b83c16 <unknown>
#4 0x561277b81731 <unknown>
#5 0x561277b820bf <unknown>
#6 0x561277b91560 <unknown>
#7 0x561277bab707 <unknown>
#8 0x561277bb28db <unknown>
#9 0x561277b82829 <unknown>
#10 0x561277bab49c <unknown>
#11 0x561277c3a6e1 <unknown>
#12 0x561277be3c0f <unknown>
#13 0x561277be49d1 <unknown>
#14 0x56127814e6b9 <unknown>
#15 0x5612781515c1 <unknown>
#16 0x56127813ae29 <unknown>
#17 0x56127815217e <unknown>
#18 0x5612781214b0 <unknown>
#19 0x561278176578 <unknown>
#20 0x56127817674b <unknown>
#21 0x5612781881a3 <unknown>
#22 0x7f454ba9caa4 <unknown>
#23 0x7f454bb29c6c <unknown>

2026-03-12 13:16:43,055 - ERROR - [Times of India] All scrape strategies failed for https://timesofindia.indiatimes.com/world/middle-east/us-israel-iran-war-news-live-udates-middle-east-crisis-conflict-drone-ballistic-missile-attacks-explosions-gulf-countries-dubai-flights-news-status-donald-trump-netanyahu-mojtaba-khamenei/liveblog/129485596.cms. Falling back to RSS description.
2026-03-12 13:16:43,057 - INFO - Duplicate article skipped: US-Israel-Iran War News Live Updates: Saudi intercepts drone headed to Shaybah oil field; Israeli strikes 10 Hezbollah targets in Beirut from Times of India
2026-03-12 13:16:43,181 - ERROR - [The Hindu] Request failed for strategy 'selenium_browser' on URL https://www.thehindu.com/news/national/karnataka/court-sentences-man-to-7-years-of-rigorous-imprisonment-in-robbery-case/article70734673.ece: Message: timeout: Timed out receiving message from renderer: 59.904
  (Session info: chrome=145.0.7632.116)
Stacktrace:
#0 0x562a083ceb6a <unknown>
#1 0x562a07de1a32 <unknown>
#2 0x562a07dc9007 <unknown>
#3 0x562a07dc8c16 <unknown>
#4 0x562a07dc6731 <unknown>
#5 0x562a07dc70bf <unknown>
#6 0x562a07dd6560 <unknown>
#7 0x562a07df0707 <unknown>
#8 0x562a07df78db <unknown>
#9 0x562a07dc7829 <unknown>
#10 0x562a07df049c <unknown>
#11 0x562a07e7f6e1 <unknown>
#12 0x562a07e28c0f <unknown>
#13 0x562a07e299d1 <unknown>
#14 0x562a083936b9 <unknown>
#15 0x562a083965c1 <unknown>
#16 0x562a0837fe29 <unknown>
#17 0x562a0839717e <unknown>
#18 0x562a083664b0 <unknown>
#19 0x562a083bb578 <unknown>
#20 0x562a083bb74b <unknown>
#21 0x562a083cd1a3 <unknown>
#22 0x7fe9e8e9caa4 <unknown>
#23 0x7fe9e8f29c6c <unknown>

2026-03-12 13:16:43,181 - ERROR - [The Hindu] All scrape strategies failed for https://www.thehindu.com/news/national/karnataka/court-sentences-man-to-7-years-of-rigorous-imprisonment-in-robbery-case/article70734673.ece. Falling back to RSS description.
2026-03-12 13:16:43,183 - INFO - Saved article: Court sentences man to 7 years of rigorous imprisonment in robbery case from The Hindu
2026-03-12 13:16:43,699 - INFO - [Times of India] Article: https://timesofindia.indiatimes.com/world/uk/harrow-holi-clash-overseas-friends-of-bjp-uk-seeks-probe-stronger-security-for-hindu-events/articleshow/129506710.cms
2026-03-12 13:16:43,699 - INFO - [Times of India] Attempt 1/1: Trying with 'selenium_browser' strategy...
2026-03-12 13:16:44,337 - INFO - [The Hindu] Article: https://www.thehindu.com/entertainment/movies/kaattu-thottappol-first-single-from-mammootty-mohanlal-starrer-patriot-out/article70735154.ece
2026-03-12 13:16:44,337 - INFO - [The Hindu] Attempt 1/1: Trying with 'selenium_browser' strategy...
2026-03-12 13:16:50,075 - INFO - [Times of India] Page content loaded.
2026-03-12 13:16:50,267 - INFO - [Times of India] Success with 'selenium_browser'. Found content (401 words).
2026-03-12 13:16:50,352 - INFO - Saved article: Harrow Holi clash: Overseas Friends of BJP UK seeks probe, stronger security for Hindu events - The Times of India from Times of India
2026-03-12 13:16:50,869 - INFO - [Times of India] Article: https://timesofindia.indiatimes.com/etimes/trending/manager-awarded-12k-after-taking-boss-to-court-over-being-left-out-of-social-media-tribute/articleshow/129485271.cms
2026-03-12 13:16:50,869 - INFO - [Times of India] Attempt 1/1: Trying with 'selenium_browser' strategy...
2026-03-12 13:16:53,020 - INFO - [Times of India] Page content loaded.
2026-03-12 13:16:53,104 - INFO - [Times of India] Success with 'selenium_browser'. Found content (625 words).
2026-03-12 13:16:53,228 - INFO - Saved article: Manager awarded £12k after taking boss to court over being left out of social media tribute | - The Times of India from Times of India
2026-03-12 13:16:54,249 - INFO - [Times of India] Article: https://timesofindia.indiatimes.com/world/middle-east/uae-news-new-draft-law-proposes-fines-of-up-to-dh20000-for-parents-who-refuse-child-vaccinations/articleshow/129507472.cms
2026-03-12 13:16:54,249 - INFO - [Times of India] Attempt 1/1: Trying with 'selenium_browser' strategy...
2026-03-12 13:16:55,413 - INFO - [Times of India] Page content loaded.
2026-03-12 13:16:55,574 - INFO - [Times of India] Success with 'selenium_browser'. Found content (371 words).
2026-03-12 13:16:55,669 - INFO - Saved article: Child Vaccination Penalties Uae: UAE News: New draft law proposes fines of up to Dh20,000 for parents who refuse child vaccinations - The Times of India from Times of India
2026-03-12 13:16:57,136 - INFO - [Times of India] Article: https://timesofindia.indiatimes.com/world/us/3-questions-and-visa-denied-indian-student-in-us-says-parents-were-not-allowed-to-attend-her-graduation/articleshow/129507070.cms
2026-03-12 13:16:57,136 - INFO - [Times of India] Attempt 1/1: Trying with 'selenium_browser' strategy...
2026-03-12 13:16:58,692 - INFO - [Times of India] Page content loaded.
2026-03-12 13:16:58,840 - INFO - [Times of India] Success with 'selenium_browser'. Found content (360 words).
2026-03-12 13:16:58,908 - INFO - Saved article: 3 questions and visa denied: Indian student in US says parents were not allowed to attend her graduation - The Times of India from Times of India
2026-03-12 13:16:59,662 - INFO - [Times of India] Article: https://timesofindia.indiatimes.com/world/rest-of-world/rare-ashfall-warning-issued-mount-kilauea-in-hawaii-erupts-for-the-43rd-time-with-1000-foot-lava-fountains-here-are-the-areas-affected/articleshow/129505430.cms
2026-03-12 13:16:59,662 - INFO - [Times of India] Attempt 1/1: Trying with 'selenium_browser' strategy...
2026-03-12 13:17:00,413 - INFO - [Times of India] Page content loaded.
2026-03-12 13:17:00,597 - INFO - [Times of India] Success with 'selenium_browser'. Found content (1058 words).
2026-03-12 13:17:00,660 - INFO - Saved article: Rare ashfall warning issued: Mount Kilauea in Hawaii erupts for the 43rd time with 1,000-foot lava fountains; here are the areas affected | World News - The Times of India from Times of India
2026-03-12 13:17:01,983 - INFO - [Times of India] Article: https://timesofindia.indiatimes.com/world/rest-of-world/a-small-town-in-spain-is-home-to-a-3000-year-old-space-treasure/articleshow/129504009.cms
2026-03-12 13:17:01,985 - INFO - [Times of India] Attempt 1/1: Trying with 'selenium_browser' strategy...
2026-03-12 13:17:03,605 - INFO - [Times of India] Page content loaded.
2026-03-12 13:17:03,739 - INFO - [Times of India] Success with 'selenium_browser'. Found content (530 words).
2026-03-12 13:17:03,799 - INFO - Saved article: A small town in Spain is home to a 3,000-year-old space treasure | World News - The Times of India from Times of India
2026-03-12 13:17:05,164 - INFO - [Times of India] Article: https://timesofindia.indiatimes.com/world/middle-east/citibank-temporarily-shuts-most-uae-branches-from-march-1214-shifts-staff-to-remote-work/articleshow/129502733.cms
2026-03-12 13:17:05,164 - INFO - [Times of India] Attempt 1/1: Trying with 'selenium_browser' strategy...
2026-03-12 13:17:06,840 - INFO - [Times of India] Page content loaded.
2026-03-12 13:17:07,004 - INFO - [Times of India] Success with 'selenium_browser'. Found content (527 words).
2026-03-12 13:17:07,074 - INFO - Duplicate article skipped: Citibank Uae Branch: Citibank temporarily shuts most UAE branches from March 12–14, shifts staff to remote work | World News - The Times of India from Times of India
2026-03-12 13:17:07,927 - INFO - [Times of India] Article: https://timesofindia.indiatimes.com/science/scientists-capture-trees-glowing-with-electricity-during-thunderstorms/articleshow/129501399.cms
2026-03-12 13:17:07,927 - INFO - [Times of India] Attempt 1/1: Trying with 'selenium_browser' strategy...
2026-03-12 13:17:08,874 - INFO - [Times of India] Page content loaded.
2026-03-12 13:17:09,000 - INFO - [Times of India] Success with 'selenium_browser'. Found content (483 words).
2026-03-12 13:17:09,066 - INFO - Duplicate article skipped: Scientists capture trees glowing with electricity during thunderstorms | - The Times of India from Times of India
2026-03-12 13:17:10,197 - INFO - [Times of India] Article: https://timesofindia.indiatimes.com/world/rest-of-world/run-completely-by-indians-canadian-chairman-faces-backlash-for-calling-out-indian-origin-members-in-government-agency/articleshow/129501012.cms
2026-03-12 13:17:10,197 - INFO - [Times of India] Attempt 1/1: Trying with 'selenium_browser' strategy...
2026-03-12 13:17:11,568 - INFO - [Times of India] Page content loaded.
2026-03-12 13:17:11,692 - INFO - [Times of India] Success with 'selenium_browser'. Found content (480 words).
2026-03-12 13:17:11,759 - INFO - Duplicate article skipped: Indian-Origin Officials: “Run completely by Indians?”: Canadian Chairman faces backlash for calling out Indian-origin members in government agency - The Times of India from Times of India
2026-03-12 13:17:12,631 - INFO - [Times of India] (Thread) Finished. Attempting to shut down its Selenium driver.
2026-03-12 13:17:12,810 - INFO - [Times of India] (Thread) driver.quit() successful.
2026-03-12 13:17:44,354 - ERROR - [The Hindu] Request failed for strategy 'selenium_browser' on URL https://www.thehindu.com/entertainment/movies/kaattu-thottappol-first-single-from-mammootty-mohanlal-starrer-patriot-out/article70735154.ece: Message: timeout: Timed out receiving message from renderer: 59.928
  (Session info: chrome=145.0.7632.116)
Stacktrace:
#0 0x562a083ceb6a <unknown>
#1 0x562a07de1a32 <unknown>
#2 0x562a07dc9007 <unknown>
#3 0x562a07dc8c16 <unknown>
#4 0x562a07dc6731 <unknown>
#5 0x562a07dc70bf <unknown>
#6 0x562a07dd6560 <unknown>
#7 0x562a07df0707 <unknown>
#8 0x562a07df78db <unknown>
#9 0x562a07dc7829 <unknown>
#10 0x562a07df049c <unknown>
#11 0x562a07e7f6e1 <unknown>
#12 0x562a07e28c0f <unknown>
#13 0x562a07e299d1 <unknown>
#14 0x562a083936b9 <unknown>
#15 0x562a083965c1 <unknown>
#16 0x562a0837fe29 <unknown>
#17 0x562a0839717e <unknown>
#18 0x562a083664b0 <unknown>
#19 0x562a083bb578 <unknown>
#20 0x562a083bb74b <unknown>
#21 0x562a083cd1a3 <unknown>
#22 0x7fe9e8e9caa4 <unknown>
#23 0x7fe9e8f29c6c <unknown>

2026-03-12 13:17:44,354 - ERROR - [The Hindu] All scrape strategies failed for https://www.thehindu.com/entertainment/movies/kaattu-thottappol-first-single-from-mammootty-mohanlal-starrer-patriot-out/article70735154.ece. Falling back to RSS description.
2026-03-12 13:17:44,357 - INFO - Saved article: ‘Kaattu Thottappol’: First single from Mammootty-Mohanlal starrer ‘Patriot’ out from The Hindu
2026-03-12 13:17:45,530 - INFO - [The Hindu] Article: https://www.thehindu.com/news/cities/Hyderabad/student-held-in-hyderabad-for-selling-banned-e-cigarettes-282-vapes-seized/article70732028.ece
2026-03-12 13:17:45,530 - INFO - [The Hindu] Attempt 1/1: Trying with 'selenium_browser' strategy...
2026-03-12 13:17:46,864 - INFO - [The Hindu] Page content loaded.
2026-03-12 13:17:46,989 - INFO - [The Hindu] Success with 'selenium_browser'. Found content (270 words).
2026-03-12 13:17:47,057 - INFO - Saved article: Student held in Hyderabad for selling banned e-cigarettes, 282 vapes seized - The Hindu from The Hindu
2026-03-12 13:17:47,860 - INFO - [The Hindu] Article: https://www.thehindu.com/news/national/kerala/udf-stuck-in-seat-sharing-showdown-in-kottayam/article70735189.ece
2026-03-12 13:17:47,860 - INFO - [The Hindu] Attempt 1/1: Trying with 'selenium_browser' strategy...
2026-03-12 13:17:49,044 - INFO - [The Hindu] Page content loaded.
2026-03-12 13:17:49,093 - INFO - [The Hindu] Success with 'selenium_browser'. Found content (349 words).
2026-03-12 13:17:49,160 - INFO - Saved article: UDF stuck in seat-sharing showdown in Kottayam - The Hindu from The Hindu
2026-03-12 13:17:49,711 - INFO - [The Hindu] Article: https://www.thehindu.com/news/national/andhra-pradesh/ap-genco-records-highest-ever-generation-on-march-11-says-energy-minister-gottipati-ravi-kumar/article70733751.ece
2026-03-12 13:17:49,711 - INFO - [The Hindu] Attempt 1/1: Trying with 'selenium_browser' strategy...
2026-03-12 13:17:51,246 - INFO - [The Hindu] Page content loaded.
2026-03-12 13:17:51,295 - INFO - [The Hindu] Success with 'selenium_browser'. Found content (119 words).
2026-03-12 13:17:51,410 - INFO - Saved article: AP-Genco records highest-ever generation on March 11, says Energy Minister Gottipati Ravi Kumar - The Hindu from The Hindu
2026-03-12 13:17:52,101 - INFO - [The Hindu] Article: https://www.thehindu.com/news/national/deepfakes-manipulated-content-raise-serious-concerns-over-misinformation/article70734791.ece
2026-03-12 13:17:52,101 - INFO - [The Hindu] Attempt 1/1: Trying with 'selenium_browser' strategy...
2026-03-12 13:17:52,954 - INFO - [The Hindu] Page content loaded.
2026-03-12 13:17:52,999 - INFO - [The Hindu] Success with 'selenium_browser'. Found content (731 words).
2026-03-12 13:17:53,074 - INFO - Saved article: Deepfakes, manipulated content raise serious concerns over misinformation - The Hindu from The Hindu
2026-03-12 13:17:53,857 - INFO - [The Hindu] Article: https://www.thehindu.com/news/national/tamil-nadu/many-petrol-bunks-run-out-of-stock-in-delta-districts-after-surge-in-sales/article70734537.ece
2026-03-12 13:17:53,857 - INFO - [The Hindu] Attempt 1/1: Trying with 'selenium_browser' strategy...
2026-03-12 13:17:55,246 - INFO - [The Hindu] Page content loaded.
2026-03-12 13:17:55,293 - INFO - [The Hindu] Success with 'selenium_browser'. Found content (320 words).
2026-03-12 13:17:55,370 - INFO - Saved article: Many petrol bunks run out of stock in delta districts after surge in sales - The Hindu from The Hindu
2026-03-12 13:17:56,403 - INFO - [The Hindu] Article: https://www.thehindu.com/news/national/tamil-nadu/fuel-shortage-rumours-spark-panic-buying-at-tiruchi-petrol-bunks/article70735178.ece
2026-03-12 13:17:56,403 - INFO - [The Hindu] Attempt 1/1: Trying with 'selenium_browser' strategy...
2026-03-12 13:17:57,694 - INFO - [The Hindu] Page content loaded.
2026-03-12 13:17:57,739 - INFO - [The Hindu] Success with 'selenium_browser'. Found content (362 words).
2026-03-12 13:17:57,789 - INFO - Saved article: Fuel shortage rumours spark panic buying at Tiruchi petrol bunks - The Hindu from The Hindu
2026-03-12 13:17:58,745 - INFO - [The Hindu] Article: https://www.thehindu.com/videos/shows/watch-what-is-the-come-early-go-early-policy/article70735202.ece
2026-03-12 13:17:58,745 - INFO - [The Hindu] Attempt 1/1: Trying with 'selenium_browser' strategy...
2026-03-12 13:17:59,704 - INFO - [The Hindu] Page content loaded.
2026-03-12 13:17:59,761 - INFO - [The Hindu] Success with 'selenium_browser'. Found content (144 words).
2026-03-12 13:17:59,815 - INFO - Saved article: Watch: What is the Come Early Go Early policy? - The Hindu from The Hindu
2026-03-12 13:18:01,079 - INFO - [The Hindu] Article: https://www.thehindu.com/news/national/kerala/entry-of-illegal-street-traders-to-be-restricted-in-kozhikode-city-soon/article70734750.ece
2026-03-12 13:18:01,079 - INFO - [The Hindu] Attempt 1/1: Trying with 'selenium_browser' strategy...
2026-03-12 13:18:01,621 - INFO - [The Hindu] Page content loaded.
2026-03-12 13:18:01,663 - INFO - [The Hindu] Success with 'selenium_browser'. Found content (365 words).
2026-03-12 13:18:01,715 - INFO - Saved article: Entry of illegal street traders to be restricted in Kozhikode city soon - The Hindu from The Hindu
2026-03-12 13:18:02,837 - INFO - [The Hindu] (Thread) Finished. Attempting to shut down its Selenium driver.
2026-03-12 13:18:02,996 - INFO - [The Hindu] (Thread) driver.quit() successful.
2026-03-12 13:18:02,996 - INFO - Shutting down thread pool (wait=False)...
2026-03-12 13:18:02,996 - INFO - Scraped: 4 BBC, 10 The Hindu, 6 Times of India, 1 The Guardian articles. (Total saved: 21)
2026-03-12 13:18:02,996 - INFO - --- Scraping job finished ---
2026-03-12 13:18:03,001 - INFO - --- Scraper service stopped and database connection closed. ---
2026-03-12 13:18:03,001 - INFO - --- Main thread finished. Forcing process exit to kill zombie threads. ---
