2026-03-11 19:01:21,291 - INFO - Initializing database connection at: news_articles.db
2026-03-11 19:01:21,291 - INFO - --- Scraper service started (CI Mode: Run Once) ---
2026-03-11 19:01:21,291 - INFO - --- Starting new scraping job (Parallel Mode) ---
2026-03-11 19:01:21,291 - INFO - Creating new robust session with 3 retries on 5xx/connection/read errors.
2026-03-11 19:01:21,292 - INFO - Proxy is DISABLED.
2026-03-11 19:01:21,292 - INFO - Starting scrape for BBC RSS feed: http://feeds.bbci.co.uk/news/world/rss.xml
2026-03-11 19:01:21,293 - INFO - [Times of India] (Thread) requires Selenium. Initializing driver...
2026-03-11 19:01:21,293 - INFO - Initializing headless Selenium Chrome driver (using SeleniumManager)...
2026-03-11 19:01:21,293 - INFO - Starting scrape for The Guardian RSS feed: https://www.theguardian.com/world/rss
2026-03-11 19:01:21,293 - INFO - [The Hindu] (Thread) requires Selenium. Initializing driver...
2026-03-11 19:01:21,293 - INFO - Initializing headless Selenium Chrome driver (using SeleniumManager)...
2026-03-11 19:01:21,293 - INFO - Submitted 4 jobs to thread pool. Waiting up to 300s for completion...
2026-03-11 19:01:21,500 - INFO - Found 45 articles in The Guardian RSS feed. Processing up to 10.
2026-03-11 19:01:21,501 - INFO - [The Guardian] Article: https://www.theguardian.com/world/2026/mar/11/drone-attack-goma-eastern-democratic-republic-of-the-congo-m23-rebels
2026-03-11 19:01:21,501 - INFO - [The Guardian] Attempt 1/1: Trying with 'requests_browser' strategy...
2026-03-11 19:01:21,564 - INFO - [The Guardian] Success with 'requests_browser'. Found content (551 words).
2026-03-11 19:01:21,624 - INFO - Duplicate article skipped: French aid worker among three killed in drone strike in east DRC, M23 rebels say | Democratic Republic of the Congo | The Guardian from The Guardian
2026-03-11 19:01:21,630 - INFO - Found 33 articles in BBC RSS feed. Processing up to 10.
2026-03-11 19:01:21,630 - INFO - [BBC] Article: https://www.bbc.com/news/articles/cn0znx4xrl9o?at_medium=RSS&at_campaign=rss
2026-03-11 19:01:21,630 - INFO - [BBC] Attempt 1/1: Trying with 'requests_browser' strategy...
2026-03-11 19:01:21,858 - INFO - [BBC] Success with 'requests_browser'. Found content (1619 words).
2026-03-11 19:01:21,902 - INFO - Duplicate article skipped: Jeremy Bowen: Trump has called for an Iran uprising but the lessons from Iraq in 1991 loom large from BBC
2026-03-11 19:01:22,722 - INFO - [The Guardian] Article: https://www.theguardian.com/world/2026/mar/11/nigerian-soldiers-killed-jihadist-raids-north-east
2026-03-11 19:01:22,722 - INFO - [The Guardian] Attempt 1/1: Trying with 'requests_browser' strategy...
2026-03-11 19:01:22,798 - INFO - [The Guardian] Success with 'requests_browser'. Found content (428 words).
2026-03-11 19:01:22,834 - INFO - Duplicate article skipped: At least 65 Nigerian soldiers killed in jihadist raids in country’s north-east | Nigeria | The Guardian from The Guardian
2026-03-11 19:01:23,239 - INFO - [BBC] Article: https://www.bbc.com/news/articles/cly093xxlzzo?at_medium=RSS&at_campaign=rss
2026-03-11 19:01:23,240 - INFO - [BBC] Attempt 1/1: Trying with 'requests_browser' strategy...
2026-03-11 19:01:23,284 - INFO - [BBC] Success with 'requests_browser'. Found content (523 words).
2026-03-11 19:01:23,325 - INFO - Duplicate article skipped: Countries agree to record release of emergency oil reserves as prices surge from BBC
2026-03-11 19:01:23,430 - INFO - [The Guardian] Article: https://www.theguardian.com/us-news/2026/mar/11/rfk-vaccine-trials-guinea-bissau
2026-03-11 19:01:23,430 - INFO - [The Guardian] Attempt 1/1: Trying with 'requests_browser' strategy...
2026-03-11 19:01:23,494 - INFO - [The Guardian] Success with 'requests_browser'. Found content (1242 words).
2026-03-11 19:01:23,533 - INFO - Duplicate article skipped: Experts fear ‘unethical’ vaccine trial in Africa is ‘prototype’ for US studies under RFK Jr | US healthcare | The Guardian from The Guardian
2026-03-11 19:01:24,373 - INFO - [BBC] Article: https://www.bbc.com/news/articles/c1mj1pyrzryo?at_medium=RSS&at_campaign=rss
2026-03-11 19:01:24,373 - INFO - [BBC] Attempt 1/1: Trying with 'requests_browser' strategy...
2026-03-11 19:01:24,422 - INFO - [BBC] Success with 'requests_browser'. Found content (907 words).
2026-03-11 19:01:24,466 - INFO - Duplicate article skipped: 'Even under missiles we carry on living' - how young Iranians are coping with war from BBC
2026-03-11 19:01:24,799 - INFO - [The Guardian] Article: https://www.theguardian.com/global-development/2026/mar/11/prison-sentences-attacked-gay-men-hope-kenya-lgbtq-community
2026-03-11 19:01:24,799 - INFO - [The Guardian] Attempt 1/1: Trying with 'requests_browser' strategy...
2026-03-11 19:01:24,862 - INFO - [The Guardian] Success with 'requests_browser'. Found content (930 words).
2026-03-11 19:01:24,899 - INFO - Duplicate article skipped: Prison sentences for pair who attacked gay men hailed as sign of hope for Kenya’s LGBTQ+ community | Global development | The Guardian from The Guardian
2026-03-11 19:01:25,190 - INFO - [BBC] Article: https://www.bbc.com/news/articles/c620vwl97vyo?at_medium=RSS&at_campaign=rss
2026-03-11 19:01:25,190 - INFO - [BBC] Attempt 1/1: Trying with 'requests_browser' strategy...
2026-03-11 19:01:25,237 - INFO - [BBC] Success with 'requests_browser'. Found content (751 words).
2026-03-11 19:01:25,282 - INFO - Duplicate article skipped: EU and UK demand Israel stop surge in West Bank settler violence from BBC
2026-03-11 19:01:25,850 - INFO - [The Guardian] Article: https://www.theguardian.com/travel/2026/mar/10/principe-africa-villagers-to-be-paid-protect-ecosystem-african-galapagos
2026-03-11 19:01:25,850 - INFO - [The Guardian] Attempt 1/1: Trying with 'requests_browser' strategy...
2026-03-11 19:01:25,915 - INFO - [The Guardian] Success with 'requests_browser'. Found content (666 words).
2026-03-11 19:01:25,951 - INFO - Duplicate article skipped: Villagers on Príncipe, the ‘African Galapagos’, to be paid for protecting the ecosystem | Sao Tome and Principe | The Guardian from The Guardian
2026-03-11 19:01:26,086 - INFO - [BBC] Article: https://www.bbc.com/news/articles/cx2grl7lrrmo?at_medium=RSS&at_campaign=rss
2026-03-11 19:01:26,086 - INFO - [BBC] Attempt 1/1: Trying with 'requests_browser' strategy...
2026-03-11 19:01:26,127 - INFO - [BBC] Success with 'requests_browser'. Found content (338 words).
2026-03-11 19:01:26,186 - INFO - Saved article: Three brothers arrested after explosion at US embassy in Oslo from BBC
2026-03-11 19:01:27,401 - INFO - [The Guardian] Article: https://www.theguardian.com/world/2026/mar/11/el-salvador-mass-incarceration-crimes-against-humanity-study
2026-03-11 19:01:27,401 - INFO - [The Guardian] Attempt 1/1: Trying with 'requests_browser' strategy...
2026-03-11 19:01:27,440 - INFO - [BBC] Article: https://www.bbc.com/news/articles/cvgj8veg0gno?at_medium=RSS&at_campaign=rss
2026-03-11 19:01:27,440 - INFO - [BBC] Attempt 1/1: Trying with 'requests_browser' strategy...
2026-03-11 19:01:27,489 - INFO - [BBC] Success with 'requests_browser'. Found content (659 words).
2026-03-11 19:01:27,538 - INFO - Duplicate article skipped: UN aid worker Karine Buisset and two others killed in DR Congo’s M23-held Goma city from BBC
2026-03-11 19:01:27,554 - INFO - [The Guardian] Success with 'requests_browser'. Found content (594 words).
2026-03-11 19:01:27,590 - INFO - Duplicate article skipped: El Salvador’s mass arrest policy may have led to crimes against humanity, study shows | El Salvador | The Guardian from The Guardian
2026-03-11 19:01:28,084 - INFO - Selenium driver initialized successfully.
2026-03-11 19:01:28,084 - INFO - Starting scrape for The Hindu RSS feed: https://www.thehindu.com/news/national/feeder/default.rss
2026-03-11 19:01:28,086 - INFO - Selenium driver initialized successfully.
2026-03-11 19:01:28,086 - INFO - Starting scrape for Times of India RSS feed: https://timesofindia.indiatimes.com/rssfeeds/296589292.cms
2026-03-11 19:01:28,111 - INFO - [The Guardian] Article: https://www.theguardian.com/world/2026/mar/11/argentina-asylum-brasil-elections
2026-03-11 19:01:28,111 - INFO - [The Guardian] Attempt 1/1: Trying with 'requests_browser' strategy...
2026-03-11 19:01:28,172 - INFO - [The Guardian] Success with 'requests_browser'. Found content (685 words).
2026-03-11 19:01:28,210 - INFO - Duplicate article skipped: Argentina grants asylum to Brasília rioter in move that may sway Brazil vote | Argentina | The Guardian from The Guardian
2026-03-11 19:01:28,235 - INFO - [BBC] Article: https://www.bbc.com/news/articles/ckg1eqw30l9o?at_medium=RSS&at_campaign=rss
2026-03-11 19:01:28,235 - INFO - [BBC] Attempt 1/1: Trying with 'requests_browser' strategy...
2026-03-11 19:01:28,278 - INFO - [BBC] Success with 'requests_browser'. Found content (394 words).
2026-03-11 19:01:28,317 - INFO - Duplicate article skipped: Ukraine says it has hit Russian 'missile component' plant from BBC
2026-03-11 19:01:28,333 - INFO - Found 100 articles in The Hindu RSS feed. Processing up to 10.
2026-03-11 19:01:28,333 - INFO - [The Hindu] Article: https://www.thehindu.com/news/national/telangana/process-for-establishment-of-third-discom-begins/article70731707.ece
2026-03-11 19:01:28,333 - INFO - [The Hindu] Attempt 1/1: Trying with 'selenium_browser' strategy...
2026-03-11 19:01:28,384 - INFO - Found 20 articles in Times of India RSS feed. Processing up to 10.
2026-03-11 19:01:28,384 - INFO - [Times of India] Article: https://timesofindia.indiatimes.com/world/us-israel-iran-war-news-live-udates-middle-east-crisis-conflict-drone-ballistic-missile-attacks-explosions-gulf-countries-flights-status-donald-trump-netanyahu-khamenei/liveblog/129370636.cms
2026-03-11 19:01:28,384 - INFO - [Times of India] Attempt 1/1: Trying with 'selenium_browser' strategy...
2026-03-11 19:01:29,227 - INFO - [The Guardian] Article: https://www.theguardian.com/world/2026/mar/11/jose-antonio-kast-pinochet-fan-chile-far-right
2026-03-11 19:01:29,227 - INFO - [The Guardian] Attempt 1/1: Trying with 'requests_browser' strategy...
2026-03-11 19:01:29,320 - INFO - [BBC] Article: https://www.bbc.com/news/articles/c93j2492d0do?at_medium=RSS&at_campaign=rss
2026-03-11 19:01:29,320 - INFO - [BBC] Attempt 1/1: Trying with 'requests_browser' strategy...
2026-03-11 19:01:29,327 - INFO - [The Guardian] Success with 'requests_browser'. Found content (1085 words).
2026-03-11 19:01:29,392 - INFO - Duplicate article skipped: José Antonio Kast, the Pinochet fan about to swerve Chile to the far right | Chile | The Guardian from The Guardian
2026-03-11 19:01:29,438 - INFO - [BBC] Success with 'requests_browser'. Found content (1069 words).
2026-03-11 19:01:29,532 - INFO - Duplicate article skipped: Member of Iranian football delegation granted Australian asylum changes her mind from BBC
2026-03-11 19:01:30,194 - INFO - [BBC] Article: https://www.bbc.com/news/articles/c5y4wdlyy9xo?at_medium=RSS&at_campaign=rss
2026-03-11 19:01:30,194 - INFO - [BBC] Attempt 1/1: Trying with 'requests_browser' strategy...
2026-03-11 19:01:30,271 - INFO - [BBC] Success with 'requests_browser'. Found content (329 words).
2026-03-11 19:01:30,343 - INFO - Duplicate article skipped: No evidence Swiss bus fire was terrorism, officials say from BBC
2026-03-11 19:01:30,538 - INFO - [The Guardian] Article: https://www.theguardian.com/world/2026/mar/10/haiti-president-jovenel-moise-trial
2026-03-11 19:01:30,538 - INFO - [The Guardian] Attempt 1/1: Trying with 'requests_browser' strategy...
2026-03-11 19:01:30,641 - INFO - [The Guardian] Success with 'requests_browser'. Found content (720 words).
2026-03-11 19:01:30,735 - INFO - Duplicate article skipped: Haiti president’s assassination driven by greed and power, US prosecutors say | Haiti | The Guardian from The Guardian
2026-03-11 19:01:30,951 - INFO - [BBC] Article: https://www.bbc.com/news/articles/cp32xx35lwwo?at_medium=RSS&at_campaign=rss
2026-03-11 19:01:30,951 - INFO - [BBC] Attempt 1/1: Trying with 'requests_browser' strategy...
2026-03-11 19:01:31,291 - INFO - [BBC] Success with 'requests_browser'. Found content (1716 words).
2026-03-11 19:01:31,628 - INFO - Duplicate article skipped: Bellarmine Mugabe in court: What has happened to the family after losing power in Zimbabwe from BBC
2026-03-11 19:01:31,838 - INFO - [The Guardian] Article: https://www.theguardian.com/world/2026/mar/10/shots-fired-canada-consulate-toronto
2026-03-11 19:01:31,838 - INFO - [The Guardian] Attempt 1/1: Trying with 'requests_browser' strategy...
2026-03-11 19:01:31,948 - INFO - [The Guardian] Success with 'requests_browser'. Found content (414 words).
2026-03-11 19:01:32,073 - INFO - Duplicate article skipped: Shots fired at US consulate in Canada in what police call ‘national security incident’ | Toronto | The Guardian from The Guardian
2026-03-11 19:01:59,842 - INFO - [The Hindu] Page content loaded.
2026-03-11 19:02:00,026 - INFO - [The Hindu] Success with 'selenium_browser'. Found content (338 words).
2026-03-11 19:02:00,150 - INFO - Saved article: Process for establishment of third Discom begins - The Hindu from The Hindu
2026-03-11 19:02:00,949 - INFO - [The Hindu] Article: https://www.thehindu.com/news/national/tamil-nadu/national-inter-university-youth-festival-gets-under-way/article70731126.ece
2026-03-11 19:02:00,949 - INFO - [The Hindu] Attempt 1/1: Trying with 'selenium_browser' strategy...
2026-03-11 19:02:02,371 - INFO - [The Hindu] Page content loaded.
2026-03-11 19:02:02,594 - INFO - [The Hindu] Success with 'selenium_browser'. Found content (92 words).
2026-03-11 19:02:02,725 - INFO - Saved article: National inter-university youth festival gets under way - The Hindu from The Hindu
2026-03-11 19:02:03,432 - INFO - [The Hindu] Article: https://www.thehindu.com/news/national/tamil-nadu/raw-material-prices-a-cause-of-concern-for-industries-in-tamil-nadu/article70731935.ece
2026-03-11 19:02:03,432 - INFO - [The Hindu] Attempt 1/1: Trying with 'selenium_browser' strategy...
2026-03-11 19:02:04,810 - INFO - [The Hindu] Page content loaded.
2026-03-11 19:02:04,872 - INFO - [The Hindu] Success with 'selenium_browser'. Found content (636 words).
2026-03-11 19:02:04,947 - INFO - Saved article: Raw material prices a cause of concern for industries in Tamil Nadu - The Hindu from The Hindu
2026-03-11 19:02:05,963 - INFO - [The Hindu] Article: https://www.thehindu.com/news/national/tamil-nadu/stalin-unveils-foundation-for-battery-pack-manufacturing-unit-in-kancheepuram/article70730631.ece
2026-03-11 19:02:05,963 - INFO - [The Hindu] Attempt 1/1: Trying with 'selenium_browser' strategy...
2026-03-11 19:02:06,976 - INFO - [The Hindu] Page content loaded.
2026-03-11 19:02:07,041 - INFO - [The Hindu] Success with 'selenium_browser'. Found content (739 words).
2026-03-11 19:02:07,136 - INFO - Saved article: Stalin unveils foundation for battery pack manufacturing unit in Kancheepuram - The Hindu from The Hindu
2026-03-11 19:02:08,288 - INFO - [The Hindu] Article: https://www.thehindu.com/news/national/tamil-nadu/two-simple-tests-can-detect-kidney-ailment-early-say-experts/article70731939.ece
2026-03-11 19:02:08,288 - INFO - [The Hindu] Attempt 1/1: Trying with 'selenium_browser' strategy...
2026-03-11 19:02:09,603 - INFO - [The Hindu] Page content loaded.
2026-03-11 19:02:09,674 - INFO - [The Hindu] Success with 'selenium_browser'. Found content (384 words).
2026-03-11 19:02:09,778 - INFO - Saved article: Two simple tests can detect kidney ailment early, say experts - The Hindu from The Hindu
2026-03-11 19:02:11,019 - INFO - [The Hindu] Article: https://www.thehindu.com/news/national/kerala/kerala-hc-seeks-details-of-transactions-made-by-priests-workers-during-sabarimala-season/article70732150.ece
2026-03-11 19:02:11,020 - INFO - [The Hindu] Attempt 1/1: Trying with 'selenium_browser' strategy...
2026-03-11 19:02:28,402 - ERROR - [Times of India] Request failed for strategy 'selenium_browser' on URL https://timesofindia.indiatimes.com/world/us-israel-iran-war-news-live-udates-middle-east-crisis-conflict-drone-ballistic-missile-attacks-explosions-gulf-countries-flights-status-donald-trump-netanyahu-khamenei/liveblog/129370636.cms: Message: timeout: Timed out receiving message from renderer: 59.544
  (Session info: chrome=145.0.7632.116)
Stacktrace:
#0 0x55e0aff61b6a <unknown>
#1 0x55e0af974a32 <unknown>
#2 0x55e0af95c007 <unknown>
#3 0x55e0af95bc16 <unknown>
#4 0x55e0af959731 <unknown>
#5 0x55e0af95a0bf <unknown>
#6 0x55e0af969560 <unknown>
#7 0x55e0af983707 <unknown>
#8 0x55e0af98a8db <unknown>
#9 0x55e0af95a829 <unknown>
#10 0x55e0af98349c <unknown>
#11 0x55e0afa126e1 <unknown>
#12 0x55e0af9bbc0f <unknown>
#13 0x55e0af9bc9d1 <unknown>
#14 0x55e0aff266b9 <unknown>
#15 0x55e0aff295c1 <unknown>
#16 0x55e0aff12e29 <unknown>
#17 0x55e0aff2a17e <unknown>
#18 0x55e0afef94b0 <unknown>
#19 0x55e0aff4e578 <unknown>
#20 0x55e0aff4e74b <unknown>
#21 0x55e0aff601a3 <unknown>
#22 0x7fe53229caa4 <unknown>
#23 0x7fe532329c6c <unknown>

2026-03-11 19:02:28,402 - ERROR - [Times of India] All scrape strategies failed for https://timesofindia.indiatimes.com/world/us-israel-iran-war-news-live-udates-middle-east-crisis-conflict-drone-ballistic-missile-attacks-explosions-gulf-countries-flights-status-donald-trump-netanyahu-khamenei/liveblog/129370636.cms. Falling back to RSS description.
2026-03-11 19:02:28,403 - INFO - Duplicate article skipped: US-Israel-Iran War News Live Updates: No need for panic LPG booking; normal delivery cycle for household remains 2.5 days, says Govt from Times of India
2026-03-11 19:02:29,466 - INFO - [Times of India] Article: https://timesofindia.indiatimes.com/world/us/pro-iran-hackers-hit-us-medical-device-giant-stryker-in-shocking-cyberattack-after-israel-strikes/articleshow/129475165.cms
2026-03-11 19:02:29,467 - INFO - [Times of India] Attempt 1/1: Trying with 'selenium_browser' strategy...
2026-03-11 19:02:31,416 - INFO - [Times of India] Page content loaded.
2026-03-11 19:02:31,582 - INFO - [Times of India] Success with 'selenium_browser'. Found content (1692 words).
2026-03-11 19:02:31,652 - INFO - Saved article: Pro-Iran hackers hit US medical device giant Stryker in shocking cyberattack after Israel strikes - The Times of India from Times of India
2026-03-11 19:02:32,256 - INFO - [Times of India] Article: https://timesofindia.indiatimes.com/world/us/india-qatar-ethiopia-us-louisiana-doctor-travels-62-hours-to-get-home-amid-iran-war-state-department-calls-when-hes-back/articleshow/129474997.cms
2026-03-11 19:02:32,256 - INFO - [Times of India] Attempt 1/1: Trying with 'selenium_browser' strategy...
2026-03-11 19:02:33,297 - INFO - [Times of India] Page content loaded.
2026-03-11 19:02:33,466 - INFO - [Times of India] Success with 'selenium_browser'. Found content (476 words).
2026-03-11 19:02:33,536 - INFO - Saved article: India-Qatar-Ethiopia-US: Louisiana doctor travels 62 hours to get home amid Iran war, State Department calls when he's back - The Times of India from Times of India
2026-03-11 19:02:34,149 - INFO - [Times of India] Article: https://timesofindia.indiatimes.com/world/us/were-going-state-by-state-sba-chief-announces-nationwide-crackdown-on-fraud-in-federal-programmes/articleshow/129475251.cms
2026-03-11 19:02:34,150 - INFO - [Times of India] Attempt 1/1: Trying with 'selenium_browser' strategy...
2026-03-11 19:02:34,918 - INFO - [Times of India] Page content loaded.
2026-03-11 19:02:35,112 - INFO - [Times of India] Success with 'selenium_browser'. Found content (370 words).
2026-03-11 19:02:35,228 - INFO - Saved article: 'We're going state-by-state': SBA chief announces nationwide crackdown on fraud in federal programmes - The Times of India from Times of India
2026-03-11 19:02:36,253 - INFO - [Times of India] Article: https://timesofindia.indiatimes.com/home/environment/arctic-sea-ice-heading-for-one-of-lowest-winter-peaks-on-record-report/articleshow/129473234.cms
2026-03-11 19:02:36,254 - INFO - [Times of India] Attempt 1/1: Trying with 'selenium_browser' strategy...
2026-03-11 19:02:37,573 - INFO - [Times of India] Page content loaded.
2026-03-11 19:02:37,742 - INFO - [Times of India] Success with 'selenium_browser'. Found content (663 words).
2026-03-11 19:02:37,835 - INFO - Saved article: Arctic Sea Ice: Arctic sea ice heading for one of lowest winter peaks on record: Report - The Times of India from Times of India
2026-03-11 19:02:38,594 - INFO - [Times of India] Article: https://timesofindia.indiatimes.com/world/us/not-worth-sharing-a-life-with-alina-habba-secretly-divorces-gregg-reuben-buys-house-in-florida-near-mar-a-lago/articleshow/129472230.cms
2026-03-11 19:02:38,594 - INFO - [Times of India] Attempt 1/1: Trying with 'selenium_browser' strategy...
2026-03-11 19:02:39,956 - INFO - [Times of India] Page content loaded.
2026-03-11 19:02:40,200 - INFO - [Times of India] Success with 'selenium_browser'. Found content (316 words).
2026-03-11 19:02:40,254 - INFO - Saved article: 'Not worth sharing a life with': Alina Habba secretly divorces Gregg Reuben, buys house in Florida near Mar-a-Lago - The Times of India from Times of India
2026-03-11 19:02:41,469 - INFO - [Times of India] Article: https://timesofindia.indiatimes.com/world/us/h1b-employer-data-hub-goes-offline-three-years-of-records-missing-from-uscis-website-when-will-it-be-back/articleshow/129471340.cms
2026-03-11 19:02:41,469 - INFO - [Times of India] Attempt 1/1: Trying with 'selenium_browser' strategy...
2026-03-11 19:02:42,586 - INFO - [Times of India] Page content loaded.
2026-03-11 19:02:42,831 - INFO - [Times of India] Success with 'selenium_browser'. Found content (411 words).
2026-03-11 19:02:42,925 - INFO - Duplicate article skipped: H‑1B employer data hub goes offline, three years of records missing from USCIS website — When will it be back? - The Times of India from Times of India
2026-03-11 19:02:43,581 - INFO - [Times of India] Article: https://timesofindia.indiatimes.com/defence/international/explained-what-is-irans-black-clad-nopo-force-guarding-supreme-leader-mojtaba-khamenei/articleshow/129470543.cms
2026-03-11 19:02:43,581 - INFO - [Times of India] Attempt 1/1: Trying with 'selenium_browser' strategy...
2026-03-11 19:02:44,596 - INFO - [Times of India] Page content loaded.
2026-03-11 19:02:44,647 - INFO - [Times of India] Success with 'selenium_browser'. Found content (484 words).
2026-03-11 19:02:44,687 - INFO - Duplicate article skipped: Nopo Force: Explained: What is Iran’s black-clad NOPO force guarding Supreme Leader Mojtaba Khamenei? - The Times of India from Times of India
2026-03-11 19:02:46,152 - INFO - [Times of India] Article: https://timesofindia.indiatimes.com/world/us/will-end-any-time-i-want-it-to-end-donald-trump-says-iran-war-could-stop-soon-claims-us-has-little-left-to-target/articleshow/129467219.cms
2026-03-11 19:02:46,152 - INFO - [Times of India] Attempt 1/1: Trying with 'selenium_browser' strategy...
2026-03-11 19:02:48,350 - INFO - [Times of India] Page content loaded.
2026-03-11 19:02:48,720 - INFO - [Times of India] Success with 'selenium_browser'. Found content (605 words).
2026-03-11 19:02:48,790 - INFO - Duplicate article skipped: Donald Trump Iran War: ‘Will end any time I want it to end’: Donald Trump says Iran war could stop ‘soon’; claims US has little left to target - The Times of India from Times of India
2026-03-11 19:02:50,008 - INFO - [Times of India] Article: https://timesofindia.indiatimes.com/world/us/kristi-noems-rumored-boyfriend-corey-lewandowski-believed-trump-would-pardon-him-he-could-do-whatever-he-wanted/articleshow/129470335.cms
2026-03-11 19:02:50,008 - INFO - [Times of India] Attempt 1/1: Trying with 'selenium_browser' strategy...
2026-03-11 19:02:57,545 - INFO - [Times of India] Page content loaded.
2026-03-11 19:02:57,709 - INFO - [Times of India] Success with 'selenium_browser'. Found content (396 words).
2026-03-11 19:02:57,795 - INFO - Duplicate article skipped: Kristi Noem's rumored boyfriend Corey Lewandowski believed 'Trump would pardon him', he could do whatever he wanted - The Times of India from Times of India
2026-03-11 19:02:58,696 - INFO - [Times of India] (Thread) Finished. Attempting to shut down its Selenium driver.
2026-03-11 19:02:58,869 - INFO - [Times of India] (Thread) driver.quit() successful.
2026-03-11 19:03:11,038 - ERROR - [The Hindu] Request failed for strategy 'selenium_browser' on URL https://www.thehindu.com/news/national/kerala/kerala-hc-seeks-details-of-transactions-made-by-priests-workers-during-sabarimala-season/article70732150.ece: Message: timeout: Timed out receiving message from renderer: 59.399
  (Session info: chrome=145.0.7632.116)
Stacktrace:
#0 0x555c90c7eb6a <unknown>
#1 0x555c90691a32 <unknown>
#2 0x555c90679007 <unknown>
#3 0x555c90678c16 <unknown>
#4 0x555c90676731 <unknown>
#5 0x555c906770bf <unknown>
#6 0x555c90686560 <unknown>
#7 0x555c906a0707 <unknown>
#8 0x555c906a78db <unknown>
#9 0x555c90677829 <unknown>
#10 0x555c906a049c <unknown>
#11 0x555c9072f6e1 <unknown>
#12 0x555c906d8c0f <unknown>
#13 0x555c906d99d1 <unknown>
#14 0x555c90c436b9 <unknown>
#15 0x555c90c465c1 <unknown>
#16 0x555c90c2fe29 <unknown>
#17 0x555c90c4717e <unknown>
#18 0x555c90c164b0 <unknown>
#19 0x555c90c6b578 <unknown>
#20 0x555c90c6b74b <unknown>
#21 0x555c90c7d1a3 <unknown>
#22 0x7fc7f229caa4 <unknown>
#23 0x7fc7f2329c6c <unknown>

2026-03-11 19:03:11,038 - ERROR - [The Hindu] All scrape strategies failed for https://www.thehindu.com/news/national/kerala/kerala-hc-seeks-details-of-transactions-made-by-priests-workers-during-sabarimala-season/article70732150.ece. Falling back to RSS description.
2026-03-11 19:03:11,040 - INFO - Saved article: Kerala HC seeks details of transactions made by priests, workers during Sabarimala season from The Hindu
2026-03-11 19:03:12,281 - INFO - [The Hindu] Article: https://www.thehindu.com/opinion/op-ed/the-crisis-of-the-left-in-telangana/article70732466.ece
2026-03-11 19:03:12,281 - INFO - [The Hindu] Attempt 1/1: Trying with 'selenium_browser' strategy...
2026-03-11 19:03:13,076 - INFO - [The Hindu] Page content loaded.
2026-03-11 19:03:13,234 - INFO - [The Hindu] Success with 'selenium_browser'. Found content (725 words).
2026-03-11 19:03:13,325 - INFO - Saved article: The crisis of the Left in Telangana - The Hindu from The Hindu
2026-03-11 19:03:14,137 - INFO - [The Hindu] Article: https://www.thehindu.com/news/national/india-deplores-attack-on-thai-ship-bound-for-gujarat-port/article70732290.ece
2026-03-11 19:03:14,137 - INFO - [The Hindu] Attempt 1/1: Trying with 'selenium_browser' strategy...
2026-03-11 19:03:15,061 - INFO - [The Hindu] Page content loaded.
2026-03-11 19:03:15,214 - INFO - [The Hindu] Success with 'selenium_browser'. Found content (313 words).
2026-03-11 19:03:15,308 - INFO - Saved article: India ‘deplores’ attack on Thai ship bound for Gujarat port - The Hindu from The Hindu
2026-03-11 19:03:16,080 - INFO - [The Hindu] Article: https://www.thehindu.com/news/national/kerala/why-no-aiims-in-kerala-high-court-asks-centre/article70732333.ece
2026-03-11 19:03:16,080 - INFO - [The Hindu] Attempt 1/1: Trying with 'selenium_browser' strategy...
2026-03-11 19:03:16,892 - INFO - [The Hindu] Page content loaded.
2026-03-11 19:03:17,033 - INFO - [The Hindu] Success with 'selenium_browser'. Found content (190 words).
2026-03-11 19:03:17,124 - INFO - Saved article: Why no AIIMS in Kerala, High Court asks Centre - The Hindu from The Hindu
2026-03-11 19:03:18,493 - INFO - [The Hindu] Article: https://www.thehindu.com/news/national/kerala/kerala-assembly-polls-ias-officers-pb-nooh-geromic-george-appointed-additional-ceos/article70731963.ece
2026-03-11 19:03:18,494 - INFO - [The Hindu] Attempt 1/1: Trying with 'selenium_browser' strategy...
2026-03-11 19:03:19,504 - INFO - [The Hindu] Page content loaded.
2026-03-11 19:03:19,596 - INFO - [The Hindu] Success with 'selenium_browser'. Found content (104 words).
2026-03-11 19:03:19,729 - INFO - Saved article: Kerala Assembly polls: IAS officers P.B. Nooh, Geromic George appointed Additional CEOs - The Hindu from The Hindu
2026-03-11 19:03:20,958 - INFO - [The Hindu] (Thread) Finished. Attempting to shut down its Selenium driver.
2026-03-11 19:03:21,101 - INFO - [The Hindu] (Thread) driver.quit() successful.
2026-03-11 19:03:21,102 - INFO - Shutting down thread pool (wait=False)...
2026-03-11 19:03:21,102 - INFO - Scraped: 0 The Guardian, 1 BBC, 10 The Hindu, 5 Times of India articles. (Total saved: 16)
2026-03-11 19:03:21,102 - INFO - --- Scraping job finished ---
2026-03-11 19:03:21,106 - INFO - --- Scraper service stopped and database connection closed. ---
2026-03-11 19:03:21,106 - INFO - --- Main thread finished. Forcing process exit to kill zombie threads. ---
