2026-03-08 18:43:55,332 - INFO - Initializing database connection at: news_articles.db
2026-03-08 18:43:55,332 - INFO - --- Scraper service started (CI Mode: Run Once) ---
2026-03-08 18:43:55,332 - INFO - --- Starting new scraping job (Parallel Mode) ---
2026-03-08 18:43:55,332 - INFO - Creating new robust session with 3 retries on 5xx/connection/read errors.
2026-03-08 18:43:55,333 - INFO - Proxy is DISABLED.
2026-03-08 18:43:55,333 - INFO - Starting scrape for BBC RSS feed: http://feeds.bbci.co.uk/news/world/rss.xml
2026-03-08 18:43:55,333 - INFO - [Times of India] (Thread) requires Selenium. Initializing driver...
2026-03-08 18:43:55,333 - INFO - Initializing headless Selenium Chrome driver (using SeleniumManager)...
2026-03-08 18:43:55,334 - INFO - Starting scrape for The Guardian RSS feed: https://www.theguardian.com/world/rss
2026-03-08 18:43:55,335 - INFO - [The Hindu] (Thread) requires Selenium. Initializing driver...
2026-03-08 18:43:55,335 - INFO - Initializing headless Selenium Chrome driver (using SeleniumManager)...
2026-03-08 18:43:55,335 - INFO - Submitted 4 jobs to thread pool. Waiting up to 300s for completion...
2026-03-08 18:43:55,472 - INFO - Found 45 articles in The Guardian RSS feed. Processing up to 10.
2026-03-08 18:43:55,472 - INFO - [The Guardian] Article: https://www.theguardian.com/world/2026/mar/07/descendants-of-zimbabwe-resistance-heroes-urge-uk-to-locate-looted-skulls
2026-03-08 18:43:55,472 - INFO - [The Guardian] Attempt 1/1: Trying with 'requests_browser' strategy...
2026-03-08 18:43:55,512 - INFO - [The Guardian] Success with 'requests_browser'. Found content (878 words).
2026-03-08 18:43:55,562 - INFO - Duplicate article skipped: Descendants of Zimbabwe resistance heroes urge UK to locate looted skulls | Zimbabwe | The Guardian from The Guardian
2026-03-08 18:43:55,568 - INFO - Found 24 articles in BBC RSS feed. Processing up to 10.
2026-03-08 18:43:55,569 - INFO - [BBC] Article: https://www.bbc.com/news/articles/cx2r1xldl1ko?at_medium=RSS&at_campaign=rss
2026-03-08 18:43:55,569 - INFO - [BBC] Attempt 1/1: Trying with 'requests_browser' strategy...
2026-03-08 18:43:55,868 - INFO - [BBC] Success with 'requests_browser'. Found content (715 words).
2026-03-08 18:43:55,910 - INFO - Duplicate article skipped: War fuels debate in Cyprus over UK military bases from BBC
2026-03-08 18:43:56,982 - INFO - [The Guardian] Article: https://www.theguardian.com/global-development/2026/mar/06/generic-drugs-weight-loss-semaglutide-ozempic-wegovy-diabetes-obesity-study
2026-03-08 18:43:56,982 - INFO - [The Guardian] Attempt 1/1: Trying with 'requests_browser' strategy...
2026-03-08 18:43:57,014 - INFO - [The Guardian] Success with 'requests_browser'. Found content (612 words).
2026-03-08 18:43:57,050 - INFO - Duplicate article skipped: Weight-loss jab could be made for $3 a month, study finds | Global health | The Guardian from The Guardian
2026-03-08 18:43:57,381 - INFO - [BBC] Article: https://www.bbc.com/news/articles/c5yjegg892lo?at_medium=RSS&at_campaign=rss
2026-03-08 18:43:57,381 - INFO - [BBC] Attempt 1/1: Trying with 'requests_browser' strategy...
2026-03-08 18:43:57,415 - INFO - [BBC] Success with 'requests_browser'. Found content (352 words).
2026-03-08 18:43:57,451 - INFO - Duplicate article skipped: Explosion at US embassy in Oslo may have been terrorism, Norway police say from BBC
2026-03-08 18:43:58,525 - INFO - [The Guardian] Article: https://www.theguardian.com/world/2026/mar/05/three-men-deported-us-eswatini-legal-case-detention
2026-03-08 18:43:58,525 - INFO - [The Guardian] Attempt 1/1: Trying with 'requests_browser' strategy...
2026-03-08 18:43:58,553 - INFO - [The Guardian] Success with 'requests_browser'. Found content (520 words).
2026-03-08 18:43:58,591 - INFO - Duplicate article skipped: Three men deported by US file legal case against Eswatini over detention | Eswatini | The Guardian from The Guardian
2026-03-08 18:43:58,877 - INFO - [BBC] Article: https://www.bbc.com/news/articles/crrxpwzvd5vo?at_medium=RSS&at_campaign=rss
2026-03-08 18:43:58,877 - INFO - [BBC] Attempt 1/1: Trying with 'requests_browser' strategy...
2026-03-08 18:43:58,912 - INFO - [BBC] Success with 'requests_browser'. Found content (506 words).
2026-03-08 18:43:58,953 - INFO - Duplicate article skipped: Boy, 12, among six dead as tornadoes hit Michigan and Oklahoma from BBC
2026-03-08 18:43:59,219 - INFO - [The Guardian] Article: https://www.theguardian.com/world/2026/mar/05/south-africa-president-cyril-ramaphosa-calls-donald-trump-policy-white-afrikaners-racist
2026-03-08 18:43:59,220 - INFO - [The Guardian] Attempt 1/1: Trying with 'requests_browser' strategy...
2026-03-08 18:43:59,245 - INFO - [The Guardian] Success with 'requests_browser'. Found content (410 words).
2026-03-08 18:43:59,284 - INFO - Duplicate article skipped: South Africa’s president calls Trump’s policy to offer refuge to white Afrikaners ‘racist’ | South Africa | The Guardian from The Guardian
2026-03-08 18:43:59,507 - INFO - [BBC] Article: https://www.bbc.com/news/articles/c0q32322wq8o?at_medium=RSS&at_campaign=rss
2026-03-08 18:43:59,507 - INFO - [BBC] Attempt 1/1: Trying with 'requests_browser' strategy...
2026-03-08 18:43:59,541 - INFO - [BBC] Success with 'requests_browser'. Found content (331 words).
2026-03-08 18:43:59,580 - INFO - Duplicate article skipped: Swiss reject right-wing plan to cut licence fee for public broadcaster from BBC
2026-03-08 18:44:00,472 - INFO - [The Guardian] Article: https://www.theguardian.com/sport/2026/mar/05/lewis-hamilton-race-africa-grand-prix-retiring-formula-one-colonial
2026-03-08 18:44:00,472 - INFO - [The Guardian] Attempt 1/1: Trying with 'requests_browser' strategy...
2026-03-08 18:44:00,497 - INFO - [The Guardian] Success with 'requests_browser'. Found content (409 words).
2026-03-08 18:44:00,533 - INFO - Duplicate article skipped: Lewis Hamilton sets sights on racing in an African grand prix before retiring | Lewis Hamilton | The Guardian from The Guardian
2026-03-08 18:44:00,942 - INFO - [BBC] Article: https://www.bbc.com/news/articles/c93w6y0lnd9o?at_medium=RSS&at_campaign=rss
2026-03-08 18:44:00,942 - INFO - [BBC] Attempt 1/1: Trying with 'requests_browser' strategy...
2026-03-08 18:44:01,380 - INFO - [The Guardian] Article: https://www.theguardian.com/world/2026/mar/08/haiti-immigrant-mexico-tapachula
2026-03-08 18:44:01,380 - INFO - [The Guardian] Attempt 1/1: Trying with 'requests_browser' strategy...
2026-03-08 18:44:01,419 - INFO - [The Guardian] Success with 'requests_browser'. Found content (2248 words).
2026-03-08 18:44:01,462 - INFO - Duplicate article skipped: ‘I am trying to live’: Haitians in Mexico seek community despite broken immigration systems | World news | The Guardian from The Guardian
2026-03-08 18:44:01,813 - INFO - [BBC] Success with 'requests_browser'. Found content (490 words).
2026-03-08 18:44:01,874 - INFO - Duplicate article skipped: Rapper-politician Balendra Shah unseats Nepal's ex-PM as he heads for victory from BBC
2026-03-08 18:44:02,231 - INFO - [The Guardian] Article: https://www.theguardian.com/world/2026/mar/08/british-columbia-canada-daylight-saving-time
2026-03-08 18:44:02,231 - INFO - [The Guardian] Attempt 1/1: Trying with 'requests_browser' strategy...
2026-03-08 18:44:02,259 - INFO - [The Guardian] Success with 'requests_browser'. Found content (601 words).
2026-03-08 18:44:02,306 - INFO - Duplicate article skipped: Time for a change: British Columbia decides to keep daylight saving time permanently | Canada | The Guardian from The Guardian
2026-03-08 18:44:02,654 - INFO - [BBC] Article: https://www.bbc.com/news/articles/cy8l2p2l3v0o?at_medium=RSS&at_campaign=rss
2026-03-08 18:44:02,654 - INFO - [BBC] Attempt 1/1: Trying with 'requests_browser' strategy...
2026-03-08 18:44:02,703 - INFO - [BBC] Success with 'requests_browser'. Found content (1079 words).
2026-03-08 18:44:02,749 - INFO - Duplicate article skipped: Dozens killed as Israeli special forces raid Lebanese village in search of 40-year-old remains from BBC
2026-03-08 18:44:03,107 - INFO - Selenium driver initialized successfully.
2026-03-08 18:44:03,107 - INFO - Starting scrape for Times of India RSS feed: https://timesofindia.indiatimes.com/rssfeeds/296589292.cms
2026-03-08 18:44:03,108 - INFO - Selenium driver initialized successfully.
2026-03-08 18:44:03,108 - INFO - Starting scrape for The Hindu RSS feed: https://www.thehindu.com/news/national/feeder/default.rss
2026-03-08 18:44:03,320 - INFO - [The Guardian] Article: https://www.theguardian.com/world/2026/mar/07/peru-nightclub-bombing
2026-03-08 18:44:03,320 - INFO - [The Guardian] Attempt 1/1: Trying with 'requests_browser' strategy...
2026-03-08 18:44:03,345 - INFO - [The Guardian] Success with 'requests_browser'. Found content (288 words).
2026-03-08 18:44:03,385 - INFO - Duplicate article skipped: Bombing at nightclub in Peru injures 33 people, including minors | Peru | The Guardian from The Guardian
2026-03-08 18:44:03,388 - INFO - Found 20 articles in Times of India RSS feed. Processing up to 10.
2026-03-08 18:44:03,388 - INFO - [Times of India] Article: https://timesofindia.indiatimes.com/world/middle-east/stranded-amid-iran-vs-us-israel-war-know-your-rights-on-salary-leave-remote-work-as-per-uae-labour-law/articleshow/129283178.cms
2026-03-08 18:44:03,388 - INFO - [Times of India] Attempt 1/1: Trying with 'selenium_browser' strategy...
2026-03-08 18:44:03,410 - INFO - Found 100 articles in The Hindu RSS feed. Processing up to 10.
2026-03-08 18:44:03,410 - INFO - [The Hindu] Article: https://www.thehindu.com/news/national/tamil-nadu/congress-will-lead-secular-alliance-which-includes-dmk-in-puducherry-tncc-chief/article70719501.ece
2026-03-08 18:44:03,410 - INFO - [The Hindu] Attempt 1/1: Trying with 'selenium_browser' strategy...
2026-03-08 18:44:04,226 - INFO - [The Guardian] Article: https://www.theguardian.com/us-news/2026/mar/07/trump-shield-of-americas-summit
2026-03-08 18:44:04,226 - INFO - [The Guardian] Attempt 1/1: Trying with 'requests_browser' strategy...
2026-03-08 18:44:04,246 - INFO - [BBC] Article: https://www.bbc.com/news/articles/cn87pl8e2l5o?at_medium=RSS&at_campaign=rss
2026-03-08 18:44:04,246 - INFO - [BBC] Attempt 1/1: Trying with 'requests_browser' strategy...
2026-03-08 18:44:04,301 - INFO - [The Guardian] Success with 'requests_browser'. Found content (714 words).
2026-03-08 18:44:04,382 - INFO - Duplicate article skipped: Trump convenes ‘Shield of Americas’ summit with 12 Latin American leaders | Donald Trump | The Guardian from The Guardian
2026-03-08 18:44:04,408 - INFO - [BBC] Success with 'requests_browser'. Found content (353 words).
2026-03-08 18:44:04,481 - INFO - Duplicate article skipped: Nairobi floods: At least 23 dead after heavy rains with Kenyan military deployed from BBC
2026-03-08 18:44:05,000 - INFO - [The Guardian] Article: https://www.theguardian.com/us-news/2026/mar/07/deaf-six-year-old-deported-colombia
2026-03-08 18:44:05,000 - INFO - [The Guardian] Attempt 1/1: Trying with 'requests_browser' strategy...
2026-03-08 18:44:05,084 - INFO - [The Guardian] Success with 'requests_browser'. Found content (766 words).
2026-03-08 18:44:05,203 - INFO - Duplicate article skipped: ICE deports family, including deaf boy who wasn’t given his assistive devices | California | The Guardian from The Guardian
2026-03-08 18:44:05,345 - INFO - [BBC] Article: https://www.bbc.com/news/articles/cq6qp458zv1o?at_medium=RSS&at_campaign=rss
2026-03-08 18:44:05,346 - INFO - [BBC] Attempt 1/1: Trying with 'requests_browser' strategy...
2026-03-08 18:44:05,563 - INFO - [BBC] Success with 'requests_browser'. Found content (830 words).
2026-03-08 18:44:05,788 - INFO - Duplicate article skipped: Iran ambassador warns UK to be 'very careful' about involvement in war from BBC
2026-03-08 18:44:06,404 - INFO - [BBC] Article: https://www.bbc.com/news/articles/cn8zd049l08o?at_medium=RSS&at_campaign=rss
2026-03-08 18:44:06,405 - INFO - [BBC] Attempt 1/1: Trying with 'requests_browser' strategy...
2026-03-08 18:44:06,509 - INFO - [BBC] Success with 'requests_browser'. Found content (359 words).
2026-03-08 18:44:06,611 - INFO - Duplicate article skipped: Russian strike on Kharkiv apartment block kills ten from BBC
2026-03-08 18:44:08,049 - INFO - [BBC] Article: https://www.bbc.com/news/articles/c62662gzlp8o?at_medium=RSS&at_campaign=rss
2026-03-08 18:44:08,049 - INFO - [BBC] Attempt 1/1: Trying with 'requests_browser' strategy...
2026-03-08 18:44:08,106 - INFO - [BBC] Success with 'requests_browser'. Found content (882 words).
2026-03-08 18:44:08,198 - INFO - Duplicate article skipped: Armed robots take to the battlefield in Ukraine war from BBC
2026-03-08 18:44:10,611 - INFO - [The Hindu] Page content loaded.
2026-03-08 18:44:11,125 - INFO - [The Hindu] Success with 'selenium_browser'. Found content (249 words).
2026-03-08 18:44:11,502 - INFO - Saved article: Congress will lead secular alliance, which includes DMK, in Puducherry: TNCC chief - The Hindu from The Hindu
2026-03-08 18:44:12,545 - INFO - [The Hindu] Article: https://www.thehindu.com/news/national/krishnammal-jagannathan-a-symbol-of-gandhian-model-of-empowerment/article70719044.ece
2026-03-08 18:44:12,545 - INFO - [The Hindu] Attempt 1/1: Trying with 'selenium_browser' strategy...
2026-03-08 18:44:16,523 - INFO - [The Hindu] Page content loaded.
2026-03-08 18:44:16,724 - INFO - [The Hindu] Success with 'selenium_browser'. Found content (574 words).
2026-03-08 18:44:16,886 - INFO - Saved article: Krishnammal Jagannathan: a symbol of Gandhian model of empowerment - The Hindu from The Hindu
2026-03-08 18:44:17,492 - INFO - [The Hindu] Article: https://www.thehindu.com/news/national/tamil-nadu/tn-forms-panel-to-frame-rules-to-ban-hostile-dog-breeds/article70719503.ece
2026-03-08 18:44:17,492 - INFO - [The Hindu] Attempt 1/1: Trying with 'selenium_browser' strategy...
2026-03-08 18:44:18,902 - INFO - [The Hindu] Page content loaded.
2026-03-08 18:44:19,021 - INFO - [The Hindu] Success with 'selenium_browser'. Found content (480 words).
2026-03-08 18:44:19,158 - INFO - Saved article: T.N. forms panel to frame rules to ban hostile dog breeds - The Hindu from The Hindu
2026-03-08 18:44:19,914 - INFO - [The Hindu] Article: https://www.thehindu.com/news/national/tamil-nadu/madras-hc-judge-helps-transform-british-era-stage-into-an-open-auditorium-at-government-boys-school-in-ranipet/article70718948.ece
2026-03-08 18:44:19,914 - INFO - [The Hindu] Attempt 1/1: Trying with 'selenium_browser' strategy...
2026-03-08 18:44:25,238 - INFO - [The Hindu] Page content loaded.
2026-03-08 18:44:25,391 - INFO - [The Hindu] Success with 'selenium_browser'. Found content (469 words).
2026-03-08 18:44:25,529 - INFO - Saved article: Madras HC judge helps transform British-era ‘stage’ into an open auditorium at Government Boys School in Ranipet - The Hindu from The Hindu
2026-03-08 18:44:26,377 - INFO - [The Hindu] Article: https://www.thehindu.com/news/national/indian-womens-press-corps-reiterates-commitment-to-support-safe-equitable-spaces-in-media/article70719029.ece
2026-03-08 18:44:26,377 - INFO - [The Hindu] Attempt 1/1: Trying with 'selenium_browser' strategy...
2026-03-08 18:44:27,888 - INFO - [The Hindu] Page content loaded.
2026-03-08 18:44:28,248 - INFO - [The Hindu] Success with 'selenium_browser'. Found content (419 words).
2026-03-08 18:44:28,393 - INFO - Saved article: Indian Women's Press Corps reiterates commitment to support safe, equitable spaces in media - The Hindu from The Hindu
2026-03-08 18:44:29,066 - INFO - [The Hindu] Article: https://www.thehindu.com/news/national/andhra-pradesh/roof-collapses-at-mopidevi-temple-no-injuries-reported/article70719804.ece
2026-03-08 18:44:29,066 - INFO - [The Hindu] Attempt 1/1: Trying with 'selenium_browser' strategy...
2026-03-08 18:44:33,044 - INFO - [The Hindu] Page content loaded.
2026-03-08 18:44:33,213 - INFO - [The Hindu] Success with 'selenium_browser'. Found content (114 words).
2026-03-08 18:44:33,377 - INFO - Saved article: Roof collapses at Mopidevi temple, no injuries reported - The Hindu from The Hindu
2026-03-08 18:44:34,320 - INFO - [The Hindu] Article: https://www.thehindu.com/news/national/telangana/revanth-seeks-asads-support-for-musi-rejuvenation/article70719942.ece
2026-03-08 18:44:34,320 - INFO - [The Hindu] Attempt 1/1: Trying with 'selenium_browser' strategy...
2026-03-08 18:44:35,271 - INFO - [The Hindu] Page content loaded.
2026-03-08 18:44:35,319 - INFO - [The Hindu] Success with 'selenium_browser'. Found content (275 words).
2026-03-08 18:44:35,380 - INFO - Saved article: Revanth seeks Asad’s support for Musi Rejuvenation - The Hindu from The Hindu
2026-03-08 18:44:36,645 - INFO - [The Hindu] Article: https://www.thehindu.com/news/national/darjeeling-district-officials-had-raised-alarm-over-lack-of-arrangements-at-venue/article70719587.ece
2026-03-08 18:44:36,645 - INFO - [The Hindu] Attempt 1/1: Trying with 'selenium_browser' strategy...
2026-03-08 18:44:37,546 - INFO - [The Hindu] Page content loaded.
2026-03-08 18:44:37,601 - INFO - [The Hindu] Success with 'selenium_browser'. Found content (559 words).
2026-03-08 18:44:37,680 - INFO - Saved article: Darjeeling district officials had raised alarm over lack of arrangements at venue - The Hindu from The Hindu
2026-03-08 18:44:38,275 - INFO - [The Hindu] Article: https://www.thehindu.com/news/cities/Hyderabad/hyderabad-erupts-in-celebration-as-india-clinches-t20-world-cup-tank-bund-turns-into-sea-of-tricolour/article70719933.ece
2026-03-08 18:44:38,275 - INFO - [The Hindu] Attempt 1/1: Trying with 'selenium_browser' strategy...
2026-03-08 18:44:39,757 - INFO - [The Hindu] Page content loaded.
2026-03-08 18:44:39,879 - INFO - [The Hindu] Success with 'selenium_browser'. Found content (355 words).
2026-03-08 18:44:39,967 - INFO - Saved article: Hyderabad erupts in celebration as India clinches T20 World Cup, Tank Bund turns into sea of tricolour - The Hindu from The Hindu
2026-03-08 18:44:41,330 - INFO - [The Hindu] Article: https://www.thehindu.com/news/national/andhra-pradesh/ntr-police-invoke-pd-act-against-rice-smuggler/article70719820.ece
2026-03-08 18:44:41,330 - INFO - [The Hindu] Attempt 1/1: Trying with 'selenium_browser' strategy...
2026-03-08 18:44:42,290 - INFO - [The Hindu] Page content loaded.
2026-03-08 18:44:42,341 - WARNING - [The Hindu] FAILED with 'selenium_browser' (content was too short: 67 words).
2026-03-08 18:44:42,342 - ERROR - [The Hindu] All scrape strategies failed for https://www.thehindu.com/news/national/andhra-pradesh/ntr-police-invoke-pd-act-against-rice-smuggler/article70719820.ece. Falling back to RSS description.
2026-03-08 18:44:42,344 - INFO - Saved article: NTR Police invoke PD Act against rice smuggler from The Hindu
2026-03-08 18:44:43,625 - INFO - [The Hindu] (Thread) Finished. Attempting to shut down its Selenium driver.
2026-03-08 18:44:43,792 - INFO - [The Hindu] (Thread) driver.quit() successful.
2026-03-08 18:45:03,416 - ERROR - [Times of India] Request failed for strategy 'selenium_browser' on URL https://timesofindia.indiatimes.com/world/middle-east/stranded-amid-iran-vs-us-israel-war-know-your-rights-on-salary-leave-remote-work-as-per-uae-labour-law/articleshow/129283178.cms: Message: timeout: Timed out receiving message from renderer: 59.909
  (Session info: chrome=145.0.7632.116)
Stacktrace:
#0 0x55dbdba64b6a <unknown>
#1 0x55dbdb477a32 <unknown>
#2 0x55dbdb45f007 <unknown>
#3 0x55dbdb45ec16 <unknown>
#4 0x55dbdb45c731 <unknown>
#5 0x55dbdb45d0bf <unknown>
#6 0x55dbdb46c560 <unknown>
#7 0x55dbdb486707 <unknown>
#8 0x55dbdb48d8db <unknown>
#9 0x55dbdb45d829 <unknown>
#10 0x55dbdb48649c <unknown>
#11 0x55dbdb5156e1 <unknown>
#12 0x55dbdb4bec0f <unknown>
#13 0x55dbdb4bf9d1 <unknown>
#14 0x55dbdba296b9 <unknown>
#15 0x55dbdba2c5c1 <unknown>
#16 0x55dbdba15e29 <unknown>
#17 0x55dbdba2d17e <unknown>
#18 0x55dbdb9fc4b0 <unknown>
#19 0x55dbdba51578 <unknown>
#20 0x55dbdba5174b <unknown>
#21 0x55dbdba631a3 <unknown>
#22 0x7feca189caa4 <unknown>
#23 0x7feca1929c6c <unknown>

2026-03-08 18:45:03,416 - ERROR - [Times of India] All scrape strategies failed for https://timesofindia.indiatimes.com/world/middle-east/stranded-amid-iran-vs-us-israel-war-know-your-rights-on-salary-leave-remote-work-as-per-uae-labour-law/articleshow/129283178.cms. Falling back to RSS description.
2026-03-08 18:45:03,418 - INFO - Saved article: Stranded amid Iran vs US-Israel war? Know your rights on salary, leave, remote work as per UAE Labour Law from Times of India
2026-03-08 18:45:04,649 - INFO - [Times of India] Article: https://timesofindia.indiatimes.com/world/rest-of-world/ancient-mystery-uncovered-in-italy-2600-year-old-etruscan-tomb-found-with-four-skeletons-and-treasure/articleshow/129284802.cms
2026-03-08 18:45:04,649 - INFO - [Times of India] Attempt 1/1: Trying with 'selenium_browser' strategy...
2026-03-08 18:45:20,470 - WARNING - [Times of India] Page timed out (10s). No <p> tags found. Proceeding anyway.
2026-03-08 18:45:20,673 - INFO - [Times of India] Success with 'selenium_browser'. Found content (898 words).
2026-03-08 18:45:20,778 - INFO - Saved article: Ancient mystery uncovered in Italy: 2,600-year-old Etruscan Tomb found with four skeletons and treasure | World News - The Times of India from Times of India
2026-03-08 18:45:21,357 - INFO - [Times of India] Article: https://timesofindia.indiatimes.com/world/us/bomb-threat-at-kansas-city-international-airport-passengers-told-to-immediately-evacuate/articleshow/129284154.cms
2026-03-08 18:45:21,357 - INFO - [Times of India] Attempt 1/1: Trying with 'selenium_browser' strategy...
2026-03-08 18:45:25,472 - INFO - [Times of India] Page content loaded.
2026-03-08 18:45:25,624 - INFO - [Times of India] Success with 'selenium_browser'. Found content (213 words).
2026-03-08 18:45:25,728 - INFO - Saved article: Bomb threat at Kansas City International Airport, passengers told to immediately evacuate - The Times of India from Times of India
2026-03-08 18:45:26,972 - INFO - [Times of India] Article: https://timesofindia.indiatimes.com/etimes/trending/the-drug-paradox-of-queen-victoria-new-book-says-she-loved-drugs-while-empire-sold-opium-worldwide/articleshow/129278125.cms
2026-03-08 18:45:26,972 - INFO - [Times of India] Attempt 1/1: Trying with 'selenium_browser' strategy...
2026-03-08 18:45:43,547 - WARNING - [Times of India] Page timed out (10s). No <p> tags found. Proceeding anyway.
2026-03-08 18:45:43,694 - INFO - [Times of India] Success with 'selenium_browser'. Found content (1271 words).
2026-03-08 18:45:43,780 - INFO - Saved article: The drug paradox of Queen Victoria: New book says she ‘loved’ drugs while empire sold opium worldwide | - The Times of India from Times of India
2026-03-08 18:45:45,115 - INFO - [Times of India] Article: https://timesofindia.indiatimes.com/world/rest-of-world/canadian-media-slammed-for-jaskirat-singh-sidhu-interview-i-want-to-fight-for-my-family/articleshow/129282393.cms
2026-03-08 18:45:45,115 - INFO - [Times of India] Attempt 1/1: Trying with 'selenium_browser' strategy...
2026-03-08 18:45:48,629 - INFO - [Times of India] Page content loaded.
2026-03-08 18:45:48,824 - INFO - [Times of India] Success with 'selenium_browser'. Found content (572 words).
2026-03-08 18:45:48,921 - INFO - Saved article: Canadian media slammed for Jaskirat Singh Sidhu interview: 'I want to fight for my family' - The Times of India from Times of India
2026-03-08 18:45:50,386 - INFO - [Times of India] Article: https://timesofindia.indiatimes.com/world/rest-of-world/from-punch-the-monkey-to-penguin-memes-how-animals-took-over-the-internet-in-2026/articleshow/129276609.cms
2026-03-08 18:45:50,386 - INFO - [Times of India] Attempt 1/1: Trying with 'selenium_browser' strategy...
2026-03-08 18:45:55,120 - INFO - [Times of India] Page content loaded.
2026-03-08 18:45:55,338 - INFO - [Times of India] Success with 'selenium_browser'. Found content (1763 words).
2026-03-08 18:45:55,439 - INFO - Saved article: From Punch the Monkey to Penguin memes: How animals took over the internet in 2026 - The Times of India from Times of India
2026-03-08 18:45:56,860 - INFO - [Times of India] Article: https://timesofindia.indiatimes.com/world/rest-of-world/deeply-troubled-canadian-mp-raises-killing-of-indian-origin-nancy-grewal-in-international-womens-day-message/articleshow/129281310.cms
2026-03-08 18:45:56,860 - INFO - [Times of India] Attempt 1/1: Trying with 'selenium_browser' strategy...
2026-03-08 18:46:01,335 - INFO - [Times of India] Page content loaded.
2026-03-08 18:46:01,584 - INFO - [Times of India] Success with 'selenium_browser'. Found content (588 words).
2026-03-08 18:46:01,687 - INFO - Saved article: ‘Deeply troubled’: Canadian MP raises killing of Indian-origin Nancy Grewal in International Women’s Day message | World News - The Times of India from Times of India
2026-03-08 18:46:02,713 - INFO - [Times of India] Article: https://timesofindia.indiatimes.com/world/us/can-h-1bs-run-a-dance-academy-in-the-us-dos-and-donts-for-h-1b-visa-holders/articleshow/129279311.cms
2026-03-08 18:46:02,713 - INFO - [Times of India] Attempt 1/1: Trying with 'selenium_browser' strategy...
2026-03-08 18:46:05,827 - INFO - [Times of India] Page content loaded.
2026-03-08 18:46:06,146 - INFO - [Times of India] Success with 'selenium_browser'. Found content (392 words).
2026-03-08 18:46:06,278 - INFO - Saved article: Can H-1Bs run a dance academy in the US? Dos and don'ts for H-1B visa holders - The Times of India from Times of India
2026-03-08 18:46:07,144 - INFO - [Times of India] Article: https://timesofindia.indiatimes.com/world/us/1000-fine-90-days-in-jail-non-english-speaking-truck-drivers-in-wyoming-can-now-be-penalised-by-police-under-new-law/articleshow/129277634.cms
2026-03-08 18:46:07,144 - INFO - [Times of India] Attempt 1/1: Trying with 'selenium_browser' strategy...
2026-03-08 18:46:13,695 - INFO - [Times of India] Page content loaded.
2026-03-08 18:46:13,900 - INFO - [Times of India] Success with 'selenium_browser'. Found content (365 words).
2026-03-08 18:46:14,031 - INFO - Saved article: $1,000 fine, 90 days in jail: Non-English speaking truck drivers in Wyoming can now be penalised by police under new law - The Times of India from Times of India
2026-03-08 18:46:15,498 - INFO - [Times of India] Article: https://timesofindia.indiatimes.com/world/us/nuclear-stockpile-to-kharg-island-why-trump-wants-to-send-special-forces-to-iran/articleshow/129273869.cms
2026-03-08 18:46:15,498 - INFO - [Times of India] Attempt 1/1: Trying with 'selenium_browser' strategy...
2026-03-08 18:46:20,060 - INFO - [Times of India] Page content loaded.
2026-03-08 18:46:20,216 - INFO - [Times of India] Success with 'selenium_browser'. Found content (789 words).
2026-03-08 18:46:20,289 - INFO - Duplicate article skipped: Nuclear stockpile to Kharg Island: Why Trump wants to send special forces to Iran - The Times of India from Times of India
2026-03-08 18:46:21,185 - INFO - [Times of India] (Thread) Finished. Attempting to shut down its Selenium driver.
2026-03-08 18:46:21,433 - INFO - [Times of India] (Thread) driver.quit() successful.
2026-03-08 18:46:21,433 - INFO - Shutting down thread pool (wait=False)...
2026-03-08 18:46:21,433 - INFO - Scraped: 10 The Hindu, 0 The Guardian, 0 BBC, 9 Times of India articles. (Total saved: 19)
2026-03-08 18:46:21,433 - INFO - --- Scraping job finished ---
2026-03-08 18:46:21,438 - INFO - --- Scraper service stopped and database connection closed. ---
2026-03-08 18:46:21,438 - INFO - --- Main thread finished. Forcing process exit to kill zombie threads. ---
