2026-03-07 22:30:23,765 - INFO - Initializing database connection at: news_articles.db
2026-03-07 22:30:23,765 - INFO - --- Scraper service started (CI Mode: Run Once) ---
2026-03-07 22:30:23,765 - INFO - --- Starting new scraping job (Parallel Mode) ---
2026-03-07 22:30:23,766 - INFO - Creating new robust session with 3 retries on 5xx/connection/read errors.
2026-03-07 22:30:23,766 - INFO - Proxy is DISABLED.
2026-03-07 22:30:23,766 - INFO - Starting scrape for BBC RSS feed: http://feeds.bbci.co.uk/news/world/rss.xml
2026-03-07 22:30:23,767 - INFO - [Times of India] (Thread) requires Selenium. Initializing driver...
2026-03-07 22:30:23,767 - INFO - Initializing headless Selenium Chrome driver (using SeleniumManager)...
2026-03-07 22:30:23,767 - INFO - Starting scrape for The Guardian RSS feed: https://www.theguardian.com/world/rss
2026-03-07 22:30:23,768 - INFO - [The Hindu] (Thread) requires Selenium. Initializing driver...
2026-03-07 22:30:23,768 - INFO - Initializing headless Selenium Chrome driver (using SeleniumManager)...
2026-03-07 22:30:23,768 - INFO - Submitted 4 jobs to thread pool. Waiting up to 300s for completion...
2026-03-07 22:30:23,879 - INFO - Found 45 articles in The Guardian RSS feed. Processing up to 10.
2026-03-07 22:30:23,879 - INFO - [The Guardian] Article: https://www.theguardian.com/world/2026/mar/07/descendants-of-zimbabwe-resistance-heroes-urge-uk-to-locate-looted-skulls
2026-03-07 22:30:23,879 - INFO - [The Guardian] Attempt 1/1: Trying with 'requests_browser' strategy...
2026-03-07 22:30:23,906 - INFO - [The Guardian] Success with 'requests_browser'. Found content (916 words).
2026-03-07 22:30:23,943 - INFO - Duplicate article skipped: Descendants of Zimbabwe resistance heroes urge UK to locate looted skulls | Zimbabwe | The Guardian from The Guardian
2026-03-07 22:30:24,033 - INFO - Found 26 articles in BBC RSS feed. Processing up to 10.
2026-03-07 22:30:24,033 - INFO - [BBC] Article: https://www.bbc.com/news/articles/cy8l2p2l3v0o?at_medium=RSS&at_campaign=rss
2026-03-07 22:30:24,033 - INFO - [BBC] Attempt 1/1: Trying with 'requests_browser' strategy...
2026-03-07 22:30:24,169 - INFO - [BBC] Success with 'requests_browser'. Found content (1079 words).
2026-03-07 22:30:24,213 - INFO - Duplicate article skipped: Dozens killed as Israeli special forces raid Lebanese village in search of 40-year-old remains from BBC
2026-03-07 22:30:25,029 - INFO - [The Guardian] Article: https://www.theguardian.com/global-development/2026/mar/06/generic-drugs-weight-loss-semaglutide-ozempic-wegovy-diabetes-obesity-study
2026-03-07 22:30:25,029 - INFO - [The Guardian] Attempt 1/1: Trying with 'requests_browser' strategy...
2026-03-07 22:30:25,051 - INFO - [The Guardian] Success with 'requests_browser'. Found content (612 words).
2026-03-07 22:30:25,086 - INFO - Duplicate article skipped: Weight-loss jab could be made for $3 a month, study finds | Global health | The Guardian from The Guardian
2026-03-07 22:30:25,207 - INFO - [BBC] Article: https://www.bbc.com/news/articles/cq6qp458zv1o?at_medium=RSS&at_campaign=rss
2026-03-07 22:30:25,207 - INFO - [BBC] Attempt 1/1: Trying with 'requests_browser' strategy...
2026-03-07 22:30:25,251 - INFO - [BBC] Success with 'requests_browser'. Found content (830 words).
2026-03-07 22:30:25,292 - INFO - Duplicate article skipped: Iran ambassador warns UK to be 'very careful' about involvement in war from BBC
2026-03-07 22:30:26,435 - INFO - [BBC] Article: https://www.bbc.com/news/articles/c62662gzlp8o?at_medium=RSS&at_campaign=rss
2026-03-07 22:30:26,435 - INFO - [BBC] Attempt 1/1: Trying with 'requests_browser' strategy...
2026-03-07 22:30:26,481 - INFO - [BBC] Success with 'requests_browser'. Found content (882 words).
2026-03-07 22:30:26,523 - INFO - [The Guardian] Article: https://www.theguardian.com/world/2026/mar/05/three-men-deported-us-eswatini-legal-case-detention
2026-03-07 22:30:26,524 - INFO - [The Guardian] Attempt 1/1: Trying with 'requests_browser' strategy...
2026-03-07 22:30:26,526 - INFO - Duplicate article skipped: Armed robots take to the battlefield in Ukraine war from BBC
2026-03-07 22:30:26,641 - INFO - [The Guardian] Success with 'requests_browser'. Found content (520 words).
2026-03-07 22:30:26,678 - INFO - Duplicate article skipped: Three men deported by US file legal case against Eswatini over detention | Eswatini | The Guardian from The Guardian
2026-03-07 22:30:27,553 - INFO - [The Guardian] Article: https://www.theguardian.com/world/2026/mar/05/south-africa-president-cyril-ramaphosa-calls-donald-trump-policy-white-afrikaners-racist
2026-03-07 22:30:27,553 - INFO - [The Guardian] Attempt 1/1: Trying with 'requests_browser' strategy...
2026-03-07 22:30:27,556 - INFO - [BBC] Article: https://www.bbc.com/news/articles/c5y5lqygrn7o?at_medium=RSS&at_campaign=rss
2026-03-07 22:30:27,556 - INFO - [BBC] Attempt 1/1: Trying with 'requests_browser' strategy...
2026-03-07 22:30:27,586 - INFO - [The Guardian] Success with 'requests_browser'. Found content (410 words).
2026-03-07 22:30:27,621 - INFO - Duplicate article skipped: South Africa’s president calls Trump’s policy to offer refuge to white Afrikaners ‘racist’ | South Africa | The Guardian from The Guardian
2026-03-07 22:30:27,639 - INFO - [BBC] Success with 'requests_browser'. Found content (1134 words).
2026-03-07 22:30:27,684 - INFO - Duplicate article skipped: We've been speaking to Iranians during one week of war. Here's what they said from BBC
2026-03-07 22:30:28,672 - INFO - [BBC] Article: https://www.bbc.com/news/articles/crrxpwzvd5vo?at_medium=RSS&at_campaign=rss
2026-03-07 22:30:28,672 - INFO - [BBC] Attempt 1/1: Trying with 'requests_browser' strategy...
2026-03-07 22:30:28,702 - INFO - [BBC] Success with 'requests_browser'. Found content (464 words).
2026-03-07 22:30:28,747 - INFO - Duplicate article skipped: At least six dead after tornadoes sweep across Michigan and Oklahoma, officials say from BBC
2026-03-07 22:30:29,073 - INFO - [The Guardian] Article: https://www.theguardian.com/sport/2026/mar/05/lewis-hamilton-race-africa-grand-prix-retiring-formula-one-colonial
2026-03-07 22:30:29,073 - INFO - [The Guardian] Attempt 1/1: Trying with 'requests_browser' strategy...
2026-03-07 22:30:29,192 - INFO - [The Guardian] Success with 'requests_browser'. Found content (409 words).
2026-03-07 22:30:29,248 - INFO - Duplicate article skipped: Lewis Hamilton sets sights on racing in an African grand prix before retiring | Lewis Hamilton | The Guardian from The Guardian
2026-03-07 22:30:30,120 - INFO - [BBC] Article: https://www.bbc.com/news/articles/c93w6y0lnd9o?at_medium=RSS&at_campaign=rss
2026-03-07 22:30:30,120 - INFO - [BBC] Attempt 1/1: Trying with 'requests_browser' strategy...
2026-03-07 22:30:30,150 - INFO - [BBC] Success with 'requests_browser'. Found content (435 words).
2026-03-07 22:30:30,183 - INFO - Duplicate article skipped: Rapper-politician Balendra Shah on course to be Nepal's next prime minister from BBC
2026-03-07 22:30:30,702 - INFO - [The Guardian] Article: https://www.theguardian.com/world/2026/mar/07/peru-nightclub-bombing
2026-03-07 22:30:30,703 - INFO - [The Guardian] Attempt 1/1: Trying with 'requests_browser' strategy...
2026-03-07 22:30:30,723 - INFO - [The Guardian] Success with 'requests_browser'. Found content (288 words).
2026-03-07 22:30:30,756 - INFO - Duplicate article skipped: Bombing at nightclub in Peru injures 33 people, including minors | Peru | The Guardian from The Guardian
2026-03-07 22:30:31,264 - INFO - [BBC] Article: https://www.bbc.com/news/articles/cn87pl8e2l5o?at_medium=RSS&at_campaign=rss
2026-03-07 22:30:31,264 - INFO - [BBC] Attempt 1/1: Trying with 'requests_browser' strategy...
2026-03-07 22:30:31,302 - INFO - [BBC] Success with 'requests_browser'. Found content (353 words).
2026-03-07 22:30:31,342 - INFO - Duplicate article skipped: Nairobi floods: At least 23 dead after heavy rains with Kenyan military deployed from BBC
2026-03-07 22:30:31,679 - INFO - [The Guardian] Article: https://www.theguardian.com/us-news/2026/mar/07/trump-shield-of-americas-summit
2026-03-07 22:30:31,679 - INFO - [The Guardian] Attempt 1/1: Trying with 'requests_browser' strategy...
2026-03-07 22:30:31,812 - INFO - [The Guardian] Success with 'requests_browser'. Found content (714 words).
2026-03-07 22:30:31,852 - INFO - Duplicate article skipped: Trump convenes ‘Shield of Americas’ summit with 12 Latin American leaders | Donald Trump | The Guardian from The Guardian
2026-03-07 22:30:32,376 - INFO - [The Guardian] Article: https://www.theguardian.com/us-news/2026/mar/07/deaf-six-year-old-deported-colombia
2026-03-07 22:30:32,377 - INFO - [The Guardian] Attempt 1/1: Trying with 'requests_browser' strategy...
2026-03-07 22:30:32,400 - INFO - [The Guardian] Success with 'requests_browser'. Found content (766 words).
2026-03-07 22:30:32,434 - INFO - Duplicate article skipped: ICE deports family, including deaf boy who wasn’t given his assistive devices | California | The Guardian from The Guardian
2026-03-07 22:30:32,453 - INFO - [BBC] Article: https://www.bbc.com/news/articles/c4g55v24wrno?at_medium=RSS&at_campaign=rss
2026-03-07 22:30:32,453 - INFO - [BBC] Attempt 1/1: Trying with 'requests_browser' strategy...
2026-03-07 22:30:32,491 - INFO - [BBC] Success with 'requests_browser'. Found content (843 words).
2026-03-07 22:30:32,531 - INFO - Duplicate article skipped: Swiss to vote on right-wing push to slash licence fee for public broadcaster from BBC
2026-03-07 22:30:32,594 - INFO - Selenium driver initialized successfully.
2026-03-07 22:30:32,594 - INFO - Starting scrape for Times of India RSS feed: https://timesofindia.indiatimes.com/rssfeeds/296589292.cms
2026-03-07 22:30:32,595 - INFO - Selenium driver initialized successfully.
2026-03-07 22:30:32,595 - INFO - Starting scrape for The Hindu RSS feed: https://www.thehindu.com/news/national/feeder/default.rss
2026-03-07 22:30:32,719 - INFO - Found 20 articles in Times of India RSS feed. Processing up to 10.
2026-03-07 22:30:32,719 - INFO - [Times of India] Article: https://timesofindia.indiatimes.com/world/middle-east/us-israel-iran-war-news-live-udates-middle-east-crisis-conflict-drone-ballistic-missile-attacks-explosions-flights-status-dubai-uae-qatar-tehran-gulf-donald-trump-netanyahu-khamenei/liveblog/129190174.cms
2026-03-07 22:30:32,719 - INFO - [Times of India] Attempt 1/1: Trying with 'selenium_browser' strategy...
2026-03-07 22:30:32,766 - INFO - Found 100 articles in The Hindu RSS feed. Processing up to 10.
2026-03-07 22:30:32,766 - INFO - [The Hindu] Article: https://www.thehindu.com/news/national/tamil-nadu/tn-institutions-have-completed-almost-all-projects-funded-under-rusa-union-joint-secretary/article70716610.ece
2026-03-07 22:30:32,766 - INFO - [The Hindu] Attempt 1/1: Trying with 'selenium_browser' strategy...
2026-03-07 22:30:33,588 - INFO - [BBC] Article: https://www.bbc.com/news/articles/cn8zd049l08o?at_medium=RSS&at_campaign=rss
2026-03-07 22:30:33,589 - INFO - [BBC] Attempt 1/1: Trying with 'requests_browser' strategy...
2026-03-07 22:30:33,658 - INFO - [BBC] Success with 'requests_browser'. Found content (359 words).
2026-03-07 22:30:33,718 - INFO - Duplicate article skipped: Russian strike on Kharkiv apartment block kills ten from BBC
2026-03-07 22:30:33,905 - INFO - [The Guardian] Article: https://www.theguardian.com/world/2026/mar/07/an-ideological-guest-list-trump-invites-latin-americas-rightwing-leaders-to-florida-summit
2026-03-07 22:30:33,905 - INFO - [The Guardian] Attempt 1/1: Trying with 'requests_browser' strategy...
2026-03-07 22:30:33,941 - INFO - [The Guardian] Success with 'requests_browser'. Found content (1025 words).
2026-03-07 22:30:34,013 - INFO - Duplicate article skipped: ‘An ideological guest list’: Trump invites Latin America’s rightwing leaders to Florida summit | Americas | The Guardian from The Guardian
2026-03-07 22:30:34,298 - INFO - [BBC] Article: https://www.bbc.com/news/articles/c5yvw0zwpd5o?at_medium=RSS&at_campaign=rss
2026-03-07 22:30:34,298 - INFO - [BBC] Attempt 1/1: Trying with 'requests_browser' strategy...
2026-03-07 22:30:34,365 - INFO - [BBC] Success with 'requests_browser'. Found content (1093 words).
2026-03-07 22:30:34,456 - INFO - Duplicate article skipped: China spent years building ties in Latin America. Can Trump make room for the US? from BBC
2026-03-07 22:30:34,609 - INFO - [The Guardian] Article: https://www.theguardian.com/global-development/2026/mar/06/peruvian-state-responsible-for-mothers-death-in-forced-sterilisation-court-rules
2026-03-07 22:30:34,610 - INFO - [The Guardian] Attempt 1/1: Trying with 'requests_browser' strategy...
2026-03-07 22:30:34,892 - INFO - [The Guardian] Success with 'requests_browser'. Found content (533 words).
2026-03-07 22:30:35,069 - INFO - Duplicate article skipped: Peruvian state responsible for mother’s death in forced sterilisation, court rules | Global development | The Guardian from The Guardian
2026-03-07 22:30:38,287 - INFO - [The Hindu] Page content loaded.
2026-03-07 22:30:38,469 - INFO - [The Hindu] Success with 'selenium_browser'. Found content (257 words).
2026-03-07 22:30:38,577 - INFO - Duplicate article skipped: T.N. institutions have completed almost all projects funded under RUSA: Union Joint Secretary - The Hindu from The Hindu
2026-03-07 22:30:39,225 - INFO - [The Hindu] Article: https://www.thehindu.com/news/national/indians-return-from-gulf-west-asia-conflict-mea-advisory-update/article70716993.ece
2026-03-07 22:30:39,225 - INFO - [The Hindu] Attempt 1/1: Trying with 'selenium_browser' strategy...
2026-03-07 22:30:45,110 - INFO - [The Hindu] Page content loaded.
2026-03-07 22:30:45,508 - INFO - [The Hindu] Success with 'selenium_browser'. Found content (381 words).
2026-03-07 22:30:45,827 - INFO - Duplicate article skipped: West Asia conflict: Over 52,000 Indians returned between March 1-7 after partial opening of airspace - The Hindu from The Hindu
2026-03-07 22:30:46,919 - INFO - [The Hindu] Article: https://www.thehindu.com/news/cities/chennai/drivers-operating-lpg-run-autorickshaws-fear-disruption-in-supplies-appeal-against-price-hike/article70716704.ece
2026-03-07 22:30:46,919 - INFO - [The Hindu] Attempt 1/1: Trying with 'selenium_browser' strategy...
2026-03-07 22:30:50,620 - INFO - [The Hindu] Page content loaded.
2026-03-07 22:30:50,843 - INFO - [The Hindu] Success with 'selenium_browser'. Found content (334 words).
2026-03-07 22:30:50,998 - INFO - Duplicate article skipped: Drivers operating LPG-run autorickshaws fear disruption in supplies; appeal against price hike - The Hindu from The Hindu
2026-03-07 22:30:51,805 - INFO - [The Hindu] Article: https://www.thehindu.com/news/national/west-bengal/incoming-governor-is-bjps-parrot-says-mamata/article70716648.ece
2026-03-07 22:30:51,805 - INFO - [The Hindu] Attempt 1/1: Trying with 'selenium_browser' strategy...
2026-03-07 22:30:52,415 - INFO - [The Hindu] Page content loaded.
2026-03-07 22:30:52,643 - INFO - [The Hindu] Success with 'selenium_browser'. Found content (310 words).
2026-03-07 22:30:52,728 - INFO - Duplicate article skipped: Incoming Governor is BJP’s parrot, says Mamata - The Hindu from The Hindu
2026-03-07 22:30:53,901 - INFO - [The Hindu] Article: https://www.thehindu.com/news/national/tamil-nadu/minister-lays-foundation-for-two-check-dams-across-palar-ponnai-near-katpadi/article70715990.ece
2026-03-07 22:30:53,901 - INFO - [The Hindu] Attempt 1/1: Trying with 'selenium_browser' strategy...
2026-03-07 22:30:54,704 - INFO - [The Hindu] Page content loaded.
2026-03-07 22:30:54,870 - INFO - [The Hindu] Success with 'selenium_browser'. Found content (319 words).
2026-03-07 22:30:54,947 - INFO - Duplicate article skipped: Minister lays foundation for two check dams across Palar, Ponnai near Katpadi - The Hindu from The Hindu
2026-03-07 22:30:56,188 - INFO - [The Hindu] Article: https://www.thehindu.com/news/national/odisha/odisha-cm-expresses-anguish-over-shifting-of-tribal-meet-venue-in-bengal/article70716886.ece
2026-03-07 22:30:56,188 - INFO - [The Hindu] Attempt 1/1: Trying with 'selenium_browser' strategy...
2026-03-07 22:30:59,461 - INFO - [The Hindu] Page content loaded.
2026-03-07 22:30:59,613 - INFO - [The Hindu] Success with 'selenium_browser'. Found content (448 words).
2026-03-07 22:30:59,685 - INFO - Duplicate article skipped: ‘Cannot be dismissed as logistical issues’: Odisha CM expresses anguish over shifting of tribal meet venue in Bengal - The Hindu from The Hindu
2026-03-07 22:31:00,454 - INFO - [The Hindu] Article: https://www.thehindu.com/news/national/indian-students-stuck-in-iran-fear-for-safety-families-plead-for-evacuation/article70716973.ece
2026-03-07 22:31:00,454 - INFO - [The Hindu] Attempt 1/1: Trying with 'selenium_browser' strategy...
2026-03-07 22:31:01,146 - INFO - [The Hindu] Page content loaded.
2026-03-07 22:31:01,210 - INFO - [The Hindu] Success with 'selenium_browser'. Found content (613 words).
2026-03-07 22:31:01,290 - INFO - Duplicate article skipped: Indian students stuck in Iran fear for safety; families plead for evacuation - The Hindu from The Hindu
2026-03-07 22:31:01,843 - INFO - [The Hindu] Article: https://www.thehindu.com/news/national/tamil-nadu/southern-railway-conducts-trial-run-of-ac-suburban-train-on-chennai-arakkonam-section/article70715981.ece
2026-03-07 22:31:01,843 - INFO - [The Hindu] Attempt 1/1: Trying with 'selenium_browser' strategy...
2026-03-07 22:31:03,121 - INFO - [The Hindu] Page content loaded.
2026-03-07 22:31:03,401 - INFO - [The Hindu] Success with 'selenium_browser'. Found content (401 words).
2026-03-07 22:31:03,514 - INFO - Duplicate article skipped: Southern Railway conducts trial run of AC suburban train on Chennai-Arakkonam section - The Hindu from The Hindu
2026-03-07 22:31:04,406 - INFO - [The Hindu] Article: https://www.thehindu.com/news/national/kerala/womens-day-celebrated/article70716321.ece
2026-03-07 22:31:04,406 - INFO - [The Hindu] Attempt 1/1: Trying with 'selenium_browser' strategy...
2026-03-07 22:31:06,954 - INFO - [The Hindu] Page content loaded.
2026-03-07 22:31:07,024 - WARNING - [The Hindu] FAILED with 'selenium_browser' (content was too short: 66 words).
2026-03-07 22:31:07,024 - ERROR - [The Hindu] All scrape strategies failed for https://www.thehindu.com/news/national/kerala/womens-day-celebrated/article70716321.ece. Falling back to RSS description.
2026-03-07 22:31:07,025 - INFO - Duplicate article skipped: Women’s Day celebrated from The Hindu
2026-03-07 22:31:07,934 - INFO - [The Hindu] Article: https://www.thehindu.com/news/national/tamil-nadu/tnexpat-platform-launched-to-provide-expats-peek-into-life-culture-in-tn/article70715451.ece
2026-03-07 22:31:07,934 - INFO - [The Hindu] Attempt 1/1: Trying with 'selenium_browser' strategy...
2026-03-07 22:31:08,770 - INFO - [The Hindu] Page content loaded.
2026-03-07 22:31:08,965 - INFO - [The Hindu] Success with 'selenium_browser'. Found content (292 words).
2026-03-07 22:31:09,084 - INFO - Duplicate article skipped: TNExpat platform launched to provide expats peek into life, culture in T.N. - The Hindu from The Hindu
2026-03-07 22:31:10,184 - INFO - [The Hindu] (Thread) Finished. Attempting to shut down its Selenium driver.
2026-03-07 22:31:10,480 - INFO - [The Hindu] (Thread) driver.quit() successful.
2026-03-07 22:31:32,736 - ERROR - [Times of India] Request failed for strategy 'selenium_browser' on URL https://timesofindia.indiatimes.com/world/middle-east/us-israel-iran-war-news-live-udates-middle-east-crisis-conflict-drone-ballistic-missile-attacks-explosions-flights-status-dubai-uae-qatar-tehran-gulf-donald-trump-netanyahu-khamenei/liveblog/129190174.cms: Message: timeout: Timed out receiving message from renderer: 59.637
  (Session info: chrome=145.0.7632.116)
Stacktrace:
#0 0x5559f90d4b6a <unknown>
#1 0x5559f8ae7a32 <unknown>
#2 0x5559f8acf007 <unknown>
#3 0x5559f8acec16 <unknown>
#4 0x5559f8acc731 <unknown>
#5 0x5559f8acd0bf <unknown>
#6 0x5559f8adc560 <unknown>
#7 0x5559f8af6707 <unknown>
#8 0x5559f8afd8db <unknown>
#9 0x5559f8acd829 <unknown>
#10 0x5559f8af649c <unknown>
#11 0x5559f8b856e1 <unknown>
#12 0x5559f8b2ec0f <unknown>
#13 0x5559f8b2f9d1 <unknown>
#14 0x5559f90996b9 <unknown>
#15 0x5559f909c5c1 <unknown>
#16 0x5559f9085e29 <unknown>
#17 0x5559f909d17e <unknown>
#18 0x5559f906c4b0 <unknown>
#19 0x5559f90c1578 <unknown>
#20 0x5559f90c174b <unknown>
#21 0x5559f90d31a3 <unknown>
#22 0x7f76a049caa4 <unknown>
#23 0x7f76a0529c6c <unknown>

2026-03-07 22:31:32,736 - ERROR - [Times of India] All scrape strategies failed for https://timesofindia.indiatimes.com/world/middle-east/us-israel-iran-war-news-live-udates-middle-east-crisis-conflict-drone-ballistic-missile-attacks-explosions-flights-status-dubai-uae-qatar-tehran-gulf-donald-trump-netanyahu-khamenei/liveblog/129190174.cms. Falling back to RSS description.
2026-03-07 22:31:32,736 - INFO - Duplicate article skipped: US-Israel-Iran War Live Updates: 'They got caught on wrong side of events': Jaishankar on Iran ship struck by US in Indian Ocean from Times of India
2026-03-07 22:31:33,355 - INFO - [Times of India] Article: https://timesofindia.indiatimes.com/world/south-asia/nepal-elections-results-2026-live-updates-voting-poll-result-balen-shah-rastriya-swatantra-party-win-20-seats-latest-news-updates/liveblog/129192622.cms
2026-03-07 22:31:33,355 - INFO - [Times of India] Attempt 1/1: Trying with 'selenium_browser' strategy...
2026-03-07 22:31:36,539 - INFO - [Times of India] Page content loaded.
2026-03-07 22:31:36,760 - INFO - [Times of India] Success with 'selenium_browser'. Found content (112 words).
2026-03-07 22:31:36,844 - INFO - Duplicate article skipped: Nepal Election Results 2026 Live: Rapper-turned-politician Balen Shah led RSP set to form government after decisive victory - The Times of India from Times of India
2026-03-07 22:31:38,222 - INFO - [Times of India] Article: https://timesofindia.indiatimes.com/world/middle-east/emaar-founder-boldly-reveals-why-dubais-property-market-has-nothing-to-fear-amid-iran-and-us-israel-war/articleshow/129234792.cms
2026-03-07 22:31:38,223 - INFO - [Times of India] Attempt 1/1: Trying with 'selenium_browser' strategy...
2026-03-07 22:31:39,938 - INFO - [Times of India] Page content loaded.
2026-03-07 22:31:40,052 - INFO - [Times of India] Success with 'selenium_browser'. Found content (544 words).
2026-03-07 22:31:40,113 - INFO - Saved article: Emaar founder boldly reveals why Dubai’s property market has ‘nothing to fear’ amid Iran and US-Israel war - The Times of India from Times of India
2026-03-07 22:31:40,854 - INFO - [Times of India] Article: https://timesofindia.indiatimes.com/world/us/i-like-kamla-better-trump-jokes-about-similarity-between-trinidad-pms-name-and-kamala-harris-watch/articleshow/129234268.cms
2026-03-07 22:31:40,854 - INFO - [Times of India] Attempt 1/1: Trying with 'selenium_browser' strategy...
2026-03-07 22:31:42,042 - INFO - [Times of India] Page content loaded.
2026-03-07 22:31:42,258 - INFO - [Times of India] Success with 'selenium_browser'. Found content (271 words).
2026-03-07 22:31:42,371 - INFO - Saved article: ‘I like Kamla better’: Trump jokes about similarity between Trinidad PM’s name and Kamala Harris — watch - The Times of India from Times of India
2026-03-07 22:31:43,697 - INFO - [Times of India] Article: https://timesofindia.indiatimes.com/world/middle-east/uae-lottery-lucky-day-draw-numbers-announced-over-8000-residents-bag-prizes-while-dh30-million-jackpot-still-waiting/articleshow/129230623.cms
2026-03-07 22:31:43,698 - INFO - [Times of India] Attempt 1/1: Trying with 'selenium_browser' strategy...
2026-03-07 22:31:44,967 - INFO - [Times of India] Page content loaded.
2026-03-07 22:31:45,077 - INFO - [Times of India] Success with 'selenium_browser'. Found content (386 words).
2026-03-07 22:31:45,164 - INFO - Saved article: UAE Lottery: Lucky Day Draw numbers announced; over 8,000 residents bag prizes while Dh30 million jackpot still waiting - The Times of India from Times of India
2026-03-07 22:31:46,588 - INFO - [Times of India] Article: https://timesofindia.indiatimes.com/world/us/southwest-flight-diverted-mid-air-over-possible-security-matter-fbi-confirms-no-threat/articleshow/129233145.cms
2026-03-07 22:31:46,588 - INFO - [Times of India] Attempt 1/1: Trying with 'selenium_browser' strategy...
2026-03-07 22:31:47,995 - INFO - [Times of India] Page content loaded.
2026-03-07 22:31:48,146 - INFO - [Times of India] Success with 'selenium_browser'. Found content (314 words).
2026-03-07 22:31:48,227 - INFO - Duplicate article skipped: Southwest flight diverted mid-air over 'possible security matter'; FBI confirms no threat - The Times of India from Times of India
2026-03-07 22:31:49,289 - INFO - [Times of India] Article: https://timesofindia.indiatimes.com/world/us/zohran-mamdani-reassured-jewish-new-yorkers-but-his-wifes-oct-7-social-media-activity-tells-another-story/articleshow/129233815.cms
2026-03-07 22:31:49,289 - INFO - [Times of India] Attempt 1/1: Trying with 'selenium_browser' strategy...
2026-03-07 22:31:49,981 - INFO - [Times of India] Page content loaded.
2026-03-07 22:31:50,123 - INFO - [Times of India] Success with 'selenium_browser'. Found content (1011 words).
2026-03-07 22:31:50,190 - INFO - Duplicate article skipped: Zohran Mamdani reassured Jewish New Yorkers but his wife’s Oct 7 social media activity tells another story | World News - The Times of India from Times of India
2026-03-07 22:31:51,612 - INFO - [Times of India] Article: https://timesofindia.indiatimes.com/world/us/what-is-with-this-obsession-with-indians-indian-entrepreneur-hits-out-at-criticism-of-folk-dancer/articleshow/129232074.cms
2026-03-07 22:31:51,613 - INFO - [Times of India] Attempt 1/1: Trying with 'selenium_browser' strategy...
2026-03-07 22:31:52,842 - INFO - [Times of India] Page content loaded.
2026-03-07 22:31:52,986 - INFO - [Times of India] Success with 'selenium_browser'. Found content (267 words).
2026-03-07 22:31:53,057 - INFO - Duplicate article skipped: 'What is with this obsession with Indians?': Indian Entrepreneur hits out at criticism of folk dancer - The Times of India from Times of India
2026-03-07 22:31:54,386 - INFO - [Times of India] Article: https://timesofindia.indiatimes.com/world/us/us-student-visas-for-indians-fall-61-last-year-only-22000-issued-colleges-sound-alarm/articleshow/129230446.cms
2026-03-07 22:31:54,387 - INFO - [Times of India] Attempt 1/1: Trying with 'selenium_browser' strategy...
2026-03-07 22:31:55,017 - INFO - [Times of India] Page content loaded.
2026-03-07 22:31:55,164 - INFO - [Times of India] Success with 'selenium_browser'. Found content (432 words).
2026-03-07 22:31:55,228 - INFO - Duplicate article skipped: US student visas for Indians fall 61% last year, only 22,000 issued, colleges sound alarm - The Times of India from Times of India
2026-03-07 22:31:55,997 - INFO - [Times of India] Article: https://timesofindia.indiatimes.com/etimes/trending/inside-worlds-longest-non-stop-flight-set-to-launch-next-year-where-passengers-see-two-sunrises/articleshow/129226201.cms
2026-03-07 22:31:55,998 - INFO - [Times of India] Attempt 1/1: Trying with 'selenium_browser' strategy...
2026-03-07 22:32:07,495 - WARNING - [Times of India] Page timed out (10s). No <p> tags found. Proceeding anyway.
2026-03-07 22:32:07,638 - INFO - [Times of India] Success with 'selenium_browser'. Found content (1146 words).
2026-03-07 22:32:07,721 - INFO - Duplicate article skipped: Inside world’s longest non-stop flight set to launch next year, where passengers see two sunrises | - The Times of India from Times of India
2026-03-07 22:32:08,968 - INFO - [Times of India] (Thread) Finished. Attempting to shut down its Selenium driver.
2026-03-07 22:32:09,269 - INFO - [Times of India] (Thread) driver.quit() successful.
2026-03-07 22:32:09,269 - INFO - Shutting down thread pool (wait=False)...
2026-03-07 22:32:09,270 - INFO - Scraped: 0 The Hindu, 0 The Guardian, 0 BBC, 3 Times of India articles. (Total saved: 3)
2026-03-07 22:32:09,270 - INFO - --- Scraping job finished ---
2026-03-07 22:32:09,277 - INFO - --- Scraper service stopped and database connection closed. ---
2026-03-07 22:32:09,277 - INFO - --- Main thread finished. Forcing process exit to kill zombie threads. ---
