2026-03-09 19:01:53,500 - INFO - Initializing database connection at: news_articles.db
2026-03-09 19:01:53,500 - INFO - --- Scraper service started (CI Mode: Run Once) ---
2026-03-09 19:01:53,500 - INFO - --- Starting new scraping job (Parallel Mode) ---
2026-03-09 19:01:53,500 - INFO - Creating new robust session with 3 retries on 5xx/connection/read errors.
2026-03-09 19:01:53,501 - INFO - Proxy is DISABLED.
2026-03-09 19:01:53,501 - INFO - Starting scrape for BBC RSS feed: http://feeds.bbci.co.uk/news/world/rss.xml
2026-03-09 19:01:53,502 - INFO - [Times of India] (Thread) requires Selenium. Initializing driver...
2026-03-09 19:01:53,502 - INFO - Initializing headless Selenium Chrome driver (using SeleniumManager)...
2026-03-09 19:01:53,502 - INFO - Starting scrape for The Guardian RSS feed: https://www.theguardian.com/world/rss
2026-03-09 19:01:53,503 - INFO - [The Hindu] (Thread) requires Selenium. Initializing driver...
2026-03-09 19:01:53,503 - INFO - Initializing headless Selenium Chrome driver (using SeleniumManager)...
2026-03-09 19:01:53,503 - INFO - Submitted 4 jobs to thread pool. Waiting up to 300s for completion...
2026-03-09 19:01:53,618 - INFO - Found 45 articles in The Guardian RSS feed. Processing up to 10.
2026-03-09 19:01:53,618 - INFO - [The Guardian] Article: https://www.theguardian.com/world/2026/mar/07/descendants-of-zimbabwe-resistance-heroes-urge-uk-to-locate-looted-skulls
2026-03-09 19:01:53,618 - INFO - [The Guardian] Attempt 1/1: Trying with 'requests_browser' strategy...
2026-03-09 19:01:53,657 - INFO - [The Guardian] Success with 'requests_browser'. Found content (878 words).
2026-03-09 19:01:53,696 - INFO - Duplicate article skipped: Descendants of Zimbabwe resistance heroes urge UK to locate looted skulls | Zimbabwe | The Guardian from The Guardian
2026-03-09 19:01:53,711 - INFO - Found 32 articles in BBC RSS feed. Processing up to 10.
2026-03-09 19:01:53,712 - INFO - [BBC] Article: https://www.bbc.com/news/articles/c78xxg05w0zo?at_medium=RSS&at_campaign=rss
2026-03-09 19:01:53,712 - INFO - [BBC] Attempt 1/1: Trying with 'requests_browser' strategy...
2026-03-09 19:01:54,024 - INFO - [BBC] Success with 'requests_browser'. Found content (803 words).
2026-03-09 19:01:54,065 - INFO - Duplicate article skipped: Who is Mojtaba Khamenei, Iran's new supreme leader? from BBC
2026-03-09 19:01:54,834 - INFO - [The Guardian] Article: https://www.theguardian.com/global-development/2026/mar/06/generic-drugs-weight-loss-semaglutide-ozempic-wegovy-diabetes-obesity-study
2026-03-09 19:01:54,834 - INFO - [The Guardian] Attempt 1/1: Trying with 'requests_browser' strategy...
2026-03-09 19:01:54,865 - INFO - [The Guardian] Success with 'requests_browser'. Found content (612 words).
2026-03-09 19:01:54,900 - INFO - Duplicate article skipped: Weight-loss jab could be made for $3 a month, study finds | Global health | The Guardian from The Guardian
2026-03-09 19:01:55,520 - INFO - [BBC] Article: https://www.bbc.com/news/articles/cdr24g1p3vpo?at_medium=RSS&at_campaign=rss
2026-03-09 19:01:55,520 - INFO - [BBC] Attempt 1/1: Trying with 'requests_browser' strategy...
2026-03-09 19:01:55,554 - INFO - [BBC] Success with 'requests_browser'. Found content (347 words).
2026-03-09 19:01:55,611 - INFO - Saved article: Georgia school teacher is killed in toilet paper prank gone wrong from BBC
2026-03-09 19:01:56,248 - INFO - [The Guardian] Article: https://www.theguardian.com/world/2026/mar/05/three-men-deported-us-eswatini-legal-case-detention
2026-03-09 19:01:56,248 - INFO - [The Guardian] Attempt 1/1: Trying with 'requests_browser' strategy...
2026-03-09 19:01:56,281 - INFO - [The Guardian] Success with 'requests_browser'. Found content (520 words).
2026-03-09 19:01:56,317 - INFO - [BBC] Article: https://www.bbc.com/news/articles/c79542n0grwo?at_medium=RSS&at_campaign=rss
2026-03-09 19:01:56,318 - INFO - [BBC] Attempt 1/1: Trying with 'requests_browser' strategy...
2026-03-09 19:01:56,319 - INFO - Duplicate article skipped: Three men deported by US file legal case against Eswatini over detention | Eswatini | The Guardian from The Guardian
2026-03-09 19:01:56,370 - INFO - [BBC] Success with 'requests_browser'. Found content (994 words).
2026-03-09 19:01:56,414 - INFO - Duplicate article skipped: G7 to take 'necessary measures' to support energy supplies from BBC
2026-03-09 19:01:57,278 - INFO - [BBC] Article: https://www.bbc.com/news/articles/c93j2l32lzgo?at_medium=RSS&at_campaign=rss
2026-03-09 19:01:57,278 - INFO - [BBC] Attempt 1/1: Trying with 'requests_browser' strategy...
2026-03-09 19:01:57,313 - INFO - [BBC] Success with 'requests_browser'. Found content (550 words).
2026-03-09 19:01:57,349 - INFO - Saved article: Hundreds of teenagers report for duty as Croatia reinstates conscription from BBC
2026-03-09 19:01:57,559 - INFO - [The Guardian] Article: https://www.theguardian.com/world/2026/mar/05/south-africa-president-cyril-ramaphosa-calls-donald-trump-policy-white-afrikaners-racist
2026-03-09 19:01:57,559 - INFO - [The Guardian] Attempt 1/1: Trying with 'requests_browser' strategy...
2026-03-09 19:01:57,586 - INFO - [The Guardian] Success with 'requests_browser'. Found content (410 words).
2026-03-09 19:01:57,623 - INFO - Duplicate article skipped: South Africa’s president calls Trump’s policy to offer refuge to white Afrikaners ‘racist’ | South Africa | The Guardian from The Guardian
2026-03-09 19:01:58,659 - INFO - [The Guardian] Article: https://www.theguardian.com/sport/2026/mar/05/lewis-hamilton-race-africa-grand-prix-retiring-formula-one-colonial
2026-03-09 19:01:58,659 - INFO - [The Guardian] Attempt 1/1: Trying with 'requests_browser' strategy...
2026-03-09 19:01:58,689 - INFO - [The Guardian] Success with 'requests_browser'. Found content (409 words).
2026-03-09 19:01:58,728 - INFO - Duplicate article skipped: Lewis Hamilton sets sights on racing in an African grand prix before retiring | Lewis Hamilton | The Guardian from The Guardian
2026-03-09 19:01:58,794 - INFO - [BBC] Article: https://www.bbc.com/news/articles/cy8lwnyj40eo?at_medium=RSS&at_campaign=rss
2026-03-09 19:01:58,794 - INFO - [BBC] Attempt 1/1: Trying with 'requests_browser' strategy...
2026-03-09 19:01:58,824 - INFO - [BBC] Success with 'requests_browser'. Found content (289 words).
2026-03-09 19:01:58,855 - INFO - Duplicate article skipped: Naveed Akram: Alleged Bondi gunman seeks court order to suppress family's identity from BBC
2026-03-09 19:01:59,841 - INFO - [The Guardian] Article: https://www.theguardian.com/world/2026/mar/09/mexican-cartels-guns-come-from-us-sheinbaum-trump
2026-03-09 19:01:59,841 - INFO - [The Guardian] Attempt 1/1: Trying with 'requests_browser' strategy...
2026-03-09 19:01:59,868 - INFO - [The Guardian] Success with 'requests_browser'. Found content (393 words).
2026-03-09 19:01:59,941 - INFO - Saved article: Sheinbaum tells Trump: stop illegal arms trade from the US to Mexico | Mexico | The Guardian from The Guardian
2026-03-09 19:02:00,049 - INFO - [BBC] Article: https://www.bbc.com/news/articles/cnv69zp3z4ro?at_medium=RSS&at_campaign=rss
2026-03-09 19:02:00,049 - INFO - [BBC] Attempt 1/1: Trying with 'requests_browser' strategy...
2026-03-09 19:02:00,084 - INFO - [BBC] Success with 'requests_browser'. Found content (382 words).
2026-03-09 19:02:00,130 - INFO - Saved article: Canada's Carney calls three by-elections that could grant him a majority from BBC
2026-03-09 19:02:00,940 - INFO - [The Guardian] Article: https://www.theguardian.com/world/2026/mar/08/haiti-immigrant-mexico-tapachula
2026-03-09 19:02:00,940 - INFO - [The Guardian] Attempt 1/1: Trying with 'requests_browser' strategy...
2026-03-09 19:02:00,983 - INFO - [BBC] Article: https://www.bbc.com/news/articles/c1w5yq924j1o?at_medium=RSS&at_campaign=rss
2026-03-09 19:02:00,983 - INFO - [BBC] Attempt 1/1: Trying with 'requests_browser' strategy...
2026-03-09 19:02:01,022 - INFO - [BBC] Success with 'requests_browser'. Found content (294 words).
2026-03-09 19:02:01,055 - INFO - Duplicate article skipped: New Zealand: Bag of cannabis and cash accidentally donated to NZ charity shop from BBC
2026-03-09 19:02:01,080 - INFO - [The Guardian] Success with 'requests_browser'. Found content (2248 words).
2026-03-09 19:02:01,121 - INFO - Duplicate article skipped: ‘I am trying to live’: Haitians in Mexico seek community despite broken immigration systems | World news | The Guardian from The Guardian
2026-03-09 19:02:01,952 - INFO - [The Guardian] Article: https://www.theguardian.com/world/2026/mar/08/british-columbia-canada-daylight-saving-time
2026-03-09 19:02:01,952 - INFO - [The Guardian] Attempt 1/1: Trying with 'requests_browser' strategy...
2026-03-09 19:02:01,980 - INFO - [The Guardian] Success with 'requests_browser'. Found content (601 words).
2026-03-09 19:02:02,014 - INFO - Duplicate article skipped: Time for a change: British Columbia decides to keep daylight saving time permanently | Canada | The Guardian from The Guardian
2026-03-09 19:02:02,342 - INFO - [BBC] Article: https://www.bbc.com/news/articles/cjrqg80y57po?at_medium=RSS&at_campaign=rss
2026-03-09 19:02:02,342 - INFO - [BBC] Attempt 1/1: Trying with 'requests_browser' strategy...
2026-03-09 19:02:02,380 - INFO - [BBC] Success with 'requests_browser'. Found content (414 words).
2026-03-09 19:02:02,419 - INFO - Duplicate article skipped: Guinea opposition leader Diallo calls for 'direct resistance' as political parties dissolved from BBC
2026-03-09 19:02:03,029 - INFO - [The Guardian] Article: https://www.theguardian.com/world/2026/mar/07/peru-nightclub-bombing
2026-03-09 19:02:03,029 - INFO - [The Guardian] Attempt 1/1: Trying with 'requests_browser' strategy...
2026-03-09 19:02:03,056 - INFO - [The Guardian] Success with 'requests_browser'. Found content (288 words).
2026-03-09 19:02:03,090 - INFO - Duplicate article skipped: Bombing at nightclub in Peru injures 33 people, including minors | Peru | The Guardian from The Guardian
2026-03-09 19:02:03,689 - INFO - [BBC] Article: https://www.bbc.com/news/articles/ce8wk563473o?at_medium=RSS&at_campaign=rss
2026-03-09 19:02:03,689 - INFO - [BBC] Attempt 1/1: Trying with 'requests_browser' strategy...
2026-03-09 19:02:03,726 - INFO - [BBC] Success with 'requests_browser'. Found content (327 words).
2026-03-09 19:02:03,758 - INFO - Duplicate article skipped: US embassy explosion in Oslo: Police release images of suspect from BBC
2026-03-09 19:02:03,906 - INFO - [The Guardian] Article: https://www.theguardian.com/us-news/2026/mar/07/trump-shield-of-americas-summit
2026-03-09 19:02:03,906 - INFO - [The Guardian] Attempt 1/1: Trying with 'requests_browser' strategy...
2026-03-09 19:02:03,937 - INFO - [The Guardian] Success with 'requests_browser'. Found content (714 words).
2026-03-09 19:02:03,974 - INFO - Duplicate article skipped: Trump convenes ‘Shield of Americas’ summit with 12 Latin American leaders | Donald Trump | The Guardian from The Guardian
2026-03-09 19:02:04,091 - INFO - Selenium driver initialized successfully.
2026-03-09 19:02:04,091 - INFO - Starting scrape for The Hindu RSS feed: https://www.thehindu.com/news/national/feeder/default.rss
2026-03-09 19:02:04,092 - INFO - Selenium driver initialized successfully.
2026-03-09 19:02:04,092 - INFO - Starting scrape for Times of India RSS feed: https://timesofindia.indiatimes.com/rssfeeds/296589292.cms
2026-03-09 19:02:04,194 - INFO - Found 20 articles in Times of India RSS feed. Processing up to 10.
2026-03-09 19:02:04,195 - INFO - [Times of India] Article: https://timesofindia.indiatimes.com/world/middle-east/us-israel-iran-war-news-live-udates-middle-east-crisis-conflict-drone-ballistic-missile-attacks-explosions-flights-status-dubai-uae-qatar-tehran-gulf-donald-trump-netanyahu-khamenei/liveblog/129286007.cms
2026-03-09 19:02:04,195 - INFO - [Times of India] Attempt 1/1: Trying with 'selenium_browser' strategy...
2026-03-09 19:02:04,245 - INFO - Found 100 articles in The Hindu RSS feed. Processing up to 10.
2026-03-09 19:02:04,245 - INFO - [The Hindu] Article: https://www.thehindu.com/news/national/pm-modi-speaks-to-nepal-leaders-rabi-lamichhane-balendra-shah/article70723928.ece
2026-03-09 19:02:04,246 - INFO - [The Hindu] Attempt 1/1: Trying with 'selenium_browser' strategy...
2026-03-09 19:02:05,143 - INFO - [BBC] Article: https://www.bbc.com/news/articles/cwy8e978xl8o?at_medium=RSS&at_campaign=rss
2026-03-09 19:02:05,144 - INFO - [BBC] Attempt 1/1: Trying with 'requests_browser' strategy...
2026-03-09 19:02:05,214 - INFO - [BBC] Success with 'requests_browser'. Found content (1327 words).
2026-03-09 19:02:05,263 - INFO - Duplicate article skipped: Five Iranian women footballers 'in Australian safe house' after Asian Cup protest from BBC
2026-03-09 19:02:10,115 - INFO - [The Hindu] Page content loaded.
2026-03-09 19:02:10,345 - INFO - [The Hindu] Success with 'selenium_browser'. Found content (328 words).
2026-03-09 19:02:10,568 - INFO - Saved article: PM Modi speaks to Nepal leaders Rabi Lamichhane, Balendra Shah - The Hindu from The Hindu
2026-03-09 19:02:11,964 - INFO - [The Hindu] Article: https://www.thehindu.com/news/national/tamil-nadu/tamil-nadu-can-never-be-painted-in-saffron-says-cm-stalin/article70723924.ece
2026-03-09 19:02:11,964 - INFO - [The Hindu] Attempt 1/1: Trying with 'selenium_browser' strategy...
2026-03-09 19:02:16,866 - INFO - [The Hindu] Page content loaded.
2026-03-09 19:02:17,479 - INFO - [The Hindu] Success with 'selenium_browser'. Found content (733 words).
2026-03-09 19:02:17,597 - INFO - Saved article: Tamil Nadu can never be painted in saffron, says CM Stalin - The Hindu from The Hindu
2026-03-09 19:02:18,204 - INFO - [The Hindu] Article: https://www.thehindu.com/news/national/kerala/dcc-stages-protest-for-ganesh-kumars-resignation/article70723846.ece
2026-03-09 19:02:18,204 - INFO - [The Hindu] Attempt 1/1: Trying with 'selenium_browser' strategy...
2026-03-09 19:02:21,910 - INFO - [The Hindu] Page content loaded.
2026-03-09 19:02:22,229 - INFO - [The Hindu] Success with 'selenium_browser'. Found content (121 words).
2026-03-09 19:02:22,625 - INFO - Saved article: DCC stages protest for Ganesh Kumar’s resignation - The Hindu from The Hindu
2026-03-09 19:02:23,597 - INFO - [The Hindu] Article: https://www.thehindu.com/news/national/tamil-nadu/madras-hc-directs-grh-dean-to-complete-post-mortem-in-alleged-custodial-death-of-youth-in-sivaganga/article70723185.ece
2026-03-09 19:02:23,597 - INFO - [The Hindu] Attempt 1/1: Trying with 'selenium_browser' strategy...
2026-03-09 19:02:26,656 - INFO - [The Hindu] Page content loaded.
2026-03-09 19:02:27,024 - INFO - [The Hindu] Success with 'selenium_browser'. Found content (509 words).
2026-03-09 19:02:27,185 - INFO - Saved article: Madras HC directs GRH Dean to complete post-mortem in alleged ‘custodial’ death of youth in Sivaganga - The Hindu from The Hindu
2026-03-09 19:02:28,284 - INFO - [The Hindu] Article: https://www.thehindu.com/news/national/andhra-pradesh/women-employees-urged-to-lead-in-public-and-social-service/article70723687.ece
2026-03-09 19:02:28,285 - INFO - [The Hindu] Attempt 1/1: Trying with 'selenium_browser' strategy...
2026-03-09 19:02:33,469 - INFO - [The Hindu] Page content loaded.
2026-03-09 19:02:33,703 - INFO - [The Hindu] Success with 'selenium_browser'. Found content (161 words).
2026-03-09 19:02:33,911 - INFO - Saved article: Women employees urged to lead in public and social service - The Hindu from The Hindu
2026-03-09 19:02:35,323 - INFO - [The Hindu] Article: https://www.thehindu.com/news/national/karnataka/cm-accuses-modi-of-surrendering-to-us/article70723633.ece
2026-03-09 19:02:35,324 - INFO - [The Hindu] Attempt 1/1: Trying with 'selenium_browser' strategy...
2026-03-09 19:02:37,492 - INFO - [The Hindu] Page content loaded.
2026-03-09 19:02:37,564 - INFO - [The Hindu] Success with 'selenium_browser'. Found content (307 words).
2026-03-09 19:02:37,643 - INFO - Saved article: CM accuses Modi of ‘surrendering’ to U.S. - The Hindu from The Hindu
2026-03-09 19:02:38,910 - INFO - [The Hindu] Article: https://www.thehindu.com/news/national/andhra-pradesh/farmers-urged-to-prepare-for-potential-el-nino-impact/article70723606.ece
2026-03-09 19:02:38,910 - INFO - [The Hindu] Attempt 1/1: Trying with 'selenium_browser' strategy...
2026-03-09 19:02:40,069 - INFO - [The Hindu] Page content loaded.
2026-03-09 19:02:40,140 - INFO - [The Hindu] Success with 'selenium_browser'. Found content (173 words).
2026-03-09 19:02:40,246 - INFO - Saved article: Farmers urged to prepare for potential El Nino impact - The Hindu from The Hindu
2026-03-09 19:02:41,382 - INFO - [The Hindu] Article: https://www.thehindu.com/news/national/jpc-on-higher-education-bill-to-interact-with-ugc-aicte-ncte-officials-this-week/article70722714.ece
2026-03-09 19:02:41,382 - INFO - [The Hindu] Attempt 1/1: Trying with 'selenium_browser' strategy...
2026-03-09 19:02:43,294 - INFO - [The Hindu] Page content loaded.
2026-03-09 19:02:43,370 - INFO - [The Hindu] Success with 'selenium_browser'. Found content (497 words).
2026-03-09 19:02:43,453 - INFO - Saved article: JPC on higher education Bill to interact with UGC, AICTE, NCTE officials this week - The Hindu from The Hindu
2026-03-09 19:02:44,841 - INFO - [The Hindu] Article: https://www.thehindu.com/society/mobilisation-for-a-column-on-denotifiedtribesin-census-forms-picks-up-pace/article70723119.ece
2026-03-09 19:02:44,841 - INFO - [The Hindu] Attempt 1/1: Trying with 'selenium_browser' strategy...
2026-03-09 19:02:45,683 - INFO - [The Hindu] Page content loaded.
2026-03-09 19:02:45,973 - INFO - [The Hindu] Success with 'selenium_browser'. Found content (654 words).
2026-03-09 19:02:46,073 - INFO - Saved article: Mobilisation for a column on denotified tribes in Census forms picks up pace - The Hindu from The Hindu
2026-03-09 19:02:47,382 - INFO - [The Hindu] Article: https://www.thehindu.com/news/national/kerala/kshec-hosts-lecture-on-cubas-experience-in-science-innovation-and-international-cooperation/article70723642.ece
2026-03-09 19:02:47,382 - INFO - [The Hindu] Attempt 1/1: Trying with 'selenium_browser' strategy...
2026-03-09 19:02:49,138 - INFO - [The Hindu] Page content loaded.
2026-03-09 19:02:49,229 - INFO - [The Hindu] Success with 'selenium_browser'. Found content (269 words).
2026-03-09 19:02:49,324 - INFO - Saved article: KSHEC hosts lecture on Cuba’s experience in science, innovation and international cooperation - The Hindu from The Hindu
2026-03-09 19:02:50,110 - INFO - [The Hindu] (Thread) Finished. Attempting to shut down its Selenium driver.
2026-03-09 19:02:50,243 - INFO - [The Hindu] (Thread) driver.quit() successful.
2026-03-09 19:03:04,217 - ERROR - [Times of India] Request failed for strategy 'selenium_browser' on URL https://timesofindia.indiatimes.com/world/middle-east/us-israel-iran-war-news-live-udates-middle-east-crisis-conflict-drone-ballistic-missile-attacks-explosions-flights-status-dubai-uae-qatar-tehran-gulf-donald-trump-netanyahu-khamenei/liveblog/129286007.cms: Message: timeout: Timed out receiving message from renderer: 59.700
  (Session info: chrome=145.0.7632.116)
Stacktrace:
#0 0x5568bd39eb6a <unknown>
#1 0x5568bcdb1a32 <unknown>
#2 0x5568bcd99007 <unknown>
#3 0x5568bcd98c16 <unknown>
#4 0x5568bcd96731 <unknown>
#5 0x5568bcd970bf <unknown>
#6 0x5568bcda6560 <unknown>
#7 0x5568bcdc0707 <unknown>
#8 0x5568bcdc78db <unknown>
#9 0x5568bcd97829 <unknown>
#10 0x5568bcdc049c <unknown>
#11 0x5568bce4f6e1 <unknown>
#12 0x5568bcdf8c0f <unknown>
#13 0x5568bcdf99d1 <unknown>
#14 0x5568bd3636b9 <unknown>
#15 0x5568bd3665c1 <unknown>
#16 0x5568bd34fe29 <unknown>
#17 0x5568bd36717e <unknown>
#18 0x5568bd3364b0 <unknown>
#19 0x5568bd38b578 <unknown>
#20 0x5568bd38b74b <unknown>
#21 0x5568bd39d1a3 <unknown>
#22 0x7fde51c9caa4 <unknown>
#23 0x7fde51d29c6c <unknown>

2026-03-09 19:03:04,217 - ERROR - [Times of India] All scrape strategies failed for https://timesofindia.indiatimes.com/world/middle-east/us-israel-iran-war-news-live-udates-middle-east-crisis-conflict-drone-ballistic-missile-attacks-explosions-flights-status-dubai-uae-qatar-tehran-gulf-donald-trump-netanyahu-khamenei/liveblog/129286007.cms. Falling back to RSS description.
2026-03-09 19:03:04,218 - INFO - Duplicate article skipped: US-Israel-Iran War News Live Updates: Iran fires first wave of missiles at Israel under new Supreme Leader Mojtaba Khamenei from Times of India
2026-03-09 19:03:05,677 - INFO - [Times of India] Article: https://timesofindia.indiatimes.com/world/us/watch-accused-in-new-york-city-bomb-plot-flashes-isis-salute-while-in-custody/articleshow/129348503.cms
2026-03-09 19:03:05,677 - INFO - [Times of India] Attempt 1/1: Trying with 'selenium_browser' strategy...
2026-03-09 19:03:10,179 - INFO - [Times of India] Page content loaded.
2026-03-09 19:03:10,357 - INFO - [Times of India] Success with 'selenium_browser'. Found content (381 words).
2026-03-09 19:03:10,437 - INFO - Saved article: Watch: Accused in New York City bomb plot flashes ISIS salute while in custody - The Times of India from Times of India
2026-03-09 19:03:11,858 - INFO - [Times of India] Article: https://timesofindia.indiatimes.com/etimes/trending/exorcists-warn-ai-is-a-great-power-that-could-be-exploited-by-satanic-groups/articleshow/129345241.cms
2026-03-09 19:03:11,858 - INFO - [Times of India] Attempt 1/1: Trying with 'selenium_browser' strategy...
2026-03-09 19:03:13,352 - INFO - [Times of India] Page content loaded.
2026-03-09 19:03:13,437 - INFO - [Times of India] Success with 'selenium_browser'. Found content (438 words).
2026-03-09 19:03:13,549 - INFO - Saved article: Exorcists warn AI is a ‘great power’ that could be exploited by satanic groups - The Times of India from Times of India
2026-03-09 19:03:14,203 - INFO - [Times of India] Article: https://timesofindia.indiatimes.com/world/us/inappropriate-relationship-with-someone-ohio-state-university-president-ted-carters-mysterious-resignation/articleshow/129346477.cms
2026-03-09 19:03:14,203 - INFO - [Times of India] Attempt 1/1: Trying with 'selenium_browser' strategy...
2026-03-09 19:03:15,167 - INFO - [Times of India] Page content loaded.
2026-03-09 19:03:15,305 - INFO - [Times of India] Success with 'selenium_browser'. Found content (304 words).
2026-03-09 19:03:15,434 - INFO - Saved article: Ted Carter Resigns: Inappropriate relationship with someone: Ohio State University president Ted Carter's mysterious resignation - The Times of India from Times of India
2026-03-09 19:03:16,731 - INFO - [Times of India] Article: https://timesofindia.indiatimes.com/world/us/terrible-humanitarian-mistake-trump-urges-australia-to-grant-asylum-to-iran-womens-football-team/articleshow/129343180.cms
2026-03-09 19:03:16,731 - INFO - [Times of India] Attempt 1/1: Trying with 'selenium_browser' strategy...
2026-03-09 19:03:19,092 - INFO - [Times of India] Page content loaded.
2026-03-09 19:03:19,240 - INFO - [Times of India] Success with 'selenium_browser'. Found content (317 words).
2026-03-09 19:03:19,332 - INFO - Saved article: 'Anthony Albanese is doing a very good job': Donald Trump calls Australian PM, says some Iranian women soccer players are being taken care of - The Times of India from Times of India
2026-03-09 19:03:20,685 - INFO - [Times of India] Article: https://timesofindia.indiatimes.com/world/pakistan/fuel-shortage-fear-grips-pakistan-sharif-orders-school-shutdown-four-day-workweek-amid-mideast-conflict/articleshow/129324362.cms
2026-03-09 19:03:20,685 - INFO - [Times of India] Attempt 1/1: Trying with 'selenium_browser' strategy...
2026-03-09 19:03:22,040 - INFO - [Times of India] Page content loaded.
2026-03-09 19:03:22,203 - INFO - [Times of India] Success with 'selenium_browser'. Found content (266 words).
2026-03-09 19:03:22,262 - INFO - Saved article: Fuel shortage fear grips Pakistan: Sharif orders school shutdown, four-day workweek amid Mideast conflict - The Times of India from Times of India
2026-03-09 19:03:23,415 - INFO - [Times of India] Article: https://timesofindia.indiatimes.com/world/us/elderly-us-couple-married-for-70-years-die-holding-hands-after-fatal-car-crash-they-chose-each-other-every-day/articleshow/129339572.cms
2026-03-09 19:03:23,415 - INFO - [Times of India] Attempt 1/1: Trying with 'selenium_browser' strategy...
2026-03-09 19:03:24,135 - INFO - [Times of India] Page content loaded.
2026-03-09 19:03:24,326 - INFO - [Times of India] Success with 'selenium_browser'. Found content (358 words).
2026-03-09 19:03:24,431 - INFO - Duplicate article skipped: Elderly US couple married for 70 years die holding hands after fatal car crash: ‘They chose each other every day’ - The Times of India from Times of India
2026-03-09 19:03:25,508 - INFO - [Times of India] Article: https://timesofindia.indiatimes.com/etimes/trending/was-britains-queen-charlotte-black-netflixs-bridgerton-star-insists-she-was-a-woman-of-colour/articleshow/129332164.cms
2026-03-09 19:03:25,509 - INFO - [Times of India] Attempt 1/1: Trying with 'selenium_browser' strategy...
2026-03-09 19:03:26,620 - INFO - [Times of India] Page content loaded.
2026-03-09 19:03:26,753 - INFO - [Times of India] Success with 'selenium_browser'. Found content (1754 words).
2026-03-09 19:03:26,905 - INFO - Duplicate article skipped: Was Britain’s Queen Charlotte black? Netflix’s Bridgerton star insists ‘she was a woman of colour’ | - The Times of India from Times of India
2026-03-09 19:03:27,599 - INFO - [Times of India] Article: https://timesofindia.indiatimes.com/science/nasa-breaks-a-50-year-rule-astronauts-can-finally-take-smartphones-to-the-moon/articleshow/129335534.cms
2026-03-09 19:03:27,599 - INFO - [Times of India] Attempt 1/1: Trying with 'selenium_browser' strategy...
2026-03-09 19:03:28,591 - INFO - [Times of India] Page content loaded.
2026-03-09 19:03:28,865 - INFO - [Times of India] Success with 'selenium_browser'. Found content (774 words).
2026-03-09 19:03:28,920 - INFO - Duplicate article skipped: NASA breaks a 50-year rule: Astronauts can finally take smartphones to the Moon | - The Times of India from Times of India
2026-03-09 19:03:29,644 - INFO - [Times of India] Article: https://timesofindia.indiatimes.com/world/us/stabbed-37-times-with-kitchen-knife-indian-origin-varinder-singh-found-guilty-for-sister-in-laws-murder-in-california/articleshow/129342302.cms
2026-03-09 19:03:29,645 - INFO - [Times of India] Attempt 1/1: Trying with 'selenium_browser' strategy...
2026-03-09 19:03:30,534 - INFO - [Times of India] Page content loaded.
2026-03-09 19:03:30,711 - INFO - [Times of India] Success with 'selenium_browser'. Found content (353 words).
2026-03-09 19:03:30,826 - INFO - Duplicate article skipped: Stabbed 37 times with kitchen knife: Indian-origin Varinder Singh found guilty for sister-in-law's murder in California - The Times of India from Times of India
2026-03-09 19:03:31,982 - INFO - [Times of India] (Thread) Finished. Attempting to shut down its Selenium driver.
2026-03-09 19:03:32,172 - INFO - [Times of India] (Thread) driver.quit() successful.
2026-03-09 19:03:32,172 - INFO - Shutting down thread pool (wait=False)...
2026-03-09 19:03:32,172 - INFO - Scraped: 1 The Guardian, 3 BBC, 5 Times of India, 10 The Hindu articles. (Total saved: 19)
2026-03-09 19:03:32,172 - INFO - --- Scraping job finished ---
2026-03-09 19:03:32,178 - INFO - --- Scraper service stopped and database connection closed. ---
2026-03-09 19:03:32,178 - INFO - --- Main thread finished. Forcing process exit to kill zombie threads. ---
