2026-03-12 14:56:47,362 - INFO - Initializing database connection at: news_articles.db
2026-03-12 14:56:47,362 - INFO - --- Scraper service started (CI Mode: Run Once) ---
2026-03-12 14:56:47,363 - INFO - --- Starting new scraping job (Parallel Mode) ---
2026-03-12 14:56:47,363 - INFO - Creating new robust session with 3 retries on 5xx/connection/read errors.
2026-03-12 14:56:47,363 - INFO - Proxy is DISABLED.
2026-03-12 14:56:47,364 - INFO - Starting scrape for BBC RSS feed: http://feeds.bbci.co.uk/news/world/rss.xml
2026-03-12 14:56:47,364 - INFO - [Times of India] (Thread) requires Selenium. Initializing driver...
2026-03-12 14:56:47,364 - INFO - Initializing headless Selenium Chrome driver (using SeleniumManager)...
2026-03-12 14:56:47,365 - INFO - Starting scrape for The Guardian RSS feed: https://www.theguardian.com/world/rss
2026-03-12 14:56:47,365 - INFO - [The Hindu] (Thread) requires Selenium. Initializing driver...
2026-03-12 14:56:47,365 - INFO - Initializing headless Selenium Chrome driver (using SeleniumManager)...
2026-03-12 14:56:47,365 - INFO - Submitted 4 jobs to thread pool. Waiting up to 300s for completion...
2026-03-12 14:56:47,490 - INFO - Found 45 articles in The Guardian RSS feed. Processing up to 10.
2026-03-12 14:56:47,490 - INFO - [The Guardian] Article: https://www.theguardian.com/global-development/2026/mar/12/uk-government-axes-flagship-global-health-project
2026-03-12 14:56:47,490 - INFO - [The Guardian] Attempt 1/1: Trying with 'requests_browser' strategy...
2026-03-12 14:56:47,562 - INFO - Found 28 articles in BBC RSS feed. Processing up to 10.
2026-03-12 14:56:47,562 - INFO - [BBC] Article: https://www.bbc.com/news/articles/c3094g50rnvo?at_medium=RSS&at_campaign=rss
2026-03-12 14:56:47,563 - INFO - [BBC] Attempt 1/1: Trying with 'requests_browser' strategy...
2026-03-12 14:56:47,573 - INFO - [The Guardian] Success with 'requests_browser'. Found content (626 words).
2026-03-12 14:56:47,609 - INFO - Duplicate article skipped: UK government axes flagship global health project | Global development | The Guardian from The Guardian
2026-03-12 14:56:47,809 - INFO - [BBC] Success with 'requests_browser'. Found content (1205 words).
2026-03-12 14:56:47,873 - INFO - Saved article: Iran war: Doubts creep in for Iranians who had supported war from BBC
2026-03-12 14:56:48,457 - INFO - [The Guardian] Article: https://www.theguardian.com/global-development/2026/mar/12/invasive-ai-led-mass-surveillance-in-africa-violating-freedoms-warn-experts
2026-03-12 14:56:48,457 - INFO - [The Guardian] Attempt 1/1: Trying with 'requests_browser' strategy...
2026-03-12 14:56:48,523 - INFO - [The Guardian] Success with 'requests_browser'. Found content (621 words).
2026-03-12 14:56:48,567 - INFO - Duplicate article skipped: ‘Invasive’ AI-led mass surveillance in Africa violating freedoms, warn experts | Global development | The Guardian from The Guardian
2026-03-12 14:56:49,154 - INFO - [BBC] Article: https://www.bbc.com/news/articles/cp9meeek051o?at_medium=RSS&at_campaign=rss
2026-03-12 14:56:49,154 - INFO - [BBC] Attempt 1/1: Trying with 'requests_browser' strategy...
2026-03-12 14:56:49,195 - INFO - [BBC] Success with 'requests_browser'. Found content (786 words).
2026-03-12 14:56:49,233 - INFO - Duplicate article skipped: China approves 'ethnic unity' law requiring minorities to learn Mandarin from BBC
2026-03-12 14:56:49,499 - INFO - [The Guardian] Article: https://www.theguardian.com/world/2026/mar/11/at-least-17-killed-after-drone-strikes-school-in-sudan
2026-03-12 14:56:49,499 - INFO - [The Guardian] Attempt 1/1: Trying with 'requests_browser' strategy...
2026-03-12 14:56:49,562 - INFO - [The Guardian] Success with 'requests_browser'. Found content (363 words).
2026-03-12 14:56:49,603 - INFO - Duplicate article skipped: At least 17 killed after drone strikes school in Sudan | Sudan | The Guardian from The Guardian
2026-03-12 14:56:50,188 - INFO - [BBC] Article: https://www.bbc.com/news/articles/cr4576v66kno?at_medium=RSS&at_campaign=rss
2026-03-12 14:56:50,188 - INFO - [BBC] Attempt 1/1: Trying with 'requests_browser' strategy...
2026-03-12 14:56:50,244 - INFO - [BBC] Success with 'requests_browser'. Found content (1807 words).
2026-03-12 14:56:50,292 - INFO - Duplicate article skipped: Epstein used modelling agent to recruit girls, Brazilian women tell BBC from BBC
2026-03-12 14:56:50,460 - INFO - [The Guardian] Article: https://www.theguardian.com/world/2026/mar/11/drone-attack-goma-eastern-democratic-republic-of-the-congo-m23-rebels
2026-03-12 14:56:50,460 - INFO - [The Guardian] Attempt 1/1: Trying with 'requests_browser' strategy...
2026-03-12 14:56:50,525 - INFO - [The Guardian] Success with 'requests_browser'. Found content (551 words).
2026-03-12 14:56:50,569 - INFO - Duplicate article skipped: French aid worker among three killed in drone strike in east DRC, M23 rebels say | Democratic Republic of the Congo | The Guardian from The Guardian
2026-03-12 14:56:51,223 - INFO - [BBC] Article: https://www.bbc.com/news/articles/c0j5lx75vg3o?at_medium=RSS&at_campaign=rss
2026-03-12 14:56:51,223 - INFO - [BBC] Attempt 1/1: Trying with 'requests_browser' strategy...
2026-03-12 14:56:51,256 - INFO - [BBC] Success with 'requests_browser'. Found content (410 words).
2026-03-12 14:56:51,292 - INFO - Duplicate article skipped: Nineteen jailed over Moscow's deadly Crocus City Concert hall attack from BBC
2026-03-12 14:56:51,938 - INFO - [The Guardian] Article: https://www.theguardian.com/world/2026/mar/11/nigerian-soldiers-killed-jihadist-raids-north-east
2026-03-12 14:56:51,938 - INFO - [The Guardian] Attempt 1/1: Trying with 'requests_browser' strategy...
2026-03-12 14:56:51,995 - INFO - [The Guardian] Success with 'requests_browser'. Found content (428 words).
2026-03-12 14:56:52,029 - INFO - Duplicate article skipped: At least 65 Nigerian soldiers killed in jihadist raids in country’s north-east | Nigeria | The Guardian from The Guardian
2026-03-12 14:56:52,789 - INFO - [The Guardian] Article: https://www.theguardian.com/world/2026/mar/12/quit-fossil-fuels-to-stem-deadly-floods-in-brazils-coffee-heartland-say-scientists
2026-03-12 14:56:52,789 - INFO - [The Guardian] Attempt 1/1: Trying with 'requests_browser' strategy...
2026-03-12 14:56:52,793 - INFO - [BBC] Article: https://www.bbc.com/news/articles/c07jr2pe5j9o?at_medium=RSS&at_campaign=rss
2026-03-12 14:56:52,793 - INFO - [BBC] Attempt 1/1: Trying with 'requests_browser' strategy...
2026-03-12 14:56:52,827 - INFO - [BBC] Success with 'requests_browser'. Found content (490 words).
2026-03-12 14:56:52,889 - INFO - Duplicate article skipped: Noma head chef René Redzepi resigns after abuse allegations and protests from BBC
2026-03-12 14:56:52,904 - INFO - [The Guardian] Success with 'requests_browser'. Found content (723 words).
2026-03-12 14:56:52,939 - INFO - Duplicate article skipped: Quit fossil fuels to stem deadly floods in Brazil’s coffee heartland, say scientists | Extreme weather | The Guardian from The Guardian
2026-03-12 14:56:53,547 - INFO - [BBC] Article: https://www.bbc.com/news/articles/cn87ndvklr2o?at_medium=RSS&at_campaign=rss
2026-03-12 14:56:53,547 - INFO - [BBC] Attempt 1/1: Trying with 'requests_browser' strategy...
2026-03-12 14:56:53,588 - INFO - [BBC] Success with 'requests_browser'. Found content (581 words).
2026-03-12 14:56:53,626 - INFO - Duplicate article skipped: Hozier, Jessie Buckley and Bruce Springsteen record Shane MacGowan tribute album from BBC
2026-03-12 14:56:53,812 - INFO - [The Guardian] Article: https://www.theguardian.com/world/2026/mar/11/el-salvador-mass-incarceration-crimes-against-humanity-study
2026-03-12 14:56:53,812 - INFO - [The Guardian] Attempt 1/1: Trying with 'requests_browser' strategy...
2026-03-12 14:56:53,868 - INFO - [The Guardian] Success with 'requests_browser'. Found content (594 words).
2026-03-12 14:56:53,902 - INFO - Duplicate article skipped: El Salvador’s mass arrest policy may have led to crimes against humanity, study shows | El Salvador | The Guardian from The Guardian
2026-03-12 14:56:54,875 - INFO - [BBC] Article: https://www.bbc.com/news/articles/c70kg0x4xk5o?at_medium=RSS&at_campaign=rss
2026-03-12 14:56:54,875 - INFO - [BBC] Attempt 1/1: Trying with 'requests_browser' strategy...
2026-03-12 14:56:54,916 - INFO - [BBC] Success with 'requests_browser'. Found content (481 words).
2026-03-12 14:56:54,961 - INFO - Saved article: Eritrea's Biniam Solomon: Satirist Cobra freed after 15 years in prison without charge from BBC
2026-03-12 14:56:55,160 - INFO - [The Guardian] Article: https://www.theguardian.com/world/2026/mar/11/argentina-asylum-brasil-elections
2026-03-12 14:56:55,160 - INFO - [The Guardian] Attempt 1/1: Trying with 'requests_browser' strategy...
2026-03-12 14:56:55,219 - INFO - [The Guardian] Success with 'requests_browser'. Found content (685 words).
2026-03-12 14:56:55,254 - INFO - Duplicate article skipped: Argentina grants asylum to Brasília rioter in move that may sway Brazil vote | Argentina | The Guardian from The Guardian
2026-03-12 14:56:55,773 - INFO - [The Guardian] Article: https://www.theguardian.com/world/2026/mar/11/jose-antonio-kast-pinochet-fan-chile-far-right
2026-03-12 14:56:55,773 - INFO - [The Guardian] Attempt 1/1: Trying with 'requests_browser' strategy...
2026-03-12 14:56:55,837 - INFO - [The Guardian] Success with 'requests_browser'. Found content (1085 words).
2026-03-12 14:56:55,876 - INFO - Duplicate article skipped: José Antonio Kast, the Pinochet fan about to swerve Chile to the far right | Chile | The Guardian from The Guardian
2026-03-12 14:56:56,254 - INFO - [BBC] Article: https://www.bbc.com/news/articles/cz7gd57z33zo?at_medium=RSS&at_campaign=rss
2026-03-12 14:56:56,254 - INFO - [BBC] Attempt 1/1: Trying with 'requests_browser' strategy...
2026-03-12 14:56:56,296 - INFO - [BBC] Success with 'requests_browser'. Found content (494 words).
2026-03-12 14:56:56,334 - INFO - Duplicate article skipped: Kenya arrests Chinese national over attempt to smuggle 2,000 queen ants from BBC
2026-03-12 14:56:56,436 - INFO - [The Guardian] Article: https://www.theguardian.com/world/2026/mar/10/haiti-president-jovenel-moise-trial
2026-03-12 14:56:56,436 - INFO - [The Guardian] Attempt 1/1: Trying with 'requests_browser' strategy...
2026-03-12 14:56:56,497 - INFO - [The Guardian] Success with 'requests_browser'. Found content (720 words).
2026-03-12 14:56:56,532 - INFO - Duplicate article skipped: Haiti president’s assassination driven by greed and power, US prosecutors say | Haiti | The Guardian from The Guardian
2026-03-12 14:56:57,128 - INFO - [BBC] Article: https://www.bbc.com/news/articles/cd9gwdgg38vo?at_medium=RSS&at_campaign=rss
2026-03-12 14:56:57,128 - INFO - [BBC] Attempt 1/1: Trying with 'requests_browser' strategy...
2026-03-12 14:56:57,160 - INFO - [BBC] Success with 'requests_browser'. Found content (270 words).
2026-03-12 14:56:57,202 - INFO - Duplicate article skipped: Nasa spacecraft weighing 1,300lb re-enters Earth's atmosphere from BBC
2026-03-12 14:56:57,923 - INFO - Selenium driver initialized successfully.
2026-03-12 14:56:57,923 - INFO - Starting scrape for The Hindu RSS feed: https://www.thehindu.com/news/national/feeder/default.rss
2026-03-12 14:56:57,924 - INFO - Selenium driver initialized successfully.
2026-03-12 14:56:57,924 - INFO - Starting scrape for Times of India RSS feed: https://timesofindia.indiatimes.com/rssfeeds/296589292.cms
2026-03-12 14:56:58,013 - INFO - [BBC] Article: https://www.bbc.com/news/articles/ce947x4m0e1o?at_medium=RSS&at_campaign=rss
2026-03-12 14:56:58,013 - INFO - [BBC] Attempt 1/1: Trying with 'requests_browser' strategy...
2026-03-12 14:56:58,042 - INFO - Found 20 articles in Times of India RSS feed. Processing up to 10.
2026-03-12 14:56:58,042 - INFO - [Times of India] Article: https://timesofindia.indiatimes.com/world/middle-east/us-israel-iran-war-news-live-udates-middle-east-crisis-conflict-drone-ballistic-missile-attacks-explosions-gulf-countries-dubai-flights-news-status-donald-trump-netanyahu-mojtaba-khamenei/liveblog/129485596.cms
2026-03-12 14:56:58,042 - INFO - [Times of India] Attempt 1/1: Trying with 'selenium_browser' strategy...
2026-03-12 14:56:58,072 - INFO - Found 100 articles in The Hindu RSS feed. Processing up to 10.
2026-03-12 14:56:58,072 - INFO - [The Hindu] Article: https://www.thehindu.com/news/national/telangana/state-govt-conspiring-to-deny-admissions-to-poor-in-hps-praveen-kumar/article70735653.ece
2026-03-12 14:56:58,072 - INFO - [The Hindu] Attempt 1/1: Trying with 'selenium_browser' strategy...
2026-03-12 14:56:58,100 - INFO - [BBC] Success with 'requests_browser'. Found content (358 words).
2026-03-12 14:56:58,140 - INFO - Duplicate article skipped: Ethiopia flood death toll in Gamo Zone rises above 60 from BBC
2026-03-12 14:57:02,435 - INFO - [The Hindu] Page content loaded.
2026-03-12 14:57:02,615 - INFO - [The Hindu] Success with 'selenium_browser'. Found content (150 words).
2026-03-12 14:57:02,770 - INFO - Saved article: State govt. conspiring to deny admissions to poor in HPS: Praveen Kumar - The Hindu from The Hindu
2026-03-12 14:57:03,785 - INFO - [The Hindu] Article: https://www.thehindu.com/news/cities/Hyderabad/prohibitory-orders-imposed-around-ssc-exam-centres-in-cyberabad/article70734853.ece
2026-03-12 14:57:03,786 - INFO - [The Hindu] Attempt 1/1: Trying with 'selenium_browser' strategy...
2026-03-12 14:57:11,163 - INFO - [The Hindu] Page content loaded.
2026-03-12 14:57:11,495 - INFO - [The Hindu] Success with 'selenium_browser'. Found content (212 words).
2026-03-12 14:57:11,979 - INFO - Saved article: Prohibitory orders imposed around SSC exam centres in Cyberabad - The Hindu from The Hindu
2026-03-12 14:57:12,848 - INFO - [The Hindu] Article: https://www.thehindu.com/news/national/not-stepped-away-from-activism-it-requires-clarity-and-sincere-dialogue-sonam-wangchuk/article70735199.ece
2026-03-12 14:57:12,849 - INFO - [The Hindu] Attempt 1/1: Trying with 'selenium_browser' strategy...
2026-03-12 14:57:16,661 - INFO - [The Hindu] Page content loaded.
2026-03-12 14:57:16,753 - INFO - [The Hindu] Success with 'selenium_browser'. Found content (353 words).
2026-03-12 14:57:16,870 - INFO - Saved article: Not stepped away from activism, it requires clarity and sincere dialogue: Sonam Wangchuk - The Hindu from The Hindu
2026-03-12 14:57:18,191 - INFO - [The Hindu] Article: https://www.thehindu.com/news/national/karnataka/karnataka-government-constitutes-committee-on-responsible-ai/article70735241.ece
2026-03-12 14:57:18,192 - INFO - [The Hindu] Attempt 1/1: Trying with 'selenium_browser' strategy...
2026-03-12 14:57:18,859 - INFO - [The Hindu] Page content loaded.
2026-03-12 14:57:18,922 - INFO - [The Hindu] Success with 'selenium_browser'. Found content (535 words).
2026-03-12 14:57:19,028 - INFO - Saved article: Karnataka Government constitutes Committee on Responsible AI - The Hindu from The Hindu
2026-03-12 14:57:19,811 - INFO - [The Hindu] Article: https://www.thehindu.com/news/cities/bangalore/corporations-write-to-bswml-seeking-more-vehicles-to-address-growing-concern-of-garbage-black-spots-in-bengaluru/article70735148.ece
2026-03-12 14:57:19,811 - INFO - [The Hindu] Attempt 1/1: Trying with 'selenium_browser' strategy...
2026-03-12 14:57:22,309 - INFO - [The Hindu] Page content loaded.
2026-03-12 14:57:22,415 - INFO - [The Hindu] Success with 'selenium_browser'. Found content (630 words).
2026-03-12 14:57:22,518 - INFO - Saved article: Corporations write to BSWML seeking more vehicles to address growing concern of garbage black spots in Bengaluru - The Hindu from The Hindu
2026-03-12 14:57:23,847 - INFO - [The Hindu] Article: https://www.thehindu.com/news/national/andhra-pradesh/kmc-general-body-meeting-passes-budget/article70735549.ece
2026-03-12 14:57:23,847 - INFO - [The Hindu] Attempt 1/1: Trying with 'selenium_browser' strategy...
2026-03-12 14:57:25,574 - INFO - [The Hindu] Page content loaded.
2026-03-12 14:57:25,647 - INFO - [The Hindu] Success with 'selenium_browser'. Found content (134 words).
2026-03-12 14:57:25,739 - INFO - Saved article: KMC general body meeting passes budget - The Hindu from The Hindu
2026-03-12 14:57:26,299 - INFO - [The Hindu] Article: https://www.thehindu.com/news/cities/Hyderabad/history-sheeter-jailed-for-a-month-for-violating-peace-bond-in-hyderabad/article70735224.ece
2026-03-12 14:57:26,299 - INFO - [The Hindu] Attempt 1/1: Trying with 'selenium_browser' strategy...
2026-03-12 14:57:27,870 - INFO - [The Hindu] Page content loaded.
2026-03-12 14:57:27,915 - INFO - [The Hindu] Success with 'selenium_browser'. Found content (249 words).
2026-03-12 14:57:27,964 - INFO - Saved article: History-sheeter jailed for a month for violating peace bond in Hyderabad - The Hindu from The Hindu
2026-03-12 14:57:29,073 - INFO - [The Hindu] Article: https://www.thehindu.com/news/national/karnataka/sahyadri-utsav-begins-at-kuvempu-university-students-take-out-colourful-cultural-march/article70735296.ece
2026-03-12 14:57:29,073 - INFO - [The Hindu] Attempt 1/1: Trying with 'selenium_browser' strategy...
2026-03-12 14:57:30,987 - INFO - [The Hindu] Page content loaded.
2026-03-12 14:57:31,178 - INFO - [The Hindu] Success with 'selenium_browser'. Found content (372 words).
2026-03-12 14:57:31,258 - INFO - Saved article: Sahyadri Utsav begins at Kuvempu University; students take out colourful cultural march - The Hindu from The Hindu
2026-03-12 14:57:31,922 - INFO - [The Hindu] Article: https://www.thehindu.com/news/national/kerala/thousands-expected-to-attend-puthiyakavu-pongala-today/article70735320.ece
2026-03-12 14:57:31,922 - INFO - [The Hindu] Attempt 1/1: Trying with 'selenium_browser' strategy...
2026-03-12 14:57:33,503 - INFO - [The Hindu] Page content loaded.
2026-03-12 14:57:33,576 - INFO - [The Hindu] Success with 'selenium_browser'. Found content (313 words).
2026-03-12 14:57:33,672 - INFO - Saved article: Thousands expected to attend Puthiyakavu Pongala on Friday - The Hindu from The Hindu
2026-03-12 14:57:34,283 - INFO - [The Hindu] Article: https://www.thehindu.com/news/national/kerala/cpim-serves-show-cause-notice-on-padmakumar/article70735658.ece
2026-03-12 14:57:34,283 - INFO - [The Hindu] Attempt 1/1: Trying with 'selenium_browser' strategy...
2026-03-12 14:57:34,835 - INFO - [The Hindu] Page content loaded.
2026-03-12 14:57:34,981 - INFO - [The Hindu] Success with 'selenium_browser'. Found content (280 words).
2026-03-12 14:57:35,070 - INFO - Saved article: CPI(M) serves show-cause notice on Padmakumar - The Hindu from The Hindu
2026-03-12 14:57:36,087 - INFO - [The Hindu] (Thread) Finished. Attempting to shut down its Selenium driver.
2026-03-12 14:57:36,254 - INFO - [The Hindu] (Thread) driver.quit() successful.
2026-03-12 14:57:58,060 - ERROR - [Times of India] Request failed for strategy 'selenium_browser' on URL https://timesofindia.indiatimes.com/world/middle-east/us-israel-iran-war-news-live-udates-middle-east-crisis-conflict-drone-ballistic-missile-attacks-explosions-gulf-countries-dubai-flights-news-status-donald-trump-netanyahu-mojtaba-khamenei/liveblog/129485596.cms: Message: timeout: Timed out receiving message from renderer: 59.681
  (Session info: chrome=145.0.7632.159)
Stacktrace:
#0 0x558013773b6a <unknown>
#1 0x558013186a32 <unknown>
#2 0x55801316e007 <unknown>
#3 0x55801316dc16 <unknown>
#4 0x55801316b731 <unknown>
#5 0x55801316c0bf <unknown>
#6 0x55801317b560 <unknown>
#7 0x558013195707 <unknown>
#8 0x55801319c8db <unknown>
#9 0x55801316c829 <unknown>
#10 0x55801319549c <unknown>
#11 0x5580132246e1 <unknown>
#12 0x5580131cdc0f <unknown>
#13 0x5580131ce9d1 <unknown>
#14 0x5580137386b9 <unknown>
#15 0x55801373b5c1 <unknown>
#16 0x558013724e29 <unknown>
#17 0x55801373c17e <unknown>
#18 0x55801370b4b0 <unknown>
#19 0x558013760578 <unknown>
#20 0x55801376074b <unknown>
#21 0x5580137721a3 <unknown>
#22 0x7f8c7b89caa4 <unknown>
#23 0x7f8c7b929c6c <unknown>

2026-03-12 14:57:58,060 - ERROR - [Times of India] All scrape strategies failed for https://timesofindia.indiatimes.com/world/middle-east/us-israel-iran-war-news-live-udates-middle-east-crisis-conflict-drone-ballistic-missile-attacks-explosions-gulf-countries-dubai-flights-news-status-donald-trump-netanyahu-mojtaba-khamenei/liveblog/129485596.cms. Falling back to RSS description.
2026-03-12 14:57:58,061 - INFO - Duplicate article skipped: US-Israel-Iran War News Live Updates: Saudi intercepts drone headed to Shaybah oil field; Israeli strikes 10 Hezbollah targets in Beirut from Times of India
2026-03-12 14:57:58,703 - INFO - [Times of India] Article: https://timesofindia.indiatimes.com/world/us-streamers/why-did-adin-ross-distance-himself-from-izi-prime-kick-streamer-reveals-feeling-excluded-from-stacys-step-bros-group/articleshow/129512629.cms
2026-03-12 14:57:58,703 - INFO - [Times of India] Attempt 1/1: Trying with 'selenium_browser' strategy...
2026-03-12 14:58:58,722 - ERROR - [Times of India] Request failed for strategy 'selenium_browser' on URL https://timesofindia.indiatimes.com/world/us-streamers/why-did-adin-ross-distance-himself-from-izi-prime-kick-streamer-reveals-feeling-excluded-from-stacys-step-bros-group/articleshow/129512629.cms: Message: timeout: Timed out receiving message from renderer: 59.837
  (Session info: chrome=145.0.7632.159)
Stacktrace:
#0 0x558013773b6a <unknown>
#1 0x558013186a32 <unknown>
#2 0x55801316e007 <unknown>
#3 0x55801316dc16 <unknown>
#4 0x55801316b731 <unknown>
#5 0x55801316c0bf <unknown>
#6 0x55801317b560 <unknown>
#7 0x558013195707 <unknown>
#8 0x55801319c8db <unknown>
#9 0x55801316c829 <unknown>
#10 0x55801319549c <unknown>
#11 0x5580132246e1 <unknown>
#12 0x5580131cdc0f <unknown>
#13 0x5580131ce9d1 <unknown>
#14 0x5580137386b9 <unknown>
#15 0x55801373b5c1 <unknown>
#16 0x558013724e29 <unknown>
#17 0x55801373c17e <unknown>
#18 0x55801370b4b0 <unknown>
#19 0x558013760578 <unknown>
#20 0x55801376074b <unknown>
#21 0x5580137721a3 <unknown>
#22 0x7f8c7b89caa4 <unknown>
#23 0x7f8c7b929c6c <unknown>

2026-03-12 14:58:58,722 - ERROR - [Times of India] All scrape strategies failed for https://timesofindia.indiatimes.com/world/us-streamers/why-did-adin-ross-distance-himself-from-izi-prime-kick-streamer-reveals-feeling-excluded-from-stacys-step-bros-group/articleshow/129512629.cms. Falling back to RSS description.
2026-03-12 14:58:58,724 - INFO - Saved article: Why did Adin Ross distance himself from Izi Prime? Kick streamer reveals feeling excluded from Stacy’s Step Bros group from Times of India
2026-03-12 14:58:59,749 - INFO - [Times of India] Article: https://timesofindia.indiatimes.com/world/us/pentagon-spent-93-4-billion-in-september-2025-pete-hegseth-faces-backlash-calls-spending-completely-unacceptable/articleshow/129509868.cms
2026-03-12 14:58:59,750 - INFO - [Times of India] Attempt 1/1: Trying with 'selenium_browser' strategy...
2026-03-12 14:59:01,385 - INFO - [Times of India] Page content loaded.
2026-03-12 14:59:01,544 - INFO - [Times of India] Success with 'selenium_browser'. Found content (491 words).
2026-03-12 14:59:01,637 - INFO - Saved article: Pentagon spent $93.4 billion in September 2025: Pete Hegseth faces backlash; calls spending 'completely unacceptable' - The Times of India from Times of India
2026-03-12 14:59:03,110 - INFO - [Times of India] Article: https://timesofindia.indiatimes.com/world/us/controversial-ice-detention-of-us-citizen-sunny-naqvi-dhs-releases-video-footage-of-illinois-woman-leaving/articleshow/129510187.cms
2026-03-12 14:59:03,110 - INFO - [Times of India] Attempt 1/1: Trying with 'selenium_browser' strategy...
2026-03-12 14:59:04,782 - INFO - [Times of India] Page content loaded.
2026-03-12 14:59:04,925 - INFO - [Times of India] Success with 'selenium_browser'. Found content (459 words).
2026-03-12 14:59:05,057 - INFO - Saved article: Sunny Naqvi Detention: Controversial 'ICE detention' of US citizen Sunny Naqvi: DHS releases video footage of Illinois woman leaving - The Times of India from Times of India
2026-03-12 14:59:05,733 - INFO - [Times of India] Article: https://timesofindia.indiatimes.com/world/uk/harrow-holi-clash-overseas-friends-of-bjp-uk-seeks-probe-stronger-security-for-hindu-events/articleshow/129506710.cms
2026-03-12 14:59:05,733 - INFO - [Times of India] Attempt 1/1: Trying with 'selenium_browser' strategy...
2026-03-12 14:59:06,492 - INFO - [Times of India] Page content loaded.
2026-03-12 14:59:06,632 - INFO - [Times of India] Success with 'selenium_browser'. Found content (415 words).
2026-03-12 14:59:06,696 - INFO - Duplicate article skipped: Harrow Holi clash: Overseas Friends of BJP UK seeks probe, stronger security for Hindu events - The Times of India from Times of India
2026-03-12 14:59:07,858 - INFO - [Times of India] Article: https://timesofindia.indiatimes.com/etimes/trending/manager-awarded-12k-after-taking-boss-to-court-over-being-left-out-of-social-media-tribute/articleshow/129485271.cms
2026-03-12 14:59:07,858 - INFO - [Times of India] Attempt 1/1: Trying with 'selenium_browser' strategy...
2026-03-12 14:59:08,928 - INFO - [Times of India] Page content loaded.
2026-03-12 14:59:09,043 - INFO - [Times of India] Success with 'selenium_browser'. Found content (625 words).
2026-03-12 14:59:09,102 - INFO - Duplicate article skipped: Manager awarded £12k after taking boss to court over being left out of social media tribute | - The Times of India from Times of India
2026-03-12 14:59:10,338 - INFO - [Times of India] Article: https://timesofindia.indiatimes.com/world/middle-east/uae-news-new-draft-law-proposes-fines-of-up-to-dh20000-for-parents-who-refuse-child-vaccinations/articleshow/129507472.cms
2026-03-12 14:59:10,338 - INFO - [Times of India] Attempt 1/1: Trying with 'selenium_browser' strategy...
2026-03-12 14:59:11,478 - INFO - [Times of India] Page content loaded.
2026-03-12 14:59:11,622 - INFO - [Times of India] Success with 'selenium_browser'. Found content (371 words).
2026-03-12 14:59:11,690 - INFO - Duplicate article skipped: Child Vaccination Penalties Uae: UAE News: New draft law proposes fines of up to Dh20,000 for parents who refuse child vaccinations - The Times of India from Times of India
2026-03-12 14:59:12,862 - INFO - [Times of India] Article: https://timesofindia.indiatimes.com/world/us/3-questions-and-visa-denied-indian-student-in-us-says-parents-were-not-allowed-to-attend-her-graduation/articleshow/129507070.cms
2026-03-12 14:59:12,863 - INFO - [Times of India] Attempt 1/1: Trying with 'selenium_browser' strategy...
2026-03-12 14:59:14,318 - INFO - [Times of India] Page content loaded.
2026-03-12 14:59:14,485 - INFO - [Times of India] Success with 'selenium_browser'. Found content (375 words).
2026-03-12 14:59:14,538 - INFO - Duplicate article skipped: Us Visa Denied: 3 questions and visa denied: Indian student in US says parents were not allowed to attend her graduation - The Times of India from Times of India
2026-03-12 14:59:15,122 - INFO - [Times of India] Article: https://timesofindia.indiatimes.com/world/rest-of-world/rare-ashfall-warning-issued-mount-kilauea-in-hawaii-erupts-for-the-43rd-time-with-1000-foot-lava-fountains-here-are-the-areas-affected/articleshow/129505430.cms
2026-03-12 14:59:15,122 - INFO - [Times of India] Attempt 1/1: Trying with 'selenium_browser' strategy...
2026-03-12 14:59:15,822 - INFO - [Times of India] Page content loaded.
2026-03-12 14:59:16,002 - INFO - [Times of India] Success with 'selenium_browser'. Found content (1058 words).
2026-03-12 14:59:16,063 - INFO - Duplicate article skipped: Rare ashfall warning issued: Mount Kilauea in Hawaii erupts for the 43rd time with 1,000-foot lava fountains; here are the areas affected | World News - The Times of India from Times of India
2026-03-12 14:59:17,303 - INFO - [Times of India] Article: https://timesofindia.indiatimes.com/world/rest-of-world/a-small-town-in-spain-is-home-to-a-3000-year-old-space-treasure/articleshow/129504009.cms
2026-03-12 14:59:17,304 - INFO - [Times of India] Attempt 1/1: Trying with 'selenium_browser' strategy...
2026-03-12 14:59:18,448 - INFO - [Times of India] Page content loaded.
2026-03-12 14:59:18,595 - INFO - [Times of India] Success with 'selenium_browser'. Found content (530 words).
2026-03-12 14:59:18,653 - INFO - Duplicate article skipped: A small town in Spain is home to a 3,000-year-old space treasure | World News - The Times of India from Times of India
2026-03-12 14:59:19,973 - INFO - [Times of India] (Thread) Finished. Attempting to shut down its Selenium driver.
2026-03-12 14:59:20,147 - INFO - [Times of India] (Thread) driver.quit() successful.
2026-03-12 14:59:20,147 - INFO - Shutting down thread pool (wait=False)...
2026-03-12 14:59:20,147 - INFO - Scraped: 0 The Guardian, 2 BBC, 3 Times of India, 10 The Hindu articles. (Total saved: 15)
2026-03-12 14:59:20,147 - INFO - --- Scraping job finished ---
2026-03-12 14:59:20,152 - INFO - --- Scraper service stopped and database connection closed. ---
2026-03-12 14:59:20,152 - INFO - --- Main thread finished. Forcing process exit to kill zombie threads. ---
