2026-03-12 17:04:53,059 - INFO - Initializing database connection at: news_articles.db
2026-03-12 17:04:53,059 - INFO - --- Scraper service started (CI Mode: Run Once) ---
2026-03-12 17:04:53,059 - INFO - --- Starting new scraping job (Parallel Mode) ---
2026-03-12 17:04:53,059 - INFO - Creating new robust session with 3 retries on 5xx/connection/read errors.
2026-03-12 17:04:53,060 - INFO - Proxy is DISABLED.
2026-03-12 17:04:53,061 - INFO - Starting scrape for BBC RSS feed: http://feeds.bbci.co.uk/news/world/rss.xml
2026-03-12 17:04:53,061 - INFO - [Times of India] (Thread) requires Selenium. Initializing driver...
2026-03-12 17:04:53,061 - INFO - Initializing headless Selenium Chrome driver (using SeleniumManager)...
2026-03-12 17:04:53,062 - INFO - Starting scrape for The Guardian RSS feed: https://www.theguardian.com/world/rss
2026-03-12 17:04:53,063 - INFO - [The Hindu] (Thread) requires Selenium. Initializing driver...
2026-03-12 17:04:53,063 - INFO - Initializing headless Selenium Chrome driver (using SeleniumManager)...
2026-03-12 17:04:53,063 - INFO - Submitted 4 jobs to thread pool. Waiting up to 300s for completion...
2026-03-12 17:04:53,148 - INFO - Found 28 articles in BBC RSS feed. Processing up to 10.
2026-03-12 17:04:53,148 - INFO - [BBC] Article: https://www.bbc.com/news/articles/c3094g50rnvo?at_medium=RSS&at_campaign=rss
2026-03-12 17:04:53,149 - INFO - [BBC] Attempt 1/1: Trying with 'requests_browser' strategy...
2026-03-12 17:04:53,241 - INFO - Found 45 articles in The Guardian RSS feed. Processing up to 10.
2026-03-12 17:04:53,241 - INFO - [The Guardian] Article: https://www.theguardian.com/global-development/2026/mar/12/uk-government-axes-flagship-global-health-project
2026-03-12 17:04:53,241 - INFO - [The Guardian] Attempt 1/1: Trying with 'requests_browser' strategy...
2026-03-12 17:04:53,317 - INFO - [The Guardian] Success with 'requests_browser'. Found content (626 words).
2026-03-12 17:04:53,354 - INFO - Duplicate article skipped: UK government axes flagship global health project | Global development | The Guardian from The Guardian
2026-03-12 17:04:53,363 - INFO - [BBC] Success with 'requests_browser'. Found content (1205 words).
2026-03-12 17:04:53,407 - INFO - Duplicate article skipped: Iran war: Doubts creep in for Iranians who had supported war from BBC
2026-03-12 17:04:54,344 - INFO - [The Guardian] Article: https://www.theguardian.com/global-development/2026/mar/12/invasive-ai-led-mass-surveillance-in-africa-violating-freedoms-warn-experts
2026-03-12 17:04:54,344 - INFO - [The Guardian] Attempt 1/1: Trying with 'requests_browser' strategy...
2026-03-12 17:04:54,523 - INFO - [BBC] Article: https://www.bbc.com/news/articles/cp9meeek051o?at_medium=RSS&at_campaign=rss
2026-03-12 17:04:54,523 - INFO - [BBC] Attempt 1/1: Trying with 'requests_browser' strategy...
2026-03-12 17:04:54,539 - INFO - [The Guardian] Success with 'requests_browser'. Found content (621 words).
2026-03-12 17:04:54,573 - INFO - Duplicate article skipped: ‘Invasive’ AI-led mass surveillance in Africa violating freedoms, warn experts | Global development | The Guardian from The Guardian
2026-03-12 17:04:54,595 - INFO - [BBC] Success with 'requests_browser'. Found content (786 words).
2026-03-12 17:04:54,633 - INFO - Duplicate article skipped: China approves 'ethnic unity' law requiring minorities to learn Mandarin from BBC
2026-03-12 17:04:56,068 - INFO - [The Guardian] Article: https://www.theguardian.com/world/2026/mar/11/at-least-17-killed-after-drone-strikes-school-in-sudan
2026-03-12 17:04:56,068 - INFO - [The Guardian] Attempt 1/1: Trying with 'requests_browser' strategy...
2026-03-12 17:04:56,102 - INFO - [BBC] Article: https://www.bbc.com/news/articles/cr4576v66kno?at_medium=RSS&at_campaign=rss
2026-03-12 17:04:56,102 - INFO - [BBC] Attempt 1/1: Trying with 'requests_browser' strategy...
2026-03-12 17:04:56,156 - INFO - [The Guardian] Success with 'requests_browser'. Found content (363 words).
2026-03-12 17:04:56,198 - INFO - Duplicate article skipped: At least 17 killed after drone strikes school in Sudan | Sudan | The Guardian from The Guardian
2026-03-12 17:04:56,207 - INFO - [BBC] Success with 'requests_browser'. Found content (1807 words).
2026-03-12 17:04:56,252 - INFO - Duplicate article skipped: Epstein used modelling agent to recruit girls, Brazilian women tell BBC from BBC
2026-03-12 17:04:57,121 - INFO - [The Guardian] Article: https://www.theguardian.com/world/2026/mar/11/drone-attack-goma-eastern-democratic-republic-of-the-congo-m23-rebels
2026-03-12 17:04:57,121 - INFO - [The Guardian] Attempt 1/1: Trying with 'requests_browser' strategy...
2026-03-12 17:04:57,182 - INFO - [The Guardian] Success with 'requests_browser'. Found content (551 words).
2026-03-12 17:04:57,226 - INFO - Duplicate article skipped: French aid worker among three killed in drone strike in east DRC, M23 rebels say | Democratic Republic of the Congo | The Guardian from The Guardian
2026-03-12 17:04:57,722 - INFO - [BBC] Article: https://www.bbc.com/news/articles/c0j5lx75vg3o?at_medium=RSS&at_campaign=rss
2026-03-12 17:04:57,722 - INFO - [BBC] Attempt 1/1: Trying with 'requests_browser' strategy...
2026-03-12 17:04:57,751 - INFO - [BBC] Success with 'requests_browser'. Found content (410 words).
2026-03-12 17:04:57,788 - INFO - Duplicate article skipped: Nineteen jailed over Moscow's deadly Crocus City Concert hall attack from BBC
2026-03-12 17:04:58,603 - INFO - [The Guardian] Article: https://www.theguardian.com/world/2026/mar/11/nigerian-soldiers-killed-jihadist-raids-north-east
2026-03-12 17:04:58,603 - INFO - [The Guardian] Attempt 1/1: Trying with 'requests_browser' strategy...
2026-03-12 17:04:58,649 - INFO - [The Guardian] Success with 'requests_browser'. Found content (428 words).
2026-03-12 17:04:58,682 - INFO - Duplicate article skipped: At least 65 Nigerian soldiers killed in jihadist raids in country’s north-east | Nigeria | The Guardian from The Guardian
2026-03-12 17:04:59,197 - INFO - [BBC] Article: https://www.bbc.com/news/articles/c07jr2pe5j9o?at_medium=RSS&at_campaign=rss
2026-03-12 17:04:59,197 - INFO - [BBC] Attempt 1/1: Trying with 'requests_browser' strategy...
2026-03-12 17:04:59,227 - INFO - [BBC] Success with 'requests_browser'. Found content (490 words).
2026-03-12 17:04:59,294 - INFO - Duplicate article skipped: Noma head chef René Redzepi resigns after abuse allegations and protests from BBC
2026-03-12 17:04:59,542 - INFO - [The Guardian] Article: https://www.theguardian.com/world/2026/mar/12/two-plasma-donors-die-private-canada-clinics
2026-03-12 17:04:59,543 - INFO - [The Guardian] Attempt 1/1: Trying with 'requests_browser' strategy...
2026-03-12 17:04:59,719 - INFO - [The Guardian] Success with 'requests_browser'. Found content (1291 words).
2026-03-12 17:04:59,783 - INFO - Saved article: Two plasma donors die at private Canadian clinics under federal investigation | Canada | The Guardian from The Guardian
2026-03-12 17:05:00,316 - INFO - [BBC] Article: https://www.bbc.com/news/articles/cn87ndvklr2o?at_medium=RSS&at_campaign=rss
2026-03-12 17:05:00,316 - INFO - [BBC] Attempt 1/1: Trying with 'requests_browser' strategy...
2026-03-12 17:05:00,354 - INFO - [BBC] Success with 'requests_browser'. Found content (581 words).
2026-03-12 17:05:00,403 - INFO - Duplicate article skipped: Hozier, Jessie Buckley and Bruce Springsteen record Shane MacGowan tribute album from BBC
2026-03-12 17:05:01,263 - INFO - [The Guardian] Article: https://www.theguardian.com/world/2026/mar/12/quit-fossil-fuels-to-stem-deadly-floods-in-brazils-coffee-heartland-say-scientists
2026-03-12 17:05:01,263 - INFO - [The Guardian] Attempt 1/1: Trying with 'requests_browser' strategy...
2026-03-12 17:05:01,459 - INFO - [The Guardian] Success with 'requests_browser'. Found content (723 words).
2026-03-12 17:05:01,496 - INFO - Duplicate article skipped: Quit fossil fuels to stem deadly floods in Brazil’s coffee heartland, say scientists | Extreme weather | The Guardian from The Guardian
2026-03-12 17:05:01,739 - INFO - [BBC] Article: https://www.bbc.com/news/articles/c70kg0x4xk5o?at_medium=RSS&at_campaign=rss
2026-03-12 17:05:01,739 - INFO - [BBC] Attempt 1/1: Trying with 'requests_browser' strategy...
2026-03-12 17:05:01,777 - INFO - [BBC] Success with 'requests_browser'. Found content (481 words).
2026-03-12 17:05:01,817 - INFO - Duplicate article skipped: Eritrea's Biniam Solomon: Satirist Cobra freed after 15 years in prison without charge from BBC
2026-03-12 17:05:02,004 - INFO - [The Guardian] Article: https://www.theguardian.com/world/2026/mar/11/el-salvador-mass-incarceration-crimes-against-humanity-study
2026-03-12 17:05:02,004 - INFO - [The Guardian] Attempt 1/1: Trying with 'requests_browser' strategy...
2026-03-12 17:05:02,068 - INFO - [The Guardian] Success with 'requests_browser'. Found content (594 words).
2026-03-12 17:05:02,104 - INFO - Duplicate article skipped: El Salvador’s mass arrest policy may have led to crimes against humanity, study shows | El Salvador | The Guardian from The Guardian
2026-03-12 17:05:02,579 - INFO - [BBC] Article: https://www.bbc.com/news/articles/cz7gd57z33zo?at_medium=RSS&at_campaign=rss
2026-03-12 17:05:02,579 - INFO - [BBC] Attempt 1/1: Trying with 'requests_browser' strategy...
2026-03-12 17:05:02,620 - INFO - [BBC] Success with 'requests_browser'. Found content (494 words).
2026-03-12 17:05:02,647 - INFO - [The Guardian] Article: https://www.theguardian.com/world/2026/mar/11/argentina-asylum-brasil-elections
2026-03-12 17:05:02,653 - INFO - [The Guardian] Attempt 1/1: Trying with 'requests_browser' strategy...
2026-03-12 17:05:02,663 - INFO - Duplicate article skipped: Kenya arrests Chinese national over attempt to smuggle 2,000 queen ants from BBC
2026-03-12 17:05:02,724 - INFO - [The Guardian] Success with 'requests_browser'. Found content (685 words).
2026-03-12 17:05:02,761 - INFO - Duplicate article skipped: Argentina grants asylum to Brasília rioter in move that may sway Brazil vote | Argentina | The Guardian from The Guardian
2026-03-12 17:05:03,283 - INFO - [The Guardian] Article: https://www.theguardian.com/world/2026/mar/11/jose-antonio-kast-pinochet-fan-chile-far-right
2026-03-12 17:05:03,283 - INFO - [The Guardian] Attempt 1/1: Trying with 'requests_browser' strategy...
2026-03-12 17:05:03,327 - INFO - [The Guardian] Success with 'requests_browser'. Found content (1085 words).
2026-03-12 17:05:03,368 - INFO - Duplicate article skipped: José Antonio Kast, the Pinochet fan about to swerve Chile to the far right | Chile | The Guardian from The Guardian
2026-03-12 17:05:03,463 - INFO - [BBC] Article: https://www.bbc.com/news/articles/cd9gwdgg38vo?at_medium=RSS&at_campaign=rss
2026-03-12 17:05:03,463 - INFO - [BBC] Attempt 1/1: Trying with 'requests_browser' strategy...
2026-03-12 17:05:03,492 - INFO - [BBC] Success with 'requests_browser'. Found content (274 words).
2026-03-12 17:05:03,530 - INFO - Duplicate article skipped: Nasa spacecraft weighing 1,300lb re-enters Earth's atmosphere from BBC
2026-03-12 17:05:04,645 - INFO - [BBC] Article: https://www.bbc.com/news/articles/ce947x4m0e1o?at_medium=RSS&at_campaign=rss
2026-03-12 17:05:04,645 - INFO - [BBC] Attempt 1/1: Trying with 'requests_browser' strategy...
2026-03-12 17:05:04,680 - INFO - [BBC] Success with 'requests_browser'. Found content (358 words).
2026-03-12 17:05:04,720 - INFO - Duplicate article skipped: Ethiopia flood death toll in Gamo Zone rises above 60 from BBC
2026-03-12 17:05:15,529 - INFO - Selenium driver initialized successfully.
2026-03-12 17:05:15,529 - INFO - Selenium driver initialized successfully.
2026-03-12 17:05:15,529 - INFO - Starting scrape for The Hindu RSS feed: https://www.thehindu.com/news/national/feeder/default.rss
2026-03-12 17:05:15,529 - INFO - Starting scrape for Times of India RSS feed: https://timesofindia.indiatimes.com/rssfeeds/296589292.cms
2026-03-12 17:05:15,594 - INFO - Found 20 articles in Times of India RSS feed. Processing up to 10.
2026-03-12 17:05:15,594 - INFO - [Times of India] Article: https://timesofindia.indiatimes.com/world/middle-east/us-israel-iran-war-news-live-udates-middle-east-crisis-conflict-drone-ballistic-missile-attacks-explosions-gulf-countries-dubai-flights-news-status-donald-trump-netanyahu-mojtaba-khamenei/liveblog/129485596.cms
2026-03-12 17:05:15,594 - INFO - [Times of India] Attempt 1/1: Trying with 'selenium_browser' strategy...
2026-03-12 17:05:15,627 - INFO - Found 100 articles in The Hindu RSS feed. Processing up to 10.
2026-03-12 17:05:15,627 - INFO - [The Hindu] Article: https://www.thehindu.com/news/national/kerala/property-dispute-thumba-resident-held-on-charge-of-assaulting-woman/article70736356.ece
2026-03-12 17:05:15,627 - INFO - [The Hindu] Attempt 1/1: Trying with 'selenium_browser' strategy...
2026-03-12 17:06:15,621 - ERROR - [Times of India] Request failed for strategy 'selenium_browser' on URL https://timesofindia.indiatimes.com/world/middle-east/us-israel-iran-war-news-live-udates-middle-east-crisis-conflict-drone-ballistic-missile-attacks-explosions-gulf-countries-dubai-flights-news-status-donald-trump-netanyahu-mojtaba-khamenei/liveblog/129485596.cms: Message: timeout: Timed out receiving message from renderer: 59.317
  (Session info: chrome=145.0.7632.116)
Stacktrace:
#0 0x55e45fb08b6a <unknown>
#1 0x55e45f51ba32 <unknown>
#2 0x55e45f503007 <unknown>
#3 0x55e45f502c16 <unknown>
#4 0x55e45f500731 <unknown>
#5 0x55e45f5010bf <unknown>
#6 0x55e45f510560 <unknown>
#7 0x55e45f52a707 <unknown>
#8 0x55e45f5318db <unknown>
#9 0x55e45f501829 <unknown>
#10 0x55e45f52a49c <unknown>
#11 0x55e45f5b96e1 <unknown>
#12 0x55e45f562c0f <unknown>
#13 0x55e45f5639d1 <unknown>
#14 0x55e45facd6b9 <unknown>
#15 0x55e45fad05c1 <unknown>
#16 0x55e45fab9e29 <unknown>
#17 0x55e45fad117e <unknown>
#18 0x55e45faa04b0 <unknown>
#19 0x55e45faf5578 <unknown>
#20 0x55e45faf574b <unknown>
#21 0x55e45fb071a3 <unknown>
#22 0x7f38fe89caa4 <unknown>
#23 0x7f38fe929c6c <unknown>

2026-03-12 17:06:15,621 - ERROR - [Times of India] All scrape strategies failed for https://timesofindia.indiatimes.com/world/middle-east/us-israel-iran-war-news-live-udates-middle-east-crisis-conflict-drone-ballistic-missile-attacks-explosions-gulf-countries-dubai-flights-news-status-donald-trump-netanyahu-mojtaba-khamenei/liveblog/129485596.cms. Falling back to RSS description.
2026-03-12 17:06:15,622 - INFO - Duplicate article skipped: US-Israel-Iran War News Live Updates: Saudi intercepts drone headed to Shaybah oil field; Israeli strikes 10 Hezbollah targets in Beirut from Times of India
2026-03-12 17:06:15,654 - ERROR - [The Hindu] Request failed for strategy 'selenium_browser' on URL https://www.thehindu.com/news/national/kerala/property-dispute-thumba-resident-held-on-charge-of-assaulting-woman/article70736356.ece: Message: timeout: Timed out receiving message from renderer: 59.101
  (Session info: chrome=145.0.7632.116)
Stacktrace:
#0 0x5574a9e68b6a <unknown>
#1 0x5574a987ba32 <unknown>
#2 0x5574a9863007 <unknown>
#3 0x5574a9862c16 <unknown>
#4 0x5574a9860731 <unknown>
#5 0x5574a98610bf <unknown>
#6 0x5574a9870560 <unknown>
#7 0x5574a988a707 <unknown>
#8 0x5574a98918db <unknown>
#9 0x5574a9861829 <unknown>
#10 0x5574a988a49c <unknown>
#11 0x5574a99196e1 <unknown>
#12 0x5574a98c2c0f <unknown>
#13 0x5574a98c39d1 <unknown>
#14 0x5574a9e2d6b9 <unknown>
#15 0x5574a9e305c1 <unknown>
#16 0x5574a9e19e29 <unknown>
#17 0x5574a9e3117e <unknown>
#18 0x5574a9e004b0 <unknown>
#19 0x5574a9e55578 <unknown>
#20 0x5574a9e5574b <unknown>
#21 0x5574a9e671a3 <unknown>
#22 0x7fe10b89caa4 <unknown>
#23 0x7fe10b929c6c <unknown>

2026-03-12 17:06:15,654 - ERROR - [The Hindu] All scrape strategies failed for https://www.thehindu.com/news/national/kerala/property-dispute-thumba-resident-held-on-charge-of-assaulting-woman/article70736356.ece. Falling back to RSS description.
2026-03-12 17:06:15,659 - INFO - Saved article: Property dispute: Thumba resident held on charge of assaulting woman from The Hindu
2026-03-12 17:06:16,715 - INFO - [The Hindu] Article: https://www.thehindu.com/news/national/supreme-court-to-look-into-what-constitutes-personal-data-in-dpdp-laws/article70735865.ece
2026-03-12 17:06:16,716 - INFO - [The Hindu] Attempt 1/1: Trying with 'selenium_browser' strategy...
2026-03-12 17:06:17,041 - INFO - [Times of India] Article: https://timesofindia.indiatimes.com/world/europe/celebrity-chef-ren-redzepu-resigns-from-noma-over-abuse-allegations-says-an-apology-is-not-enough/articleshow/129516700.cms
2026-03-12 17:06:17,041 - INFO - [Times of India] Attempt 1/1: Trying with 'selenium_browser' strategy...
2026-03-12 17:06:18,489 - INFO - [The Hindu] Page content loaded.
2026-03-12 17:06:18,799 - INFO - [The Hindu] Success with 'selenium_browser'. Found content (640 words).
2026-03-12 17:06:18,965 - INFO - Saved article: Supreme Court to look into what constitutes ‘personal data’ in DPDP laws - The Hindu from The Hindu
2026-03-12 17:06:20,043 - INFO - [The Hindu] Article: https://www.thehindu.com/news/national/air-chief-flies-mig-29upg-sortie-from-forward-airbase/article70735926.ece
2026-03-12 17:06:20,043 - INFO - [The Hindu] Attempt 1/1: Trying with 'selenium_browser' strategy...
2026-03-12 17:06:22,256 - INFO - [The Hindu] Page content loaded.
2026-03-12 17:06:22,311 - INFO - [The Hindu] Success with 'selenium_browser'. Found content (222 words).
2026-03-12 17:06:22,524 - INFO - Saved article: Air chief flies MiG-29UPG sortie from forward airbase - The Hindu from The Hindu
2026-03-12 17:06:23,424 - INFO - [The Hindu] Article: https://www.thehindu.com/news/national/kerala/shoukath-sharafali-begin-outreach-in-nilambur/article70735970.ece
2026-03-12 17:06:23,424 - INFO - [The Hindu] Attempt 1/1: Trying with 'selenium_browser' strategy...
2026-03-12 17:06:27,108 - INFO - [The Hindu] Page content loaded.
2026-03-12 17:06:27,152 - INFO - [The Hindu] Success with 'selenium_browser'. Found content (276 words).
2026-03-12 17:06:27,260 - INFO - Saved article: Shoukath, Sharafali begin outreach in Nilambur - The Hindu from The Hindu
2026-03-12 17:06:28,709 - INFO - [The Hindu] Article: https://www.thehindu.com/news/national/india-co-sponsors-resolution-passed-by-unsc-condemning-iran-attacks-on-gulf/article70735268.ece
2026-03-12 17:06:28,709 - INFO - [The Hindu] Attempt 1/1: Trying with 'selenium_browser' strategy...
2026-03-12 17:06:29,870 - INFO - [The Hindu] Page content loaded.
2026-03-12 17:06:29,917 - INFO - [The Hindu] Success with 'selenium_browser'. Found content (687 words).
2026-03-12 17:06:29,973 - INFO - Saved article: India co-sponsors resolution passed by UNSC condemning Iran attacks on Gulf - The Hindu from The Hindu
2026-03-12 17:06:31,435 - INFO - [The Hindu] Article: https://www.thehindu.com/news/national/kerala/dream-trip-for-kudumbashrees-tribal-leaders/article70736033.ece
2026-03-12 17:06:31,435 - INFO - [The Hindu] Attempt 1/1: Trying with 'selenium_browser' strategy...
2026-03-12 17:06:32,427 - INFO - [The Hindu] Page content loaded.
2026-03-12 17:06:32,485 - INFO - [The Hindu] Success with 'selenium_browser'. Found content (340 words).
2026-03-12 17:06:32,542 - INFO - Saved article: Dream trip for Kudumbashree’s tribal leaders - The Hindu from The Hindu
2026-03-12 17:06:33,174 - INFO - [The Hindu] Article: https://www.thehindu.com/news/national/parental-income-alone-cannot-decide-obc-creamy-layer-status-supreme-court/article70735379.ece
2026-03-12 17:06:33,174 - INFO - [The Hindu] Attempt 1/1: Trying with 'selenium_browser' strategy...
2026-03-12 17:06:34,553 - INFO - [The Hindu] Page content loaded.
2026-03-12 17:06:34,611 - INFO - [The Hindu] Success with 'selenium_browser'. Found content (942 words).
2026-03-12 17:06:34,717 - INFO - Saved article: Parental income alone cannot decide OBC creamy layer status: Supreme Court - The Hindu from The Hindu
2026-03-12 17:06:36,103 - INFO - [The Hindu] Article: https://www.thehindu.com/news/national/karnataka/lpg-shortage-forces-eateries-to-shut-down-disrupts-wedding-catering-in-bengaluru/article70735541.ece
2026-03-12 17:06:36,103 - INFO - [The Hindu] Attempt 1/1: Trying with 'selenium_browser' strategy...
2026-03-12 17:06:37,268 - INFO - [The Hindu] Page content loaded.
2026-03-12 17:06:37,315 - INFO - [The Hindu] Success with 'selenium_browser'. Found content (580 words).
2026-03-12 17:06:37,404 - INFO - Saved article: LPG shortage forces eateries to shut down, disrupts wedding catering in Bengaluru - The Hindu from The Hindu
2026-03-12 17:06:38,406 - INFO - [The Hindu] Article: https://www.thehindu.com/news/national/supreme-court-allows-withdrawal-of-plea-to-bring-back-netajis-mortal-remains-from-tokyo-temple/article70735269.ece
2026-03-12 17:06:38,406 - INFO - [The Hindu] Attempt 1/1: Trying with 'selenium_browser' strategy...
2026-03-12 17:06:39,557 - INFO - [The Hindu] Page content loaded.
2026-03-12 17:06:39,601 - INFO - [The Hindu] Success with 'selenium_browser'. Found content (348 words).
2026-03-12 17:06:39,674 - INFO - Saved article: Supreme Court allows withdrawal of plea to bring back Netaji's mortal remains from Tokyo temple - The Hindu from The Hindu
2026-03-12 17:06:40,226 - INFO - [The Hindu] Article: https://www.thehindu.com/news/national/kerala/cm-urges-lpg-suppliers-to-ensure-commercial-supply/article70736272.ece
2026-03-12 17:06:40,227 - INFO - [The Hindu] Attempt 1/1: Trying with 'selenium_browser' strategy...
2026-03-12 17:06:41,639 - INFO - [The Hindu] Page content loaded.
2026-03-12 17:06:41,953 - INFO - [The Hindu] Success with 'selenium_browser'. Found content (353 words).
2026-03-12 17:06:42,037 - INFO - Saved article: CM urges LPG suppliers to ensure commercial supply - The Hindu from The Hindu
2026-03-12 17:06:43,020 - INFO - [The Hindu] (Thread) Finished. Attempting to shut down its Selenium driver.
2026-03-12 17:06:43,198 - INFO - [The Hindu] (Thread) driver.quit() successful.
2026-03-12 17:07:17,064 - ERROR - [Times of India] Request failed for strategy 'selenium_browser' on URL https://timesofindia.indiatimes.com/world/europe/celebrity-chef-ren-redzepu-resigns-from-noma-over-abuse-allegations-says-an-apology-is-not-enough/articleshow/129516700.cms: Message: timeout: Timed out receiving message from renderer: 59.912
  (Session info: chrome=145.0.7632.116)
Stacktrace:
#0 0x55e45fb08b6a <unknown>
#1 0x55e45f51ba32 <unknown>
#2 0x55e45f503007 <unknown>
#3 0x55e45f502c16 <unknown>
#4 0x55e45f500731 <unknown>
#5 0x55e45f5010bf <unknown>
#6 0x55e45f510560 <unknown>
#7 0x55e45f52a707 <unknown>
#8 0x55e45f5318db <unknown>
#9 0x55e45f501829 <unknown>
#10 0x55e45f52a49c <unknown>
#11 0x55e45f5b96e1 <unknown>
#12 0x55e45f562c0f <unknown>
#13 0x55e45f5639d1 <unknown>
#14 0x55e45facd6b9 <unknown>
#15 0x55e45fad05c1 <unknown>
#16 0x55e45fab9e29 <unknown>
#17 0x55e45fad117e <unknown>
#18 0x55e45faa04b0 <unknown>
#19 0x55e45faf5578 <unknown>
#20 0x55e45faf574b <unknown>
#21 0x55e45fb071a3 <unknown>
#22 0x7f38fe89caa4 <unknown>
#23 0x7f38fe929c6c <unknown>

2026-03-12 17:07:17,064 - ERROR - [Times of India] All scrape strategies failed for https://timesofindia.indiatimes.com/world/europe/celebrity-chef-ren-redzepu-resigns-from-noma-over-abuse-allegations-says-an-apology-is-not-enough/articleshow/129516700.cms. Falling back to RSS description.
2026-03-12 17:07:17,067 - INFO - Saved article: Celebrity chef René Redzepu resigns from Noma over abuse allegations, says 'an apology is not enough' from Times of India
2026-03-12 17:07:17,907 - INFO - [Times of India] Article: https://timesofindia.indiatimes.com/world/rest-of-world/2000-queen-ants-in-a-suitcase-chinese-man-arrested-for-smuggling-live-ants-in-test-tubes-at-nairobi-airport/articleshow/129515617.cms
2026-03-12 17:07:17,907 - INFO - [Times of India] Attempt 1/1: Trying with 'selenium_browser' strategy...
2026-03-12 17:07:19,666 - INFO - [Times of India] Page content loaded.
2026-03-12 17:07:19,831 - INFO - [Times of India] Success with 'selenium_browser'. Found content (764 words).
2026-03-12 17:07:19,899 - INFO - Saved article: Queen Ants: ‘2,000 queen ants in a suitcase’: Chinese man arrested for smuggling live ants in test tubes at Nairobi airport | World News - The Times of India from Times of India
2026-03-12 17:07:21,332 - INFO - [Times of India] Article: https://timesofindia.indiatimes.com/world/us/janitors-ice-cream-sales-analyst-texas-whistleblower-reveals-craziest-h-1b-job-titles/articleshow/129514374.cms
2026-03-12 17:07:21,332 - INFO - [Times of India] Attempt 1/1: Trying with 'selenium_browser' strategy...
2026-03-12 17:07:23,172 - INFO - [Times of India] Page content loaded.
2026-03-12 17:07:23,298 - INFO - [Times of India] Success with 'selenium_browser'. Found content (388 words).
2026-03-12 17:07:23,370 - INFO - Saved article: Sara Gonzales: Janitors, ice cream sales analyst: Texas whistleblower reveals 'craziest H-1B job titles' - The Times of India from Times of India
2026-03-12 17:07:23,902 - INFO - [Times of India] Article: https://timesofindia.indiatimes.com/world/us/over-300-tsa-employees-leave-as-airport-absences-surge-amid-dhs-shutdown-report/articleshow/129513402.cms
2026-03-12 17:07:23,903 - INFO - [Times of India] Attempt 1/1: Trying with 'selenium_browser' strategy...
2026-03-12 17:07:24,513 - INFO - [Times of India] Page content loaded.
2026-03-12 17:07:24,665 - INFO - [Times of India] Success with 'selenium_browser'. Found content (988 words).
2026-03-12 17:07:24,802 - INFO - Saved article: Over 300 TSA employees leave as airport absences surge amid DHS shutdown: Report - The Times of India from Times of India
2026-03-12 17:07:25,759 - INFO - [Times of India] Article: https://timesofindia.indiatimes.com/world/us/pentagon-bars-photographers-after-unflattering-photos-of-pete-hegseth-report/articleshow/129511076.cms
2026-03-12 17:07:25,760 - INFO - [Times of India] Attempt 1/1: Trying with 'selenium_browser' strategy...
2026-03-12 17:07:26,891 - INFO - [Times of India] Page content loaded.
2026-03-12 17:07:27,014 - INFO - [Times of India] Success with 'selenium_browser'. Found content (277 words).
2026-03-12 17:07:27,080 - INFO - Saved article: Pentagon bars photographers after ‘unflattering’ photos of Pete Hegseth: Report - The Times of India from Times of India
2026-03-12 17:07:27,815 - INFO - [Times of India] Article: https://timesofindia.indiatimes.com/world/middle-east/dubai-news-british-tourist-60-arrested-for-filming-missiles-amid-iran-us-war-could-face-up-to-2-years-in-prison/articleshow/129511547.cms
2026-03-12 17:07:27,815 - INFO - [Times of India] Attempt 1/1: Trying with 'selenium_browser' strategy...
2026-03-12 17:07:28,959 - INFO - [Times of India] Page content loaded.
2026-03-12 17:07:29,111 - INFO - [Times of India] Success with 'selenium_browser'. Found content (863 words).
2026-03-12 17:07:29,174 - INFO - Saved article: Dubai News: British tourist, 60, arrested for filming missiles amid Iran-US war; could face up to 2 years in prison | World News - The Times of India from Times of India
2026-03-12 17:07:30,041 - INFO - [Times of India] Article: https://timesofindia.indiatimes.com/world/us/donald-trump-anointed-by-jesus-to-fight-iran-how-usisrael-war-got-a-biblical-spin/articleshow/129512761.cms
2026-03-12 17:07:30,042 - INFO - [Times of India] Attempt 1/1: Trying with 'selenium_browser' strategy...
2026-03-12 17:07:31,047 - INFO - [Times of India] Page content loaded.
2026-03-12 17:07:31,176 - INFO - [Times of India] Success with 'selenium_browser'. Found content (1455 words).
2026-03-12 17:07:31,279 - INFO - Saved article: 'Donald Trump anointed by Jesus to fight Iran': How US–Israel War got a Biblical spin | World News - The Times of India from Times of India
2026-03-12 17:07:31,906 - INFO - [Times of India] Article: https://timesofindia.indiatimes.com/world/us-streamers/why-did-adin-ross-distance-himself-from-izi-prime-kick-streamer-reveals-feeling-excluded-from-stacys-step-bros-group/articleshow/129512629.cms
2026-03-12 17:07:31,906 - INFO - [Times of India] Attempt 1/1: Trying with 'selenium_browser' strategy...
2026-03-12 17:07:32,704 - INFO - [Times of India] Page content loaded.
2026-03-12 17:07:32,834 - INFO - [Times of India] Success with 'selenium_browser'. Found content (488 words).
2026-03-12 17:07:32,926 - INFO - Duplicate article skipped: Izi Prime: Why did Adin Ross distance himself from Izi Prime? Kick streamer reveals feeling excluded from Stacy’s Step Bros group - The Times of India from Times of India
2026-03-12 17:07:33,671 - INFO - [Times of India] Article: https://timesofindia.indiatimes.com/world/us/pentagon-spent-93-4-billion-in-september-2025-pete-hegseth-faces-backlash-calls-spending-completely-unacceptable/articleshow/129509868.cms
2026-03-12 17:07:33,672 - INFO - [Times of India] Attempt 1/1: Trying with 'selenium_browser' strategy...
2026-03-12 17:07:35,008 - INFO - [Times of India] Page content loaded.
2026-03-12 17:07:35,171 - INFO - [Times of India] Success with 'selenium_browser'. Found content (503 words).
2026-03-12 17:07:35,244 - INFO - Duplicate article skipped: Pentagon spent $93.4 billion in September 2025: Pete Hegseth faces backlash; calls spending 'completely unacceptable' - The Times of India from Times of India
2026-03-12 17:07:36,284 - INFO - [Times of India] (Thread) Finished. Attempting to shut down its Selenium driver.
2026-03-12 17:07:36,457 - INFO - [Times of India] (Thread) driver.quit() successful.
2026-03-12 17:07:36,457 - INFO - Shutting down thread pool (wait=False)...
2026-03-12 17:07:36,457 - INFO - Scraped: 7 Times of India, 10 The Hindu, 0 BBC, 1 The Guardian articles. (Total saved: 18)
2026-03-12 17:07:36,457 - INFO - --- Scraping job finished ---
2026-03-12 17:07:36,464 - INFO - --- Scraper service stopped and database connection closed. ---
2026-03-12 17:07:36,464 - INFO - --- Main thread finished. Forcing process exit to kill zombie threads. ---
