2026-03-13 08:51:34,094 - INFO - Initializing database connection at: news_articles.db
2026-03-13 08:51:34,095 - INFO - --- Scraper service started (CI Mode: Run Once) ---
2026-03-13 08:51:34,095 - INFO - --- Starting new scraping job (Parallel Mode) ---
2026-03-13 08:51:34,095 - INFO - Creating new robust session with 3 retries on 5xx/connection/read errors.
2026-03-13 08:51:34,095 - INFO - Proxy is DISABLED.
2026-03-13 08:51:34,096 - INFO - Starting scrape for BBC RSS feed: http://feeds.bbci.co.uk/news/world/rss.xml
2026-03-13 08:51:34,096 - INFO - [Times of India] (Thread) requires Selenium. Initializing driver...
2026-03-13 08:51:34,096 - INFO - Initializing headless Selenium Chrome driver (using SeleniumManager)...
2026-03-13 08:51:34,097 - INFO - Starting scrape for The Guardian RSS feed: https://www.theguardian.com/world/rss
2026-03-13 08:51:34,097 - INFO - [The Hindu] (Thread) requires Selenium. Initializing driver...
2026-03-13 08:51:34,097 - INFO - Initializing headless Selenium Chrome driver (using SeleniumManager)...
2026-03-13 08:51:34,098 - INFO - Submitted 4 jobs to thread pool. Waiting up to 300s for completion...
2026-03-13 08:51:34,258 - INFO - Found 36 articles in BBC RSS feed. Processing up to 10.
2026-03-13 08:51:34,258 - INFO - [BBC] Article: https://www.bbc.com/news/articles/cy0dz5ql17vo?at_medium=RSS&at_campaign=rss
2026-03-13 08:51:34,258 - INFO - [BBC] Attempt 1/1: Trying with 'requests_browser' strategy...
2026-03-13 08:51:34,467 - INFO - [BBC] Success with 'requests_browser'. Found content (412 words).
2026-03-13 08:51:34,517 - INFO - Saved article: US KC-135 refuelling plane crashes in Iraq, military says from BBC
2026-03-13 08:51:34,607 - INFO - Found 45 articles in The Guardian RSS feed. Processing up to 10.
2026-03-13 08:51:34,607 - INFO - [The Guardian] Article: https://www.theguardian.com/us-news/2026/mar/12/trump-immigration-deportations-eswatini
2026-03-13 08:51:34,607 - INFO - [The Guardian] Attempt 1/1: Trying with 'requests_browser' strategy...
2026-03-13 08:51:34,653 - INFO - [The Guardian] Success with 'requests_browser'. Found content (528 words).
2026-03-13 08:51:34,687 - INFO - Duplicate article skipped: Eswatini says it received more ‘third country’ deportees as part of deal with Trump administration | Trump administration | The Guardian from The Guardian
2026-03-13 08:51:35,361 - INFO - [The Guardian] Article: https://www.theguardian.com/global-development/2026/mar/12/uk-government-axes-flagship-global-health-project
2026-03-13 08:51:35,361 - INFO - [The Guardian] Attempt 1/1: Trying with 'requests_browser' strategy...
2026-03-13 08:51:35,432 - INFO - [The Guardian] Success with 'requests_browser'. Found content (626 words).
2026-03-13 08:51:35,488 - INFO - Duplicate article skipped: UK government axes flagship global health project | Global development | The Guardian from The Guardian
2026-03-13 08:51:35,677 - INFO - Selenium driver initialized successfully.
2026-03-13 08:51:35,677 - INFO - Starting scrape for Times of India RSS feed: https://timesofindia.indiatimes.com/rssfeeds/296589292.cms
2026-03-13 08:51:35,679 - INFO - Selenium driver initialized successfully.
2026-03-13 08:51:35,679 - INFO - Starting scrape for The Hindu RSS feed: https://www.thehindu.com/news/national/feeder/default.rss
2026-03-13 08:51:35,769 - INFO - Found 20 articles in Times of India RSS feed. Processing up to 10.
2026-03-13 08:51:35,769 - INFO - [Times of India] Article: https://timesofindia.indiatimes.com/world/rest-of-world/japan-still-haunted-80-fear-another-disaster-15-years-after-the-deadly-2011-earthquake/articleshow/129541972.cms
2026-03-13 08:51:35,769 - INFO - [Times of India] Attempt 1/1: Trying with 'selenium_browser' strategy...
2026-03-13 08:51:35,770 - INFO - [BBC] Article: https://www.bbc.com/news/articles/c1e9yy84we8o?at_medium=RSS&at_campaign=rss
2026-03-13 08:51:35,770 - INFO - [BBC] Attempt 1/1: Trying with 'requests_browser' strategy...
2026-03-13 08:51:35,837 - INFO - [BBC] Success with 'requests_browser'. Found content (2472 words).
2026-03-13 08:51:35,924 - INFO - Duplicate article skipped: Mission accomplished? The 2003 boast that haunts today's Iran conflict from BBC
2026-03-13 08:51:35,951 - INFO - Found 100 articles in The Hindu RSS feed. Processing up to 10.
2026-03-13 08:51:35,951 - INFO - [The Hindu] Article: https://www.thehindu.com/news/national/andhra-pradesh/naidu-lauds-farmer-for-impressive-results-through-natural-farming/article70738589.ece
2026-03-13 08:51:35,951 - INFO - [The Hindu] Attempt 1/1: Trying with 'selenium_browser' strategy...
2026-03-13 08:51:36,147 - INFO - [The Guardian] Article: https://www.theguardian.com/global-development/2026/mar/12/invasive-ai-led-mass-surveillance-in-africa-violating-freedoms-warn-experts
2026-03-13 08:51:36,147 - INFO - [The Guardian] Attempt 1/1: Trying with 'requests_browser' strategy...
2026-03-13 08:51:36,224 - INFO - [The Guardian] Success with 'requests_browser'. Found content (621 words).
2026-03-13 08:51:36,283 - INFO - Duplicate article skipped: ‘Invasive’ AI-led mass surveillance in Africa violating freedoms, warn experts | Global development | The Guardian from The Guardian
2026-03-13 08:51:36,958 - INFO - [BBC] Article: https://www.bbc.com/news/articles/ce3g0vz223no?at_medium=RSS&at_campaign=rss
2026-03-13 08:51:36,958 - INFO - [BBC] Attempt 1/1: Trying with 'requests_browser' strategy...
2026-03-13 08:51:37,149 - INFO - [BBC] Success with 'requests_browser'. Found content (1270 words).
2026-03-13 08:51:37,274 - INFO - Duplicate article skipped: Strait of Hormuz: Sailors stranded on ships due to Iran war from BBC
2026-03-13 08:51:37,551 - INFO - [The Guardian] Article: https://www.theguardian.com/world/2026/mar/11/at-least-17-killed-after-drone-strikes-school-in-sudan
2026-03-13 08:51:37,551 - INFO - [The Guardian] Attempt 1/1: Trying with 'requests_browser' strategy...
2026-03-13 08:51:37,899 - INFO - [The Guardian] Success with 'requests_browser'. Found content (363 words).
2026-03-13 08:51:38,082 - INFO - [BBC] Article: https://www.bbc.com/news/articles/cdxzzqye9w0o?at_medium=RSS&at_campaign=rss
2026-03-13 08:51:38,082 - INFO - [BBC] Attempt 1/1: Trying with 'requests_browser' strategy...
2026-03-13 08:51:38,280 - INFO - Duplicate article skipped: At least 17 killed after drone strikes school in Sudan | Sudan | The Guardian from The Guardian
2026-03-13 08:51:38,371 - INFO - [BBC] Success with 'requests_browser'. Found content (1054 words).
2026-03-13 08:51:38,550 - INFO - Duplicate article skipped: French vote tests polarised electorate with right hoping to win control of Paris from BBC
2026-03-13 08:51:39,100 - INFO - [BBC] Article: https://www.bbc.com/news/articles/cm2xrz71zm3o?at_medium=RSS&at_campaign=rss
2026-03-13 08:51:39,100 - INFO - [BBC] Attempt 1/1: Trying with 'requests_browser' strategy...
2026-03-13 08:51:39,182 - INFO - [BBC] Success with 'requests_browser'. Found content (636 words).
2026-03-13 08:51:39,359 - INFO - Duplicate article skipped: Israel drops charges against soldiers accused of abusing Gaza detainee from BBC
2026-03-13 08:51:39,545 - INFO - [The Guardian] Article: https://www.theguardian.com/world/2026/mar/11/drone-attack-goma-eastern-democratic-republic-of-the-congo-m23-rebels
2026-03-13 08:51:39,545 - INFO - [The Guardian] Attempt 1/1: Trying with 'requests_browser' strategy...
2026-03-13 08:51:40,024 - INFO - [The Guardian] Success with 'requests_browser'. Found content (551 words).
2026-03-13 08:51:40,166 - INFO - [BBC] Article: https://www.bbc.com/news/articles/c743emjmnrro?at_medium=RSS&at_campaign=rss
2026-03-13 08:51:40,167 - INFO - [BBC] Attempt 1/1: Trying with 'requests_browser' strategy...
2026-03-13 08:51:40,254 - INFO - Duplicate article skipped: French aid worker among three killed in drone strike in east DRC, M23 rebels say | Democratic Republic of the Congo | The Guardian from The Guardian
2026-03-13 08:51:40,391 - INFO - [BBC] Success with 'requests_browser'. Found content (373 words).
2026-03-13 08:51:40,562 - INFO - Duplicate article skipped: UFC fighters to train FBI agents at Quantico from BBC
2026-03-13 08:51:41,301 - INFO - [BBC] Article: https://www.bbc.com/news/articles/c8jxnjvjkg7o?at_medium=RSS&at_campaign=rss
2026-03-13 08:51:41,302 - INFO - [BBC] Attempt 1/1: Trying with 'requests_browser' strategy...
2026-03-13 08:51:41,512 - INFO - [The Guardian] Article: https://www.theguardian.com/world/2026/mar/12/two-plasma-donors-die-private-canada-clinics
2026-03-13 08:51:41,513 - INFO - [The Guardian] Attempt 1/1: Trying with 'requests_browser' strategy...
2026-03-13 08:51:41,567 - INFO - [BBC] Success with 'requests_browser'. Found content (421 words).
2026-03-13 08:51:41,769 - INFO - [The Guardian] Success with 'requests_browser'. Found content (1291 words).
2026-03-13 08:51:41,782 - INFO - Duplicate article skipped: Nepal: Rapper-politician Balendra Shah's party wins Nepal election from BBC
2026-03-13 08:51:41,876 - INFO - [The Hindu] Page content loaded.
2026-03-13 08:51:41,937 - INFO - Duplicate article skipped: Two people die after donating plasma at Canadian clinics under federal investigation | Canada | The Guardian from The Guardian
2026-03-13 08:51:42,275 - INFO - [The Hindu] Success with 'selenium_browser'. Found content (157 words).
2026-03-13 08:51:42,446 - INFO - Saved article: Naidu lauds farmer for impressive results through natural farming - The Hindu from The Hindu
2026-03-13 08:51:42,449 - INFO - [The Guardian] Article: https://www.theguardian.com/world/2026/mar/12/quit-fossil-fuels-to-stem-deadly-floods-in-brazils-coffee-heartland-say-scientists
2026-03-13 08:51:42,451 - INFO - [The Guardian] Attempt 1/1: Trying with 'requests_browser' strategy...
2026-03-13 08:51:42,566 - INFO - [The Guardian] Success with 'requests_browser'. Found content (723 words).
2026-03-13 08:51:42,702 - INFO - Duplicate article skipped: Quit fossil fuels to stem deadly floods in Brazil’s coffee heartland, say scientists | Extreme weather | The Guardian from The Guardian
2026-03-13 08:51:43,113 - INFO - [BBC] Article: https://www.bbc.com/news/articles/cd9g4dpjwgvo?at_medium=RSS&at_campaign=rss
2026-03-13 08:51:43,113 - INFO - [BBC] Attempt 1/1: Trying with 'requests_browser' strategy...
2026-03-13 08:51:43,248 - INFO - [The Guardian] Article: https://www.theguardian.com/world/2026/mar/11/el-salvador-mass-incarceration-crimes-against-humanity-study
2026-03-13 08:51:43,249 - INFO - [The Guardian] Attempt 1/1: Trying with 'requests_browser' strategy...
2026-03-13 08:51:43,493 - INFO - [BBC] Success with 'requests_browser'. Found content (650 words).
2026-03-13 08:51:43,565 - INFO - [The Hindu] Article: https://www.thehindu.com/news/national/cash-for-query-case-supreme-court-stays-delhi-hc-order-on-sanction-for-cbi-to-try-mahua-moitra/article70738500.ece
2026-03-13 08:51:43,565 - INFO - [The Hindu] Attempt 1/1: Trying with 'selenium_browser' strategy...
2026-03-13 08:51:43,611 - INFO - [The Guardian] Success with 'requests_browser'. Found content (594 words).
2026-03-13 08:51:44,056 - INFO - Duplicate article skipped: King expressed 'concern' over Alberta separatists, say First Nations chiefs after meeting from BBC
2026-03-13 08:51:44,101 - INFO - Duplicate article skipped: El Salvador’s mass arrest policy may have led to crimes against humanity, study shows | El Salvador | The Guardian from The Guardian
2026-03-13 08:51:44,993 - INFO - [BBC] Article: https://www.bbc.com/news/articles/c2k8wvzgqk7o?at_medium=RSS&at_campaign=rss
2026-03-13 08:51:44,994 - INFO - [BBC] Attempt 1/1: Trying with 'requests_browser' strategy...
2026-03-13 08:51:45,146 - INFO - [BBC] Success with 'requests_browser'. Found content (623 words).
2026-03-13 08:51:45,257 - INFO - Duplicate article skipped: KPop Demon Hunters to return as Netflix announces sequel from BBC
2026-03-13 08:51:45,586 - INFO - [The Guardian] Article: https://www.theguardian.com/world/2026/mar/11/argentina-asylum-brasil-elections
2026-03-13 08:51:45,586 - INFO - [The Guardian] Attempt 1/1: Trying with 'requests_browser' strategy...
2026-03-13 08:51:45,722 - INFO - [The Guardian] Success with 'requests_browser'. Found content (685 words).
2026-03-13 08:51:45,930 - INFO - Duplicate article skipped: Argentina grants asylum to Brasília rioter in move that may sway Brazil vote | Argentina | The Guardian from The Guardian
2026-03-13 08:51:46,453 - INFO - [BBC] Article: https://www.bbc.com/news/articles/cx28zd30078o?at_medium=RSS&at_campaign=rss
2026-03-13 08:51:46,453 - INFO - [BBC] Attempt 1/1: Trying with 'requests_browser' strategy...
2026-03-13 08:51:46,551 - INFO - [BBC] Success with 'requests_browser'. Found content (829 words).
2026-03-13 08:51:46,658 - INFO - [The Guardian] Article: https://www.theguardian.com/world/2026/mar/11/jose-antonio-kast-pinochet-fan-chile-far-right
2026-03-13 08:51:46,658 - INFO - [The Guardian] Attempt 1/1: Trying with 'requests_browser' strategy...
2026-03-13 08:51:46,662 - INFO - Duplicate article skipped: Suspect dead after ramming vehicle into Temple Israel synagogue in Michigan from BBC
2026-03-13 08:51:46,749 - INFO - [The Guardian] Success with 'requests_browser'. Found content (1085 words).
2026-03-13 08:51:46,864 - INFO - Duplicate article skipped: José Antonio Kast, the Pinochet fan about to swerve Chile to the far right | Chile | The Guardian from The Guardian
2026-03-13 08:51:47,585 - INFO - [The Hindu] Page content loaded.
2026-03-13 08:51:47,848 - INFO - [The Hindu] Success with 'selenium_browser'. Found content (285 words).
2026-03-13 08:51:48,231 - INFO - Saved article: Cash-for-query case: Supreme Court stays Delhi HC order on sanction for CBI to try Mahua Moitra - The Hindu from The Hindu
2026-03-13 08:51:48,766 - INFO - [The Hindu] Article: https://www.thehindu.com/news/national/karnataka/lpg-crisis-priority-supply-to-hospitals-hostels-and-residential-schools-says-karnataka-minister/article70738521.ece
2026-03-13 08:51:48,766 - INFO - [The Hindu] Attempt 1/1: Trying with 'selenium_browser' strategy...
2026-03-13 08:51:52,853 - INFO - [The Hindu] Page content loaded.
2026-03-13 08:51:53,127 - INFO - [The Hindu] Success with 'selenium_browser'. Found content (173 words).
2026-03-13 08:51:53,435 - INFO - Saved article: LPG crisis: Who gets priority in supply of cylinders in Karnataka - The Hindu from The Hindu
2026-03-13 08:51:54,711 - INFO - [The Hindu] Article: https://www.thehindu.com/news/cities/Hyderabad/nrai-hyderabad-chapter-urges-telangana-government-to-ensure-uninterrupted-supply-of-lpg-to-restaurants/article70738475.ece
2026-03-13 08:51:54,711 - INFO - [The Hindu] Attempt 1/1: Trying with 'selenium_browser' strategy...
2026-03-13 08:51:56,715 - INFO - [The Hindu] Page content loaded.
2026-03-13 08:51:57,052 - INFO - [The Hindu] Success with 'selenium_browser'. Found content (209 words).
2026-03-13 08:51:57,157 - INFO - Saved article: NRAI Hyderabad chapter urges Telangana government to ensure uninterrupted supply of LPG to restaurants - The Hindu from The Hindu
2026-03-13 08:51:58,155 - INFO - [The Hindu] Article: https://www.thehindu.com/news/national/odisha/rajya-sabha-electionbjd-congress-ask-mlas-not-to-leave-bhubaneswar-till-march-16/article70735771.ece
2026-03-13 08:51:58,156 - INFO - [The Hindu] Attempt 1/1: Trying with 'selenium_browser' strategy...
2026-03-13 08:52:01,324 - INFO - [The Hindu] Page content loaded.
2026-03-13 08:52:01,554 - INFO - [The Hindu] Success with 'selenium_browser'. Found content (791 words).
2026-03-13 08:52:01,672 - INFO - Saved article: Rajya Sabha election: BJD, Congress ask MLAs not to leave Bhubaneswar till March 16 - The Hindu from The Hindu
2026-03-13 08:52:02,535 - INFO - [The Hindu] Article: https://www.thehindu.com/news/national/kerala/lpg-shortage-forces-closure-of-over-100-kochi-hotels/article70738549.ece
2026-03-13 08:52:02,536 - INFO - [The Hindu] Attempt 1/1: Trying with 'selenium_browser' strategy...
2026-03-13 08:52:03,897 - INFO - [The Hindu] Page content loaded.
2026-03-13 08:52:03,973 - INFO - [The Hindu] Success with 'selenium_browser'. Found content (419 words).
2026-03-13 08:52:04,087 - INFO - Saved article: LPG shortage forces closure of over 100 Kochi hotels in Kerala - The Hindu from The Hindu
2026-03-13 08:52:05,158 - INFO - [The Hindu] Article: https://www.thehindu.com/news/cities/Hyderabad/lpg-shortage-begins-to-hit-hyderabad-restaurants-as-menus-shrink-an-outlet-shut-for-friday/article70738442.ece
2026-03-13 08:52:05,158 - INFO - [The Hindu] Attempt 1/1: Trying with 'selenium_browser' strategy...
2026-03-13 08:52:06,735 - INFO - [The Hindu] Page content loaded.
2026-03-13 08:52:06,853 - INFO - [The Hindu] Success with 'selenium_browser'. Found content (442 words).
2026-03-13 08:52:06,963 - INFO - Saved article: LPG shortage begins to hit Hyderabad restaurants as menus shrink; an outlet shut for Friday - The Hindu from The Hindu
2026-03-13 08:52:07,477 - INFO - [The Hindu] Article: https://www.thehindu.com/news/national/tamil-nadu/sasikala-announces-her-partys-name-all-india-puratchi-thalaivar-makkal-munnetra-kazhagam/article70738382.ece
2026-03-13 08:52:07,477 - INFO - [The Hindu] Attempt 1/1: Trying with 'selenium_browser' strategy...
2026-03-13 08:52:09,228 - INFO - [The Hindu] Page content loaded.
2026-03-13 08:52:09,361 - INFO - [The Hindu] Success with 'selenium_browser'. Found content (150 words).
2026-03-13 08:52:09,453 - INFO - Saved article: Sasikala announces her party’s name: All India Puratchi Thalaivar Makkal Munnetra Kazhagam - The Hindu from The Hindu
2026-03-13 08:52:10,932 - INFO - [The Hindu] Article: https://www.thehindu.com/news/national/india-bloc-mps-notice-removal-of-chief-election-commissioner-gyanesh-kumar-parliament/article70738543.ece
2026-03-13 08:52:10,932 - INFO - [The Hindu] Attempt 1/1: Trying with 'selenium_browser' strategy...
2026-03-13 08:52:11,997 - INFO - [The Hindu] Page content loaded.
2026-03-13 08:52:12,094 - INFO - [The Hindu] Success with 'selenium_browser'. Found content (268 words).
2026-03-13 08:52:12,183 - INFO - Saved article: INDIA bloc MPs submit notice seeking removal of CEC Gyanesh Kumar in Parliament - The Hindu from The Hindu
2026-03-13 08:52:13,163 - INFO - [The Hindu] Article: https://www.thehindu.com/news/national/telangana/sufficient-stock-will-be-supplied-to-domestic-lpg-users-no-shortage-in-telangana-civil-supplies-minister/article70738432.ece
2026-03-13 08:52:13,163 - INFO - [The Hindu] Attempt 1/1: Trying with 'selenium_browser' strategy...
2026-03-13 08:52:14,315 - INFO - [The Hindu] Page content loaded.
2026-03-13 08:52:14,513 - INFO - [The Hindu] Success with 'selenium_browser'. Found content (285 words).
2026-03-13 08:52:14,626 - INFO - Saved article: Sufficient stock will be supplied to domestic LPG users, no shortage in Telangana: Civil Supplies Minister - The Hindu from The Hindu
2026-03-13 08:52:15,874 - INFO - [The Hindu] (Thread) Finished. Attempting to shut down its Selenium driver.
2026-03-13 08:52:16,028 - INFO - [The Hindu] (Thread) driver.quit() successful.
2026-03-13 08:52:35,787 - ERROR - [Times of India] Request failed for strategy 'selenium_browser' on URL https://timesofindia.indiatimes.com/world/rest-of-world/japan-still-haunted-80-fear-another-disaster-15-years-after-the-deadly-2011-earthquake/articleshow/129541972.cms: Message: timeout: Timed out receiving message from renderer: 59.953
  (Session info: chrome=145.0.7632.116)
Stacktrace:
#0 0x556fff844b6a <unknown>
#1 0x556fff257a32 <unknown>
#2 0x556fff23f007 <unknown>
#3 0x556fff23ec16 <unknown>
#4 0x556fff23c731 <unknown>
#5 0x556fff23d0bf <unknown>
#6 0x556fff24c560 <unknown>
#7 0x556fff266707 <unknown>
#8 0x556fff26d8db <unknown>
#9 0x556fff23d829 <unknown>
#10 0x556fff26649c <unknown>
#11 0x556fff2f56e1 <unknown>
#12 0x556fff29ec0f <unknown>
#13 0x556fff29f9d1 <unknown>
#14 0x556fff8096b9 <unknown>
#15 0x556fff80c5c1 <unknown>
#16 0x556fff7f5e29 <unknown>
#17 0x556fff80d17e <unknown>
#18 0x556fff7dc4b0 <unknown>
#19 0x556fff831578 <unknown>
#20 0x556fff83174b <unknown>
#21 0x556fff8431a3 <unknown>
#22 0x7fbeeb29caa4 <unknown>
#23 0x7fbeeb329c6c <unknown>

2026-03-13 08:52:35,787 - ERROR - [Times of India] All scrape strategies failed for https://timesofindia.indiatimes.com/world/rest-of-world/japan-still-haunted-80-fear-another-disaster-15-years-after-the-deadly-2011-earthquake/articleshow/129541972.cms. Falling back to RSS description.
2026-03-13 08:52:35,789 - INFO - Saved article: Japan still haunted: 80% fear another disaster 15 years after the deadly 2011 earthquake from Times of India
2026-03-13 08:52:36,478 - INFO - [Times of India] Article: https://timesofindia.indiatimes.com/world/middle-east/middle-east-conflict-sirens-heard-at-turkeys-us-stationed-incirlik-base-residents-fear-missile-threat/articleshow/129542126.cms
2026-03-13 08:52:36,478 - INFO - [Times of India] Attempt 1/1: Trying with 'selenium_browser' strategy...
2026-03-13 08:52:41,218 - INFO - [Times of India] Page content loaded.
2026-03-13 08:52:41,411 - INFO - [Times of India] Success with 'selenium_browser'. Found content (282 words).
2026-03-13 08:52:41,487 - INFO - Saved article: Middle East conflict: Sirens heard at Turkey’s US-stationed Incirlik base, residents fear missile threat - The Times of India from Times of India
2026-03-13 08:52:42,318 - INFO - [Times of India] Article: https://timesofindia.indiatimes.com/world/us/corrupt-dangerous-administration-sole-muslim-woman-on-trumps-religious-committee-resigns-in-protest/articleshow/129540414.cms
2026-03-13 08:52:42,318 - INFO - [Times of India] Attempt 1/1: Trying with 'selenium_browser' strategy...
2026-03-13 08:52:44,024 - INFO - [Times of India] Page content loaded.
2026-03-13 08:52:44,307 - INFO - [Times of India] Success with 'selenium_browser'. Found content (713 words).
2026-03-13 08:52:44,404 - INFO - Saved article: 'Corrupt, dangerous administration': Sole Muslim woman on Trump's religious committee resigns in protest | World News - The Times of India from Times of India
2026-03-13 08:52:45,626 - INFO - [Times of India] Article: https://timesofindia.indiatimes.com/world/middle-east/did-iran-hit-us-warship-abraham-lincoln-what-we-know/articleshow/129538505.cms
2026-03-13 08:52:45,626 - INFO - [Times of India] Attempt 1/1: Trying with 'selenium_browser' strategy...
2026-03-13 08:52:47,620 - INFO - [Times of India] Page content loaded.
2026-03-13 08:52:47,760 - INFO - [Times of India] Success with 'selenium_browser'. Found content (527 words).
2026-03-13 08:52:47,846 - INFO - Duplicate article skipped: Us Iran War: Did Iran hit US warship Abraham Lincoln? What we know - The Times of India from Times of India
2026-03-13 08:52:48,447 - INFO - [Times of India] Article: https://timesofindia.indiatimes.com/world/us/we-are-totally-destroying-terrorist-regime-trump-issues-watch-what-happens-today-warning/articleshow/129539100.cms
2026-03-13 08:52:48,447 - INFO - [Times of India] Attempt 1/1: Trying with 'selenium_browser' strategy...
2026-03-13 08:52:49,104 - INFO - [Times of India] Page content loaded.
2026-03-13 08:52:49,286 - INFO - [Times of India] Success with 'selenium_browser'. Found content (373 words).
2026-03-13 08:52:49,351 - INFO - Duplicate article skipped: 'We are totally destroying terrorist regime': Trump issues 'watch what happens today 'warning - The Times of India from Times of India
2026-03-13 08:52:50,259 - INFO - [Times of India] Article: https://timesofindia.indiatimes.com/world/middle-east/dismantling-hezbollah-idf-bodycam-footage-captures-night-operations-in-lebanon-watch-video/articleshow/129537812.cms
2026-03-13 08:52:50,259 - INFO - [Times of India] Attempt 1/1: Trying with 'selenium_browser' strategy...
2026-03-13 08:52:51,172 - INFO - [Times of India] Page content loaded.
2026-03-13 08:52:51,421 - INFO - [Times of India] Success with 'selenium_browser'. Found content (359 words).
2026-03-13 08:52:51,474 - INFO - Duplicate article skipped: 'Dismantling Hezbollah': IDF bodycam footage captures night operations in Lebanon - watch video - The Times of India from Times of India
2026-03-13 08:52:52,035 - INFO - [Times of India] Article: https://timesofindia.indiatimes.com/world/middle-east/uae-news-police-crack-down-on-modified-cars-and-bikes-over-loud-explosion-sounds-amid-ongoing-regional-tensions/articleshow/129537903.cms
2026-03-13 08:52:52,035 - INFO - [Times of India] Attempt 1/1: Trying with 'selenium_browser' strategy...
2026-03-13 08:52:53,041 - INFO - [Times of India] Page content loaded.
2026-03-13 08:52:53,198 - INFO - [Times of India] Success with 'selenium_browser'. Found content (501 words).
2026-03-13 08:52:53,251 - INFO - Duplicate article skipped: Uae News: UAE News: Police crack down on modified cars and bikes over loud ‘explosion’ sounds amid ongoing regional tensions | World News - The Times of India from Times of India
2026-03-13 08:52:53,991 - INFO - [Times of India] Article: https://timesofindia.indiatimes.com/world/middle-east/no-life-insurance-netanyahus-stark-warning-to-irans-new-supreme-leader-mojtaba-khamenei-a-puppet-dig/articleshow/129536715.cms
2026-03-13 08:52:53,991 - INFO - [Times of India] Attempt 1/1: Trying with 'selenium_browser' strategy...
2026-03-13 08:52:54,666 - INFO - [Times of India] Page content loaded.
2026-03-13 08:52:54,849 - INFO - [Times of India] Success with 'selenium_browser'. Found content (713 words).
2026-03-13 08:52:54,912 - INFO - Duplicate article skipped: 'No life insurance': Netanyahu's stark warning to Iran's new supreme leader Mojtaba Khamenei & a 'puppet' dig - The Times of India from Times of India
2026-03-13 08:52:56,035 - INFO - [Times of India] Article: https://timesofindia.indiatimes.com/world/middle-east/not-going-to-close-irans-un-envoy-contradicts-mojtaba-khamenei-over-strait-of-hormuz-remarks/articleshow/129535437.cms
2026-03-13 08:52:56,035 - INFO - [Times of India] Attempt 1/1: Trying with 'selenium_browser' strategy...
2026-03-13 08:52:57,686 - INFO - [Times of India] Page content loaded.
2026-03-13 08:52:57,883 - INFO - [Times of India] Success with 'selenium_browser'. Found content (334 words).
2026-03-13 08:52:57,941 - INFO - Duplicate article skipped: ‘Not going to close’: Iran’s UN envoy contradicts Mojtaba Khamenei over Strait of Hormuz remarks - The Times of India from Times of India
2026-03-13 08:52:58,857 - INFO - [Times of India] Article: https://timesofindia.indiatimes.com/world/rest-of-world/acknowledging-the-obvious-russia-reacts-to-us-waiver-on-oil-amid-iran-war/articleshow/129535565.cms
2026-03-13 08:52:58,857 - INFO - [Times of India] Attempt 1/1: Trying with 'selenium_browser' strategy...
2026-03-13 08:52:59,682 - INFO - [Times of India] Page content loaded.
2026-03-13 08:52:59,921 - INFO - [Times of India] Success with 'selenium_browser'. Found content (344 words).
2026-03-13 08:52:59,974 - INFO - Duplicate article skipped: ‘Acknowledging the obvious’: Russia reacts to US waiver on oil amid Iran war - The Times of India from Times of India
2026-03-13 08:53:00,577 - INFO - [Times of India] (Thread) Finished. Attempting to shut down its Selenium driver.
2026-03-13 08:53:00,728 - INFO - [Times of India] (Thread) driver.quit() successful.
2026-03-13 08:53:00,729 - INFO - Shutting down thread pool (wait=False)...
2026-03-13 08:53:00,729 - INFO - Scraped: 3 Times of India, 10 The Hindu, 0 The Guardian, 1 BBC articles. (Total saved: 14)
2026-03-13 08:53:00,729 - INFO - --- Scraping job finished ---
2026-03-13 08:53:00,734 - INFO - --- Scraper service stopped and database connection closed. ---
2026-03-13 08:53:00,734 - INFO - --- Main thread finished. Forcing process exit to kill zombie threads. ---
