2026-03-13 18:53:46,570 - INFO - Initializing database connection at: news_articles.db
2026-03-13 18:53:46,571 - INFO - --- Scraper service started (CI Mode: Run Once) ---
2026-03-13 18:53:46,571 - INFO - --- Starting new scraping job (Parallel Mode) ---
2026-03-13 18:53:46,571 - INFO - Creating new robust session with 3 retries on 5xx/connection/read errors.
2026-03-13 18:53:46,571 - INFO - Proxy is DISABLED.
2026-03-13 18:53:46,572 - INFO - Starting scrape for BBC RSS feed: http://feeds.bbci.co.uk/news/world/rss.xml
2026-03-13 18:53:46,572 - INFO - [Times of India] (Thread) requires Selenium. Initializing driver...
2026-03-13 18:53:46,572 - INFO - Initializing headless Selenium Chrome driver (using SeleniumManager)...
2026-03-13 18:53:46,572 - INFO - Starting scrape for The Guardian RSS feed: https://www.theguardian.com/world/rss
2026-03-13 18:53:46,573 - INFO - [The Hindu] (Thread) requires Selenium. Initializing driver...
2026-03-13 18:53:46,573 - INFO - Initializing headless Selenium Chrome driver (using SeleniumManager)...
2026-03-13 18:53:46,573 - INFO - Submitted 4 jobs to thread pool. Waiting up to 300s for completion...
2026-03-13 18:53:46,697 - INFO - Found 38 articles in BBC RSS feed. Processing up to 10.
2026-03-13 18:53:46,697 - INFO - [BBC] Article: https://www.bbc.com/news/articles/cy0dz5ql17vo?at_medium=RSS&at_campaign=rss
2026-03-13 18:53:46,697 - INFO - [BBC] Attempt 1/1: Trying with 'requests_browser' strategy...
2026-03-13 18:53:46,708 - INFO - Found 45 articles in The Guardian RSS feed. Processing up to 10.
2026-03-13 18:53:46,708 - INFO - [The Guardian] Article: https://www.theguardian.com/world/2026/mar/13/france-returns-sacred-djidji-ayokwe-talking-drum-looted-from-cote-divoire
2026-03-13 18:53:46,708 - INFO - [The Guardian] Attempt 1/1: Trying with 'requests_browser' strategy...
2026-03-13 18:53:46,772 - INFO - [The Guardian] Success with 'requests_browser'. Found content (512 words).
2026-03-13 18:53:46,819 - INFO - Duplicate article skipped: France returns sacred talking drum looted from Côte d’Ivoire over 100 years ago | Côte d’Ivoire | The Guardian from The Guardian
2026-03-13 18:53:46,853 - INFO - [BBC] Success with 'requests_browser'. Found content (603 words).
2026-03-13 18:53:46,884 - INFO - Duplicate article skipped: All six crew members killed after US refuelling plane crashes in Iraq from BBC
2026-03-13 18:53:47,436 - INFO - [BBC] Article: https://www.bbc.com/news/articles/c1d6l67122wo?at_medium=RSS&at_campaign=rss
2026-03-13 18:53:47,436 - INFO - [BBC] Attempt 1/1: Trying with 'requests_browser' strategy...
2026-03-13 18:53:47,474 - INFO - [BBC] Success with 'requests_browser'. Found content (685 words).
2026-03-13 18:53:47,503 - INFO - Duplicate article skipped: Ukraine and allies fear easing Russian sanctions will prolong war from BBC
2026-03-13 18:53:47,568 - INFO - [The Guardian] Article: https://www.theguardian.com/us-news/2026/mar/12/trump-immigration-deportations-eswatini
2026-03-13 18:53:47,568 - INFO - [The Guardian] Attempt 1/1: Trying with 'requests_browser' strategy...
2026-03-13 18:53:47,621 - INFO - [The Guardian] Success with 'requests_browser'. Found content (528 words).
2026-03-13 18:53:47,649 - INFO - Duplicate article skipped: Eswatini says it received more ‘third country’ deportees as part of deal with Trump administration | Trump administration | The Guardian from The Guardian
2026-03-13 18:53:48,162 - INFO - [BBC] Article: https://www.bbc.com/news/articles/cx2lzlydg93o?at_medium=RSS&at_campaign=rss
2026-03-13 18:53:48,162 - INFO - [BBC] Attempt 1/1: Trying with 'requests_browser' strategy...
2026-03-13 18:53:48,193 - INFO - [BBC] Success with 'requests_browser'. Found content (340 words).
2026-03-13 18:53:48,242 - INFO - Saved article: Sheriff in Nancy Guthrie case believes they know kidnapper's motive from BBC
2026-03-13 18:53:49,099 - INFO - [The Guardian] Article: https://www.theguardian.com/global-development/2026/mar/12/uk-government-axes-flagship-global-health-project
2026-03-13 18:53:49,099 - INFO - [The Guardian] Attempt 1/1: Trying with 'requests_browser' strategy...
2026-03-13 18:53:49,155 - INFO - [The Guardian] Success with 'requests_browser'. Found content (626 words).
2026-03-13 18:53:49,182 - INFO - Duplicate article skipped: UK government axes flagship global health project | Global development | The Guardian from The Guardian
2026-03-13 18:53:49,194 - INFO - [BBC] Article: https://www.bbc.com/news/articles/cdxz0jpzk4do?at_medium=RSS&at_campaign=rss
2026-03-13 18:53:49,194 - INFO - [BBC] Attempt 1/1: Trying with 'requests_browser' strategy...
2026-03-13 18:53:49,225 - INFO - [BBC] Success with 'requests_browser'. Found content (517 words).
2026-03-13 18:53:49,256 - INFO - Duplicate article skipped: Michigan synagogue attack was 'hate, plain and simple', says governor from BBC
2026-03-13 18:53:50,416 - INFO - [BBC] Article: https://www.bbc.com/news/articles/cwy8zv9gp0go?at_medium=RSS&at_campaign=rss
2026-03-13 18:53:50,416 - INFO - [BBC] Attempt 1/1: Trying with 'requests_browser' strategy...
2026-03-13 18:53:50,448 - INFO - [BBC] Success with 'requests_browser'. Found content (567 words).
2026-03-13 18:53:50,478 - INFO - Duplicate article skipped: Cuba says it will release 51 prisoners in the coming days from BBC
2026-03-13 18:53:50,577 - INFO - [The Guardian] Article: https://www.theguardian.com/global-development/2026/mar/12/invasive-ai-led-mass-surveillance-in-africa-violating-freedoms-warn-experts
2026-03-13 18:53:50,578 - INFO - [The Guardian] Attempt 1/1: Trying with 'requests_browser' strategy...
2026-03-13 18:53:50,780 - INFO - [The Guardian] Success with 'requests_browser'. Found content (621 words).
2026-03-13 18:53:50,811 - INFO - Duplicate article skipped: ‘Invasive’ AI-led mass surveillance in Africa violating freedoms, warn experts | Global development | The Guardian from The Guardian
2026-03-13 18:53:51,519 - INFO - [BBC] Article: https://www.bbc.com/news/articles/c0436qkegdqo?at_medium=RSS&at_campaign=rss
2026-03-13 18:53:51,520 - INFO - [BBC] Attempt 1/1: Trying with 'requests_browser' strategy...
2026-03-13 18:53:51,554 - INFO - [BBC] Success with 'requests_browser'. Found content (573 words).
2026-03-13 18:53:51,608 - INFO - Duplicate article skipped: Supreme Court: India top court rejects menstrual leave petition saying 'no-one will hire women' from BBC
2026-03-13 18:53:51,858 - INFO - [The Guardian] Article: https://www.theguardian.com/world/2026/mar/11/at-least-17-killed-after-drone-strikes-school-in-sudan
2026-03-13 18:53:51,858 - INFO - [The Guardian] Attempt 1/1: Trying with 'requests_browser' strategy...
2026-03-13 18:53:51,915 - INFO - [The Guardian] Success with 'requests_browser'. Found content (363 words).
2026-03-13 18:53:51,954 - INFO - Duplicate article skipped: At least 17 killed after drone strikes school in Sudan | Sudan | The Guardian from The Guardian
2026-03-13 18:53:52,804 - INFO - [The Guardian] Article: https://www.theguardian.com/world/2026/mar/13/uruguayan-drug-trafficking-suspect-sebastian-marset-arrested-bolivia
2026-03-13 18:53:52,804 - INFO - [The Guardian] Attempt 1/1: Trying with 'requests_browser' strategy...
2026-03-13 18:53:52,924 - INFO - [The Guardian] Success with 'requests_browser'. Found content (471 words).
2026-03-13 18:53:52,924 - INFO - [BBC] Article: https://www.bbc.com/news/articles/c363lk4xk07o?at_medium=RSS&at_campaign=rss
2026-03-13 18:53:52,930 - INFO - [BBC] Attempt 1/1: Trying with 'requests_browser' strategy...
2026-03-13 18:53:52,956 - INFO - Saved article: Bolivia arrests alleged Uruguayan drug kingpin accused of putting hit on Paraguayan prosecutor | Bolivia | The Guardian from The Guardian
2026-03-13 18:53:52,978 - INFO - [BBC] Success with 'requests_browser'. Found content (284 words).
2026-03-13 18:53:53,007 - INFO - Duplicate article skipped: Iris Dena: Bodies of 84 Iranian sailors killed in US attack to be repatriated from BBC
2026-03-13 18:53:53,341 - INFO - Selenium driver initialized successfully.
2026-03-13 18:53:53,342 - INFO - Selenium driver initialized successfully.
2026-03-13 18:53:53,342 - INFO - Starting scrape for Times of India RSS feed: https://timesofindia.indiatimes.com/rssfeeds/296589292.cms
2026-03-13 18:53:53,342 - INFO - Starting scrape for The Hindu RSS feed: https://www.thehindu.com/news/national/feeder/default.rss
2026-03-13 18:53:53,438 - INFO - Found 100 articles in The Hindu RSS feed. Processing up to 10.
2026-03-13 18:53:53,438 - INFO - [The Hindu] Article: https://www.thehindu.com/news/national/karnataka/karnataka-high-court-notice-on-plea-against-govts-decision-to-use-veterinary-universitys-land-for-building-additional-quarters-for-judges/article70739827.ece
2026-03-13 18:53:53,438 - INFO - [The Hindu] Attempt 1/1: Trying with 'selenium_browser' strategy...
2026-03-13 18:53:53,505 - INFO - Found 20 articles in Times of India RSS feed. Processing up to 10.
2026-03-13 18:53:53,505 - INFO - [Times of India] Article: https://timesofindia.indiatimes.com/world/us/putin-might-be-helping-them-trump-hints-russia-could-be-aiding-iran/articleshow/129561705.cms
2026-03-13 18:53:53,505 - INFO - [Times of India] Attempt 1/1: Trying with 'selenium_browser' strategy...
2026-03-13 18:53:53,987 - INFO - [BBC] Article: https://www.bbc.com/news/articles/cd9g4dpjwgvo?at_medium=RSS&at_campaign=rss
2026-03-13 18:53:53,987 - INFO - [BBC] Attempt 1/1: Trying with 'requests_browser' strategy...
2026-03-13 18:53:54,028 - INFO - [BBC] Success with 'requests_browser'. Found content (676 words).
2026-03-13 18:53:54,075 - INFO - Duplicate article skipped: King expressed 'concern' over Alberta separatists, say First Nations chiefs after meeting from BBC
2026-03-13 18:53:54,147 - INFO - [The Guardian] Article: https://www.theguardian.com/us-news/ng-interactive/2026/mar/13/honduras-family-immigration-deportation
2026-03-13 18:53:54,147 - INFO - [The Guardian] Attempt 1/1: Trying with 'requests_browser' strategy...
2026-03-13 18:53:54,297 - INFO - [The Guardian] Success with 'requests_browser'. Found content (2720 words).
2026-03-13 18:53:54,352 - INFO - Duplicate article skipped: An environmental activist and her family escaped death threats in Honduras. ICE deported her husband anyway | US immigration | The Guardian from The Guardian
2026-03-13 18:53:55,191 - INFO - [BBC] Article: https://www.bbc.com/news/articles/c2k8wvzgqk7o?at_medium=RSS&at_campaign=rss
2026-03-13 18:53:55,191 - INFO - [BBC] Attempt 1/1: Trying with 'requests_browser' strategy...
2026-03-13 18:53:55,259 - INFO - [The Guardian] Article: https://www.theguardian.com/world/2026/mar/13/cuba-us-talks-miguel-diaz-canel-trump
2026-03-13 18:53:55,259 - INFO - [The Guardian] Attempt 1/1: Trying with 'requests_browser' strategy...
2026-03-13 18:53:55,277 - INFO - [BBC] Success with 'requests_browser'. Found content (615 words).
2026-03-13 18:53:55,352 - INFO - Duplicate article skipped: KPop Demon Hunters to return as Netflix announces sequel from BBC
2026-03-13 18:53:55,421 - INFO - [The Guardian] Success with 'requests_browser'. Found content (709 words).
2026-03-13 18:53:55,496 - INFO - Duplicate article skipped: Cuban president confirms talks with Trump officials amid US blockade | Cuba | The Guardian from The Guardian
2026-03-13 18:53:56,729 - INFO - [BBC] Article: https://www.bbc.com/news/articles/cdxzzqye9w0o?at_medium=RSS&at_campaign=rss
2026-03-13 18:53:56,729 - INFO - [BBC] Attempt 1/1: Trying with 'requests_browser' strategy...
2026-03-13 18:53:56,913 - INFO - [BBC] Success with 'requests_browser'. Found content (1054 words).
2026-03-13 18:53:56,951 - INFO - [The Guardian] Article: https://www.theguardian.com/uk-news/2026/mar/13/king-charles-alberta-separatism-canada-first-nations
2026-03-13 18:53:56,951 - INFO - [The Guardian] Attempt 1/1: Trying with 'requests_browser' strategy...
2026-03-13 18:53:57,028 - INFO - Duplicate article skipped: French vote tests polarised electorate with right hoping to win control of Paris from BBC
2026-03-13 18:53:57,066 - INFO - [The Guardian] Success with 'requests_browser'. Found content (552 words).
2026-03-13 18:53:57,170 - INFO - Duplicate article skipped: King Charles concerned about Alberta separatist movement, First Nation chief says | King Charles III | The Guardian from The Guardian
2026-03-13 18:53:58,544 - INFO - [The Guardian] Article: https://www.theguardian.com/world/2026/mar/12/two-plasma-donors-die-private-canada-clinics
2026-03-13 18:53:58,545 - INFO - [The Guardian] Attempt 1/1: Trying with 'requests_browser' strategy...
2026-03-13 18:53:58,796 - INFO - [The Guardian] Success with 'requests_browser'. Found content (1291 words).
2026-03-13 18:53:58,902 - INFO - Duplicate article skipped: Two people die after donating plasma at Canadian clinics under federal investigation | Canada | The Guardian from The Guardian
2026-03-13 18:54:01,432 - INFO - [The Hindu] Page content loaded.
2026-03-13 18:54:02,004 - INFO - [The Hindu] Success with 'selenium_browser'. Found content (353 words).
2026-03-13 18:54:02,313 - INFO - Saved article: Karnataka High Court notice on plea against govt.’s decision to use veterinary university’s land for building additional quarters for judges - The Hindu from The Hindu
2026-03-13 18:54:03,505 - INFO - [The Hindu] Article: https://www.thehindu.com/news/national/kerala/kerala-cabinet-approves-film-policy/article70740901.ece
2026-03-13 18:54:03,505 - INFO - [The Hindu] Attempt 1/1: Trying with 'selenium_browser' strategy...
2026-03-13 18:54:07,577 - INFO - [The Hindu] Page content loaded.
2026-03-13 18:54:07,960 - INFO - [The Hindu] Success with 'selenium_browser'. Found content (246 words).
2026-03-13 18:54:08,439 - INFO - Saved article: Kerala Cabinet approves Film Policy - The Hindu from The Hindu
2026-03-13 18:54:09,497 - INFO - [The Hindu] Article: https://www.thehindu.com/news/national/tamil-nadu/vck-hopes-to-keep-its-recognised-party-tag/article70739995.ece
2026-03-13 18:54:09,497 - INFO - [The Hindu] Attempt 1/1: Trying with 'selenium_browser' strategy...
2026-03-13 18:54:13,820 - INFO - [The Hindu] Page content loaded.
2026-03-13 18:54:13,909 - INFO - [The Hindu] Success with 'selenium_browser'. Found content (232 words).
2026-03-13 18:54:13,984 - INFO - Saved article: VCK hopes to keep its ‘recognised party’ tag - The Hindu from The Hindu
2026-03-13 18:54:15,415 - INFO - [The Hindu] Article: https://www.thehindu.com/news/national/kerala/around-100-iranian-sailors-fly-out-of-kochi-airport/article70740650.ece
2026-03-13 18:54:15,415 - INFO - [The Hindu] Attempt 1/1: Trying with 'selenium_browser' strategy...
2026-03-13 18:54:17,176 - INFO - [The Hindu] Page content loaded.
2026-03-13 18:54:17,626 - INFO - [The Hindu] Success with 'selenium_browser'. Found content (300 words).
2026-03-13 18:54:17,786 - INFO - Saved article: Around 100 Iranian sailors fly out of Kochi airport - The Hindu from The Hindu
2026-03-13 18:54:18,706 - INFO - [The Hindu] Article: https://www.thehindu.com/news/national/bihar/nitish-kumar-hints-at-samrat-choudhary-as-his-successor-in-bihar/article70739586.ece
2026-03-13 18:54:18,706 - INFO - [The Hindu] Attempt 1/1: Trying with 'selenium_browser' strategy...
2026-03-13 18:54:23,903 - INFO - [The Hindu] Page content loaded.
2026-03-13 18:54:24,064 - INFO - [The Hindu] Success with 'selenium_browser'. Found content (455 words).
2026-03-13 18:54:24,236 - INFO - Saved article: Nitish Kumar hints at Samrat Choudhary as his successor in Bihar - The Hindu from The Hindu
2026-03-13 18:54:25,474 - INFO - [The Hindu] Article: https://www.thehindu.com/news/national/telangana/former-mla-ramulu-passes-away/article70740720.ece
2026-03-13 18:54:25,474 - INFO - [The Hindu] Attempt 1/1: Trying with 'selenium_browser' strategy...
2026-03-13 18:54:26,124 - INFO - [The Hindu] Page content loaded.
2026-03-13 18:54:26,172 - INFO - [The Hindu] Success with 'selenium_browser'. Found content (140 words).
2026-03-13 18:54:26,210 - INFO - Saved article: Former MLA Ramulu passes away - The Hindu from The Hindu
2026-03-13 18:54:27,418 - INFO - [The Hindu] Article: https://www.thehindu.com/news/national/telangana/cm-castigates-the-naysayers-of-musi-project/article70740855.ece
2026-03-13 18:54:27,418 - INFO - [The Hindu] Attempt 1/1: Trying with 'selenium_browser' strategy...
2026-03-13 18:54:29,075 - INFO - [The Hindu] Page content loaded.
2026-03-13 18:54:29,279 - INFO - [The Hindu] Success with 'selenium_browser'. Found content (429 words).
2026-03-13 18:54:29,352 - INFO - Saved article: CM castigates the critics of Musi project - The Hindu from The Hindu
2026-03-13 18:54:30,573 - INFO - [The Hindu] Article: https://www.thehindu.com/news/national/andhra-pradesh/fuel-crisis-hoteliers-advised-to-trim-menus-cut-operating-hours/article70740732.ece
2026-03-13 18:54:30,573 - INFO - [The Hindu] Attempt 1/1: Trying with 'selenium_browser' strategy...
2026-03-13 18:54:32,178 - INFO - [The Hindu] Page content loaded.
2026-03-13 18:54:32,263 - INFO - [The Hindu] Success with 'selenium_browser'. Found content (340 words).
2026-03-13 18:54:32,349 - INFO - Saved article: Fuel crisis: hoteliers advised to trim menus, cut operating hours - The Hindu from The Hindu
2026-03-13 18:54:33,195 - INFO - [The Hindu] Article: https://www.thehindu.com/news/national/kerala/kerala-cabinet-approves-formulation-of-land-assignment-rules-for-use-of-pattaya-land-for-other-purposes/article70740942.ece
2026-03-13 18:54:33,196 - INFO - [The Hindu] Attempt 1/1: Trying with 'selenium_browser' strategy...
2026-03-13 18:54:34,926 - INFO - [The Hindu] Page content loaded.
2026-03-13 18:54:35,184 - INFO - [The Hindu] Success with 'selenium_browser'. Found content (157 words).
2026-03-13 18:54:35,245 - INFO - Saved article: Kerala Cabinet approves formulation of land assignment rules for use of pattaya land for other purposes - The Hindu from The Hindu
2026-03-13 18:54:36,245 - INFO - [The Hindu] Article: https://www.thehindu.com/news/national/haryana-rajya-sabha-polls-congress-mlas-reach-himachal-pradesh-to-prevent-cross-voting/article70740394.ece
2026-03-13 18:54:36,245 - INFO - [The Hindu] Attempt 1/1: Trying with 'selenium_browser' strategy...
2026-03-13 18:54:37,386 - INFO - [The Hindu] Page content loaded.
2026-03-13 18:54:37,588 - INFO - [The Hindu] Success with 'selenium_browser'. Found content (367 words).
2026-03-13 18:54:37,650 - INFO - Saved article: Haryana Rajya Sabha polls: Congress MLAs reach Himachal Pradesh to prevent cross-voting - The Hindu from The Hindu
2026-03-13 18:54:38,276 - INFO - [The Hindu] (Thread) Finished. Attempting to shut down its Selenium driver.
2026-03-13 18:54:38,454 - INFO - [The Hindu] (Thread) driver.quit() successful.
2026-03-13 18:54:53,525 - ERROR - [Times of India] Request failed for strategy 'selenium_browser' on URL https://timesofindia.indiatimes.com/world/us/putin-might-be-helping-them-trump-hints-russia-could-be-aiding-iran/articleshow/129561705.cms: Message: timeout: Timed out receiving message from renderer: 59.944
  (Session info: chrome=145.0.7632.116)
Stacktrace:
#0 0x56514ba52b6a <unknown>
#1 0x56514b465a32 <unknown>
#2 0x56514b44d007 <unknown>
#3 0x56514b44cc16 <unknown>
#4 0x56514b44a731 <unknown>
#5 0x56514b44b0bf <unknown>
#6 0x56514b45a560 <unknown>
#7 0x56514b474707 <unknown>
#8 0x56514b47b8db <unknown>
#9 0x56514b44b829 <unknown>
#10 0x56514b47449c <unknown>
#11 0x56514b5036e1 <unknown>
#12 0x56514b4acc0f <unknown>
#13 0x56514b4ad9d1 <unknown>
#14 0x56514ba176b9 <unknown>
#15 0x56514ba1a5c1 <unknown>
#16 0x56514ba03e29 <unknown>
#17 0x56514ba1b17e <unknown>
#18 0x56514b9ea4b0 <unknown>
#19 0x56514ba3f578 <unknown>
#20 0x56514ba3f74b <unknown>
#21 0x56514ba511a3 <unknown>
#22 0x7fb39bc9caa4 <unknown>
#23 0x7fb39bd29c6c <unknown>

2026-03-13 18:54:53,525 - ERROR - [Times of India] All scrape strategies failed for https://timesofindia.indiatimes.com/world/us/putin-might-be-helping-them-trump-hints-russia-could-be-aiding-iran/articleshow/129561705.cms. Falling back to RSS description.
2026-03-13 18:54:53,527 - INFO - Saved article: ‘Putin might be helping them’: Trump hints Russia could be aiding Iran from Times of India
2026-03-13 18:54:54,425 - INFO - [Times of India] Article: https://timesofindia.indiatimes.com/world/europe/the-cheese-ritual-inside-the-660-year-old-dutch-market-where-men-in-white-race-with-giant-cheese-wheels/articleshow/129561784.cms
2026-03-13 18:54:54,425 - INFO - [Times of India] Attempt 1/1: Trying with 'selenium_browser' strategy...
2026-03-13 18:54:59,477 - INFO - [Times of India] Page content loaded.
2026-03-13 18:54:59,741 - INFO - [Times of India] Success with 'selenium_browser'. Found content (1235 words).
2026-03-13 18:54:59,816 - INFO - Saved article: The Cheese ritual: Inside the 660-year-old Dutch market where men in white race with giant cheese wheels | World News - The Times of India from Times of India
2026-03-13 18:55:00,901 - INFO - [Times of India] Article: https://timesofindia.indiatimes.com/world/uk/wrongly-jailed-while-pregnant-in-uk-post-office-scandal-indian-origin-woman-still-awaits-justice-after-15-years/articleshow/129561631.cms
2026-03-13 18:55:00,902 - INFO - [Times of India] Attempt 1/1: Trying with 'selenium_browser' strategy...
2026-03-13 18:55:01,758 - INFO - [Times of India] Page content loaded.
2026-03-13 18:55:01,996 - INFO - [Times of India] Success with 'selenium_browser'. Found content (701 words).
2026-03-13 18:55:02,045 - INFO - Saved article: UK Post Office scandal: Indian-origin woman wrongly jailed during pregnancy still awaits justice after 15 years - The Times of India from Times of India
2026-03-13 18:55:03,398 - INFO - [Times of India] Article: https://timesofindia.indiatimes.com/world/us/the-h-1b-fee-is-working-us-investor-reacts-to-reduced-visa-filings-amid-100000-fee-says-top-talent-is-not-talented-enough/articleshow/129559794.cms
2026-03-13 18:55:03,398 - INFO - [Times of India] Attempt 1/1: Trying with 'selenium_browser' strategy...
2026-03-13 18:55:07,765 - INFO - [Times of India] Page content loaded.
2026-03-13 18:55:07,947 - INFO - [Times of India] Success with 'selenium_browser'. Found content (570 words).
2026-03-13 18:55:08,014 - INFO - Saved article: 'The H-1B fee is working’: US investor reacts to reduced visa filings amid $100,000 fee, says ‘top talent is not talented enough’ - The Times of India from Times of India
2026-03-13 18:55:08,818 - INFO - [Times of India] Article: https://timesofindia.indiatimes.com/world/us/president-marco-rubio-in-2028-kalshi-predicts-secretary-of-state-is-favourite-ahead-of-jd-vance-and-gavin-newsom/articleshow/129560772.cms
2026-03-13 18:55:08,818 - INFO - [Times of India] Attempt 1/1: Trying with 'selenium_browser' strategy...
2026-03-13 18:55:10,033 - INFO - [Times of India] Page content loaded.
2026-03-13 18:55:10,234 - INFO - [Times of India] Success with 'selenium_browser'. Found content (866 words).
2026-03-13 18:55:10,283 - INFO - Saved article: President Marco Rubio in 2028? Kalshi predicts Secretary of State is favourite ahead of JD Vance and Gavin Newsom | World News - The Times of India from Times of India
2026-03-13 18:55:11,486 - INFO - [Times of India] Article: https://timesofindia.indiatimes.com/world/uk/im-scared-to-go-out-in-manchester-now-uk-woman-fined-euro-150-after-feeding-pigeon-piece-of-mcdonalds-wrap/articleshow/129558632.cms
2026-03-13 18:55:11,487 - INFO - [Times of India] Attempt 1/1: Trying with 'selenium_browser' strategy...
2026-03-13 18:55:13,199 - INFO - [Times of India] Page content loaded.
2026-03-13 18:55:13,378 - INFO - [Times of India] Success with 'selenium_browser'. Found content (515 words).
2026-03-13 18:55:13,435 - INFO - Duplicate article skipped: ‘I’m scared to go out in Manchester now’: UK woman fined £150 after feeding pigeon piece of McDonald’s wrap - The Times of India from Times of India
2026-03-13 18:55:14,621 - INFO - [Times of India] Article: https://timesofindia.indiatimes.com/world/uk/150-fine-for-feeding-a-pigeon-woman-stunned-by-penalty-in-manchester-park/articleshow/129558470.cms
2026-03-13 18:55:14,621 - INFO - [Times of India] Attempt 1/1: Trying with 'selenium_browser' strategy...
2026-03-13 18:55:15,949 - INFO - [Times of India] Page content loaded.
2026-03-13 18:55:16,094 - INFO - [Times of India] Success with 'selenium_browser'. Found content (466 words).
2026-03-13 18:55:16,156 - INFO - Duplicate article skipped: £150 fine for feeding a pigeon? Woman stunned by penalty in Manchester park - The Times of India from Times of India
2026-03-13 18:55:16,905 - INFO - [Times of India] Article: https://timesofindia.indiatimes.com/world/us/indianorigin-real-estate-developer-rishi-kapoor-charged-in-85million-fraud-scheme-to-buy-68foot-luxury-yacht-in-miami/articleshow/129558283.cms
2026-03-13 18:55:16,905 - INFO - [Times of India] Attempt 1/1: Trying with 'selenium_browser' strategy...
2026-03-13 18:55:19,163 - INFO - [Times of India] Page content loaded.
2026-03-13 18:55:19,280 - INFO - [Times of India] Success with 'selenium_browser'. Found content (407 words).
2026-03-13 18:55:19,333 - INFO - Duplicate article skipped: Indian‑origin real estate developer Rishi Kapoor charged in $85 million fraud scheme to buy 68‑foot luxury yacht in Miami - The Times of India from Times of India
2026-03-13 18:55:20,649 - INFO - [Times of India] Article: https://timesofindia.indiatimes.com/world/uk/uk-man-went-to-the-gym-after-killing-wife-and-blamed-mysterious-voices-for-the-murder/articleshow/129557898.cms
2026-03-13 18:55:20,649 - INFO - [Times of India] Attempt 1/1: Trying with 'selenium_browser' strategy...
2026-03-13 18:55:24,906 - INFO - [Times of India] Page content loaded.
2026-03-13 18:55:25,146 - INFO - [Times of India] Success with 'selenium_browser'. Found content (607 words).
2026-03-13 18:55:25,187 - INFO - Duplicate article skipped: UK man went to the gym after killing wife and blamed mysterious voices for the murder | World News - The Times of India from Times of India
2026-03-13 18:55:26,354 - INFO - [Times of India] Article: https://timesofindia.indiatimes.com/world/uk/suv-drivers-to-face-extra-charges-for-driving-in-london-heres-what-mayor-sadiq-khan-said/articleshow/129556711.cms
2026-03-13 18:55:26,354 - INFO - [Times of India] Attempt 1/1: Trying with 'selenium_browser' strategy...
2026-03-13 18:55:27,773 - INFO - [Times of India] Page content loaded.
2026-03-13 18:55:27,878 - INFO - [Times of India] Success with 'selenium_browser'. Found content (556 words).
2026-03-13 18:55:27,928 - INFO - Duplicate article skipped: SUV drivers to face extra charges for driving in London? Here’s what mayor Sadiq Khan said - The Times of India from Times of India
2026-03-13 18:55:29,267 - INFO - [Times of India] (Thread) Finished. Attempting to shut down its Selenium driver.
2026-03-13 18:55:29,472 - INFO - [Times of India] (Thread) driver.quit() successful.
2026-03-13 18:55:29,472 - INFO - Shutting down thread pool (wait=False)...
2026-03-13 18:55:29,472 - INFO - Scraped: 10 The Hindu, 1 The Guardian, 1 BBC, 5 Times of India articles. (Total saved: 17)
2026-03-13 18:55:29,473 - INFO - --- Scraping job finished ---
2026-03-13 18:55:29,479 - INFO - --- Scraper service stopped and database connection closed. ---
2026-03-13 18:55:29,479 - INFO - --- Main thread finished. Forcing process exit to kill zombie threads. ---
