2026-03-08 02:40:41,095 - INFO - Initializing database connection at: news_articles.db
2026-03-08 02:40:41,095 - INFO - --- Scraper service started (CI Mode: Run Once) ---
2026-03-08 02:40:41,095 - INFO - --- Starting new scraping job (Parallel Mode) ---
2026-03-08 02:40:41,095 - INFO - Creating new robust session with 3 retries on 5xx/connection/read errors.
2026-03-08 02:40:41,096 - INFO - Proxy is DISABLED.
2026-03-08 02:40:41,097 - INFO - Starting scrape for BBC RSS feed: http://feeds.bbci.co.uk/news/world/rss.xml
2026-03-08 02:40:41,097 - INFO - [Times of India] (Thread) requires Selenium. Initializing driver...
2026-03-08 02:40:41,097 - INFO - Initializing headless Selenium Chrome driver (using SeleniumManager)...
2026-03-08 02:40:41,097 - INFO - Starting scrape for The Guardian RSS feed: https://www.theguardian.com/world/rss
2026-03-08 02:40:41,098 - INFO - [The Hindu] (Thread) requires Selenium. Initializing driver...
2026-03-08 02:40:41,098 - INFO - Initializing headless Selenium Chrome driver (using SeleniumManager)...
2026-03-08 02:40:41,098 - INFO - Submitted 4 jobs to thread pool. Waiting up to 300s for completion...
2026-03-08 02:40:41,202 - INFO - Found 45 articles in The Guardian RSS feed. Processing up to 10.
2026-03-08 02:40:41,202 - INFO - [The Guardian] Article: https://www.theguardian.com/world/2026/mar/07/descendants-of-zimbabwe-resistance-heroes-urge-uk-to-locate-looted-skulls
2026-03-08 02:40:41,202 - INFO - [The Guardian] Attempt 1/1: Trying with 'requests_browser' strategy...
2026-03-08 02:40:41,251 - INFO - [The Guardian] Success with 'requests_browser'. Found content (916 words).
2026-03-08 02:40:41,293 - INFO - Duplicate article skipped: Descendants of Zimbabwe resistance heroes urge UK to locate looted skulls | Zimbabwe | The Guardian from The Guardian
2026-03-08 02:40:41,305 - INFO - Found 27 articles in BBC RSS feed. Processing up to 10.
2026-03-08 02:40:41,305 - INFO - [BBC] Article: https://www.bbc.com/news/articles/cy8l2p2l3v0o?at_medium=RSS&at_campaign=rss
2026-03-08 02:40:41,305 - INFO - [BBC] Attempt 1/1: Trying with 'requests_browser' strategy...
2026-03-08 02:40:41,448 - INFO - [BBC] Success with 'requests_browser'. Found content (1079 words).
2026-03-08 02:40:41,492 - INFO - Duplicate article skipped: Dozens killed as Israeli special forces raid Lebanese village in search of 40-year-old remains from BBC
2026-03-08 02:40:42,312 - INFO - [The Guardian] Article: https://www.theguardian.com/global-development/2026/mar/06/generic-drugs-weight-loss-semaglutide-ozempic-wegovy-diabetes-obesity-study
2026-03-08 02:40:42,312 - INFO - [The Guardian] Attempt 1/1: Trying with 'requests_browser' strategy...
2026-03-08 02:40:42,380 - INFO - [The Guardian] Success with 'requests_browser'. Found content (612 words).
2026-03-08 02:40:42,415 - INFO - Duplicate article skipped: Weight-loss jab could be made for $3 a month, study finds | Global health | The Guardian from The Guardian
2026-03-08 02:40:42,529 - INFO - [BBC] Article: https://www.bbc.com/news/articles/cq6qp458zv1o?at_medium=RSS&at_campaign=rss
2026-03-08 02:40:42,529 - INFO - [BBC] Attempt 1/1: Trying with 'requests_browser' strategy...
2026-03-08 02:40:42,578 - INFO - [BBC] Success with 'requests_browser'. Found content (830 words).
2026-03-08 02:40:42,620 - INFO - Duplicate article skipped: Iran ambassador warns UK to be 'very careful' about involvement in war from BBC
2026-03-08 02:40:43,584 - INFO - [The Guardian] Article: https://www.theguardian.com/world/2026/mar/05/three-men-deported-us-eswatini-legal-case-detention
2026-03-08 02:40:43,584 - INFO - [The Guardian] Attempt 1/1: Trying with 'requests_browser' strategy...
2026-03-08 02:40:43,707 - INFO - [The Guardian] Success with 'requests_browser'. Found content (520 words).
2026-03-08 02:40:43,744 - INFO - Duplicate article skipped: Three men deported by US file legal case against Eswatini over detention | Eswatini | The Guardian from The Guardian
2026-03-08 02:40:43,970 - INFO - [BBC] Article: https://www.bbc.com/news/articles/c62662gzlp8o?at_medium=RSS&at_campaign=rss
2026-03-08 02:40:43,970 - INFO - [BBC] Attempt 1/1: Trying with 'requests_browser' strategy...
2026-03-08 02:40:44,012 - INFO - [BBC] Success with 'requests_browser'. Found content (882 words).
2026-03-08 02:40:44,053 - INFO - Duplicate article skipped: Armed robots take to the battlefield in Ukraine war from BBC
2026-03-08 02:40:44,945 - INFO - [The Guardian] Article: https://www.theguardian.com/world/2026/mar/05/south-africa-president-cyril-ramaphosa-calls-donald-trump-policy-white-afrikaners-racist
2026-03-08 02:40:44,946 - INFO - [The Guardian] Attempt 1/1: Trying with 'requests_browser' strategy...
2026-03-08 02:40:45,063 - INFO - [The Guardian] Success with 'requests_browser'. Found content (410 words).
2026-03-08 02:40:45,103 - INFO - Duplicate article skipped: South Africa’s president calls Trump’s policy to offer refuge to white Afrikaners ‘racist’ | South Africa | The Guardian from The Guardian
2026-03-08 02:40:45,243 - INFO - [BBC] Article: https://www.bbc.com/news/articles/c5y5lqygrn7o?at_medium=RSS&at_campaign=rss
2026-03-08 02:40:45,243 - INFO - [BBC] Attempt 1/1: Trying with 'requests_browser' strategy...
2026-03-08 02:40:45,289 - INFO - [BBC] Success with 'requests_browser'. Found content (1134 words).
2026-03-08 02:40:45,334 - INFO - Duplicate article skipped: We've been speaking to Iranians during one week of war. Here's what they said from BBC
2026-03-08 02:40:45,849 - INFO - [BBC] Article: https://www.bbc.com/news/articles/crrxpwzvd5vo?at_medium=RSS&at_campaign=rss
2026-03-08 02:40:45,849 - INFO - [BBC] Attempt 1/1: Trying with 'requests_browser' strategy...
2026-03-08 02:40:45,888 - INFO - [BBC] Success with 'requests_browser'. Found content (506 words).
2026-03-08 02:40:45,931 - INFO - Duplicate article skipped: Boy, 12, among six dead as tornadoes hit Michigan and Oklahoma from BBC
2026-03-08 02:40:46,162 - INFO - [The Guardian] Article: https://www.theguardian.com/sport/2026/mar/05/lewis-hamilton-race-africa-grand-prix-retiring-formula-one-colonial
2026-03-08 02:40:46,162 - INFO - [The Guardian] Attempt 1/1: Trying with 'requests_browser' strategy...
2026-03-08 02:40:46,276 - INFO - [The Guardian] Success with 'requests_browser'. Found content (409 words).
2026-03-08 02:40:46,346 - INFO - Duplicate article skipped: Lewis Hamilton sets sights on racing in an African grand prix before retiring | Lewis Hamilton | The Guardian from The Guardian
2026-03-08 02:40:47,066 - INFO - [BBC] Article: https://www.bbc.com/news/articles/c93w6y0lnd9o?at_medium=RSS&at_campaign=rss
2026-03-08 02:40:47,066 - INFO - [BBC] Attempt 1/1: Trying with 'requests_browser' strategy...
2026-03-08 02:40:47,100 - INFO - [BBC] Success with 'requests_browser'. Found content (435 words).
2026-03-08 02:40:47,157 - INFO - Duplicate article skipped: Rapper-politician Balendra Shah on course to be Nepal's next prime minister from BBC
2026-03-08 02:40:47,755 - INFO - [The Guardian] Article: https://www.theguardian.com/world/2026/mar/07/peru-nightclub-bombing
2026-03-08 02:40:47,756 - INFO - [The Guardian] Attempt 1/1: Trying with 'requests_browser' strategy...
2026-03-08 02:40:47,781 - INFO - [The Guardian] Success with 'requests_browser'. Found content (288 words).
2026-03-08 02:40:47,815 - INFO - Duplicate article skipped: Bombing at nightclub in Peru injures 33 people, including minors | Peru | The Guardian from The Guardian
2026-03-08 02:40:48,029 - INFO - [BBC] Article: https://www.bbc.com/news/articles/cn87pl8e2l5o?at_medium=RSS&at_campaign=rss
2026-03-08 02:40:48,029 - INFO - [BBC] Attempt 1/1: Trying with 'requests_browser' strategy...
2026-03-08 02:40:48,097 - INFO - [BBC] Success with 'requests_browser'. Found content (353 words).
2026-03-08 02:40:48,140 - INFO - Duplicate article skipped: Nairobi floods: At least 23 dead after heavy rains with Kenyan military deployed from BBC
2026-03-08 02:40:48,635 - INFO - [The Guardian] Article: https://www.theguardian.com/us-news/2026/mar/07/trump-shield-of-americas-summit
2026-03-08 02:40:48,635 - INFO - [The Guardian] Attempt 1/1: Trying with 'requests_browser' strategy...
2026-03-08 02:40:48,660 - INFO - [The Guardian] Success with 'requests_browser'. Found content (714 words).
2026-03-08 02:40:48,708 - INFO - Duplicate article skipped: Trump convenes ‘Shield of Americas’ summit with 12 Latin American leaders | Donald Trump | The Guardian from The Guardian
2026-03-08 02:40:49,488 - INFO - [The Guardian] Article: https://www.theguardian.com/us-news/2026/mar/07/deaf-six-year-old-deported-colombia
2026-03-08 02:40:49,488 - INFO - [The Guardian] Attempt 1/1: Trying with 'requests_browser' strategy...
2026-03-08 02:40:49,516 - INFO - [The Guardian] Success with 'requests_browser'. Found content (766 words).
2026-03-08 02:40:49,538 - INFO - [BBC] Article: https://www.bbc.com/news/articles/c4g55v24wrno?at_medium=RSS&at_campaign=rss
2026-03-08 02:40:49,543 - INFO - [BBC] Attempt 1/1: Trying with 'requests_browser' strategy...
2026-03-08 02:40:49,556 - INFO - Duplicate article skipped: ICE deports family, including deaf boy who wasn’t given his assistive devices | California | The Guardian from The Guardian
2026-03-08 02:40:49,597 - INFO - [BBC] Success with 'requests_browser'. Found content (843 words).
2026-03-08 02:40:49,637 - INFO - Selenium driver initialized successfully.
2026-03-08 02:40:49,638 - INFO - Selenium driver initialized successfully.
2026-03-08 02:40:49,646 - INFO - Starting scrape for The Hindu RSS feed: https://www.thehindu.com/news/national/feeder/default.rss
2026-03-08 02:40:49,647 - INFO - Starting scrape for Times of India RSS feed: https://timesofindia.indiatimes.com/rssfeeds/296589292.cms
2026-03-08 02:40:49,649 - INFO - Duplicate article skipped: Swiss to vote on right-wing push to slash licence fee for public broadcaster from BBC
2026-03-08 02:40:49,768 - INFO - Found 100 articles in The Hindu RSS feed. Processing up to 10.
2026-03-08 02:40:49,768 - INFO - [The Hindu] Article: https://www.thehindu.com/sci-tech/science/women-in-stem-why-india-leaky-pipeline-in-research-unlike-rest-of-world/article70707220.ece
2026-03-08 02:40:49,768 - INFO - [The Hindu] Attempt 1/1: Trying with 'selenium_browser' strategy...
2026-03-08 02:40:49,855 - INFO - Found 20 articles in Times of India RSS feed. Processing up to 10.
2026-03-08 02:40:49,856 - INFO - [Times of India] Article: https://timesofindia.indiatimes.com/world/middle-east/us-israel-iran-war-news-live-udates-middle-east-crisis-conflict-drone-ballistic-missile-attacks-explosions-flights-status-dubai-uae-qatar-tehran-gulf-donald-trump-netanyahu-khamenei/liveblog/129190174.cms
2026-03-08 02:40:49,856 - INFO - [Times of India] Attempt 1/1: Trying with 'selenium_browser' strategy...
2026-03-08 02:40:50,330 - INFO - [The Guardian] Article: https://www.theguardian.com/world/2026/mar/07/an-ideological-guest-list-trump-invites-latin-americas-rightwing-leaders-to-florida-summit
2026-03-08 02:40:50,330 - INFO - [The Guardian] Attempt 1/1: Trying with 'requests_browser' strategy...
2026-03-08 02:40:50,363 - INFO - [The Guardian] Success with 'requests_browser'. Found content (1025 words).
2026-03-08 02:40:50,419 - INFO - Duplicate article skipped: ‘An ideological guest list’: Trump invites Latin America’s rightwing leaders to Florida summit | Americas | The Guardian from The Guardian
2026-03-08 02:40:50,465 - INFO - [BBC] Article: https://www.bbc.com/news/articles/cn8zd049l08o?at_medium=RSS&at_campaign=rss
2026-03-08 02:40:50,465 - INFO - [BBC] Attempt 1/1: Trying with 'requests_browser' strategy...
2026-03-08 02:40:50,524 - INFO - [BBC] Success with 'requests_browser'. Found content (359 words).
2026-03-08 02:40:50,591 - INFO - Duplicate article skipped: Russian strike on Kharkiv apartment block kills ten from BBC
2026-03-08 02:40:50,974 - INFO - [The Guardian] Article: https://www.theguardian.com/global-development/2026/mar/06/peruvian-state-responsible-for-mothers-death-in-forced-sterilisation-court-rules
2026-03-08 02:40:50,974 - INFO - [The Guardian] Attempt 1/1: Trying with 'requests_browser' strategy...
2026-03-08 02:40:51,026 - INFO - [The Guardian] Success with 'requests_browser'. Found content (533 words).
2026-03-08 02:40:51,089 - INFO - Duplicate article skipped: Peruvian state responsible for mother’s death in forced sterilisation, court rules | Global development | The Guardian from The Guardian
2026-03-08 02:40:51,771 - INFO - [BBC] Article: https://www.bbc.com/news/articles/c5yvw0zwpd5o?at_medium=RSS&at_campaign=rss
2026-03-08 02:40:51,772 - INFO - [BBC] Attempt 1/1: Trying with 'requests_browser' strategy...
2026-03-08 02:40:52,040 - INFO - [BBC] Success with 'requests_browser'. Found content (1093 words).
2026-03-08 02:40:52,216 - INFO - Duplicate article skipped: China spent years building ties in Latin America. Can Trump make room for the US? from BBC
2026-03-08 02:40:54,431 - INFO - [The Hindu] Page content loaded.
2026-03-08 02:40:54,924 - INFO - [The Hindu] Success with 'selenium_browser'. Found content (935 words).
2026-03-08 02:40:55,187 - INFO - Saved article: Why India’s ‘leaky pipeline’ in research is unlike the rest of the world - The Hindu from The Hindu
2026-03-08 02:40:55,786 - INFO - [The Hindu] Article: https://www.thehindu.com/news/national/uttarakhand/delhi-woman-hides-in-uttarakhand-forest-overnight-to-escape-rape-attempt-by-taxi-driver/article70717985.ece
2026-03-08 02:40:55,786 - INFO - [The Hindu] Attempt 1/1: Trying with 'selenium_browser' strategy...
2026-03-08 02:41:03,706 - INFO - [The Hindu] Page content loaded.
2026-03-08 02:41:03,833 - INFO - [The Hindu] Success with 'selenium_browser'. Found content (357 words).
2026-03-08 02:41:03,973 - INFO - Saved article: Delhi woman hides in Uttarakhand forest overnight to escape rape by taxi driver - The Hindu from The Hindu
2026-03-08 02:41:05,310 - INFO - [The Hindu] Article: https://www.thehindu.com/news/national/karnataka/many-colorectal-cancer-patients-in-india-diagnosed-at-advanced-stage-finds-kidwai-study/article70708271.ece
2026-03-08 02:41:05,310 - INFO - [The Hindu] Attempt 1/1: Trying with 'selenium_browser' strategy...
2026-03-08 02:41:06,276 - INFO - [The Hindu] Page content loaded.
2026-03-08 02:41:06,465 - INFO - [The Hindu] Success with 'selenium_browser'. Found content (606 words).
2026-03-08 02:41:06,566 - INFO - Saved article: Many colorectal cancer patients in India diagnosed at advanced stage, finds Kidwai study - The Hindu from The Hindu
2026-03-08 02:41:07,155 - INFO - [The Hindu] Article: https://www.thehindu.com/news/national/tamil-nadu/onwards-and-upwards-women-of-tamil-nadu-claim-their-space-in-local-administration/article70715224.ece
2026-03-08 02:41:07,155 - INFO - [The Hindu] Attempt 1/1: Trying with 'selenium_browser' strategy...
2026-03-08 02:41:09,686 - INFO - [The Hindu] Page content loaded.
2026-03-08 02:41:09,885 - INFO - [The Hindu] Success with 'selenium_browser'. Found content (1802 words).
2026-03-08 02:41:10,044 - INFO - Saved article: Onwards and upwards: women of Tamil Nadu claim their space in local administration - The Hindu from The Hindu
2026-03-08 02:41:10,640 - INFO - [The Hindu] Article: https://www.thehindu.com/news/national/uttar-pradesh/yogi-adityanath-pays-tribute-to-uttar-pradeshs-first-cm-govind-ballabh-pant-on-his-death-anniversary/article70716207.ece
2026-03-08 02:41:10,640 - INFO - [The Hindu] Attempt 1/1: Trying with 'selenium_browser' strategy...
2026-03-08 02:41:11,432 - INFO - [The Hindu] Page content loaded.
2026-03-08 02:41:11,691 - INFO - [The Hindu] Success with 'selenium_browser'. Found content (324 words).
2026-03-08 02:41:11,802 - INFO - Saved article: Yogi Adityanath pays tribute to Uttar Pradesh’s first CM Govind Ballabh Pant on his death anniversary - The Hindu from The Hindu
2026-03-08 02:41:12,500 - INFO - [The Hindu] Article: https://www.thehindu.com/news/national/tamil-nadu/business-leaders-call-for-stronger-ecosystems-that-empower-women-at-thaaragai-2026-summit/article70715359.ece
2026-03-08 02:41:12,500 - INFO - [The Hindu] Attempt 1/1: Trying with 'selenium_browser' strategy...
2026-03-08 02:41:13,949 - INFO - [The Hindu] Page content loaded.
2026-03-08 02:41:14,203 - INFO - [The Hindu] Success with 'selenium_browser'. Found content (319 words).
2026-03-08 02:41:14,316 - INFO - Saved article: Business leaders call for stronger ecosystems that empower women at Thaaragai 2026 summit - The Hindu from The Hindu
2026-03-08 02:41:15,809 - INFO - [The Hindu] Article: https://www.thehindu.com/news/national/tamil-nadu/tn-institutions-have-completed-almost-all-projects-funded-under-rusa-union-joint-secretary/article70716610.ece
2026-03-08 02:41:15,809 - INFO - [The Hindu] Attempt 1/1: Trying with 'selenium_browser' strategy...
2026-03-08 02:41:18,147 - INFO - [The Hindu] Page content loaded.
2026-03-08 02:41:18,365 - INFO - [The Hindu] Success with 'selenium_browser'. Found content (257 words).
2026-03-08 02:41:18,482 - INFO - Duplicate article skipped: T.N. institutions have completed almost all projects funded under RUSA: Union Joint Secretary - The Hindu from The Hindu
2026-03-08 02:41:19,028 - INFO - [The Hindu] Article: https://www.thehindu.com/news/national/indians-return-from-gulf-west-asia-conflict-mea-advisory-update/article70716993.ece
2026-03-08 02:41:19,028 - INFO - [The Hindu] Attempt 1/1: Trying with 'selenium_browser' strategy...
2026-03-08 02:41:20,780 - INFO - [The Hindu] Page content loaded.
2026-03-08 02:41:20,868 - INFO - [The Hindu] Success with 'selenium_browser'. Found content (381 words).
2026-03-08 02:41:20,940 - INFO - Duplicate article skipped: West Asia conflict: Over 52,000 Indians returned between March 1-7 after partial opening of airspace - The Hindu from The Hindu
2026-03-08 02:41:22,228 - INFO - [The Hindu] Article: https://www.thehindu.com/news/cities/chennai/drivers-operating-lpg-run-autorickshaws-fear-disruption-in-supplies-appeal-against-price-hike/article70716704.ece
2026-03-08 02:41:22,228 - INFO - [The Hindu] Attempt 1/1: Trying with 'selenium_browser' strategy...
2026-03-08 02:41:24,868 - INFO - [The Hindu] Page content loaded.
2026-03-08 02:41:25,050 - INFO - [The Hindu] Success with 'selenium_browser'. Found content (105 words).
2026-03-08 02:41:25,173 - INFO - Duplicate article skipped: Drivers operating LPG-run autorickshaws fear disruption in supplies; appeal against price hike - The Hindu from The Hindu
2026-03-08 02:41:26,241 - INFO - [The Hindu] Article: https://www.thehindu.com/news/cities/chennai/21-children-among-78-bonded-labourers-rescued-from-brick-kiln-in-tiruvallur-district/article70716067.ece
2026-03-08 02:41:26,241 - INFO - [The Hindu] Attempt 1/1: Trying with 'selenium_browser' strategy...
2026-03-08 02:41:27,612 - INFO - [The Hindu] Page content loaded.
2026-03-08 02:41:27,739 - WARNING - [The Hindu] FAILED with 'selenium_browser' (content was too short: 68 words).
2026-03-08 02:41:27,739 - ERROR - [The Hindu] All scrape strategies failed for https://www.thehindu.com/news/cities/chennai/21-children-among-78-bonded-labourers-rescued-from-brick-kiln-in-tiruvallur-district/article70716067.ece. Falling back to RSS description.
2026-03-08 02:41:27,742 - INFO - Saved article: 21 children among 78 bonded labourers rescued from brick kiln in Tiruvallur district from The Hindu
2026-03-08 02:41:29,074 - INFO - [The Hindu] (Thread) Finished. Attempting to shut down its Selenium driver.
2026-03-08 02:41:29,219 - INFO - [The Hindu] (Thread) driver.quit() successful.
2026-03-08 02:41:49,874 - ERROR - [Times of India] Request failed for strategy 'selenium_browser' on URL https://timesofindia.indiatimes.com/world/middle-east/us-israel-iran-war-news-live-udates-middle-east-crisis-conflict-drone-ballistic-missile-attacks-explosions-flights-status-dubai-uae-qatar-tehran-gulf-donald-trump-netanyahu-khamenei/liveblog/129190174.cms: Message: timeout: Timed out receiving message from renderer: 59.725
  (Session info: chrome=145.0.7632.116)
Stacktrace:
#0 0x564330d10b6a <unknown>
#1 0x564330723a32 <unknown>
#2 0x56433070b007 <unknown>
#3 0x56433070ac16 <unknown>
#4 0x564330708731 <unknown>
#5 0x5643307090bf <unknown>
#6 0x564330718560 <unknown>
#7 0x564330732707 <unknown>
#8 0x5643307398db <unknown>
#9 0x564330709829 <unknown>
#10 0x56433073249c <unknown>
#11 0x5643307c16e1 <unknown>
#12 0x56433076ac0f <unknown>
#13 0x56433076b9d1 <unknown>
#14 0x564330cd56b9 <unknown>
#15 0x564330cd85c1 <unknown>
#16 0x564330cc1e29 <unknown>
#17 0x564330cd917e <unknown>
#18 0x564330ca84b0 <unknown>
#19 0x564330cfd578 <unknown>
#20 0x564330cfd74b <unknown>
#21 0x564330d0f1a3 <unknown>
#22 0x7f9d80c9caa4 <unknown>
#23 0x7f9d80d29c6c <unknown>

2026-03-08 02:41:49,874 - ERROR - [Times of India] All scrape strategies failed for https://timesofindia.indiatimes.com/world/middle-east/us-israel-iran-war-news-live-udates-middle-east-crisis-conflict-drone-ballistic-missile-attacks-explosions-flights-status-dubai-uae-qatar-tehran-gulf-donald-trump-netanyahu-khamenei/liveblog/129190174.cms. Falling back to RSS description.
2026-03-08 02:41:49,874 - INFO - Duplicate article skipped: US-Israel-Iran War Live Updates: 'They got caught on wrong side of events': Jaishankar on Iran ship struck by US in Indian Ocean from Times of India
2026-03-08 02:41:50,515 - INFO - [Times of India] Article: https://timesofindia.indiatimes.com/world/south-asia/nepal-elections-results-2026-live-updates-voting-poll-result-balen-shah-rastriya-swatantra-party-win-20-seats-latest-news-updates/liveblog/129192622.cms
2026-03-08 02:41:50,516 - INFO - [Times of India] Attempt 1/1: Trying with 'selenium_browser' strategy...
2026-03-08 02:41:51,660 - INFO - [Times of India] Page content loaded.
2026-03-08 02:41:51,896 - INFO - [Times of India] Success with 'selenium_browser'. Found content (88 words).
2026-03-08 02:41:51,979 - INFO - Duplicate article skipped: Nepal Election Results 2026 Live: Rapper-turned-politician Balen Shah led RSP set to form government after decisive victory - The Times of India from Times of India
2026-03-08 02:41:52,588 - INFO - [Times of India] Article: https://timesofindia.indiatimes.com/world/middle-east/khamenei-gone-but-regime-change-in-iran-unlikely-us-intelligence-warns-report/articleshow/129246814.cms
2026-03-08 02:41:52,588 - INFO - [Times of India] Attempt 1/1: Trying with 'selenium_browser' strategy...
2026-03-08 02:41:53,216 - INFO - [Times of India] Page content loaded.
2026-03-08 02:41:53,335 - INFO - [Times of India] Success with 'selenium_browser'. Found content (1015 words).
2026-03-08 02:41:53,545 - INFO - Saved article: Khamenei gone but regime change in Iran 'unlikely', US intelligence warns — report - The Times of India from Times of India
2026-03-08 02:41:54,494 - INFO - [Times of India] Article: https://timesofindia.indiatimes.com/world/middle-east/forgive-us-uae-president-mohamed-bin-zayed-al-nahyan-sends-emotional-message-amid-iran-vs-us-israel-war/articleshow/129245694.cms
2026-03-08 02:41:54,495 - INFO - [Times of India] Attempt 1/1: Trying with 'selenium_browser' strategy...
2026-03-08 02:41:55,718 - INFO - [Times of India] Page content loaded.
2026-03-08 02:41:55,824 - INFO - [Times of India] Success with 'selenium_browser'. Found content (1005 words).
2026-03-08 02:41:55,890 - INFO - Saved article: 'Forgive us': UAE President Mohamed bin Zayed Al Nahyan sends emotional message amid Iran vs US-Israel war - The Times of India from Times of India
2026-03-08 02:41:56,686 - INFO - [Times of India] Article: https://timesofindia.indiatimes.com/world/china/china-tells-at-risk-people-to-undergo-cancer-screening/articleshow/129246324.cms
2026-03-08 02:41:56,686 - INFO - [Times of India] Attempt 1/1: Trying with 'selenium_browser' strategy...
2026-03-08 02:42:15,079 - WARNING - [Times of India] Page timed out (10s). No <p> tags found. Proceeding anyway.
2026-03-08 02:42:15,269 - INFO - [Times of India] Success with 'selenium_browser'. Found content (89 words).
2026-03-08 02:42:15,362 - INFO - Saved article: China tells at-risk people to undergo cancer screening - The Times of India from Times of India
2026-03-08 02:42:16,009 - INFO - [Times of India] Article: https://timesofindia.indiatimes.com/world/middle-east/gulf-crisis-now-kuwait-announces-cuts-in-oil-refining-output/articleshow/129246154.cms
2026-03-08 02:42:16,009 - INFO - [Times of India] Attempt 1/1: Trying with 'selenium_browser' strategy...
2026-03-08 02:42:29,633 - WARNING - [Times of India] Page timed out (10s). No <p> tags found. Proceeding anyway.
2026-03-08 02:42:29,813 - INFO - [Times of India] Success with 'selenium_browser'. Found content (141 words).
2026-03-08 02:42:29,919 - INFO - Saved article: Gulf crisis: Now, Kuwait announces cuts in oil, refining output - The Times of India from Times of India
2026-03-08 02:42:30,897 - INFO - [Times of India] Article: https://timesofindia.indiatimes.com/world/middle-east/middle-east-conflict-iran-struck-high-value-us-radar-systems-in-gulf-show-satellite-images/articleshow/129245710.cms
2026-03-08 02:42:30,897 - INFO - [Times of India] Attempt 1/1: Trying with 'selenium_browser' strategy...
2026-03-08 02:42:31,454 - INFO - [Times of India] Page content loaded.
2026-03-08 02:42:31,705 - INFO - [Times of India] Success with 'selenium_browser'. Found content (438 words).
2026-03-08 02:42:31,801 - INFO - Saved article: Middle East conflict: Iran ‘struck’ high-value US radar systems in Gulf, show satellite images - The Times of India from Times of India
2026-03-08 02:42:32,692 - INFO - [Times of India] Article: https://timesofindia.indiatimes.com/world/china/china-asserts-need-for-more-power-as-donald-trump-embraces-war/articleshow/129245359.cms
2026-03-08 02:42:32,693 - INFO - [Times of India] Attempt 1/1: Trying with 'selenium_browser' strategy...
2026-03-08 02:43:01,842 - WARNING - [Times of India] Page timed out (10s). No <p> tags found. Proceeding anyway.
2026-03-08 02:43:01,969 - INFO - [Times of India] Success with 'selenium_browser'. Found content (242 words).
2026-03-08 02:43:02,041 - INFO - Saved article: China asserts need for more power as Donald Trump embraces war - The Times of India from Times of India
2026-03-08 02:43:03,518 - INFO - [Times of India] Article: https://timesofindia.indiatimes.com/world/middle-east/uae-dubai-confirms-driver-killed-after-debris-from-intercepted-missile-strikes-car-in-al-barsha-amid-iran-vs-us-israel-war/articleshow/129244551.cms
2026-03-08 02:43:03,518 - INFO - [Times of India] Attempt 1/1: Trying with 'selenium_browser' strategy...
2026-03-08 02:43:09,004 - INFO - [Times of India] Page content loaded.
2026-03-08 02:43:09,245 - INFO - [Times of India] Success with 'selenium_browser'. Found content (1137 words).
2026-03-08 02:43:09,352 - INFO - Saved article: UAE: Dubai confirms driver killed after debris from intercepted missile strikes car in Al Barsha amid Iran vs US-Israel war - The Times of India from Times of India
2026-03-08 02:43:10,227 - INFO - [Times of India] Article: https://timesofindia.indiatimes.com/world/middle-east/explosion-scare-in-dubai-marina-uae-emirate-confirms-tower-hit-by-falling-debris-from-aerial-interception-amid-iran-and-us-israel-clashes/articleshow/129241550.cms
2026-03-08 02:43:10,227 - INFO - [Times of India] Attempt 1/1: Trying with 'selenium_browser' strategy...
2026-03-08 02:43:11,301 - INFO - [Times of India] Page content loaded.
2026-03-08 02:43:11,492 - INFO - [Times of India] Success with 'selenium_browser'. Found content (1000 words).
2026-03-08 02:43:11,590 - INFO - Saved article: Explosion scare in Dubai Marina: UAE emirate confirms tower hit by falling debris from aerial interception amid Iran and US-Israel clashes - The Times of India from Times of India
2026-03-08 02:43:12,552 - INFO - [Times of India] (Thread) Finished. Attempting to shut down its Selenium driver.
2026-03-08 02:43:12,839 - INFO - [Times of India] (Thread) driver.quit() successful.
2026-03-08 02:43:12,839 - INFO - Shutting down thread pool (wait=False)...
2026-03-08 02:43:12,839 - INFO - Scraped: 0 BBC, 8 Times of India, 7 The Hindu, 0 The Guardian articles. (Total saved: 15)
2026-03-08 02:43:12,839 - INFO - --- Scraping job finished ---
2026-03-08 02:43:12,845 - INFO - --- Scraper service stopped and database connection closed. ---
2026-03-08 02:43:12,845 - INFO - --- Main thread finished. Forcing process exit to kill zombie threads. ---
